11-28 20:52:39.468  2640  2672 V WindowManagerShell: Transition requested (#15862): android.os.BinderProxy@b10b87c TransitionRequestInfo { type = OPEN, triggerTask = TaskInfo{userId=0 taskId=2779 effectiveUid=10783 displayId=0 isRunning=true baseIntent=Intent { act=android.intent.action.MAIN cat=[android.intent.category.LAUNCHER] flg=0x10200000 pkg=pt.aguiarvieira.andromuks cmp=pt.aguiarvieira.andromuks/net.vrkknn.andromuks.MainActivity } baseActivity=ComponentInfo{pt.aguiarvieira.andromuks/net.vrkknn.andromuks.MainActivity} topActivity=ComponentInfo{pt.aguiarvieira.andromuks/net.vrkknn.andromuks.MainActivity} origActivity=null realActivity=ComponentInfo{pt.aguiarvieira.andromuks/net.vrkknn.andromuks.MainActivity} numActivities=1 lastActiveTime=6128919621 supportsMultiWindow=true resizeMode=1 isResizeable=true minWidth=-1 minHeight=-1 defaultMinSize=220 token=WCT{android.window.IWindowContainerToken$Stub$Proxy@a3c8505} topActivityType=1 pictureInPictureParams=null shouldDockBigOverlays=false launchIntoPipHostTaskId=-1 lastParentTaskIdBeforePip=-1 displayCutoutSafeInsets=Rect(0, 79 - 0, 0) topActivityInfo=ActivityInfo{32a595a net.vrkknn.andromuks.MainActivity} launchCookies=[android.os.BinderProxy@5dda78b] positionInParent=Point(0, 0) parentTaskId=-1 isFocused=false isVisible=false isVisibleRequested=false isTopActivityNoDisplay=false isSleeping=false locusId=null displayAreaFeatureId=1 isTopActivityTransparent=false isActivityStackTransparent=false lastNonFullscreenBounds=Rect(267, 607 - 813, 1687) capturedLink=null capturedLinkTimestamp=0 requestedVisibleTypes=-9 topActivityRequestOpenInBrowserEducationTimestamp=0 appCompatTaskInfo=AppCompatTaskInfo { topActivityInSizeCompat=false eligibleForLetterboxEducation= false isLetterboxEducationEnabled= false isLetterboxDoubleTapEnabled= false eligibleForUserAspectRatioButton= false topActivityBoundsLetterboxed= false isFromLetterboxDoubleTap= false topActivityLetterboxVerticalPosition= -1 topActivityLetterboxHorizontalPosition= -1 topActivityLetterboxWidth=-1 topActivityLetterboxHeight=-1 topActivityAppBounds=Rect(0, 0 - 1080, 2340) isUserFullscreenOverrideEnabled=false isSystemFullscreenOverrideEnabled=false hasMinAspectRatioOverride=false topActivityLetterboxBounds=null cameraCompatTaskInfo=CameraCompatTaskInfo { freeformCameraCompatMode=inactive}} topActivityMainWindowFrame=null}, pipChange = null, remoteTransition = RemoteTransition { remoteTransition = android.window.IRemoteTransition$Stub$Proxy@8eee068, appThread = android.app.IApplicationThread$Stub$Proxy@e856c81, debugName = QuickstepLaunch }, displayChange = null, flags = 0, debugId = 15862 }
11-28 20:52:39.468  1752  2625 I ActivityTaskManager: START u0 {act=android.intent.action.MAIN cat=[android.intent.category.LAUNCHER] flg=0x10200000 xflg=0x4 pkg=pt.aguiarvieira.andromuks cmp=pt.aguiarvieira.andromuks/net.vrkknn.andromuks.MainActivity bnds=[67,175][272,448]} with LAUNCH_MULTIPLE from uid 10558 (sr=113514386) (BAL_ALLOW_VISIBLE_WINDOW) result code=0
11-28 20:52:39.473  1752  2272 D ProcessFreezerManager: Already triggered freeze for pt.aguiarvieira.andromuks
11-28 20:52:39.473  1752  2272 D ProcessFreezerManager: Already triggered freeze for pt.aguiarvieira.andromuks
11-28 20:52:39.481  1752  1834 I ActivityManager: Start proc 18336:pt.aguiarvieira.andromuks/u0a783 for next-top-activity {pt.aguiarvieira.andromuks/net.vrkknn.andromuks.MainActivity}
11-28 20:52:39.486  1752  1822 V WindowManager: Sent Transition (#15862) createdAt=11-28 20:52:39.447 via request=TransitionRequestInfo { type = OPEN, triggerTask = TaskInfo{userId=0 taskId=2779 effectiveUid=10783 displayId=0 isRunning=true baseIntent=Intent { act=android.intent.action.MAIN cat=[android.intent.category.LAUNCHER] flg=0x10200000 pkg=pt.aguiarvieira.andromuks cmp=pt.aguiarvieira.andromuks/net.vrkknn.andromuks.MainActivity } baseActivity=ComponentInfo{pt.aguiarvieira.andromuks/net.vrkknn.andromuks.MainActivity} topActivity=ComponentInfo{pt.aguiarvieira.andromuks/net.vrkknn.andromuks.MainActivity} origActivity=null realActivity=ComponentInfo{pt.aguiarvieira.andromuks/net.vrkknn.andromuks.MainActivity} numActivities=1 lastActiveTime=6128919621 supportsMultiWindow=true resizeMode=1 isResizeable=true minWidth=-1 minHeight=-1 defaultMinSize=220 token=WCT{RemoteToken{663090d Task{2d598c8 #2779 type=standard A=10783:pt.aguiarvieira.andromuks}}} topActivityType=1 pictureInPictureParams=null shouldDockBigOverlays=false launchIntoPipHostTaskId=-1 lastParentTaskIdBeforePip=-1 displayCutoutSafeInsets=Rect(0, 79 - 0, 0) topActivityInfo=ActivityInfo{1fb00c2 net.vrkknn.andromuks.MainActivity} launchCookies=[android.os.BinderProxy@a269ed3] positionInParent=Point(0, 0) parentTaskId=-1 isFocused=false isVisible=false isVisibleRequested=false isTopActivityNoDisplay=false isSleeping=false locusId=null displayAreaFeatureId=1 isTopActivityTransparent=false isActivityStackTransparent=false lastNonFullscreenBounds=Rect(267, 607 - 813, 1687) capturedLink=null capturedLinkTimestamp=0 requestedVisibleTypes=-9 topActivityRequestOpenInBrowserEducationTimestamp=0 appCompatTaskInfo=AppCompatTaskInfo { topActivityInSizeCompat=false eligibleForLetterboxEducation= false isLetterboxEducationEnabled= false isLetterboxDoubleTapEnabled= false eligibleForUserAspectRatioButton= false topActivityBoundsLetterboxed= false isFromLetterboxDoubleTap= false topActivityLetterboxVerticalPosition= -1 topActivityLetterboxHorizontalPosition= -1 topActivityLetterboxWidth=-1 topActivityLetterboxHeight=-1 topActivityAppBounds=Rect(0, 0 - 1080, 2340) isUserFullscreenOverrideEnabled=false isSystemFullscreenOverrideEnabled=false hasMinAspectRatioOverride=false topActivityLetterboxBounds=null cameraCompatTaskInfo=CameraCompatTaskInfo { freeformCameraCompatMode=inactive}} topActivityMainWindowFrame=null}, pipChange = null, remoteTransition = RemoteTransition { remoteTransition = android.window.IRemoteTransition$Stub$Proxy@c42909, appThread = android.app.IApplicationThread$Stub$Proxy@eb2552f, debugName = QuickstepLaunch }, displayChange = null, flags = 0, debugId = 15862 }
11-28 20:52:39.486  1752  1822 V WindowManager:         {WCT{RemoteToken{663090d Task{2d598c8 #2779 type=standard A=10783:pt.aguiarvieira.andromuks}}} m=OPEN f=NONE leash=Surface(name=Task=2779)/@0x7e4d637 sb=Rect(0, 0 - 1080, 2340) eb=Rect(0, 0 - 1080, 2340) epz=Point(1080, 2340) d=0 taskParent=-1},
11-28 20:52:40.171  1752  7144 I AppsFilter: interaction: PackageSetting{a4a09ca pt.aguiarvieira.andromuks/10783} -> PackageSetting{fbb5a02 com.google.android.apps.nexuslauncher/10558} BLOCKED
11-28 20:52:41.116 18336 18383 D BootstrapLoader: Room !tlF8WBw4Eox_nwUcyDNzUSadGvMeRmZg810a_pQyciU: Loaded message preview from DB events: 'This room is for conversations with the Governing ...', sender: @deepbluev7:neko.dev
11-28 20:52:41.448 18336 18383 D Andromuks: AppViewModel: Loaded 580 rooms from Room database
11-28 20:52:41.448 18336 18383 D Andromuks: AppViewModel: Restored WebSocket state from DB - run_id: 1764362305139975098, last_received_id: -355
11-28 20:52:41.448 18336 18383 D Andromuks: AppViewModel: Restored 580 rooms from database into roomMap
11-28 20:52:41.449 18336 18383 D Andromuks: AppViewModel: Updated allRooms with 580 rooms from database
11-28 20:52:41.468 18336 18382 D Andromuks: AppViewModel: Loaded 36 spaces from database (spacesLoaded=true)
11-28 20:52:41.473 18336 18383 D Andromuks: AppViewModel: Loaded 2 recent emojis from account_data with frequencies (sorted by count)
11-28 20:52:41.474 18336 18383 D Andromuks: AppViewModel: Loaded 252 DM room IDs for 104 users from m.direct account data
11-28 20:52:41.476 18336 18383 D Andromuks: AppViewModel: Updated 52 rooms with correct DM status from m.direct account data
11-28 20:52:41.476 18336 18383 D Andromuks: AppViewModel: Found im.ponies.emote_rooms account data
11-28 20:52:41.476 18336 18383 D Andromuks: AppViewModel: Found rooms object in emote_rooms, requesting emoji pack data
11-28 20:52:41.476 18336 18383 D Andromuks: AppViewModel: Requesting emoji pack data for pack nex-pack in room !OsgPt00PZet9BvF2v0:nexy7574.co.uk
11-28 20:52:41.476 18336 18383 D Andromuks: AppViewModel: WebSocket not connected, skipping emoji pack request for nex-pack in !OsgPt00PZet9BvF2v0:nexy7574.co.uk
11-28 20:52:41.476 18336 18383 D Andromuks: AppViewModel: Processed account_data from database (m.direct, recent_emoji, etc.)
11-28 20:52:41.477 18336 18382 D Andromuks: AppViewModel: No pending invites found in database
11-28 20:52:41.481 18336 18383 D Andromuks: AppViewModel: Badge counts - DMs: 0, Unread: 124, Favs: 1
11-28 20:52:41.482 18336 18383 D Andromuks: AppViewModel: Updated cached sections - allRooms: 580, DMs: 89, Unread: 124, Favourites: 18
11-28 20:52:41.483 18336 18383 D Andromuks: AppViewModel: Badge counts - DMs: 0, Unread: 124, Favs: 1
11-28 20:52:41.483 18336 18383 D Andromuks: AppViewModel: Updated cached room sections and badge counts (allRooms.size=580)
11-28 20:52:41.483 18336 18383 D Andromuks: AppViewModel: Force sorting room list (tab change or screen return)
11-28 20:52:41.484 18336 18383 D Andromuks: AppViewModel: setSpaces called with 1 spaces
11-28 20:52:41.485 18336 18383 D Andromuks: AppViewModel: PERFORMANCE - Debounced room reorder completed (580 rooms)
11-28 20:52:41.485 18336 18383 D Andromuks: AppViewModel: Triggered room list sort and UI update after loading from database
11-28 20:52:41.485 18336 18336 D Andromuks: AppViewModel: Clearing current open room ID from SharedPreferences
11-28 20:52:41.485 18336 18336 D Andromuks: AppViewModel: SharedPreferences commit succeeded for room ID: 
11-28 20:52:41.485 18336 18336 D Andromuks: AppViewModel: Cleared current room ID on app startup
11-28 20:52:41.485 18336 18336 D Andromuks: AppViewModel: No valid pending WebSocket operations to load
11-28 20:52:41.486 18336 18336 D Andromuks: AppViewModel: Started acknowledgment timeout check job
11-28 20:52:41.486 18336 18336 D Andromuks: AppViewModel: Started acknowledged messages cleanup job
11-28 20:52:41.486 18336 18336 D Andromuks: AppViewModel: Navigation callback set
11-28 20:52:41.486 18336 18336 D Andromuks: AppViewModel: Spaces already loaded from cache, but waiting for WebSocket connection before navigating
11-28 20:52:41.486 18336 18336 D Andromuks: AuthCheckScreen: appViewModel instance: net.vrkknn.andromuks.AppViewModel@9bdba54
11-28 20:52:41.486 18336 18336 D Andromuks: AuthCheckScreen: WebSocket connection check - isPrimary: true, isAlreadyConnected: false
11-28 20:52:41.486 18336 18336 D Andromuks: AuthCheckScreen: Primary instance - delegating WebSocket connection to AppViewModel (survives activity recreation)
11-28 20:52:41.487 18336 18336 D Andromuks: AppViewModel: Initializing WebSocket connection using viewModelScope (survives activity recreation)
11-28 20:52:41.487 18336 18336 D Andromuks: AppViewModel: Setting reconnection parameters - lastReceivedId: -355
11-28 20:52:41.487 18336 18336 D Andromuks: AppViewModel: Starting WebSocket foreground service
11-28 20:52:41.490 18336 18336 D Andromuks: AppViewModel: Saved 100 activity log entries to storage
11-28 20:52:41.490 18336 18336 D Andromuks: AppViewModel: Logged activity - Starting WebSocket Service
11-28 20:52:41.491  1752  3743 I ActivityManager: Background started FGS: Allowed [callingPackage: pt.aguiarvieira.andromuks; callingUid: 10783; uidState: TOP ; uidBFSL: [BFSL]; intent: Intent { xflg=0x4 cmp=pt.aguiarvieira.andromuks/net.vrkknn.andromuks.WebSocketService }; code:PROC_STATE_TOP; tempAllowListReason:<,reasonCode:SYSTEM_ALLOW_LISTED,duration:9223372036854775807,callingUid:-1>; allowWiu:12; targetSdkVersion:36; callerTargetSdkVersion:36; startForegroundCount:0; bindFromPackage:null: isBindService:false]
11-28 20:52:41.492 18336 18336 D WebSocketService: App visibility changed to: true
11-28 20:52:41.492 18336 18336 D WebSocketService: Ping interval: 60000ms (app visible: true)
11-28 20:52:41.492 18336 18336 D Andromuks: AppViewModel: Verifying backend health before opening WebSocket
11-28 20:52:41.493 18336 18336 D AuthCheckScreen: Spaces loaded from database - navigating to room_list (WebSocket may not be connected)
11-28 20:52:41.502 18336 18336 D Andromuks: AppViewModel: No existing WebSocket to attach for AppViewModel_0
11-28 20:52:41.514 18336 18381 D WebSocketHealthCheckWorker: WebSocket health check worker started
11-28 20:52:41.515 18336 18381 D WebSocketHealthCheckWorker: Health check: serviceRunning=true, websocketConnected=false
11-28 20:52:41.515 18336 18381 W WebSocketHealthCheckWorker: WebSocketService running but WebSocket disconnected - triggering reconnection
11-28 20:52:41.516 18336 18381 D Andromuks: AppViewModel: Saved 100 activity log entries to storage
11-28 20:52:41.516 18336 18381 D Andromuks: AppViewModel: Logged activity - Health Check: WebSocket Disconnected - Reconnecting
11-28 20:52:41.516 18336 18381 D WebSocketService: triggerReconnectionSafely called: WorkManager health check - connection lost
11-28 20:52:41.516 18336 18381 W WebSocketService: Service health check failed - attempting recovery
11-28 20:52:41.516 18336 18381 E WebSocketService: CRITICAL: Service unhealthy - cannot trigger reconnection
11-28 20:52:41.519 18336 18361 I WM-WorkerWrapper: Worker result SUCCESS for Work [ id=c6dbde73-c36b-4591-b6a9-cbb8444fab01, tags={ net.vrkknn.andromuks.WebSocketHealthCheckWorker, websocket_health_check } ]
11-28 20:52:41.521 18336 18394 D Andromuks: AppViewModel: Processing pending items before showing RoomListScreen
11-28 20:52:41.522 18336 18336 D WebSocketService: Service created - serviceStartTime: 1764363161521
11-28 20:52:41.522 18336 18336 D WebSocketService: Service startup - last_received_sync_id reset (run_id will be read from SharedPreferences when needed)
11-28 20:52:41.522 18336 18336 D WebSocketService: Starting service state monitoring from onCreate
11-28 20:52:41.522 18336 18336 D WebSocketService: State corruption and callback health monitoring started
11-28 20:52:41.525 18336 18336 D WebSocketService: Network monitoring started
11-28 20:52:41.525 18336 18336 D WebSocketService: Service started with intent: null
11-28 20:52:41.527 18336 18380 I WebSocketService: Network available: WIFI - checking if reconnection needed
11-28 20:52:41.527 18336 18380 W WebSocketService: Network available but WebSocket not connected - triggering reconnection
11-28 20:52:41.530  1752  3743 I ActivityManager: Background started FGS: Allowed [callingPackage: pt.aguiarvieira.andromuks; callingUid: 10783; uidState: TOP ; uidBFSL: [BFSL]; intent: Intent { cmp=pt.aguiarvieira.andromuks/net.vrkknn.andromuks.WebSocketService }; code:PROC_STATE_TOP; tempAllowListReason:<,reasonCode:SYSTEM_ALLOW_LISTED,duration:9223372036854775807,callingUid:-1>; allowWiu:12; targetSdkVersion:36; callerTargetSdkVersion:36; startForegroundCount:0; bindFromPackage:null: isBindService:false]
11-28 20:52:41.531 18336 18380 D Andromuks: AppViewModel: Saved 100 activity log entries to storage
11-28 20:52:41.531 18336 18380 D Andromuks: AppViewModel: Logged activity - Network Available - Reconnecting
11-28 20:52:41.531 18336 18380 W WebSocketService: Scheduling reconnection: Network available: WIFI
11-28 20:52:41.531 18336 18336 D WebSocketService: Foreground service started successfully (Android 14+)
11-28 20:52:41.531 18336 18336 I WS-Toggle: id=1 ts=1764363161531 event=updateConnectionStatus details=[isConnected=false lag=null lastSync=0] stack=[WebSocketService#updateConnectionStatus:2472 | WebSocketService#onStartCommand:2204 | ActivityThread#handleServiceArgs:5453 | ActivityThread#-$$Nest$mhandleServiceArgs:0 | ActivityThread$H#handleMessage:2647 | Handler#dispatchMessage:110]
11-28 20:52:41.532 18336 18380 D Andromuks: AppViewModel: Saved 100 activity log entries to storage
11-28 20:52:41.532 18336 18380 D Andromuks: AppViewModel: Logged activity - Connecting - Network available: WIFI
11-28 20:52:41.534 18336 18396 D Andromuks: AppViewModel: Finished processing pending items - room summaries updated (roomSummaryUpdateCounter: 1)
11-28 20:52:41.534 18336 18396 D Andromuks: AppViewModel: Cleared isProcessingPendingItems flag (finally block)
11-28 20:52:41.536 18336 18336 D WebSocketService: Connection status updated: Connecting... â€¢ WiFi
11-28 20:52:41.536 18336 18336 D WebSocketService: Service started fresh (no previous connection)
11-28 20:52:41.544 18336 18396 D WebSocketService: Network validation: Already validated
11-28 20:52:41.544 18336 18396 D WebSocketService: Network validated - proceeding with reconnection
11-28 20:52:41.554  2970  2970 I GoogleInputMethodService: GoogleInputMethodService.onStartInput():1347 onStartInput(EditorInfo{EditorInfo{packageName=pt.aguiarvieira.andromuks, inputType=0, inputTypeString=NULL, enableLearning=false, autoCorrection=false, autoComplete=false, imeOptions=0, privateImeOptions=null, actionName=UNSPECIFIED, actionLabel=null, initialSelStart=-1, initialSelEnd=-1, initialCapsMode=0, label=null, fieldId=0, fieldName=null, extras=null, hintText=null, hintLocales=[]}}, false)
11-28 20:52:41.622 18336 18336 D Andromuks: RoomListScreen: Profile missing, attempting to load - userId: @daedric:aguiarvieira.pt
11-28 20:52:41.622 18336 18336 D Andromuks: AppViewModel: Current user profile missing on visibility, attempting to load - userId: @daedric:aguiarvieira.pt
11-28 20:52:41.624 18336 18336 D Andromuks: AppViewModel: Loaded current user profile from cache on visibility
11-28 20:52:41.624 18336 18336 D Andromuks: RoomListScreen: Pending processing completed
11-28 20:52:41.624 18336 18336 D Andromuks: RoomListScreen: Spaces already loaded on first render
11-28 20:52:41.624 18336 18336 D Andromuks: RoomListScreen: Spaces loaded - room list ready
11-28 20:52:41.630 18336 18336 D Andromuks: AppViewModel: Lazy loading section: HOME
11-28 20:52:41.633 18336 18336 D Andromuks: AppViewModel: Badge counts - DMs: 0, Unread: 124, Favs: 1
11-28 20:52:41.634 18336 18336 D Andromuks: AppViewModel: Updated cached sections - allRooms: 580, DMs: 89, Unread: 124, Favourites: 18
11-28 20:52:41.644 18336 18336 D Andromuks: RoomListScreen: stableSection = HOME, roomListUpdateCounter = 1, rooms.size = 580
11-28 20:52:41.822 18336 18336 D Andromuks: RoomListScreen: Registered FOREGROUND_REFRESH broadcast receiver
11-28 20:52:41.845  1752  2535 D InetDiagMessage: Destroyed 0 sockets, proto=IPPROTO_TCP, family=AF_INET, states=14
11-28 20:52:41.846  1752  2535 D InetDiagMessage: Destroyed 0 sockets, proto=IPPROTO_TCP, family=AF_INET6, states=14
11-28 20:52:41.846  1752  2535 D InetDiagMessage: Destroyed live tcp sockets for uids={10489} in 1ms
11-28 20:52:41.882 18336 18396 D WebSocketService: Backend health check: 200 - HEALTHY
11-28 20:52:41.883 18336 18396 D Andromuks: AppViewModel: Saved 100 activity log entries to storage
11-28 20:52:41.883 18336 18396 D Andromuks: AppViewModel: Logged activity - Backend Health Check: HEALTHY (HTTP 200)
11-28 20:52:41.888 18336 18383 I AppViewModel: waitForBackendHealth: Backend health check succeeded (HTTP 200). Proceeding with WebSocket connection.
11-28 20:52:42.038  1752  4128 W JobScheduler: Job didn't exist in JobStore: 501a321 #u0a783/260 pt.aguiarvieira.andromuks/androidx.work.impl.background.systemjob.SystemJobService
11-28 20:52:42.048 18336 18336 D Andromuks: RoomListScreen: Clearing current room ID - user is viewing room list, not a specific room
11-28 20:52:42.048 18336 18336 D Andromuks: AppViewModel: Clearing current open room ID from SharedPreferences
11-28 20:52:42.048 18336 18336 D Andromuks: AppViewModel: SharedPreferences commit succeeded for room ID: 
11-28 20:52:42.048 18336 18336 D Andromuks: RoomListScreen: Returning to room list - forcing immediate sort
11-28 20:52:42.048 18336 18336 D Andromuks: AppViewModel: Force sorting room list (tab change or screen return)
11-28 20:52:42.049 18336 18383 D Andromuks: RoomListScreen: Querying DB for 146/580 rooms missing previews (434 already have previews from JSON)
11-28 20:52:42.049 18336 18336 D Andromuks: AppViewModel: setSpaces called with 1 spaces
11-28 20:52:42.050 18336 18336 D Andromuks: AppViewModel: PERFORMANCE - Debounced room reorder completed (580 rooms)
11-28 20:52:42.050 18336 18336 D Andromuks: RoomListScreen: OPPORTUNISTIC PROFILE LOADING - Requesting profiles for 0 message senders from 580 rooms
11-28 20:52:42.052 18336 18336 W Andromuks: AppViewModel: WebSocket is not connected, cannot send command: get_room_state
11-28 20:52:42.052 18336 18336 W Andromuks: AppViewModel: WebSocket is not connected, cannot send command: get_room_state
11-28 20:52:42.052 18336 18336 W Andromuks: AppViewModel: WebSocket is not connected, cannot send command: get_room_state
11-28 20:52:42.052 18336 18336 W Andromuks: AppViewModel: WebSocket is not connected, cannot send command: get_room_state
11-28 20:52:42.052 18336 18336 W Andromuks: AppViewModel: WebSocket is not connected, cannot send command: get_room_state
11-28 20:52:42.052 18336 18336 W Andromuks: AppViewModel: WebSocket is not connected, cannot send command: get_room_state
11-28 20:52:42.052 18336 18336 W Andromuks: AppViewModel: WebSocket is not connected, cannot send command: get_room_state
11-28 20:52:42.052 18336 18336 W Andromuks: AppViewModel: WebSocket is not connected, cannot send command: get_room_state
11-28 20:52:42.052 18336 18336 W Andromuks: AppViewModel: WebSocket is not connected, cannot send command: get_room_state
11-28 20:52:42.052 18336 18336 W Andromuks: AppViewModel: WebSocket is not connected, cannot send command: get_room_state
11-28 20:52:42.052 18336 18336 W Andromuks: AppViewModel: WebSocket is not connected, cannot send command: get_room_state
11-28 20:52:42.052 18336 18336 W Andromuks: AppViewModel: WebSocket is not connected, cannot send command: get_room_state
11-28 20:52:42.052 18336 18336 W Andromuks: AppViewModel: WebSocket is not connected, cannot send command: get_room_state
11-28 20:52:42.052 18336 18336 D Andromuks: RoomListScreen: NAVIGATION OPTIMIZATION - Triggered prefetch for 13 nearby rooms
11-28 20:52:42.060 18336 18336 D Andromuks: RoomListScreen: stableSection = HOME, roomListUpdateCounter = 1, rooms.size = 580
11-28 20:52:42.079 18336 18383 D Andromuks: RoomListScreen: Last message for !dqtVBuNGeWXHcfobpE:matrixbridg.es - eventId: $vd0zPQmM9iWQgtgtbC16JTTwKWIZ8uIZ5IxRfGWl3Cc, timestamp: 0, timelineRowId: 97048, type: m.room.message, sender: @whatsapp_351916418543:matrixbridg.es
11-28 20:52:42.079 18336 18383 D Andromuks: RoomListScreen: Found last message for room !dqtVBuNGeWXHcfobpE:matrixbridg.es - sender: @whatsapp_351916418543:matrixbridg.es, preview: ðŸ“· Image
11-28 20:52:42.081 18336 18383 D Andromuks: RoomListScreen: Last message for !inizKDQzABisJASUQD:matrixbridg.es - eventId: $8RjTzVPhVHcAqRbP9_OvDMMQvEnl-8oknMej6woYX-k, timestamp: 0, timelineRowId: 506828, type: m.room.message, sender: @daedric:aguiarvieira.pt
11-28 20:52:42.081 18336 18383 D Andromuks: RoomListScreen: Found last message for room !inizKDQzABisJASUQD:matrixbridg.es - sender: @daedric:aguiarvieira.pt, preview: ðŸ“· Image
11-28 20:52:42.091 18336 18383 D Andromuks: RoomListScreen: Last message for !ooEiembJLLIsHnMeib:matrixbridg.es - eventId: $YW272ojDKyclln8y4fl7zS9wGhVRh2ZLqkdh80ePkVs, timestamp: 0, timelineRowId: 96372, type: m.room.message, sender: @whatsapp_351919100753:matrixbridg.es
11-28 20:52:42.091 18336 18383 D Andromuks: RoomListScreen: Found last message for room !ooEiembJLLIsHnMeib:matrixbridg.es - sender: @whatsapp_351919100753:matrixbridg.es, preview: ðŸ“· Image
11-28 20:52:42.092 18336 18383 D Andromuks: RoomListScreen: Last message for !qJgYMxCGuWzKAMmOwU:matrixbridg.es - eventId: $xYf4qG0yOfTUsT6oLg-2hTNfOpkXWJyvVlEPtXWToyk, timestamp: 0, timelineRowId: 97192, type: m.room.message, sender: @whatsapp_351914647572:matrixbridg.es
11-28 20:52:42.092 18336 18383 D Andromuks: RoomListScreen: Found last message for room !qJgYMxCGuWzKAMmOwU:matrixbridg.es - sender: @whatsapp_351914647572:matrixbridg.es, preview: ðŸ“Ž File
11-28 20:52:42.094 18336 18383 D Andromuks: RoomListScreen: Last message for !zwljjfZasOhmvyMXJa:matrixbridg.es - eventId: $hkMXUsfJcLXnXQdpPh_BiTvVW5KIxVqlqiCnkKAKRpc, timestamp: 0, timelineRowId: 97325, type: m.room.message, sender: @daedric:aguiarvieira.pt
11-28 20:52:42.094 18336 18383 D Andromuks: RoomListScreen: Found last message for room !zwljjfZasOhmvyMXJa:matrixbridg.es - sender: @daedric:aguiarvieira.pt, preview: ðŸŽ¥ Video
11-28 20:52:42.101 18336 18341 I ieira.andromuks: Compiler allocated 9387KB to compile void net.vrkknn.andromuks.RoomListScreenKt.RoomListScreen(androidx.navigation.NavController, androidx.compose.ui.Modifier, net.vrkknn.andromuks.AppViewModel, androidx.compose.runtime.Composer, int, int)
11-28 20:52:42.124 18336 18383 D Andromuks: RoomListScreen: Last message for !yZeJwyNDVtuZzwNTgc:matrixbridg.es - eventId: $ykRd-HfWsOTOtB7qhz3ZvipTHyr7MaQaf1A4Arc3yL8, timestamp: 0, timelineRowId: 96548, type: m.room.message, sender: @daedric:aguiarvieira.pt
11-28 20:52:42.125 18336 18383 D Andromuks: RoomListScreen: Found last message for room !yZeJwyNDVtuZzwNTgc:matrixbridg.es - sender: @daedric:aguiarvieira.pt, preview: ðŸ“· Image
11-28 20:52:42.126 18336 18383 D Andromuks: RoomListScreen: Queried last messages for 6/146 rooms from events table (trigger: summaryUpdate)
11-28 20:52:42.201 18336 18336 D Andromuks: AppViewModel: Backend health check completed, connecting WebSocket
11-28 20:52:42.201 18336 18336 D Andromuks: AppViewModel: Calling connectToWebsocket()
11-28 20:52:42.201 18336 18336 D NetworkUtils: connectToWebsocket: Initializing... Reason: Initial connection from AppViewModel
11-28 20:52:42.201 18336 18336 I NetworkUtils: WebSocket URL params - runId: '1764362305139975098', lastReceivedId: -355, hasPersistedSync: false, shouldInclude: false, reason: Initial connection from AppViewModel
11-28 20:52:42.201 18336 18336 D NetworkUtils: DEBUG: Final URL: wss://webmuks.aguiarvieira.pt/_gomuks/websocket?run_id=1764362305139975098&compress=1
11-28 20:52:42.204 18336 18336 D Andromuks: AppViewModel: connectToWebsocket() call completed
11-28 20:52:42.206 18336 18336 D Andromuks: RoomListScreen: NAVIGATION OPTIMIZATION - Triggered prefetch for 12 nearby rooms
11-28 20:52:42.220 18336 18336 D Andromuks: RoomListScreen: stableSection = HOME, roomListUpdateCounter = 2, rooms.size = 580
11-28 20:52:42.364 18336 18341 I ieira.andromuks: Compiler allocated 10MB to compile void net.vrkknn.andromuks.RoomListScreenKt.RoomListItem(net.vrkknn.andromuks.RoomItem, java.lang.String, java.lang.String, kotlin.jvm.functions.Function1, kotlin.jvm.functions.Function1, int, net.vrkknn.andromuks.AppViewModel, androidx.compose.ui.Modifier, boolean, androidx.compose.runtime.Composer, int, int)
11-28 20:52:42.525 18336 18336 D Andromuks: AppViewModel: Badge counts - DMs: 0, Unread: 124, Favs: 1
11-28 20:52:42.525 18336 18336 D Andromuks: AppViewModel: Updated cached sections - allRooms: 580, DMs: 89, Unread: 124, Favourites: 18
11-28 20:52:42.528 18336 18336 D Andromuks: RoomListScreen: NAVIGATION OPTIMIZATION - Triggered prefetch for 12 nearby rooms
11-28 20:52:42.529 18336 18336 D Andromuks: RoomListScreen: NAVIGATION OPTIMIZATION - Triggered prefetch for 12 nearby rooms
11-28 20:52:42.551 18336 18336 D Andromuks: RoomListScreen: NAVIGATION OPTIMIZATION - Triggered prefetch for 12 nearby rooms
11-28 20:52:42.569 18336 18408 D Andromuks: NetworkUtils: onOpen: ws opened on Switching Protocols
11-28 20:52:42.569 18336 18408 D Andromuks: NetworkUtils: WebSocket response headers:
11-28 20:52:42.569 18336 18408 D Andromuks: NetworkUtils: Header 'Connection': 'upgrade'
11-28 20:52:42.569 18336 18408 D Andromuks: NetworkUtils: Header 'Date': 'Fri, 28 Nov 2025 20:52:43 GMT'
11-28 20:52:42.569 18336 18408 D Andromuks: NetworkUtils: Header 'Request-Id': 'd4l0n6re6ios73egfsqg'
11-28 20:52:42.569 18336 18408 D Andromuks: NetworkUtils: Header 'Sec-Websocket-Accept': 'P1d0QC3I18dyliaJmLcATCdkA+I='
11-28 20:52:42.569 18336 18408 D Andromuks: NetworkUtils: Header 'Server': 'openresty'
11-28 20:52:42.569 18336 18408 D Andromuks: NetworkUtils: Header 'Upgrade': 'websocket'
11-28 20:52:42.569 18336 18408 D Andromuks: NetworkUtils: Calling appViewModel.setWebSocket()
11-28 20:52:42.569 18336 18408 D Andromuks: AppViewModel: setWebSocket() called for AppViewModel_0
11-28 20:52:42.569 18336 18408 D Andromuks: AppViewModel: Registering AppViewModel_0 to receive WebSocket messages
11-28 20:52:42.569 18336 18408 D WebSocketService: Registered receive callback for: AppViewModel_0 (total: 1)
11-28 20:52:42.569 18336 18408 D Andromuks: AppViewModel: Setting up service callbacks
11-28 20:52:42.569 18336 18408 D WebSocketService: setWebSocketSendCallback() called (deprecated - use registerWebSocketSendCallback)
11-28 20:52:42.569 18336 18408 D WebSocketService: Registered WebSocket callback for: legacy (total: 1)
11-28 20:52:42.569 18336 18408 D Andromuks: AppViewModel: Primary callbacks already registered for AppViewModel_0
11-28 20:52:42.569 18336 18408 D Andromuks: AppViewModel: Calling WebSocketService.setWebSocket()
11-28 20:52:42.570 18336 18408 I WS-Toggle: id=2 ts=1764363162569 event=setWebSocket details=[state=RECONNECTING] stack=[WebSocketService$Companion#setWebSocket:791 | AppViewModel#setWebSocket:5112 | NetworkUtilsKt$connectToWebsocket$websocketListener$1#onOpen:363 | RealWebSocket#loopReader:309 | RealWebSocket$connect$1#onResponse:200 | RealCall$AsyncCall#run:532]
11-28 20:52:42.570 18336 18408 I WebSocketService: setWebSocket() called - setting up WebSocket connection
11-28 20:52:42.570 18336 18408 D WebSocketService: Current connection state: RECONNECTING
11-28 20:52:42.570 18336 18408 D WebSocketService: Running state corruption detection...
11-28 20:52:42.570 18336 18408 D WebSocketService: No state corruption detected
11-28 20:52:42.570 18336 18408 D WebSocketService: Connection state set to CONNECTING (waiting for init_complete)
11-28 20:52:42.570 18336 18408 D WebSocketService: WebSocket reference set: true
11-28 20:52:42.570 18336 18408 D WebSocketService: Connection start time recorded: 1764363162570
11-28 20:52:42.573 18336 18408 D WebSocketService: Network type set to: WIFI
11-28 20:52:42.574 18336 18408 D Andromuks: AppViewModel: Saved 100 activity log entries to storage
11-28 20:52:42.574 18336 18408 D Andromuks: AppViewModel: Logged activity - WebSocket Connecting - Waiting for init_complete
11-28 20:52:42.574 18336 18408 I WS-Toggle: id=3 ts=1764363162574 event=updateConnectionStatus details=[isConnected=false lag=null lastSync=0] stack=[WebSocketService#updateConnectionStatus:2472 | WebSocketService$Companion#updateConnectionStatus:296 | WebSocketService$Companion#setWebSocket:838 | AppViewModel#setWebSocket:5112 | NetworkUtilsKt$connectToWebsocket$websocketListener$1#onOpen:363 | RealWebSocket#loopReader:309]
11-28 20:52:42.575 18336 18408 D WebSocketService: Skipping notification update - text unchanged: Connecting... â€¢ WiFi
11-28 20:52:42.575 18336 18408 I WebSocketService: WebSocket connection opened - waiting for init_complete
11-28 20:52:42.575 18336 18408 I WebSocketService: Pinger status: Not started (waiting for sync_complete) (lastReceivedSyncId: 0, lastKnownLag: nullms)
11-28 20:52:42.575 18336 18408 D Andromuks: AppViewModel: setWebSocket - registering FCM to ensure backend has current token
11-28 20:52:42.575 18336 18408 D Andromuks: AppViewModel: registerFCMWithGomuksBackend called
11-28 20:52:42.575 18336 18408 D Andromuks: AppViewModel: shouldRegisterPush() called, result=false
11-28 20:52:42.575 18336 18408 D Andromuks: AppViewModel: shouldRegisterPush() returned false
11-28 20:52:42.575 18336 18408 D Andromuks: AppViewModel: hasRegisteredViaWebSocket=true, forceRegistration=false
11-28 20:52:42.575 18336 18408 D Andromuks: AppViewModel: Always registering FCM on WebSocket connection to ensure backend has current token
11-28 20:52:42.575 18336 18408 D Andromuks: AppViewModel: registerFCMWithGomuksBackend - token=d071VMVxRoiBywghIkIw..., deviceId=NKVMXDXVQI, encryptionKey=MWI0MjhhZWM4YjdhNDI5...
11-28 20:52:42.575 18336 18408 D Andromuks: AppViewModel: webClientPushIntegration=true
11-28 20:52:42.575 18336 18408 D Andromuks: AppViewModel: Registering FCM with request_id=14
11-28 20:52:42.575 18336 18408 D Andromuks: AppViewModel: Sending WebSocket command: register_push with data: {type=fcm, device_id=NKVMXDXVQI, data=d071VMVxRoiBywghIkIwRu:APA91bGYGOSSxUP1SWuGd46qHwv8NrR2kSRF0iYsvXBaCxAOt9KeYrDHMQaT3uO0RhVzMMxFscfY1pxGpwinTTJYHslZZjomyLkuJxshsQWEYeww9IfIgt4, encryption={key=MWI0MjhhZWM4YjdhNDI5MDg5YTdiZWJiMjI0OGE5ZTE=}, expiration=1764449562}
11-28 20:52:42.576 18336 18408 D Andromuks: AppViewModel: Saved 1 pending WebSocket operations to storage
11-28 20:52:42.576 18336 18408 D Andromuks: AppViewModel: Tracking command 'register_push' with request_id: 14 for acknowledgment
11-28 20:52:42.576 18336 18408 D Andromuks: sendWebSocketCommand: command='register_push', requestId=14, data={"type":"fcm","device_id":"NKVMXDXVQI","data":"d071VMVxRoiBywghIkIwRu:APA91bGYGOSSxUP1SWuGd46qHwv8NrR2kSRF0iYsvXBaCxAOt9KeYrDHMQaT3uO0RhVzMMxFscfY1pxGpwinTTJYHslZZjomyLkuJxshsQWEYeww9IfIgt4","encrypti
11-28 20:52:42.576 18336 18408 D Andromuks: AppViewModel: Sent FCM registration to Gomuks Backend with device_id=NKVMXDXVQI
11-28 20:52:42.576 18336 18408 I Andromuks: AppViewModel: WebSocket connection established - 1 pending operations will be flushed after init_complete
11-28 20:52:42.576 18336 18408 D Andromuks: NetworkUtils: connectToWebsocket using AppViewModel instance: net.vrkknn.andromuks.AppViewModel@9bdba54
11-28 20:52:42.580 18336 18381 D Andromuks: AppViewModel: handleRunId called with runId='1764362305139975098'
11-28 20:52:42.580 18336 18381 D Andromuks: AppViewModel: Run ID matches existing value: 1764362305139975098
11-28 20:52:42.580 18336 18381 D WebSocketService: Updated last_received_sync_id: -355 (run_id read from SharedPreferences)
11-28 20:52:42.580 18336 18381 D Andromuks: AppViewModel: Run ID stored and service updated
11-28 20:52:42.580 18336 18381 D Andromuks: AppViewModel: Set currentUserId: @daedric:aguiarvieira.pt
11-28 20:52:42.581 18336 18381 D Andromuks: AppViewModel: Set realMatrixHomeserverUrl: https://aguiarvieira.pt/
11-28 20:52:42.589 18336 18336 D Andromuks: RoomListScreen: stableSection = HOME, roomListUpdateCounter = 2, rooms.size = 580
11-28 20:52:42.646  1752  2535 D InetDiagMessage: Destroyed 0 sockets, proto=IPPROTO_TCP, family=AF_INET, states=14
11-28 20:52:42.649  1752  2535 D InetDiagMessage: Destroyed 0 sockets, proto=IPPROTO_TCP, family=AF_INET6, states=14
11-28 20:52:42.649  1752  2535 D InetDiagMessage: Destroyed live tcp sockets for uids={10525} in 5ms
11-28 20:52:42.651  1752  2535 D InetDiagMessage: Destroyed 0 sockets, proto=IPPROTO_TCP, family=AF_INET, states=14
11-28 20:52:42.654  1752  2535 D InetDiagMessage: Destroyed 0 sockets, proto=IPPROTO_TCP, family=AF_INET6, states=14
11-28 20:52:42.654  1752  2535 D InetDiagMessage: Destroyed live tcp sockets for uids={20525} in 5ms
11-28 20:52:42.657  1752  2535 D InetDiagMessage: Destroyed 0 sockets, proto=IPPROTO_TCP, family=AF_INET, states=14
11-28 20:52:42.660  1752  2535 D InetDiagMessage: Destroyed 0 sockets, proto=IPPROTO_TCP, family=AF_INET6, states=14
11-28 20:52:42.660  1752  2535 D InetDiagMessage: Destroyed live tcp sockets for uids={10520} in 5ms
11-28 20:52:42.663  1752  2535 D InetDiagMessage: Destroyed 0 sockets, proto=IPPROTO_TCP, family=AF_INET, states=14
11-28 20:52:42.665  1752  2535 D InetDiagMessage: Destroyed 0 sockets, proto=IPPROTO_TCP, family=AF_INET6, states=14
11-28 20:52:42.665  1752  2535 D InetDiagMessage: Destroyed live tcp sockets for uids={20520} in 5ms
11-28 20:52:42.761 18336 18411 D WebSocketService: updateLastSyncTimestamp() called - connectionState: CONNECTING
11-28 20:52:42.761 18336 18411 I WebSocketService: First sync_complete received, starting ping loop
11-28 20:52:42.761 18336 18381 I Andromuks: AppViewModel: PHASE 5.3 - Command acknowledged by request_id: requestId=14, command=register_push, type=command_register_push, elapsed=185ms
11-28 20:52:42.762 18336 18411 D Andromuks: AppViewModel: Saved 100 activity log entries to storage
11-28 20:52:42.762 18336 18411 D Andromuks: AppViewModel: Logged activity - WebSocket Ready
11-28 20:52:42.762 18336 18411 D WebSocketService: Ping loop started
11-28 20:52:42.762 18336 18411 I WebSocketService: Pinger status: Running (lastReceivedSyncId: -355, lastKnownLag: nullms)
11-28 20:52:42.762 18336 18381 D Andromuks: AppViewModel: Saved 100 activity log entries to storage
11-28 20:52:42.762 18336 18381 D Andromuks: AppViewModel: Logged activity - Command Acknowledged - register_push (request_id: 14)
11-28 20:52:42.762 18336 18411 I WS-Toggle: id=4 ts=1764363162762 event=updateConnectionStatus details=[isConnected=true lag=null lastSync=1764363162761] stack=[WebSocketService#updateConnectionStatus:2472 | WebSocketService$Companion#updateConnectionStatus:296 | WebSocketService$Companion#updateLastSyncTimestamp:1124 | AppViewModel#updateRoomsFromSyncJsonAsync:3444 | NetworkUtilsKt$connectToWebsocket$websocketListener$1$onMessage$14#invokeSuspend:663 | BaseContinuationImpl#resumeWith:34]
11-28 20:52:42.762 18336 18381 D Andromuks: AppViewModel: Saved 0 pending WebSocket operations to storage
11-28 20:52:42.762 18336 18381 D Andromuks: AppViewModel: Removed acknowledged command from queue (0 remaining)
11-28 20:52:42.763 18336 18381 D Andromuks: AppViewModel: handleFCMRegistrationResponse called with requestId=14, dataType=Boolean
11-28 20:52:42.763 18336 18381 D Andromuks: AppViewModel: FCM registration response data: true
11-28 20:52:42.763 18336 18381 I Andromuks: AppViewModel: FCM registration successful (boolean true)
11-28 20:52:42.763 18336 18381 D Andromuks: AppViewModel: Marked FCM as registered via WebSocket
11-28 20:52:42.763 18336 18381 D WebSocketService: Ping loop coroutine started
11-28 20:52:42.763 18336 18381 D WebSocketService: Ping loop: isActive=true, connectionState=CONNECTING
11-28 20:52:42.765 18336 18411 D WebSocketService: Connection status updated: ðŸŸ¡ â€¢ WiFi â€¢ Lag: no ping yet â€¢ Last: now â€¢ Up: 0s
11-28 20:52:42.792 18336 18411 D Andromuks: AppViewModel: allSpaces set to 36 spaces
11-28 20:52:42.792 18336 18411 D Andromuks: AppViewModel: Storing space edges for later processing
11-28 20:52:42.799 18336 18381 D WebSocketService: updateLastSyncTimestamp() called - connectionState: CONNECTING
11-28 20:52:42.799 18336 18381 I WS-Toggle: id=5 ts=1764363162799 event=updateConnectionStatus details=[isConnected=true lag=null lastSync=1764363162799] stack=[WebSocketService#updateConnectionStatus:2472 | WebSocketService$Companion#updateConnectionStatus:296 | WebSocketService$Companion#updateLastSyncTimestamp:1124 | AppViewModel#updateRoomsFromSyncJsonAsync:3444 | NetworkUtilsKt$connectToWebsocket$websocketListener$1$onMessage$14#invokeSuspend:663 | BaseContinuationImpl#resumeWith:34]
11-28 20:52:42.799 18336 18381 D WebSocketService: Skipping notification update - text unchanged: ðŸŸ¡ â€¢ WiFi â€¢ Lag: no ping yet â€¢ Last: now â€¢ Up: 0s
11-28 20:52:42.821 18336 18336 D Andromuks: RoomListScreen: stableSection = HOME, roomListUpdateCounter = 3, rooms.size = 580
11-28 20:52:42.823 18336 18396 D WebSocketService: updateLastSyncTimestamp() called - connectionState: CONNECTING
11-28 20:52:42.823 18336 18396 I WS-Toggle: id=6 ts=1764363162823 event=updateConnectionStatus details=[isConnected=true lag=null lastSync=1764363162823] stack=[WebSocketService#updateConnectionStatus:2472 | WebSocketService$Companion#updateConnectionStatus:296 | WebSocketService$Companion#updateLastSyncTimestamp:1124 | AppViewModel#updateRoomsFromSyncJsonAsync:3444 | NetworkUtilsKt$connectToWebsocket$websocketListener$1$onMessage$14#invokeSuspend:663 | BaseContinuationImpl#resumeWith:34]
11-28 20:52:42.823 18336 18396 D WebSocketService: Skipping notification update - text unchanged: ðŸŸ¡ â€¢ WiFi â€¢ Lag: no ping yet â€¢ Last: now â€¢ Up: 0s
11-28 20:52:42.828 18336 18336 D Andromuks: AppViewModel: MEMBER PROCESSING - No rooms with member events in this sync
11-28 20:52:42.828 18336 18336 D Andromuks: AppViewModel: Total rooms now: 580 (updated: 0, new: 0, removed: 0) - sync message #1 [App visible: true]
11-28 20:52:42.829 18336 18336 D Andromuks: AppViewModel: Updated low priority rooms set: 18 rooms (changed)
11-28 20:52:42.833 18336 18336 D Andromuks: AppViewModel: SYNC OPTIMIZATION - Room state changed, updating data without sorting
11-28 20:52:42.835 18336 18336 D Andromuks: AppViewModel: SYNC OPTIMIZATION - Room data unchanged, skipping updates
11-28 20:52:42.835 18336 18336 D Andromuks: AppViewModel: SYNC OPTIMIZATION - Room data updated (no sorting), debounced sort scheduled
11-28 20:52:42.845 18336 18336 D Andromuks: RoomListScreen: stableSection = HOME, roomListUpdateCounter = 3, rooms.size = 580
11-28 20:52:42.850 18336 18411 D WebSocketService: updateLastSyncTimestamp() called - connectionState: CONNECTING
11-28 20:52:42.850 18336 18411 I WS-Toggle: id=7 ts=1764363162850 event=updateConnectionStatus details=[isConnected=true lag=null lastSync=1764363162850] stack=[WebSocketService#updateConnectionStatus:2472 | WebSocketService$Companion#updateConnectionStatus:296 | WebSocketService$Companion#updateLastSyncTimestamp:1124 | AppViewModel#updateRoomsFromSyncJsonAsync:3444 | NetworkUtilsKt$connectToWebsocket$websocketListener$1$onMessage$14#invokeSuspend:663 | BaseContinuationImpl#resumeWith:34]
11-28 20:52:42.851 18336 18411 D WebSocketService: Skipping notification update - text unchanged: ðŸŸ¡ â€¢ WiFi â€¢ Lag: no ping yet â€¢ Last: now â€¢ Up: 0s
11-28 20:52:42.893 18336 18382 D WebSocketService: updateLastSyncTimestamp() called - connectionState: CONNECTING
11-28 20:52:42.894 18336 18382 I WS-Toggle: id=8 ts=1764363162893 event=updateConnectionStatus details=[isConnected=true lag=null lastSync=1764363162893] stack=[WebSocketService#updateConnectionStatus:2472 | WebSocketService$Companion#updateConnectionStatus:296 | WebSocketService$Companion#updateLastSyncTimestamp:1124 | AppViewModel#updateRoomsFromSyncJsonAsync:3444 | NetworkUtilsKt$connectToWebsocket$websocketListener$1$onMessage$14#invokeSuspend:663 | BaseContinuationImpl#resumeWith:34]
11-28 20:52:42.895 18336 18382 D WebSocketService: Skipping notification update - text unchanged: ðŸŸ¡ â€¢ WiFi â€¢ Lag: no ping yet â€¢ Last: now â€¢ Up: 0s
11-28 20:52:42.905 18336 18336 D Andromuks: AppViewModel: MEMBER PROCESSING - Processing 98 rooms with member events [App visible: true]
11-28 20:52:42.905 18336 18336 D Andromuks: AppViewModel: Member change cached (initialization) - @onestacked:chat.onestacked.dev in room !2GTp0cl8dqhPideYm7pKNABc2m2VqBZz7pVX_UUlijE [newJoin=true, profileChange=false]
11-28 20:52:42.906 18336 18336 D Andromuks: AppViewModel: Member change cached (initialization) - @lofi:lofitrek.com in room !6uSLhpHQXN6GJzr34F:lofitrek.com [newJoin=true, profileChange=false]
11-28 20:52:42.906 18336 18336 D Andromuks: AppViewModel: Member change cached (initialization) - @system:corellia.timedout.uk in room !79d6Qowfu2eD3MUVPJ:nexy7574.co.uk [newJoin=true, profileChange=false]
11-28 20:52:42.906 18336 18336 D Andromuks: AppViewModel: Member change cached (initialization) - @rss:aguiarvieira.pt in room !AauCRdpqhKOYuTrdDe:aguiarvieira.pt [newJoin=true, profileChange=false]
11-28 20:52:42.906 18336 18336 D Andromuks: AppViewModel: Member change cached (initialization) - @sufficient:synapse.travelersrestelectric.com in room !AbdrObJtpUGjqqSwXw:pussthecat.org [newJoin=true, profileChange=false]
11-28 20:52:42.906 18336 18336 D Andromuks: AppViewModel: Member change cached (initialization) - @jason:tuwunel.me in room !B11tPdunwDfh29jCp-t2PJIx5wDF3WTcyK2rW15BmHI [newJoin=true, profileChange=false]
11-28 20:52:42.906 18336 18336 D Andromuks: AppViewModel: Member change cached (initialization) - @palchrb:vibb.me in room !BHvcNjOBRwncDQbGOk:codestorm.net [newJoin=true, profileChange=false]
11-28 20:52:42.906 18336 18336 D Andromuks: AppViewModel: Member change cached (initialization) - @abuse:aguiarvieira.pt in room !CWftAwJgoDbPuXCPgg:aguiarvieira.pt [newJoin=true, profileChange=false]
11-28 20:52:42.906 18336 18336 D Andromuks: AppViewModel: Member change cached (initialization) - @fox:matrix.org in room !DYiYqxdfUkKaSHUDDN:nitro.chat [newJoin=true, profileChange=false]
11-28 20:52:42.906 18336 18336 D Andromuks: AppViewModel: Member change cached (initialization) - @modmail:aguiarvieira.pt in room !FoXloqayjUBkWTbJEY:matrix.org [newJoin=true, profileChange=false]
11-28 20:52:42.906 18336 18336 D Andromuks: AppViewModel: Member change cached (initialization) - @warden:matrix.rocks in room !GNtoVOOjThPJVPZLiB:codestorm.net [newJoin=true, profileChange=false]
11-28 20:52:42.906 18336 18336 D Andromuks: AppViewModel: Member change cached (initialization) - @_webhooks_jellyfin:aguiarvieira.pt in room !HVyUZDlALUxfNQpDPS:aguiarvieira.pt [newJoin=true, profileChange=false]
11-28 20:52:42.906 18336 18336 D Andromuks: AppViewModel: Member change cached (initialization) - @Ryuno-Ki:matrix.org in room !HwCGEVHuJTliMouVph:matrix.org [newJoin=true, profileChange=false]
11-28 20:52:42.906 18336 18336 D Andromuks: AppViewModel: Member change cached (initialization) - @rss:aguiarvieira.pt in room !IRanDOzCsVpSdddQnT:aguiarvieira.pt [newJoin=true, profileChange=false]
11-28 20:52:42.906 18336 18336 D Andromuks: AppViewModel: Member change cached (initialization) - @gnu_ponut:matrix.org in room !IaWNErZAgQUhGqJXjX:matrix.org [newJoin=true, profileChange=false]
11-28 20:52:42.906 18336 18336 D Andromuks: AppViewModel: Member change cached (initialization) - @abuse:aguiarvieira.pt in room !IeWLVCQO4YviYfUxG-ca-eV5Vo__EcHXD-uD0CwVDLU [newJoin=true, profileChange=false]
11-28 20:52:42.906 18336 18336 D Andromuks: AppViewModel: Member change cached (initialization) - @paris2322:matrix.org in room !JSB87V0Xvvqu8R1_arJAJNVffyZb1UgMeOSseDRTVTs [newJoin=true, profileChange=false]
11-28 20:52:42.906 18336 18336 D Andromuks: AppViewModel: Member change cached (initialization) - @morguldir:sulian.eu in room !KMbEUhVQHLwZHmwzKX:matrix.org [newJoin=true, profileChange=false]
11-28 20:52:42.907 18336 18336 D Andromuks: AppViewModel: Member change cached (initialization) - @cyb3rko:matrix.org in room !KQaqifczWbCaidLETg:matrix.org [newJoin=true, profileChange=false]
11-28 20:52:42.907 18336 18336 D Andromuks: AppViewModel: Member change cached (initialization) - @rss:aguiarvieira.pt in room !KnJNZiLZGCpezHYZMw:aguiarvieira.pt [newJoin=true, profileChange=false]
11-28 20:52:42.907 18336 18336 D Andromuks: AppViewModel: Member change cached (initialization) - @travis:t2l.io in room !L58ME6ufiP49v97UIOBIpvWKEgj4912JmECPuDzlvCI [newJoin=true, profileChange=false]
11-28 20:52:42.907 18336 18336 D Andromuks: AppViewModel: Member change cached (initialization) - @dabot:aguiarvieira.pt in room !LwxXpniicngJjKryhv:aguiarvieira.pt [newJoin=true, profileChange=false]
11-28 20:52:42.907 18336 18336 D Andromuks: AppViewModel: Member left/banned cached (initialization) - @jonasly:matrix.org in room !MBrxZRUoApYYjmyion:t2bot.io
11-28 20:52:42.907 18336 18336 D Andromuks: AppViewModel: Member change cached (initialization) - @wrenix:chaos.fyi in room !MXIMfhTMMRFPuXSKJZ:matrix.org [newJoin=true, profileChange=false]
11-28 20:52:42.907 18336 18336 D Andromuks: AppViewModel: Member change cached (initialization) - @cel:hope.net in room !Maunium8T0urKfSyLsL1AXOqmoRyyCTp47LO0_uvqSM [newJoin=true, profileChange=false]
11-28 20:52:42.907 18336 18336 D Andromuks: AppViewModel: Member change cached (initialization) - @frebib:nerdhouse.io in room !NOGZYBedfuPsideoi2PSA_ouduzbb2mKrhu3fbUIeWk [newJoin=true, profileChange=false]
11-28 20:52:42.907 18336 18336 D Andromuks: AppViewModel: Member change cached (initialization) - @jfdiscord_379836152863260673:im.jellyfin.org in room !NaLbfexyNIBQDbzGwB:bonifacelabs.ca [newJoin=true, profileChange=false]
11-28 20:52:42.907 18336 18336 D Andromuks: AppViewModel: Member change cached (initialization) - @draupnir:aguiarvieira.pt in room !NeNsUzKQh3xLALCQDbXI6kpecM4iWtnK9-0pemB4Fcs [newJoin=true, profileChange=false]
11-28 20:52:42.907 18336 18336 D Andromuks: AppViewModel: Member change cached (initialization) - @draupnir:aguiarvieira.pt in room !OAzHFoopMVDOungSCC:aguiarvieira.pt [newJoin=true, profileChange=false]
11-28 20:52:42.907 18336 18336 D Andromuks: AppViewModel: Member change cached (initialization) - @dabot:aguiarvieira.pt in room !OpobVaxySPBfZRUcKt:aguiarvieira.pt [newJoin=true, profileChange=false]
11-28 20:52:42.907 18336 18336 D Andromuks: AppViewModel: Member change cached (initialization) - @spencer:wetfish.chat in room !OwmlYgxhZxQwJJyQRi:wetfish.chat [newJoin=true, profileChange=false]
11-28 20:52:42.907 18336 18336 D Andromuks: AppViewModel: Member change cached (initialization) - @muffin:envs.net in room !P7tIaLMFHT55GuONJ7UQ87M0SkqfpjofluPqmu0wOeY [newJoin=true, profileChange=false]
11-28 20:52:42.908 18336 18336 D Andromuks: AppViewModel: Member change cached (initialization) - @rss:aguiarvieira.pt in room !QZvjGxxEOHURBggqzS:aguiarvieira.pt [newJoin=true, profileChange=false]
11-28 20:52:42.908 18336 18336 D Andromuks: AppViewModel: Member change cached (initialization) - @rss:aguiarvieira.pt in room !SJQbCoSXJmTkmIedQB:lonenomad.net [newJoin=true, profileChange=false]
11-28 20:52:42.908 18336 18336 D Andromuks: AppViewModel: Member change cached (initialization) - @abuse:matrix.org in room !SzoPnANsRYxITaDPaJ:matrix.org [newJoin=true, profileChange=false]
11-28 20:52:42.908 18336 18336 D Andromuks: AppViewModel: Member change cached (initialization) - @daedric:aguiarvieira.pt in room !TvTwyPwXFjRVYaEGMF:matrixbridg.es [newJoin=true, profileChange=false]
11-28 20:52:42.908 18336 18336 D Andromuks: AppViewModel: Member change cached (initialization) - @elden_:matrix.org in room !UbCmIlGTHNIgIRZcpt:nheko.im [newJoin=true, profileChange=false]
