11-24 22:10:02.446 25263 25263 D Andromuks: AppViewModel: Member left/banned cached (initialization) - @diana.vieira:aguiarvieira.pt in room !ZIehHSLDjinoifEMHB:aguiarvieira.pt
11-24 22:10:02.446 25263 25263 D Andromuks: AppViewModel: Member change cached (initialization) - @thomcat:thomcat.rocks in room !ZLXjUCEixITAuPHZSt:thomcat.rocks [newJoin=true, profileChange=false]
11-24 22:10:02.446 25263 25263 D Andromuks: AppViewModel: Member change cached (initialization) - @305546deathtrainmaster:matrix.org in room !aBdqfbvFmyPPOxniad:matrix.org [newJoin=true, profileChange=false]
11-24 22:10:02.446 25263 25263 D Andromuks: AppViewModel: Member change cached (initialization) - @daedric:aguiarvieira.pt in room !bjpPpbkzDYQgrpWExD:aguiarvieira.pt [newJoin=true, profileChange=false]
11-24 22:10:02.446 25263 25263 D Andromuks: AppViewModel: Member change cached (initialization) - @henrique-staging:staging.m1.8fa.in in room !bnJnoZORCuNxRqFJrg:matrix.org [newJoin=true, profileChange=false]
11-24 22:10:02.446 25263 25263 D Andromuks: AppViewModel: Member change cached (initialization) - @ity:itycodes.org in room !cGJnebOsGcxfLVqXNC:itycodes.org [newJoin=true, profileChange=false]
11-24 22:10:02.446 25263 25263 D Andromuks: AppViewModel: Member left/banned cached (initialization) - @ashleebby:ashleehee.com in room !ctThayFuMiDdapPKZP:aguiarvieira.pt
11-24 22:10:02.446 25263 25263 D Andromuks: AppViewModel: Member change cached (initialization) - @ity:itycodes.org in room !efUfpKqdrUymGGLUim:itycodes.org [newJoin=true, profileChange=false]
11-24 22:10:02.446 25263 25263 D Andromuks: AppViewModel: Member change cached (initialization) - @daedric:aguiarvieira.pt in room !fMfhmPoIqCuPIRFWGu:aguiarvieira.pt [newJoin=true, profileChange=false]
11-24 22:10:02.446 25263 25263 D Andromuks: AppViewModel: Member change cached (initialization) - @baibot:aguiarvieira.pt in room !iINXPjhZZgipsNkBRt:aguiarvieira.pt [newJoin=true, profileChange=false]
11-24 22:10:02.446 25263 25263 D Andromuks: AppViewModel: Member change cached (initialization) - @whitepaperkat:katchat.ddns.net in room !kzNMtxwSQMHsikdBIZ:katchat.ddns.net [newJoin=true, profileChange=false]
11-24 22:10:02.446 25263 25263 D Andromuks: AppViewModel: Member change cached (initialization) - @daedric:aguiarvieira.pt in room !lFVmECpEYGEtgrNgqK:aguiarvieira.pt [newJoin=true, profileChange=false]
11-24 22:10:02.446 25263 25263 D Andromuks: AppViewModel: Member change cached (initialization) - @daedric:aguiarvieira.pt in room !lqpSJbVKBUWlwlkcCN:club1.fr [newJoin=true, profileChange=false]
11-24 22:10:02.446 25263 25263 D Andromuks: AppViewModel: Member change cached (initialization) - @daedric:aguiarvieira.pt in room !nYCcoijSIZYPZunCWM:matrix.org [newJoin=true, profileChange=false]
11-24 22:10:02.446 25263 25263 D Andromuks: AppViewModel: Member change cached (initialization) - @databoose3:matrix.org in room !qCdIDRyNpwzPzGnvEU:matrix.thefloatinglab.world [newJoin=true, profileChange=false]
11-24 22:10:02.446 25263 25263 D Andromuks: AppViewModel: Member change cached (initialization) - @daedric:aguiarvieira.pt in room !qJTNtsOdGvvQLWMRQX:matrix.org [newJoin=true, profileChange=false]
11-24 22:10:02.446 25263 25263 D Andromuks: AppViewModel: Member change cached (initialization) - @whitepaperkat:katchat.ddns.net in room !rQdPImPoDYOifwAOuk:c-base.org [newJoin=true, profileChange=false]
11-24 22:10:02.446 25263 25263 D Andromuks: AppViewModel: Member change cached (initialization) - @tulir:maunium.net in room !status-v6:maunium.net [newJoin=true, profileChange=false]
11-24 22:10:02.446 25263 25263 D Andromuks: AppViewModel: Member change cached (initialization) - @daedric:aguiarvieira.pt in room !vHDBvTJfOTtIztKTpa:aguiarvieira.pt [newJoin=true, profileChange=false]
11-24 22:10:02.447 25263 25263 D Andromuks: AppViewModel: Member change cached (initialization) - @daedric:aguiarvieira.pt in room !ykXOzxqfRdCCmkYExH:maltee.de [newJoin=true, profileChange=false]
11-24 22:10:02.447 25263 25263 D Andromuks: AppViewModel: Member change cached (initialization) - @daedric:aguiarvieira.pt in room !zEJnTWxrFnjqQOPiFd:fostered.uk [newJoin=true, profileChange=false]
11-24 22:10:02.447 25263 25263 D Andromuks: AppViewModel: Member change cached (initialization) - @dyo:lonenomad.net in room !zaNaQaIjihqBCrOFxJ:lonenomad.net [newJoin=true, profileChange=false]
11-24 22:10:02.447 25263 25263 D Andromuks: AppViewModel: Member change cached (initialization) - @daedric:aguiarvieira.pt in room !zlQpdEDJBghWrgSPwB:matrixbridg.es [newJoin=true, profileChange=false]
11-24 22:10:02.447 25263 25263 D Andromuks: AppViewModel: MEMBER PROCESSING - Updated 39 rooms with member changes
11-24 22:10:02.454 25263 25263 D Andromuks: AppViewModel: Total rooms now: 594 (updated: 39, new: 0, removed: 0) - sync message #6 [App visible: true]
11-24 22:10:02.458 25263 25263 D Andromuks: AppViewModel: SYNC OPTIMIZATION - Room state changed, updating data without sorting
11-24 22:10:02.460 25263 25263 D Andromuks: AppViewModel: SYNC OPTIMIZATION - Room data updated (no sorting), debounced sort scheduled
11-24 22:10:02.461 25263 25263 D Andromuks: AppViewModel: SYNC OPTIMIZATION - Member state changed, scheduling UI update
11-24 22:10:02.461 25263 25263 D Andromuks: NetworkUtils: Calling onInitComplete on main thread
11-24 22:10:02.461 25263 25263 D Andromuks: AppViewModel: onInitComplete called - setting spacesLoaded = true
11-24 22:10:02.461 25263 25263 D Andromuks: AppViewModel: Initialization complete - future sync_complete messages will trigger UI updates
11-24 22:10:02.461 25263 25263 D Andromuks: AppViewModel: Resetting reconnection state (successful connection)
11-24 22:10:02.461 25263 25263 D Andromuks: AppViewModel: Starting background space edge processing for 36 spaces
11-24 22:10:02.462 25263 25263 D Andromuks: AppViewModel: Updating ConversationsApi with real homeserver URL after init_complete
11-24 22:10:02.462 25263 25263 D Andromuks: AppViewModel: Skipping shortcut update on init_complete - will use incremental updates from sync_complete
11-24 22:10:02.462 25263 25263 D Andromuks: AppViewModel: No pending notification actions to execute
11-24 22:10:02.462 25263 25263 D Andromuks: AppViewModel: onInitComplete - registering FCM to ensure backend has current token
11-24 22:10:02.462 25263 25263 D Andromuks: AppViewModel: registerFCMWithGomuksBackend called
11-24 22:10:02.462 25263 25263 D Andromuks: AppViewModel: shouldRegisterPush() called, result=false
11-24 22:10:02.462 25263 25263 D Andromuks: AppViewModel: shouldRegisterPush() returned false
11-24 22:10:02.462 25263 25263 D Andromuks: AppViewModel: hasRegisteredViaWebSocket=true, forceRegistration=false
11-24 22:10:02.462 25263 25263 D Andromuks: AppViewModel: Always registering FCM on WebSocket connection to ensure backend has current token
11-24 22:10:02.462 25263 25263 D Andromuks: AppViewModel: registerFCMWithGomuksBackend - token=ewQuYoBsRDeg11GpoV_j..., deviceId=NKVMXDXVQI, encryptionKey=ODdlZjc2OGNkZGQ0NGY4...
11-24 22:10:02.462 25263 25263 D Andromuks: AppViewModel: webClientPushIntegration=true
11-24 22:10:02.462 25263 25263 D Andromuks: AppViewModel: Registering FCM with request_id=3
11-24 22:10:02.462 25263 25263 D Andromuks: AppViewModel: Sending WebSocket command: register_push with data: {type=fcm, device_id=NKVMXDXVQI, data=ewQuYoBsRDeg11GpoV_jkw:APA91bFBHf-kVLci8MicnM4yMjLiAlCyQI5EF-qUJGh7Qn4Lx9xA_VoQEgPAKJXluBRVajpFrsF7yp8jas1S0OunvJv00kYH7BCN4aCPVDzM620ORojqXdo, encryption={key=ODdlZjc2OGNkZGQ0NGY4OThiN2I2YzRkMjViODMxZTA=}, expiration=1764108602}
11-24 22:10:02.462 25263 25263 D Andromuks: sendWebSocketCommand: command='register_push', requestId=3, data={"type":"fcm","device_id":"NKVMXDXVQI","data":"ewQuYoBsRDeg11GpoV_jkw:APA91bFBHf-kVLci8MicnM4yMjLiAlCyQI5EF-qUJGh7Qn4Lx9xA_VoQEgPAKJXluBRVajpFrsF7yp8jas1S0OunvJv00kYH7BCN4aCPVDzM620ORojqXdo","encrypti
11-24 22:10:02.463 25263 25263 D Andromuks: AppViewModel: Sent FCM registration to Gomuks Backend with device_id=NKVMXDXVQI
11-24 22:10:02.463 25263 25263 D Andromuks: AppViewModel: Calling navigation callback (callback is set)
11-24 22:10:02.463 25263 25263 D Andromuks: AuthCheck: Navigation callback triggered - navigating to room_list
11-24 22:10:02.463 25263 25263 D Andromuks: AuthCheck: Navigation callback - pendingRoomId: null
11-24 22:10:02.463 25263 25263 D Andromuks: AppViewModel: registerFCMNotifications called
11-24 22:10:02.463 25263 25263 D Andromuks: AppViewModel: fcmNotificationManager=true, homeserverUrl=https://webmuks.aguiarvieira.pt, authToken=eyJ1c2VybmFtZSI6ImRh..., currentUserId=@daedric:aguiarvieira.pt
11-24 22:10:02.463 25263 25263 D Andromuks: AppViewModel: Calling FCMNotificationManager.registerNotifications
11-24 22:10:02.463 25263 25263 D Andromuks: AppViewModel: FCM token ready callback triggered, registering with Gomuks Backend
11-24 22:10:02.463 25263 25263 D Andromuks: AppViewModel: registerFCMWithGomuksBackend called
11-24 22:10:02.463 25263 25263 D Andromuks: AppViewModel: shouldRegisterPush() called, result=false
11-24 22:10:02.463 25263 25263 D Andromuks: AppViewModel: shouldRegisterPush() returned false
11-24 22:10:02.463 25263 25263 D Andromuks: AppViewModel: hasRegisteredViaWebSocket=true, forceRegistration=false
11-24 22:10:02.463 25263 25263 D Andromuks: AppViewModel: Always registering FCM on WebSocket connection to ensure backend has current token
11-24 22:10:02.463 25263 25263 D Andromuks: AppViewModel: registerFCMWithGomuksBackend - token=ewQuYoBsRDeg11GpoV_j..., deviceId=NKVMXDXVQI, encryptionKey=ODdlZjc2OGNkZGQ0NGY4...
11-24 22:10:02.463 25263 25263 D Andromuks: AppViewModel: webClientPushIntegration=true
11-24 22:10:02.463 25263 25263 D Andromuks: AppViewModel: Registering FCM with request_id=4
11-24 22:10:02.463 25263 25263 D Andromuks: AppViewModel: Sending WebSocket command: register_push with data: {type=fcm, device_id=NKVMXDXVQI, data=ewQuYoBsRDeg11GpoV_jkw:APA91bFBHf-kVLci8MicnM4yMjLiAlCyQI5EF-qUJGh7Qn4Lx9xA_VoQEgPAKJXluBRVajpFrsF7yp8jas1S0OunvJv00kYH7BCN4aCPVDzM620ORojqXdo, encryption={key=ODdlZjc2OGNkZGQ0NGY4OThiN2I2YzRkMjViODMxZTA=}, expiration=1764108602}
11-24 22:10:02.463 25263 25263 D Andromuks: sendWebSocketCommand: command='register_push', requestId=4, data={"type":"fcm","device_id":"NKVMXDXVQI","data":"ewQuYoBsRDeg11GpoV_jkw:APA91bFBHf-kVLci8MicnM4yMjLiAlCyQI5EF-qUJGh7Qn4Lx9xA_VoQEgPAKJXluBRVajpFrsF7yp8jas1S0OunvJv00kYH7BCN4aCPVDzM620ORojqXdo","encrypti
11-24 22:10:02.463 25263 25263 D Andromuks: AppViewModel: Sent FCM registration to Gomuks Backend with device_id=NKVMXDXVQI
11-24 22:10:02.463 25263 25326 D Andromuks: AppViewModel: Background space edge processing - Created mock data for 594 rooms
11-24 22:10:02.464 25263 25326 D Andromuks: SpaceRoomParser: Skipping child space: Garbage
11-24 22:10:02.464 25263 25326 D Andromuks: SpaceRoomParser: Skipping child space: Webhooks
11-24 22:10:02.464 25263 25326 D Andromuks: SpaceRoomParser: Skipping child space: Automated
11-24 22:10:02.464 25263 25326 D Andromuks: SpaceRoomParser: Skipping child space: Reports
11-24 22:10:02.464 25263 25326 D Andromuks: SpaceRoomParser: Skipping child space: Github
11-24 22:10:02.464 25263 25326 D Andromuks: SpaceRoomParser: Skipping child space: Clients
11-24 22:10:02.464 25263 25326 D Andromuks: SpaceRoomParser: Skipping child space: Bridges
11-24 22:10:02.464 25263 25326 D Andromuks: SpaceRoomParser: Skipping child space: Tools
11-24 22:10:02.464 25263 25326 D Andromuks: SpaceRoomParser: Skipping child space: Servers
11-24 22:10:02.464 25263 25326 D Andromuks: SpaceRoomParser: Skipping child space: Bots and Bridges
11-24 22:10:02.464 25263 25326 D Andromuks: SpaceRoomParser: Skipping child space: Chat
11-24 22:10:02.464 25263 25326 D Andromuks: SpaceRoomParser: Skipping child space: Dev
11-24 22:10:02.465 25263 25326 D Andromuks: SpaceRoomParser: Skipping child space: Games
11-24 22:10:02.465 25263 25339 D Andromuks: AppViewModel: FCM token ready callback triggered, registering with Gomuks Backend
11-24 22:10:02.465 25263 25339 D Andromuks: AppViewModel: registerFCMWithGomuksBackend called
11-24 22:10:02.465 25263 25339 D Andromuks: AppViewModel: shouldRegisterPush() called, result=false
11-24 22:10:02.465 25263 25339 D Andromuks: AppViewModel: shouldRegisterPush() returned false
11-24 22:10:02.465 25263 25339 D Andromuks: AppViewModel: hasRegisteredViaWebSocket=true, forceRegistration=false
11-24 22:10:02.465 25263 25339 D Andromuks: AppViewModel: Always registering FCM on WebSocket connection to ensure backend has current token
11-24 22:10:02.465 25263 25339 D Andromuks: AppViewModel: registerFCMWithGomuksBackend - token=ewQuYoBsRDeg11GpoV_j..., deviceId=NKVMXDXVQI, encryptionKey=ODdlZjc2OGNkZGQ0NGY4...
11-24 22:10:02.465 25263 25339 D Andromuks: AppViewModel: webClientPushIntegration=true
11-24 22:10:02.465 25263 25339 D Andromuks: AppViewModel: Registering FCM with request_id=5
11-24 22:10:02.465 25263 25339 D Andromuks: AppViewModel: Sending WebSocket command: register_push with data: {type=fcm, device_id=NKVMXDXVQI, data=ewQuYoBsRDeg11GpoV_jkw:APA91bFBHf-kVLci8MicnM4yMjLiAlCyQI5EF-qUJGh7Qn4Lx9xA_VoQEgPAKJXluBRVajpFrsF7yp8jas1S0OunvJv00kYH7BCN4aCPVDzM620ORojqXdo, encryption={key=ODdlZjc2OGNkZGQ0NGY4OThiN2I2YzRkMjViODMxZTA=}, expiration=1764108602}
11-24 22:10:02.465 25263 25326 D Andromuks: SpaceRoomParser: Skipping child space: Mjolnir banlists and report rooms
11-24 22:10:02.465 25263 25339 D Andromuks: sendWebSocketCommand: command='register_push', requestId=5, data={"type":"fcm","device_id":"NKVMXDXVQI","data":"ewQuYoBsRDeg11GpoV_jkw:APA91bFBHf-kVLci8MicnM4yMjLiAlCyQI5EF-qUJGh7Qn4Lx9xA_VoQEgPAKJXluBRVajpFrsF7yp8jas1S0OunvJv00kYH7BCN4aCPVDzM620ORojqXdo","encrypti
11-24 22:10:02.465 25263 25339 D Andromuks: AppViewModel: Sent FCM registration to Gomuks Backend with device_id=NKVMXDXVQI
11-24 22:10:02.466 25263 25326 D Andromuks: SpaceRoomParser: Skipping child space: Bots
11-24 22:10:02.466 25263 25326 D Andromuks: SpaceRoomParser: Skipping child space: Chat Clients
11-24 22:10:02.466 25263 25326 D Andromuks: SpaceRoomParser: Skipping child space: Servers/Hosting
11-24 22:10:02.466 25263 25326 D Andromuks: SpaceRoomParser: Skipping child space: Social
11-24 22:10:02.466 25263 25326 D Andromuks: SpaceRoomParser: Skipping child space: Spec/Guides
11-24 22:10:02.468 25263 25263 D Andromuks: AppViewModel: Loaded 2 recent emojis from account_data with frequencies (sorted by count)
11-24 22:10:02.468 25263 25326 D Andromuks: AppViewModel: allSpaces set to 36 spaces
11-24 22:10:02.468 25263 25326 D Andromuks: AppViewModel: Background space edge processing - Completed processing
11-24 22:10:02.469 25263 25263 D Andromuks: AppViewModel: Loaded 252 DM room IDs for 104 users from m.direct account data
11-24 22:10:02.474 25263 25263 D Andromuks: AppViewModel: Updated 9 rooms with correct DM status from m.direct account data
11-24 22:10:02.474 25263 25263 D Andromuks: AppViewModel: Total rooms now: 594 (updated: 0, new: 0, removed: 0) - sync message #7 [App visible: true]
11-24 22:10:02.481 25263 25263 D Andromuks: AppViewModel: SYNC OPTIMIZATION - No room changes detected, skipping all updates
11-24 22:10:02.481 25263 25263 D Andromuks: AppViewModel: MEMBER PROCESSING - Processing 82 rooms with member events [App visible: true]
11-24 22:10:02.481 25263 25263 D Andromuks: AppViewModel: New member joined: @funar:mgamers.com in room !7UsoT9DQvtiXJi2rhynnnRIUz29nFCXDVWwBj9pBSbQ - triggering immediate UI update
11-24 22:10:02.481 25263 25263 D Andromuks: AppViewModel: New member joined: @mauropc:matrix.org in room !D8zFct0xajmtNrYWWKGiViQJ_lPDYFCCfiXvOltr114 - triggering immediate UI update
11-24 22:10:02.481 25263 25263 D Andromuks: AppViewModel: New member joined: @tulir:maunium.net in room !EPtZfUXVnrALSprDMt:codestorm.net - triggering immediate UI update
11-24 22:10:02.482 25263 25263 D Andromuks: AppViewModel: New member joined: @rss:aguiarvieira.pt in room !GtaeVfFXfiNqdQJiTI:aguiarvieira.pt - triggering immediate UI update
11-24 22:10:02.482 25263 25263 D Andromuks: AppViewModel: New member joined: @hookshot:aguiarvieira.pt in room !IxjQrQrGOlmMqirDST:aguiarvieira.pt - triggering immediate UI update
11-24 22:10:02.482 25263 25263 D Andromuks: AppViewModel: New member joined: @daedric:envs.net in room !LqIHYzJrefyAxpMDgw:daedric.net - triggering immediate UI update
11-24 22:10:02.482 25263 25263 D Andromuks: AppViewModel: New member joined: @scronkfinkle:matrix.scronkfinkle.net in room !NqdjYiaiDZkHeyIBwZ:matrix.org - triggering immediate UI update
11-24 22:10:02.482 25263 25263 D Andromuks: AppViewModel: New member joined: @baibot:aguiarvieira.pt in room !ORepDxkMAVWsKLdOPn:aguiarvieira.pt - triggering immediate UI update
11-24 22:10:02.482 25263 25263 D Andromuks: AppViewModel: New member joined: @asodyora:matrix.org in room !OSSUfHhcduRmffvkQS:matrix.org - triggering immediate UI update
11-24 22:10:02.483 25263 25263 D Andromuks: AppViewModel: New member joined: @funar:mgamers.com in room !RQCLPTPXgJbWGldVvU:mgamers.com - triggering immediate UI update
11-24 22:10:02.483 25263 25263 D Andromuks: AppViewModel: New member joined: @vsajana:matrix.org in room !RxzgIkyFyEOzYMRAhN:matrix.org - triggering immediate UI update
11-24 22:10:02.483 25263 25263 D Andromuks: AppViewModel: New member joined: @jason:littlevortex.net in room !UaNXMdCykfJbXNEHum:littlevortex.net - triggering immediate UI update
11-24 22:10:02.483 25263 25263 D Andromuks: AppViewModel: New member joined: @pridumyvatel-bogatyr:matrix.org in room !UwXqIUBsdexWRWGcxh:matrix.org - triggering immediate UI update
11-24 22:10:02.483 25263 25263 D Andromuks: AppViewModel: Member left/banned: @watchtower:aguiarvieira.pt in room !UzlMkjVDHcMfGXgXbd:aguiarvieira.pt - triggering immediate UI update
11-24 22:10:02.483 25263 25263 D Andromuks: AppViewModel: New member joined: @hookshot:aguiarvieira.pt in room !VFEttyDSIeKXdsiCmo:aguiarvieira.pt - triggering immediate UI update
11-24 22:10:02.483 25263 25263 D Andromuks: AppViewModel: New member joined: @whatsapp_351935116693:matrixbridg.es in room !VVWhzgMfWcQoQTgwwc:matrixbridg.es - triggering immediate UI update
11-24 22:10:02.483 25263 25263 D Andromuks: AppViewModel: New member joined: @daedric7:matrix.org in room !VzCvlPOxltiYrbkBzW:aguiarvieira.pt - triggering immediate UI update
11-24 22:10:02.483 25263 25263 D Andromuks: AppViewModel: New member joined: @daedric:daedric.net in room !WCzdIdwLceAAbVdOIg:daedric.net - triggering immediate UI update
11-24 22:10:02.483 25263 25263 D Andromuks: AppViewModel: New member joined: @pridumyvatel-bogatyr:matrix.org in room !atXuDoAUFqfwwIeVwO:matrix.org - triggering immediate UI update
11-24 22:10:02.484 25263 25263 D Andromuks: AppViewModel: New member joined: @watcherbot:meow.codestorm.net in room !cRKbjVihKgMnYyEXqN:codestorm.net - triggering immediate UI update
11-24 22:10:02.484 25263 25263 D Andromuks: AppViewModel: New member joined: @erkinalp:matrix.org in room !dBBMdGDEQPbfoYXxwy:feline.support - triggering immediate UI update
11-24 22:10:02.484 25263 25263 D Andromuks: AppViewModel: New member joined: @natrius:matrix.org in room !dULZRIKAtLRUEwbQav:matrix.org - triggering immediate UI update
11-24 22:10:02.484 25263 25263 D Andromuks: AppViewModel: Member left/banned: @rzn:tchncs.de in room !fKBhtseYFRTcVyVyTJ:envs.net - triggering immediate UI update
11-24 22:10:02.484 25263 25263 D Andromuks: AppViewModel: New member joined: @catolico:matrix.org in room !gKMEiOUChtHMqEPWjP:matrix.org - triggering immediate UI update
11-24 22:10:02.484 25263 25263 D Andromuks: AppViewModel: New member joined: @pingstats:aguiarvieira.pt in room !gPDNSAuMNREOyJBfCH:aguiarvieira.pt - triggering immediate UI update
11-24 22:10:02.484 25263 25263 D Andromuks: AppViewModel: New member joined: @cvwright:matrix.org in room !gcbIHWAYBBmvITkQIn:matrix.org - triggering immediate UI update
11-24 22:10:02.484 25263 25263 D Andromuks: AppViewModel: New member joined: @github:maunium.net in room !gmessages-v10:maunium.net - triggering immediate UI update
11-24 22:10:02.484 25263 25263 D Andromuks: AppViewModel: New member joined: @bonswouar:matrix.drhugs.com in room !googlechat-v10:maunium.net - triggering immediate UI update
11-24 22:10:02.484 25263 25263 D Andromuks: AppViewModel: New member joined: @tulir:maunium.net in room !gvoice-v11:maunium.net - triggering immediate UI update
11-24 22:10:02.484 25263 25263 D Andromuks: AppViewModel: New member joined: @cat:feline.support in room !jFcDkzKYDfJFwUJrdB:feline.support - triggering immediate UI update
11-24 22:10:02.484 25263 25263 D Andromuks: AppViewModel: New member joined: @xurizaemon:matrix.org in room !jiRZORhJXxYobcAysp:matrix.org - triggering immediate UI update
11-24 22:10:02.484 25263 25263 D Andromuks: AppViewModel: New member joined: @healthbot:aguiarvieira.pt in room !kFKYOHlKWmAIUsdRUC:aguiarvieira.pt - triggering immediate UI update
11-24 22:10:02.485 25263 25263 D Andromuks: AppViewModel: New member joined: @glowy:glowers.club in room !mGQuRObUtJqvdGxPkj:glowers.club - triggering immediate UI update
11-24 22:10:02.485 25263 25263 D Andromuks: AppViewModel: New member joined: @tulir:maunium.net in room !maunium-v10:maunium.net - triggering immediate UI update
11-24 22:10:02.485 25263 25263 D Andromuks: AppViewModel: New member joined: @bones_was_here:xonotic.org in room !mautrix-discord-v9:maunium.net - triggering immediate UI update
11-24 22:10:02.485 25263 25263 D Andromuks: AppViewModel: New member joined: @effendy:matrix.org in room !oEMlhXgSfpTEunSHFF:codestorm.net - triggering immediate UI update
11-24 22:10:02.485 25263 25263 D Andromuks: AppViewModel: New member joined: @nacorid:vengeful.eu in room !qulZLUGwWfFCaWBOaE:aguiarvieira.pt - triggering immediate UI update
11-24 22:10:02.485 25263 25263 D Andromuks: AppViewModel: New member joined: @+:tomfos.tr in room !rbcFnVowLXAoDmVNGF:tcpip.uk - triggering immediate UI update
11-24 22:10:02.485 25263 25263 D Andromuks: AppViewModel: New member joined: @daedric:tchncs.de in room !sKlwQuOUJgoqkThgGr:tchncs.de - triggering immediate UI update
11-24 22:10:02.485 25263 25263 D Andromuks: AppViewModel: New member joined: @github:maunium.net in room !signal-v11:maunium.net - triggering immediate UI update
11-24 22:10:02.485 25263 25263 D Andromuks: AppViewModel: New member joined: @cat:feline.support in room !u_7vyQbvvT3HfW4zfY8OSoO7FW69DBIQ89CTn7WXRIc - triggering immediate UI update
11-24 22:10:02.485 25263 25263 D Andromuks: AppViewModel: New member joined: @github:maunium.net in room !whatsapp-v10:maunium.net - triggering immediate UI update
11-24 22:10:02.485 25263 25263 D Andromuks: AppViewModel: New member joined: @daedric:envs.net in room !yJGpdFvegjGoCBMZUE:envs.net - triggering immediate UI update
11-24 22:10:02.486 25263 25263 D Andromuks: AppViewModel: Member left/banned: @feeds:integrations.ems.host in room !zgQquZJfEhipbvFbYc:matrix.org - triggering immediate UI update
11-24 22:10:02.486 25263 25263 D Andromuks: AppViewModel: New member joined: @funar:mgamers.com in room !zyesydHelIQHacPqFI:mgamers.com - triggering immediate UI update
11-24 22:10:02.486 25263 25263 D Andromuks: AppViewModel: MEMBER PROCESSING - Updated 82 rooms with member changes
11-24 22:10:02.504 25263 25263 D Andromuks: AppViewModel: Total rooms now: 594 (updated: 99, new: 0, removed: 0) - sync message #8 [App visible: true]
11-24 22:10:02.507 25263 25263 D Andromuks: AppViewModel: SYNC OPTIMIZATION - Room state changed, updating data without sorting
11-24 22:10:02.510 25263 25263 D Andromuks: AppViewModel: SYNC OPTIMIZATION - Room data updated (no sorting), debounced sort scheduled
11-24 22:10:02.510 25263 25263 D Andromuks: AppViewModel: SYNC OPTIMIZATION - Member state changed, scheduling UI update
11-24 22:10:02.520 25263 25326 D Andromuks: AppViewModel: handleFCMRegistrationResponse called with requestId=3, dataType=Boolean
11-24 22:10:02.520 25263 25326 D Andromuks: AppViewModel: FCM registration response data: true
11-24 22:10:02.520 25263 25326 I Andromuks: AppViewModel: FCM registration successful (boolean true)
11-24 22:10:02.520 25263 25326 D Andromuks: AppViewModel: Marked FCM as registered via WebSocket
11-24 22:10:02.520 25263 25263 D Andromuks: AppViewModel: Space edge processing complete - UI updated
11-24 22:10:02.545 25263 25263 D Andromuks: AppViewModel: Lazy loading section: HOME
11-24 22:10:02.548 25263 25263 D Andromuks: AppViewModel: Badge counts - DMs: 0, Unread: 120, Favs: 2
11-24 22:10:02.549 25263 25263 D Andromuks: AppViewModel: Updated cached sections - allRooms: 594, DMs: 97, Unread: 120, Favourites: 18
11-24 22:10:02.556 25263 25362 D Andromuks: AppViewModel: handleFCMRegistrationResponse called with requestId=5, dataType=Boolean
11-24 22:10:02.556 25263 25362 D Andromuks: AppViewModel: FCM registration response data: true
11-24 22:10:02.556 25263 25362 I Andromuks: AppViewModel: FCM registration successful (boolean true)
11-24 22:10:02.556 25263 25362 D Andromuks: AppViewModel: Marked FCM as registered via WebSocket
11-24 22:10:02.556 25263 25362 D Andromuks: AppViewModel: handleFCMRegistrationResponse called with requestId=4, dataType=Boolean
11-24 22:10:02.556 25263 25362 D Andromuks: AppViewModel: FCM registration response data: true
11-24 22:10:02.556 25263 25362 I Andromuks: AppViewModel: FCM registration successful (boolean true)
11-24 22:10:02.556 25263 25362 D Andromuks: AppViewModel: Marked FCM as registered via WebSocket
11-24 22:10:02.559 25263 25263 D Andromuks: RoomListScreen: stableSection = HOME, roomListUpdateCounter = 4, rooms.size = 594
11-24 22:10:02.728  5640  5640 I NotificationListener: received notification removed event - pt.aguiarvieira.andromuks#UserHandle{0},category=-1
11-24 22:10:02.753 25263 25263 D Andromuks: RoomListScreen: Registered FOREGROUND_REFRESH broadcast receiver
11-24 22:10:03.093 25263 25263 D Andromuks: RoomListScreen: Pending processing completed
11-24 22:10:03.101 25263 25263 D Andromuks: RoomListScreen: Clearing current room ID - user is viewing room list, not a specific room
11-24 22:10:03.101 25263 25263 D Andromuks: AppViewModel: Clearing current open room ID from SharedPreferences
11-24 22:10:03.101 25263 25263 D Andromuks: AppViewModel: SharedPreferences commit succeeded for room ID: 
11-24 22:10:03.101 25263 25263 D Andromuks: RoomListScreen: Returning to room list - forcing immediate sort
11-24 22:10:03.101 25263 25263 D Andromuks: AppViewModel: Force sorting room list (tab change or screen return)
11-24 22:10:03.102 25263 25357 D Andromuks: RoomListScreen: Querying DB for 143/594 rooms missing previews (451 already have previews from JSON)
11-24 22:10:03.106 25263 25263 D Andromuks: AppViewModel: setSpaces called with 1 spaces
11-24 22:10:03.106 25263 25263 D Andromuks: AppViewModel: PERFORMANCE - Debounced room reorder completed (594 rooms)
11-24 22:10:03.107 25263 25263 D Andromuks: RoomListScreen: OPPORTUNISTIC PROFILE LOADING - Requesting profiles for 36 message senders from 594 rooms
11-24 22:10:03.109 25263 25263 D Andromuks: sendWebSocketCommand: command='get_room_state', requestId=6, data={"room_id":"!NaLbfexyNIBQDbzGwB:bonifacelabs.ca","include_members":false,"fetch_members":false,"refetch":false}
11-24 22:10:03.110 25263 25263 D Andromuks: sendWebSocketCommand: command='get_room_state', requestId=7, data={"room_id":"!vMLhvOKUhgmYGpkwjX:matrix.debian.social","include_members":false,"fetch_members":false,"refetch":false}
11-24 22:10:03.110 25263 25263 D Andromuks: sendWebSocketCommand: command='get_room_state', requestId=8, data={"room_id":"!5rEAuuJ7dFQ7vVvIPU94bOoPhme75SYX18peBenN_GY","include_members":false,"fetch_members":false,"refetch":false}
11-24 22:10:03.110 25263 25263 D Andromuks: sendWebSocketCommand: command='get_room_state', requestId=9, data={"room_id":"!bFjeGzjHAZhqKKtiBW:matrix.org","include_members":false,"fetch_members":false,"refetch":false}
11-24 22:10:03.110 25263 25263 D Andromuks: sendWebSocketCommand: command='get_room_state', requestId=10, data={"room_id":"!LwxXpniicngJjKryhv:aguiarvieira.pt","include_members":false,"fetch_members":false,"refetch":false}
11-24 22:10:03.110 25263 25263 D Andromuks: sendWebSocketCommand: command='get_room_state', requestId=11, data={"room_id":"!kiP76YI0AlDqXjcKj2nM_Bq30GCgGWehndSt3iyA85E","include_members":false,"fetch_members":false,"refetch":false}
11-24 22:10:03.110 25263 25263 D Andromuks: sendWebSocketCommand: command='get_room_state', requestId=12, data={"room_id":"!gddmvTF3NLooiLm6IV_i7sXGlD0Rj4Fm1lpCK9oyokU","include_members":false,"fetch_members":false,"refetch":false}
11-24 22:10:03.110 25263 25263 D Andromuks: sendWebSocketCommand: command='get_room_state', requestId=13, data={"room_id":"!UdKLVYoj9Cb-VuNJHKgqHI37jvx2UUaeBv36DhjGVWo","include_members":false,"fetch_members":false,"refetch":false}
11-24 22:10:03.110 25263 25263 D Andromuks: sendWebSocketCommand: command='get_room_state', requestId=14, data={"room_id":"!BBRrrATGeXEfvKtLab:aguiarvieira.pt","include_members":false,"fetch_members":false,"refetch":false}
11-24 22:10:03.110 25263 25263 D Andromuks: sendWebSocketCommand: command='get_room_state', requestId=15, data={"room_id":"!lgkFqiWbOWlhdGGrNg:aguiarvieira.pt","include_members":false,"fetch_members":false,"refetch":false}
11-24 22:10:03.110 25263 25263 D Andromuks: sendWebSocketCommand: command='get_room_state', requestId=16, data={"room_id":"!tbSlYaykKDtKZbCsVE:aguiarvieira.pt","include_members":false,"fetch_members":false,"refetch":false}
11-24 22:10:03.111 25263 25263 D Andromuks: sendWebSocketCommand: command='get_room_state', requestId=17, data={"room_id":"!VEfJvWKSpbfNIdTgnN:matrixbridg.es","include_members":false,"fetch_members":false,"refetch":false}
11-24 22:10:03.111 25263 25263 D Andromuks: RoomListScreen: NAVIGATION OPTIMIZATION - Triggered prefetch for 12 nearby rooms
11-24 22:10:03.120 25263 25263 D Andromuks: RoomListScreen: stableSection = HOME, roomListUpdateCounter = 5, rooms.size = 594
11-24 22:10:03.164 25263 25269 I ieira.andromuks: Compiler allocated 10237KB to compile void net.vrkknn.andromuks.RoomListScreenKt.RoomListItem(net.vrkknn.andromuks.RoomItem, java.lang.String, java.lang.String, kotlin.jvm.functions.Function1, kotlin.jvm.functions.Function1, int, net.vrkknn.andromuks.AppViewModel, androidx.compose.ui.Modifier, boolean, androidx.compose.runtime.Composer, int, int)
11-24 22:10:03.171 25263 25263 D Andromuks: AppViewModel: Room summaries updated for 95 rooms - triggering RoomListScreen refresh (roomSummaryUpdateCounter: 2)
11-24 22:10:03.171 25263 25263 D Andromuks: AppViewModel: Room summaries updated for 95 rooms - triggering RoomListScreen refresh (roomSummaryUpdateCounter: 3)
11-24 22:10:03.171 25263 25263 D Andromuks: AppViewModel: Room summaries updated for 46 rooms - triggering RoomListScreen refresh (roomSummaryUpdateCounter: 4)
11-24 22:10:03.171 25263 25263 D Andromuks: AppViewModel: Room summaries updated for 94 rooms - triggering RoomListScreen refresh (roomSummaryUpdateCounter: 5)
11-24 22:10:03.172 25263 25263 D Andromuks: AppViewModel: Room summaries updated for 39 rooms - triggering RoomListScreen refresh (roomSummaryUpdateCounter: 6)
11-24 22:10:03.172 25263 25263 D Andromuks: AppViewModel: Room summaries updated for 82 rooms - triggering RoomListScreen refresh (roomSummaryUpdateCounter: 7)
11-24 22:10:03.177 25263 25356 D Andromuks: AppViewModel: Handling room state response for room: !UdKLVYoj9Cb-VuNJHKgqHI37jvx2UUaeBv36DhjGVWo
11-24 22:10:03.177 25263 25357 D Andromuks: AppViewModel: Handling room state response for room: !LwxXpniicngJjKryhv:aguiarvieira.pt
11-24 22:10:03.182 25263 25357 D Andromuks: AppViewModel: Parsed room state for !LwxXpniicngJjKryhv:aguiarvieira.pt (not current room) - Name: Wallpapers
11-24 22:10:03.182 25263 25356 D Andromuks: AppViewModel: Parsed room state for !UdKLVYoj9Cb-VuNJHKgqHI37jvx2UUaeBv36DhjGVWo (not current room) - Name: something something mentally ill etc etc offtopic
11-24 22:10:03.186 25263 25357 D Andromuks: RoomListScreen: Queried last messages for 0/143 rooms from events table (trigger: summaryUpdate)
11-24 22:10:03.190 25263 25358 D Andromuks: AppViewModel: Handling room state response for room: !bFjeGzjHAZhqKKtiBW:matrix.org
11-24 22:10:03.190 25263 25358 D Andromuks: AppViewModel: Parsed room state for !bFjeGzjHAZhqKKtiBW:matrix.org (not current room) - Name: Brasil
11-24 22:10:03.193 25263 25362 D Andromuks: AppViewModel: Handling room state response for room: !5rEAuuJ7dFQ7vVvIPU94bOoPhme75SYX18peBenN_GY
11-24 22:10:03.193 25263 25362 D Andromuks: AppViewModel: Parsed room state for !5rEAuuJ7dFQ7vVvIPU94bOoPhme75SYX18peBenN_GY (not current room) - Name: Synapse Admins (community edition)
11-24 22:10:03.194 25263 25362 D Andromuks: AppViewModel: Handling room state response for room: !gddmvTF3NLooiLm6IV_i7sXGlD0Rj4Fm1lpCK9oyokU
11-24 22:10:03.195 25263 25362 D Andromuks: AppViewModel: Parsed room state for !gddmvTF3NLooiLm6IV_i7sXGlD0Rj4Fm1lpCK9oyokU (not current room) - Name: SchildiChat Android
11-24 22:10:03.196 25263 25362 D Andromuks: AppViewModel: Handling room state response for room: !kiP76YI0AlDqXjcKj2nM_Bq30GCgGWehndSt3iyA85E
11-24 22:10:03.196 25263 25362 D Andromuks: AppViewModel: Parsed room state for !kiP76YI0AlDqXjcKj2nM_Bq30GCgGWehndSt3iyA85E (not current room) - Name: Conduit Matrix Server
11-24 22:10:03.201 25263 25263 D Andromuks: AppViewModel: Badge counts - DMs: 0, Unread: 120, Favs: 2
11-24 22:10:03.202 25263 25263 D Andromuks: AppViewModel: Updated cached sections - allRooms: 594, DMs: 97, Unread: 120, Favourites: 18
11-24 22:10:03.205 25263 25263 D Andromuks: RoomListScreen: Section data changed - rooms:true spaces:false
11-24 22:10:03.206 25263 25263 D Andromuks: RoomListScreen: NAVIGATION OPTIMIZATION - Triggered prefetch for 12 nearby rooms
11-24 22:10:03.217 25263 25263 D Andromuks: RoomListScreen: stableSection = HOME, roomListUpdateCounter = 5, rooms.size = 594
11-24 22:10:03.219 25263 25362 D Andromuks: AppViewModel: Handling room state response for room: !vMLhvOKUhgmYGpkwjX:matrix.debian.social
11-24 22:10:03.219 25263 25362 D Andromuks: AppViewModel: Parsed room state for !vMLhvOKUhgmYGpkwjX:matrix.debian.social (not current room) - Name: Debian
11-24 22:10:03.223 25263 25362 D Andromuks: AppViewModel: Handling room state response for room: !BBRrrATGeXEfvKtLab:aguiarvieira.pt
11-24 22:10:03.223 25263 25362 D Andromuks: AppViewModel: Parsed room state for !BBRrrATGeXEfvKtLab:aguiarvieira.pt (not current room) - Name: Synapse Admins Bridge
11-24 22:10:03.224 25263 25362 D Andromuks: AppViewModel: Handling room state response for room: !lgkFqiWbOWlhdGGrNg:aguiarvieira.pt
11-24 22:10:03.224 25263 25362 D Andromuks: AppViewModel: Parsed room state for !lgkFqiWbOWlhdGGrNg:aguiarvieira.pt (not current room) - Name: AV Element X
11-24 22:10:03.225 25263 25362 D Andromuks: AppViewModel: Handling room state response for room: !tbSlYaykKDtKZbCsVE:aguiarvieira.pt
11-24 22:10:03.225 25263 25362 D Andromuks: AppViewModel: Parsed room state for !tbSlYaykKDtKZbCsVE:aguiarvieira.pt (not current room) - Name: GitHub
11-24 22:10:03.231 25263 25357 D Andromuks: AppViewModel: Handling room state response for room: !VEfJvWKSpbfNIdTgnN:matrixbridg.es
11-24 22:10:03.232 25263 25357 D Andromuks: AppViewModel: Parsed room state for !VEfJvWKSpbfNIdTgnN:matrixbridg.es (not current room) - Name: XDRlibs - Chat
11-24 22:10:03.250 25263 25269 I ieira.andromuks: Compiler allocated 8347KB to compile void net.vrkknn.andromuks.RoomListScreenKt.RoomListScreen(androidx.navigation.NavController, androidx.compose.ui.Modifier, net.vrkknn.andromuks.AppViewModel, androidx.compose.runtime.Composer, int, int)
11-24 22:10:03.320 25263 25357 D Andromuks: AppViewModel: Handling room state response for room: !NaLbfexyNIBQDbzGwB:bonifacelabs.ca
11-24 22:10:03.320 25263 25357 D Andromuks: AppViewModel: Parsed room state for !NaLbfexyNIBQDbzGwB:bonifacelabs.ca (not current room) - Name: Jellyfin General Chat
11-24 22:10:03.583 25263 25263 D Andromuks: RoomListScreen: OPPORTUNISTIC PROFILE LOADING - Requesting profiles for 36 message senders from 594 rooms
11-24 22:10:03.584 25263 25357 D Andromuks: RoomListScreen: Querying DB for 143/594 rooms missing previews (451 already have previews from JSON)
11-24 22:10:03.584 25263 25263 D Andromuks: RoomListScreen: NAVIGATION OPTIMIZATION - Triggered prefetch for 12 nearby rooms
11-24 22:10:03.590 25263 25263 D Andromuks: RoomListScreen: stableSection = HOME, roomListUpdateCounter = 6, rooms.size = 594
11-24 22:10:03.625 25263 25263 D Andromuks: RoomListScreen: NAVIGATION OPTIMIZATION - Triggered prefetch for 12 nearby rooms
11-24 22:10:03.651 25263 25358 D Andromuks: RoomListScreen: Queried last messages for 0/143 rooms from events table (trigger: summaryUpdate)
