11-29 23:28:42.253 24474 24523 D SyncIngestor: SyncIngestor: Processing 2 events from 'events' array for room !L58ME6ufiP49v97UIOBIpvWKEgj4912JmECPuDzlvCI
11-29 23:28:42.254 24474 24523 D SyncIngestor: SyncIngestor: Detected aggregated reactions for event $EubxIg2Vy7yCtCJwMn4woqpeyD1WhvQf8R9yGDaBIBQ -> {"👍":1}
11-29 23:28:42.254 24474 24523 D SyncIngestor: SyncIngestor: Persisting 2 events from 'events' array for room !L58ME6ufiP49v97UIOBIpvWKEgj4912JmECPuDzlvCI (skipped 0)
11-29 23:28:42.254 24474 24523 D SyncIngestor: SyncIngestor: Persisted event (room=!L58ME6ufiP49v97UIOBIpvWKEgj4912JmECPuDzlvCI, eventId=$EKr0pRJqB5lU8weotjJi55EkQ0LMArBi8pQuHH5yrLM, type=m.room.member, timelineRowId=542454, source=events[0])
11-29 23:28:42.254 24474 24523 D SyncIngestor: SyncIngestor: Persisted event (room=!L58ME6ufiP49v97UIOBIpvWKEgj4912JmECPuDzlvCI, eventId=$EubxIg2Vy7yCtCJwMn4woqpeyD1WhvQf8R9yGDaBIBQ, type=m.room.message, timelineRowId=759693, source=events[1])
11-29 23:28:42.254 24474 24523 D SyncIngestor: SyncIngestor: Processing 2 events from 'events' array for room !LDmxrFrdpJfFqBmcfN:matrix.org
11-29 23:28:42.255 24474 24523 D SyncIngestor: SyncIngestor: Persisting 2 events from 'events' array for room !LDmxrFrdpJfFqBmcfN:matrix.org (skipped 0)
11-29 23:28:42.255 24474 24523 D SyncIngestor: SyncIngestor: Persisted event (room=!LDmxrFrdpJfFqBmcfN:matrix.org, eventId=$K5GW8aod_nRo8PyCg0DCaYWFr6UVRUSHcuoFYAcfk0E, type=m.room.member, timelineRowId=52685, source=events[0])
11-29 23:28:42.255 24474 24474 D Andromuks: AppViewModel: Total rooms now: 580 (updated: 99, new: 0, removed: 0) - sync message #5 [App visible: true]
11-29 23:28:42.255 24474 24523 D SyncIngestor: SyncIngestor: Persisted event (room=!LDmxrFrdpJfFqBmcfN:matrix.org, eventId=$XrXJJQ9YTwsFNGjKz9gx2EqW-mO2WvbO2_-LgL4lhjs, type=m.room.message, timelineRowId=760058, source=events[1])
11-29 23:28:42.256 24474 24523 D SyncIngestor: SyncIngestor: Processing 2 events from 'events' array for room !LwxXpniicngJjKryhv:aguiarvieira.pt
11-29 23:28:42.256 24474 24523 D SyncIngestor: SyncIngestor: Persisting 2 events from 'events' array for room !LwxXpniicngJjKryhv:aguiarvieira.pt (skipped 0)
11-29 23:28:42.256 24474 24523 D SyncIngestor: SyncIngestor: Persisted event (room=!LwxXpniicngJjKryhv:aguiarvieira.pt, eventId=$4NC7d0t75u0DUHD85f3S-2gU6EoHEfC-zabe6MeWTfI, type=m.room.member, timelineRowId=527189, source=events[0])
11-29 23:28:42.256 24474 24523 D SyncIngestor: SyncIngestor: Persisted event (room=!LwxXpniicngJjKryhv:aguiarvieira.pt, eventId=$sNaQD-q8DebSGtOkcO7kgvb_20uWiOm6uxxxDKfZBHY, type=m.room.message, timelineRowId=760471, source=events[1])
11-29 23:28:42.256 24474 24542 D Andromuks: AppViewModel: Processing queued initial sync_complete message 7/8
11-29 23:28:42.256 24474 24542 D WebSocketService: updateLastSyncTimestamp() called - connectionState: CONNECTED
11-29 23:28:42.256 24474 24542 I WS-Toggle: id=12 ts=1764458922256 event=updateConnectionStatus details=[isConnected=true lag=78 lastSync=1764458922256] stack=[WebSocketService#updateConnectionStatus:2791 | WebSocketService$Companion#updateConnectionStatus:548 | WebSocketService$Companion#updateLastSyncTimestamp:1376 | AppViewModel#processInitialSyncComplete:3590 | AppViewModel#access$processInitialSyncComplete:93 | AppViewModel$onInitComplete$1#invokeSuspend:4314]
11-29 23:28:42.257 24474 24523 D SyncIngestor: SyncIngestor: Processing 2 events from 'events' array for room !MBrxZRUoApYYjmyion:t2bot.io
11-29 23:28:42.257 24474 24523 D SyncIngestor: SyncIngestor: Persisting 2 events from 'events' array for room !MBrxZRUoApYYjmyion:t2bot.io (skipped 0)
11-29 23:28:42.257 24474 24542 D WebSocketService: Throttling notification update (264ms < 500ms)
11-29 23:28:42.258 24474 24523 D SyncIngestor: SyncIngestor: Persisted event (room=!MBrxZRUoApYYjmyion:t2bot.io, eventId=$kDssI5pI6DXHG8Ghol8kcwAr_q5S3E76HjP-SV78Suk, type=m.room.member, timelineRowId=758753, source=events[0])
11-29 23:28:42.258 24474 24523 D SyncIngestor: SyncIngestor: Persisted event (room=!MBrxZRUoApYYjmyion:t2bot.io, eventId=$9Hi3WGegtm2a9Nan8pm8aTYTmueR6yQsWciYb7Tjpv8, type=m.room.message, timelineRowId=758832, source=events[1])
11-29 23:28:42.258 24474 24523 D SyncIngestor: SyncIngestor: Processing 2 events from 'events' array for room !MXIMfhTMMRFPuXSKJZ:matrix.org
11-29 23:28:42.258 24474 24523 D SyncIngestor: SyncIngestor: Persisting 2 events from 'events' array for room !MXIMfhTMMRFPuXSKJZ:matrix.org (skipped 0)
11-29 23:28:42.259 24474 24523 D SyncIngestor: SyncIngestor: Persisted event (room=!MXIMfhTMMRFPuXSKJZ:matrix.org, eventId=$MVehQhCpcjYWgxlVB05FvsJrsOFSvv93Jv-UOgHBztE, type=m.room.member, timelineRowId=749530, source=events[0])
11-29 23:28:42.259 24474 24523 D SyncIngestor: SyncIngestor: Persisted event (room=!MXIMfhTMMRFPuXSKJZ:matrix.org, eventId=$IrGgf5Q_mz9hmx3QhPiiX4IyMxId1frjb4w5NoTOYFg, type=m.room.message, timelineRowId=749544, source=events[1])
11-29 23:28:42.259 24474 24523 D SyncIngestor: SyncIngestor: Processing 3 events from 'events' array for room !NOGZYBedfuPsideoi2PSA_ouduzbb2mKrhu3fbUIeWk
11-29 23:28:42.260 24474 24523 D SyncIngestor: SyncIngestor: Persisting 3 events from 'events' array for room !NOGZYBedfuPsideoi2PSA_ouduzbb2mKrhu3fbUIeWk (skipped 0)
11-29 23:28:42.260 24474 24474 D Andromuks: AppViewModel: SYNC OPTIMIZATION - Room state changed, updating data without sorting
11-29 23:28:42.260 24474 24523 D SyncIngestor: SyncIngestor: Persisted event (room=!NOGZYBedfuPsideoi2PSA_ouduzbb2mKrhu3fbUIeWk, eventId=$qV4Vk4fg9UhiSy7scm8wvGYo2q624dhGbJb4l2vkyK0, type=m.room.member, timelineRowId=538898, source=events[0])
11-29 23:28:42.260 24474 24523 D SyncIngestor: SyncIngestor: Persisted event (room=!NOGZYBedfuPsideoi2PSA_ouduzbb2mKrhu3fbUIeWk, eventId=$rHp7FKaAZFa3A5jCzJeSpCI_xdoY4clU1AMhz4kLqgs, type=m.room.message, timelineRowId=760361, source=events[1])
11-29 23:28:42.260 24474 24523 D SyncIngestor: SyncIngestor: Persisted event (room=!NOGZYBedfuPsideoi2PSA_ouduzbb2mKrhu3fbUIeWk, eventId=$yTED-l9dMwydIb1ofyxuJIgpLoL6Y-zYyRoeKQBksI0, type=m.room.message, timelineRowId=760230, source=events[2])
11-29 23:28:42.261 24474 24523 D SyncIngestor: SyncIngestor: Processing 2 events from 'events' array for room !NaLbfexyNIBQDbzGwB:bonifacelabs.ca
11-29 23:28:42.261 24474 24523 D SyncIngestor: SyncIngestor: Detected aggregated reactions for event $bAf5XsHkwB--cf7BDZnpGZqmDu5p1xcsJMRsjCQV4N0 -> {"🙏":1}
11-29 23:28:42.261 24474 24523 D SyncIngestor: SyncIngestor: Persisting 2 events from 'events' array for room !NaLbfexyNIBQDbzGwB:bonifacelabs.ca (skipped 0)
11-29 23:28:42.262 24474 24523 D SyncIngestor: SyncIngestor: Persisted event (room=!NaLbfexyNIBQDbzGwB:bonifacelabs.ca, eventId=$I_oIRY7gdeUN8mJMFNDYaxduOO_0eEy705Rkcw3sf0Q, type=m.room.member, timelineRowId=760340, source=events[0])
11-29 23:28:42.262 24474 24523 D SyncIngestor: SyncIngestor: Persisted event (room=!NaLbfexyNIBQDbzGwB:bonifacelabs.ca, eventId=$bAf5XsHkwB--cf7BDZnpGZqmDu5p1xcsJMRsjCQV4N0, type=m.room.message, timelineRowId=760725, source=events[1])
11-29 23:28:42.262 24474 24523 D SyncIngestor: SyncIngestor: Processing 2 events from 'events' array for room !NeNsUzKQh3xLALCQDbXI6kpecM4iWtnK9-0pemB4Fcs
11-29 23:28:42.263 24474 24523 D SyncIngestor: SyncIngestor: Persisting 2 events from 'events' array for room !NeNsUzKQh3xLALCQDbXI6kpecM4iWtnK9-0pemB4Fcs (skipped 0)
11-29 23:28:42.263 24474 24474 D Andromuks: AppViewModel: SYNC OPTIMIZATION - Room data updated (no sorting), debounced sort scheduled
11-29 23:28:42.263 24474 24523 D SyncIngestor: SyncIngestor: Persisted event (room=!NeNsUzKQh3xLALCQDbXI6kpecM4iWtnK9-0pemB4Fcs, eventId=$5p5htbgTYaxR9NgTZypNt1LRRYN8xLoWKQJnC47BtpY, type=m.room.member, timelineRowId=47662, source=events[0])
11-29 23:28:42.263 24474 24474 D Andromuks: AppViewModel: SYNC OPTIMIZATION - Member state changed, scheduling UI update
11-29 23:28:42.263 24474 24523 D SyncIngestor: SyncIngestor: Persisted event (room=!NeNsUzKQh3xLALCQDbXI6kpecM4iWtnK9-0pemB4Fcs, eventId=$LhDneNnVkPRpqULeunvefRJr1dBysj-6ocLrInbIAGE, type=m.room.message, timelineRowId=760742, source=events[1])
11-29 23:28:42.264 24474 24523 D SyncIngestor: SyncIngestor: Processing 2 events from 'events' array for room !OAzHFoopMVDOungSCC:aguiarvieira.pt
11-29 23:28:42.264 24474 24523 D SyncIngestor: SyncIngestor: Persisting 2 events from 'events' array for room !OAzHFoopMVDOungSCC:aguiarvieira.pt (skipped 0)
11-29 23:28:42.265 24474 24523 D SyncIngestor: SyncIngestor: Persisted event (room=!OAzHFoopMVDOungSCC:aguiarvieira.pt, eventId=$a2sCGjfqutRvGPC0oigSBq41VqDQdmoMnLTPeyiwQKA, type=m.room.member, timelineRowId=50141, source=events[0])
11-29 23:28:42.265 24474 24523 D SyncIngestor: SyncIngestor: Persisted event (room=!OAzHFoopMVDOungSCC:aguiarvieira.pt, eventId=$DGx1BtnuOxzWjzaMEsk-TB07wlGz0yyQ9OWwnCR5IXM, type=m.room.message, timelineRowId=759981, source=events[1])
11-29 23:28:42.265 24474 24542 D Andromuks: AppViewModel: Processing queued initial sync_complete message 8/8
11-29 23:28:42.265 24474 24542 D WebSocketService: updateLastSyncTimestamp() called - connectionState: CONNECTED
11-29 23:28:42.265 24474 24542 I WS-Toggle: id=13 ts=1764458922265 event=updateConnectionStatus details=[isConnected=true lag=78 lastSync=1764458922265] stack=[WebSocketService#updateConnectionStatus:2791 | WebSocketService$Companion#updateConnectionStatus:548 | WebSocketService$Companion#updateLastSyncTimestamp:1376 | AppViewModel#processInitialSyncComplete:3590 | AppViewModel#access$processInitialSyncComplete:93 | AppViewModel$onInitComplete$1#invokeSuspend:4314]
11-29 23:28:42.266 24474 24523 D SyncIngestor: SyncIngestor: Processing 2 events from 'events' array for room !OwmlYgxhZxQwJJyQRi:wetfish.chat
11-29 23:28:42.266 24474 24542 D WebSocketService: Throttling notification update (273ms < 500ms)
11-29 23:28:42.266 24474 24523 D SyncIngestor: SyncIngestor: Persisting 2 events from 'events' array for room !OwmlYgxhZxQwJJyQRi:wetfish.chat (skipped 0)
11-29 23:28:42.266 24474 24523 D SyncIngestor: SyncIngestor: Persisted event (room=!OwmlYgxhZxQwJJyQRi:wetfish.chat, eventId=$XfdB-2v8FyVcuYmZdcLi87lviuwBMu736cWeBljvCoI, type=m.room.member, timelineRowId=500464, source=events[0])
11-29 23:28:42.266 24474 24523 D SyncIngestor: SyncIngestor: Persisted event (room=!OwmlYgxhZxQwJJyQRi:wetfish.chat, eventId=$WC_8R45-W7Z0zrN9PXunhUm2ZlQRdXDbkWdevMYLvQw, type=m.room.message, timelineRowId=760828, source=events[1])
11-29 23:28:42.266 24474 24474 D Andromuks: AppViewModel: MEMBER PROCESSING - Processing 85 rooms with member events [App visible: true]
11-29 23:28:42.267 24474 24474 D Andromuks: AppViewModel: New member joined: @funar:mgamers.com in room !7UsoT9DQvtiXJi2rhynnnRIUz29nFCXDVWwBj9pBSbQ - triggering immediate UI update
11-29 23:28:42.267 24474 24474 D Andromuks: AppViewModel: New member joined: @mauropc:matrix.org in room !D8zFct0xajmtNrYWWKGiViQJ_lPDYFCCfiXvOltr114 - triggering immediate UI update
11-29 23:28:42.267 24474 24474 D Andromuks: AppViewModel: New member joined: @tulir:maunium.net in room !EPtZfUXVnrALSprDMt:codestorm.net - triggering immediate UI update
11-29 23:28:42.267 24474 24474 D Andromuks: AppViewModel: New member joined: @rss:aguiarvieira.pt in room !GtaeVfFXfiNqdQJiTI:aguiarvieira.pt - triggering immediate UI update
11-29 23:28:42.267 24474 24523 D SyncIngestor: SyncIngestor: Processing 2 events from 'events' array for room !P7tIaLMFHT55GuONJ7UQ87M0SkqfpjofluPqmu0wOeY
11-29 23:28:42.267 24474 24474 D Andromuks: AppViewModel: New member joined: @zzsimonb:matrix.org in room !HGdTPKDdqFFtUNlVjl:matrix.org - triggering immediate UI update
11-29 23:28:42.267 24474 24474 D Andromuks: AppViewModel: New member joined: @notices:aguiarvieira.pt in room !HSHKRSQbUklvhIzTex:aguiarvieira.pt - triggering immediate UI update
11-29 23:28:42.267 24474 24523 D SyncIngestor: SyncIngestor: Persisting 2 events from 'events' array for room !P7tIaLMFHT55GuONJ7UQ87M0SkqfpjofluPqmu0wOeY (skipped 0)
11-29 23:28:42.267 24474 24474 D Andromuks: AppViewModel: New member joined: @whatsapp_447481295703:matrixbridg.es in room !HtLkeDNEwURrAmZNCC:matrixbridg.es - triggering immediate UI update
11-29 23:28:42.267 24474 24474 D Andromuks: AppViewModel: New member joined: @hookshot:aguiarvieira.pt in room !IxjQrQrGOlmMqirDST:aguiarvieira.pt - triggering immediate UI update
11-29 23:28:42.267 24474 24523 D SyncIngestor: SyncIngestor: Persisted event (room=!P7tIaLMFHT55GuONJ7UQ87M0SkqfpjofluPqmu0wOeY, eventId=$FITm3qZ6Ln0fUI7eMh7LMj8iyRDgJI8QNJAJuU-CBuI, type=m.room.member, timelineRowId=19223, source=events[0])
11-29 23:28:42.267 24474 24523 D SyncIngestor: SyncIngestor: Persisted event (room=!P7tIaLMFHT55GuONJ7UQ87M0SkqfpjofluPqmu0wOeY, eventId=$QqwYAIdrEyHICF1LhC-TWFHy3khe04uWelA0ZeQ7K4Y, type=m.room.message, timelineRowId=760264, source=events[1])
11-29 23:28:42.268 24474 24474 D Andromuks: AppViewModel: New member joined: @daedric:envs.net in room !LqIHYzJrefyAxpMDgw:daedric.net - triggering immediate UI update
11-29 23:28:42.268 24474 24474 D Andromuks: AppViewModel: New member joined: @scronkfinkle:matrix.scronkfinkle.net in room !NqdjYiaiDZkHeyIBwZ:matrix.org - triggering immediate UI update
11-29 23:28:42.268 24474 24523 D SyncIngestor: SyncIngestor: Processing 2 events from 'events' array for room !QZvjGxxEOHURBggqzS:aguiarvieira.pt
11-29 23:28:42.268 24474 24474 D Andromuks: AppViewModel: New member joined: @diana.vieira:aguiarvieira.pt in room !OCOaHOmHMwzzOLokhJ:aguiarvieira.pt - triggering immediate UI update
11-29 23:28:42.268 24474 24474 D Andromuks: AppViewModel: New member joined: @baibot:aguiarvieira.pt in room !ORepDxkMAVWsKLdOPn:aguiarvieira.pt - triggering immediate UI update
11-29 23:28:42.268 24474 24523 D SyncIngestor: SyncIngestor: Persisting 2 events from 'events' array for room !QZvjGxxEOHURBggqzS:aguiarvieira.pt (skipped 0)
11-29 23:28:42.268 24474 24474 D Andromuks: AppViewModel: New member joined: @asodyora:matrix.org in room !OSSUfHhcduRmffvkQS:matrix.org - triggering immediate UI update
11-29 23:28:42.268 24474 24474 D Andromuks: AppViewModel: New member joined: @funar:mgamers.com in room !RQCLPTPXgJbWGldVvU:mgamers.com - triggering immediate UI update
11-29 23:28:42.268 24474 24523 D SyncIngestor: SyncIngestor: Persisted event (room=!QZvjGxxEOHURBggqzS:aguiarvieira.pt, eventId=$G4BcZ1smdfzPLi94NNZ3Y05fWEaIGd0jltukyelTa7A, type=m.room.member, timelineRowId=41079, source=events[0])
11-29 23:28:42.268 24474 24523 D SyncIngestor: SyncIngestor: Persisted event (room=!QZvjGxxEOHURBggqzS:aguiarvieira.pt, eventId=$WOIgnOP-6JApqGJ7DHVR4_3hgctIgufVBawWSFGdcXk, type=m.room.message, timelineRowId=758041, source=events[1])
11-29 23:28:42.269 24474 24474 D Andromuks: AppViewModel: New member joined: @vsajana:matrix.org in room !RxzgIkyFyEOzYMRAhN:matrix.org - triggering immediate UI update
11-29 23:28:42.269 24474 24474 D Andromuks: AppViewModel: New member joined: @jason:littlevortex.net in room !UaNXMdCykfJbXNEHum:littlevortex.net - triggering immediate UI update
11-29 23:28:42.269 24474 24474 D Andromuks: AppViewModel: New member joined: @pridumyvatel-bogatyr:matrix.org in room !UwXqIUBsdexWRWGcxh:matrix.org - triggering immediate UI update
11-29 23:28:42.269 24474 24523 D SyncIngestor: SyncIngestor: Processing 3 events from 'events' array for room !QiAkLlilPoSumAHcEZ:matrix.org
11-29 23:28:42.269 24474 24474 D Andromuks: AppViewModel: Member left/banned: @telmu:matrix.org in room !UwkuZEQJMFUCZcHzru:matrix.org - triggering immediate UI update
11-29 23:28:42.269 24474 24474 D Andromuks: AppViewModel: Member left/banned: @watchtower:aguiarvieira.pt in room !UzlMkjVDHcMfGXgXbd:aguiarvieira.pt - triggering immediate UI update
11-29 23:28:42.269 24474 24474 D Andromuks: AppViewModel: New member joined: @hookshot:aguiarvieira.pt in room !VFEttyDSIeKXdsiCmo:aguiarvieira.pt - triggering immediate UI update
11-29 23:28:42.269 24474 24474 D Andromuks: AppViewModel: New member joined: @whatsapp_351935116693:matrixbridg.es in room !VVWhzgMfWcQoQTgwwc:matrixbridg.es - triggering immediate UI update
11-29 23:28:42.269 24474 24523 D SyncIngestor: SyncIngestor: Persisting 3 events from 'events' array for room !QiAkLlilPoSumAHcEZ:matrix.org (skipped 0)
11-29 23:28:42.269 24474 24474 D Andromuks: AppViewModel: New member joined: @daedric7:matrix.org in room !VzCvlPOxltiYrbkBzW:aguiarvieira.pt - triggering immediate UI update
11-29 23:28:42.269 24474 24474 D Andromuks: AppViewModel: New member joined: @daedric:daedric.net in room !WCzdIdwLceAAbVdOIg:daedric.net - triggering immediate UI update
11-29 23:28:42.269 24474 24523 D SyncIngestor: SyncIngestor: Persisted event (room=!QiAkLlilPoSumAHcEZ:matrix.org, eventId=$d9rF3hnvcxHahl7p71WeMRAGRAbdMvGe-OqNK5ccD8k, type=m.room.member, timelineRowId=760198, source=events[0])
11-29 23:28:42.269 24474 24474 D Andromuks: AppViewModel: New member joined: @pridumyvatel-bogatyr:matrix.org in room !atXuDoAUFqfwwIeVwO:matrix.org - triggering immediate UI update
11-29 23:28:42.269 24474 24523 D SyncIngestor: SyncIngestor: Persisted event (room=!QiAkLlilPoSumAHcEZ:matrix.org, eventId=$0AYDYJzI4zOJqtaB3KzZYZ12Ow5c4R6guu4RQzHK8Mc, type=m.room.message, timelineRowId=760254, source=events[1])
11-29 23:28:42.269 24474 24523 D SyncIngestor: SyncIngestor: Persisted event (room=!QiAkLlilPoSumAHcEZ:matrix.org, eventId=$T-gT9-f55o92f-SZCZRWxdLQOUZczriVzl_uyxsAqDI, type=m.room.message, timelineRowId=760249, source=events[2])
11-29 23:28:42.269 24474 24474 D Andromuks: AppViewModel: New member joined: @watcherbot:meow.codestorm.net in room !cRKbjVihKgMnYyEXqN:codestorm.net - triggering immediate UI update
11-29 23:28:42.270 24474 24474 D Andromuks: AppViewModel: Member left/banned: @rzn:tchncs.de in room !fKBhtseYFRTcVyVyTJ:envs.net - triggering immediate UI update
11-29 23:28:42.270 24474 24474 D Andromuks: AppViewModel: New member joined: @catolico:matrix.org in room !gKMEiOUChtHMqEPWjP:matrix.org - triggering immediate UI update
11-29 23:28:42.270 24474 24474 D Andromuks: AppViewModel: New member joined: @pingstats:aguiarvieira.pt in room !gPDNSAuMNREOyJBfCH:aguiarvieira.pt - triggering immediate UI update
11-29 23:28:42.270 24474 24474 D Andromuks: AppViewModel: New member joined: @cvwright:matrix.org in room !gcbIHWAYBBmvITkQIn:matrix.org - triggering immediate UI update
11-29 23:28:42.270 24474 24523 D SyncIngestor: SyncIngestor: Processing 2 events from 'events' array for room !SAwLbTTygRriVkdOVq:matrix.org
11-29 23:28:42.270 24474 24474 D Andromuks: AppViewModel: New member joined: @bonswouar:matrix.drhugs.com in room !googlechat-v10:maunium.net - triggering immediate UI update
11-29 23:28:42.270 24474 24523 D SyncIngestor: SyncIngestor: Persisting 2 events from 'events' array for room !SAwLbTTygRriVkdOVq:matrix.org (skipped 0)
11-29 23:28:42.270 24474 24474 D Andromuks: AppViewModel: New member joined: @baibot:aguiarvieira.pt in room !iINXPjhZZgipsNkBRt:aguiarvieira.pt - triggering immediate UI update
11-29 23:28:42.270 24474 24523 D SyncIngestor: SyncIngestor: Persisted event (room=!SAwLbTTygRriVkdOVq:matrix.org, eventId=$Se0dksAHk1mRree6Eb-HSaJlEGjX_SkCoYOWQpBvtPQ, type=m.room.member, timelineRowId=15585, source=events[0])
11-29 23:28:42.270 24474 24523 D SyncIngestor: SyncIngestor: Persisted event (room=!SAwLbTTygRriVkdOVq:matrix.org, eventId=$mvIuDTHTTT5g2RNQ4_UrDVRDzhtNR0cHNUh0N3LHIM8, type=m.room.message, timelineRowId=759392, source=events[1])
11-29 23:28:42.270 24474 24474 D Andromuks: AppViewModel: New member joined: @cat:feline.support in room !jFcDkzKYDfJFwUJrdB:feline.support - triggering immediate UI update
11-29 23:28:42.270 24474 24474 D Andromuks: AppViewModel: New member joined: @xurizaemon:matrix.org in room !jiRZORhJXxYobcAysp:matrix.org - triggering immediate UI update
11-29 23:28:42.271 24474 24474 D Andromuks: AppViewModel: New member joined: @healthbot:aguiarvieira.pt in room !kFKYOHlKWmAIUsdRUC:aguiarvieira.pt - triggering immediate UI update
11-29 23:28:42.271 24474 24523 D SyncIngestor: SyncIngestor: Processing 2 events from 'events' array for room !SJQbCoSXJmTkmIedQB:lonenomad.net
11-29 23:28:42.271 24474 24474 D Andromuks: AppViewModel: New member joined: @glowy:glowers.club in room !mGQuRObUtJqvdGxPkj:glowers.club - triggering immediate UI update
11-29 23:28:42.271 24474 24523 D SyncIngestor: SyncIngestor: Persisting 2 events from 'events' array for room !SJQbCoSXJmTkmIedQB:lonenomad.net (skipped 0)
11-29 23:28:42.271 24474 24474 D Andromuks: AppViewModel: New member joined: @tulir:maunium.net in room !maunium-v10:maunium.net - triggering immediate UI update
11-29 23:28:42.271 24474 24474 D Andromuks: AppViewModel: New member joined: @effendy:matrix.org in room !oEMlhXgSfpTEunSHFF:codestorm.net - triggering immediate UI update
11-29 23:28:42.271 24474 24523 D SyncIngestor: SyncIngestor: Persisted event (room=!SJQbCoSXJmTkmIedQB:lonenomad.net, eventId=$QUV35n_icX9zU9h5IUaPoG78tABikw8Lc5seyXqUTI0, type=m.room.member, timelineRowId=48640, source=events[0])
11-29 23:28:42.271 24474 24523 D SyncIngestor: SyncIngestor: Persisted event (room=!SJQbCoSXJmTkmIedQB:lonenomad.net, eventId=$pDfNQn0HC77bmv6vuVab0BWyrN0rgkEFmlDQtWovU6Q, type=m.room.message, timelineRowId=760480, source=events[1])
11-29 23:28:42.271 24474 24474 D Andromuks: AppViewModel: New member joined: @nacorid:vengeful.eu in room !qulZLUGwWfFCaWBOaE:aguiarvieira.pt - triggering immediate UI update
11-29 23:28:42.271 24474 24474 D Andromuks: AppViewModel: New member joined: @daedric:tchncs.de in room !sKlwQuOUJgoqkThgGr:tchncs.de - triggering immediate UI update
11-29 23:28:42.271 24474 24474 D Andromuks: AppViewModel: New member joined: @cat:feline.support in room !u_7vyQbvvT3HfW4zfY8OSoO7FW69DBIQ89CTn7WXRIc - triggering immediate UI update
11-29 23:28:42.271 24474 24474 D Andromuks: AppViewModel: New member joined: @daedric:envs.net in room !yJGpdFvegjGoCBMZUE:envs.net - triggering immediate UI update
11-29 23:28:42.272 24474 24523 D SyncIngestor: SyncIngestor: Processing 2 events from 'events' array for room !SzoPnANsRYxITaDPaJ:matrix.org
11-29 23:28:42.272 24474 24474 D Andromuks: AppViewModel: Member left/banned: @feeds:integrations.ems.host in room !zgQquZJfEhipbvFbYc:matrix.org - triggering immediate UI update
11-29 23:28:42.272 24474 24474 D Andromuks: AppViewModel: New member joined: @funar:mgamers.com in room !zyesydHelIQHacPqFI:mgamers.com - triggering immediate UI update
11-29 23:28:42.272 24474 24523 D SyncIngestor: SyncIngestor: Persisting 2 events from 'events' array for room !SzoPnANsRYxITaDPaJ:matrix.org (skipped 0)
11-29 23:28:42.272 24474 24474 D Andromuks: AppViewModel: MEMBER PROCESSING - Updated 85 rooms with member changes
11-29 23:28:42.272 24474 24523 D SyncIngestor: SyncIngestor: Persisted event (room=!SzoPnANsRYxITaDPaJ:matrix.org, eventId=$gSumKe_reGgV46dwdMGLG-Y6knQarD6y7S00vbEcLbA, type=m.room.member, timelineRowId=8558, source=events[0])
11-29 23:28:42.272 24474 24523 D SyncIngestor: SyncIngestor: Persisted event (room=!SzoPnANsRYxITaDPaJ:matrix.org, eventId=$5fFH6rui0QN_sawHrlTCzsZZsaP17KPJVbVbcAYw6sw, type=m.room.message, timelineRowId=748343, source=events[1])
11-29 23:28:42.272 24474 24523 D SyncIngestor: Room !TvTwyPwXFjRVYaEGMF:matrixbridg.es: Updated tags from account_data - isFavourite=true, isLowPriority=false
11-29 23:28:42.272 24474 24523 D SyncIngestor: SyncIngestor: Processing 2 events from 'events' array for room !TvTwyPwXFjRVYaEGMF:matrixbridg.es
11-29 23:28:42.273 24474 24523 D SyncIngestor: SyncIngestor: Persisting 2 events from 'events' array for room !TvTwyPwXFjRVYaEGMF:matrixbridg.es (skipped 0)
11-29 23:28:42.273 24474 24523 D SyncIngestor: SyncIngestor: Persisted event (room=!TvTwyPwXFjRVYaEGMF:matrixbridg.es, eventId=$_J3l-a8pTqqhZH_JxSOUYmrT0SGHo35afEdnTwLx42s, type=m.room.member, timelineRowId=96084, source=events[0])
11-29 23:28:42.273 24474 24523 D SyncIngestor: SyncIngestor: Persisted event (room=!TvTwyPwXFjRVYaEGMF:matrixbridg.es, eventId=$6DUNSDWNxBWcOk9TlOmfvw6Wmr2B1hxsqQysFY5V7Dc, type=m.room.message, timelineRowId=757695, source=events[1])
11-29 23:28:42.273 24474 24523 D SyncIngestor: SyncIngestor: Processing 2 events from 'events' array for room !UbCmIlGTHNIgIRZcpt:nheko.im
11-29 23:28:42.273 24474 24523 D SyncIngestor: SyncIngestor: Persisting 2 events from 'events' array for room !UbCmIlGTHNIgIRZcpt:nheko.im (skipped 0)
11-29 23:28:42.273 24474 24523 D SyncIngestor: SyncIngestor: Persisted event (room=!UbCmIlGTHNIgIRZcpt:nheko.im, eventId=$p2U1n322OBWdXO9mQlu70-5BySc4T8x6Q8M4kBgoDLU, type=m.room.member, timelineRowId=759687, source=events[0])
11-29 23:28:42.273 24474 24523 D SyncIngestor: SyncIngestor: Persisted event (room=!UbCmIlGTHNIgIRZcpt:nheko.im, eventId=$-2XFfy-ANSEYT4sCU3d5eKUMpKKGDDnCjgpF9Xtrctg, type=m.room.message, timelineRowId=759696, source=events[1])
11-29 23:28:42.274 24474 24523 D SyncIngestor: Room !UdKLVYoj9Cb-VuNJHKgqHI37jvx2UUaeBv36DhjGVWo: Updated tags from account_data - isFavourite=true, isLowPriority=false
11-29 23:28:42.274 24474 24523 D SyncIngestor: SyncIngestor: Processing 2 events from 'events' array for room !UdKLVYoj9Cb-VuNJHKgqHI37jvx2UUaeBv36DhjGVWo
11-29 23:28:42.274 24474 24523 D SyncIngestor: SyncIngestor: Parsed encrypted event $3KsfQOgI-VaVc8sVQf-wt5b2w2fiJA0zfcaTlMpDJsk with timestamp=0, timelineRowId=760825
11-29 23:28:42.274 24474 24523 D SyncIngestor: SyncIngestor: Persisting 2 events from 'events' array for room !UdKLVYoj9Cb-VuNJHKgqHI37jvx2UUaeBv36DhjGVWo (skipped 0)
11-29 23:28:42.274 24474 24523 D SyncIngestor: SyncIngestor: Persisted event (room=!UdKLVYoj9Cb-VuNJHKgqHI37jvx2UUaeBv36DhjGVWo, eventId=$BddIScymks7_vy9K0Q3Gj4rKWLDFnUvAsQ61H2Q59jw, type=m.room.member, timelineRowId=543715, source=events[0])
11-29 23:28:42.274 24474 24523 D SyncIngestor: SyncIngestor: Persisted event (room=!UdKLVYoj9Cb-VuNJHKgqHI37jvx2UUaeBv36DhjGVWo, eventId=$3KsfQOgI-VaVc8sVQf-wt5b2w2fiJA0zfcaTlMpDJsk, type=m.room.encrypted, timelineRowId=760825, source=events[1])
11-29 23:28:42.275 24474 24523 D SyncIngestor: SyncIngestor: Processing 2 events from 'events' array for room !VMUpuubSCTxMbZkuZa:cybre.space
11-29 23:28:42.275 24474 24523 D SyncIngestor: SyncIngestor: Persisting 2 events from 'events' array for room !VMUpuubSCTxMbZkuZa:cybre.space (skipped 0)
11-29 23:28:42.275 24474 24523 D SyncIngestor: SyncIngestor: Persisted event (room=!VMUpuubSCTxMbZkuZa:cybre.space, eventId=$17564133559620hcmVc:matrix.org, type=m.room.member, timelineRowId=358599, source=events[0])
11-29 23:28:42.275 24474 24523 D SyncIngestor: SyncIngestor: Persisted event (room=!VMUpuubSCTxMbZkuZa:cybre.space, eventId=$176442891618169BqocP:matrix.org, type=m.room.message, timelineRowId=756869, source=events[1])
11-29 23:28:42.276 24474 24523 D SyncIngestor: SyncIngestor: Processing 2 events from 'events' array for room !XUquhuGEkpNErpBXrx:aguiarvieira.pt
11-29 23:28:42.276 24474 24523 D SyncIngestor: SyncIngestor: Persisting 2 events from 'events' array for room !XUquhuGEkpNErpBXrx:aguiarvieira.pt (skipped 0)
11-29 23:28:42.276 24474 24523 D SyncIngestor: SyncIngestor: Persisted event (room=!XUquhuGEkpNErpBXrx:aguiarvieira.pt, eventId=$sB5RbvM5U2B9cggDMqMlvN0S9KTV3q_bZ7pFeoIbYEo, type=m.room.member, timelineRowId=527202, source=events[0])
11-29 23:28:42.276 24474 24523 D SyncIngestor: SyncIngestor: Persisted event (room=!XUquhuGEkpNErpBXrx:aguiarvieira.pt, eventId=$cbZYWNSP4wVsCGZ-TS1EYMlnnJ32YAZmB01mSv7KdyI, type=m.room.message, timelineRowId=759007, source=events[1])
11-29 23:28:42.277 24474 24523 D SyncIngestor: SyncIngestor: Processing 2 events from 'events' array for room !XmThfTyjzQZeWpVedZ:aguiarvieira.pt
11-29 23:28:42.277 24474 24523 D SyncIngestor: SyncIngestor: Persisting 2 events from 'events' array for room !XmThfTyjzQZeWpVedZ:aguiarvieira.pt (skipped 0)
11-29 23:28:42.277 24474 24523 D SyncIngestor: SyncIngestor: Persisted event (room=!XmThfTyjzQZeWpVedZ:aguiarvieira.pt, eventId=$aH7pPDDCA33m5FtsifjZcoEHpIXahHZ1qxu7Ru7Ig3I, type=m.room.member, timelineRowId=66871, source=events[0])
11-29 23:28:42.277 24474 24523 D SyncIngestor: SyncIngestor: Persisted event (room=!XmThfTyjzQZeWpVedZ:aguiarvieira.pt, eventId=$eLwp1Mua821ifiiitr5mo_zkIUX7bnXGWF76AvtE4aY, type=m.room.message, timelineRowId=747883, source=events[1])
11-29 23:28:42.277 24474 24523 D SyncIngestor: SyncIngestor: Processing 2 events from 'events' array for room !YiVedtxTnrdOEldoBy:matrix.org
11-29 23:28:42.278 24474 24523 D SyncIngestor: SyncIngestor: Persisting 2 events from 'events' array for room !YiVedtxTnrdOEldoBy:matrix.org (skipped 0)
11-29 23:28:42.278 24474 24523 D SyncIngestor: SyncIngestor: Persisted event (room=!YiVedtxTnrdOEldoBy:matrix.org, eventId=$f4jkgKlsBDszrSIJ5brkq16djtz2jqtwhgN9BG8jMB0, type=m.room.member, timelineRowId=104431, source=events[0])
11-29 23:28:42.278 24474 24523 D SyncIngestor: SyncIngestor: Persisted event (room=!YiVedtxTnrdOEldoBy:matrix.org, eventId=$hAwMlI7TiqBlhkwsIWOYNmMeux48wES_pzWOcnawxR8, type=m.room.message, timelineRowId=751946, source=events[1])
11-29 23:28:42.278 24474 24523 D SyncIngestor: SyncIngestor: Processing 2 events from 'events' array for room !YjAUNWwLVbCthyFrkz:bonifacelabs.ca
11-29 23:28:42.279 24474 24523 D SyncIngestor: SyncIngestor: Persisting 2 events from 'events' array for room !YjAUNWwLVbCthyFrkz:bonifacelabs.ca (skipped 0)
11-29 23:28:42.279 24474 24542 D Andromuks: AppViewModel: Finished processing all 8 initial sync_complete messages
11-29 23:28:42.279 24474 24523 D SyncIngestor: SyncIngestor: Persisted event (room=!YjAUNWwLVbCthyFrkz:bonifacelabs.ca, eventId=$oo5GCy2TpZ4ZZItKCTUBdd7ya8I7DghKlnArnJxlcaI, type=m.room.member, timelineRowId=760768, source=events[0])
11-29 23:28:42.279 24474 24523 D SyncIngestor: SyncIngestor: Persisted event (room=!YjAUNWwLVbCthyFrkz:bonifacelabs.ca, eventId=$9d1DHFFkKhn6LjD-G6uw1YaV9k_2a2Bk3LEEb_SKNGE, type=m.room.message, timelineRowId=760769, source=events[1])
11-29 23:28:42.279 24474 24523 D SyncIngestor: SyncIngestor: Processing 2 events from 'events' array for room !YqyIDlYeOQCXAQDjAJ:matrix.org
11-29 23:28:42.280 24474 24523 D SyncIngestor: SyncIngestor: Detected aggregated reactions for event $17643647411317jvlbX:ansol.org -> {"❤️":1}
11-29 23:28:42.280 24474 24523 D SyncIngestor: SyncIngestor: Persisting 2 events from 'events' array for room !YqyIDlYeOQCXAQDjAJ:matrix.org (skipped 0)
11-29 23:28:42.280 24474 24523 D SyncIngestor: SyncIngestor: Persisted event (room=!YqyIDlYeOQCXAQDjAJ:matrix.org, eventId=$1734114133620DuOcv:ansol.org, type=m.room.member, timelineRowId=39322, source=events[0])
11-29 23:28:42.280 24474 24523 D SyncIngestor: SyncIngestor: Persisted event (room=!YqyIDlYeOQCXAQDjAJ:matrix.org, eventId=$17643647411317jvlbX:ansol.org, type=m.room.message, timelineRowId=748601, source=events[1])
11-29 23:28:42.281 24474 24523 D SyncIngestor: SyncIngestor: Processing 2 events from 'events' array for room !ZHRiYZyqQLzKrqOCXX:aguiarvieira.pt
11-29 23:28:42.281 24474 24523 D SyncIngestor: SyncIngestor: Persisting 2 events from 'events' array for room !ZHRiYZyqQLzKrqOCXX:aguiarvieira.pt (skipped 0)
11-29 23:28:42.281 24474 24523 D SyncIngestor: SyncIngestor: Persisted event (room=!ZHRiYZyqQLzKrqOCXX:aguiarvieira.pt, eventId=$aMyCHqOtDakmsPYRloRCMXiOo56h6DGPAOku-FZjSJc, type=m.room.member, timelineRowId=14575, source=events[0])
11-29 23:28:42.281 24474 24523 D SyncIngestor: SyncIngestor: Persisted event (room=!ZHRiYZyqQLzKrqOCXX:aguiarvieira.pt, eventId=$tvJsC0bi-a0vqbJH8Aa__JTrM8w7EHVigIRQoZgSDOg, type=m.room.message, timelineRowId=757838, source=events[1])
11-29 23:28:42.281 24474 24523 D SyncIngestor: SyncIngestor: Processing 2 events from 'events' array for room !ZaIwvFsWlBknvkSeWT:matrix.org
11-29 23:28:42.282 24474 24523 D SyncIngestor: SyncIngestor: Persisting 2 events from 'events' array for room !ZaIwvFsWlBknvkSeWT:matrix.org (skipped 0)
11-29 23:28:42.282 24474 24523 D SyncIngestor: SyncIngestor: Persisted event (room=!ZaIwvFsWlBknvkSeWT:matrix.org, eventId=$3BkJVKadYPQ_tgixn7NsjcNQiFGqRWKWCS8WzXYJbf8, type=m.room.member, timelineRowId=12186, source=events[0])
11-29 23:28:42.282 24474 24523 D SyncIngestor: SyncIngestor: Persisted event (room=!ZaIwvFsWlBknvkSeWT:matrix.org, eventId=$O-hGP2Tsx7EG-eKHuIBi_MbRgaNCjxeENXpXeFd3hjE, type=m.room.message, timelineRowId=748857, source=events[1])
11-29 23:28:42.282 24474 24523 D SyncIngestor: SyncIngestor: Processing 3 events from 'events' array for room !aPQx8hPCm0vu6PiwsZbVSsVPlugBWOyanle4y5-8p7Q
11-29 23:28:42.283 24474 24523 D SyncIngestor: SyncIngestor: Persisting 3 events from 'events' array for room !aPQx8hPCm0vu6PiwsZbVSsVPlugBWOyanle4y5-8p7Q (skipped 0)
11-29 23:28:42.283 24474 24523 D SyncIngestor: SyncIngestor: Persisted event (room=!aPQx8hPCm0vu6PiwsZbVSsVPlugBWOyanle4y5-8p7Q, eventId=$6DRM7h5Dyl_4MNEFO0QFo1LjKVRNqJumrTCGUyCJglE, type=m.room.member, timelineRowId=746977, source=events[0])
11-29 23:28:42.283 24474 24523 D SyncIngestor: SyncIngestor: Persisted event (room=!aPQx8hPCm0vu6PiwsZbVSsVPlugBWOyanle4y5-8p7Q, eventId=$oJrl7KnkrOoiUpK1GM6mfv_mB3WCpxX_s_CWgJwvZxQ, type=m.room.message, timelineRowId=760801, source=events[1])
11-29 23:28:42.283 24474 24523 D SyncIngestor: SyncIngestor: Persisted event (room=!aPQx8hPCm0vu6PiwsZbVSsVPlugBWOyanle4y5-8p7Q, eventId=$SHXIDAy5RqrNbShZ-jJJ3VI2H3OCp3e30EA_y4zDpjY, type=m.room.message, timelineRowId=760761, source=events[2])
11-29 23:28:42.283 24474 24523 D SyncIngestor: SyncIngestor: Processing 2 events from 'events' array for room !aeqBaedszwyzKfuoIT:matrix.org
11-29 23:28:42.283 24474 24523 D SyncIngestor: SyncIngestor: Persisting 2 events from 'events' array for room !aeqBaedszwyzKfuoIT:matrix.org (skipped 0)
11-29 23:28:42.284 24474 24523 D SyncIngestor: SyncIngestor: Persisted event (room=!aeqBaedszwyzKfuoIT:matrix.org, eventId=$Xu5BK5ASWpw3XbbC8ByFR6BSo2SuyA8T_7ebcY3Uebg, type=m.room.member, timelineRowId=749416, source=events[0])
11-29 23:28:42.284 24474 24523 D SyncIngestor: SyncIngestor: Persisted event (room=!aeqBaedszwyzKfuoIT:matrix.org, eventId=$Sz0VjjG007J4EtRaTpwMgDATm11-H1xALMnqve0q_dc, type=m.room.message, timelineRowId=749472, source=events[1])
11-29 23:28:42.284 24474 24523 D SyncIngestor: SyncIngestor: Processing 2 events from 'events' array for room !bFjeGzjHAZhqKKtiBW:matrix.org
11-29 23:28:42.284 24474 24523 D SyncIngestor: SyncIngestor: Persisting 2 events from 'events' array for room !bFjeGzjHAZhqKKtiBW:matrix.org (skipped 0)
11-29 23:28:42.284 24474 24523 D SyncIngestor: SyncIngestor: Persisted event (room=!bFjeGzjHAZhqKKtiBW:matrix.org, eventId=$176193304013552BABMC:matrix.org, type=m.room.member, timelineRowId=1072, source=events[0])
11-29 23:28:42.284 24474 24523 D SyncIngestor: SyncIngestor: Persisted event (room=!bFjeGzjHAZhqKKtiBW:matrix.org, eventId=$176445589640635imTHw:matrix.org, type=m.room.message, timelineRowId=760329, source=events[1])
11-29 23:28:42.285 24474 24523 D SyncIngestor: SyncIngestor: Processing 2 events from 'events' array for room !cNSQwPqhHKkIZdBnvt:devture.com
11-29 23:28:42.285 24474 24523 D SyncIngestor: SyncIngestor: Persisting 2 events from 'events' array for room !cNSQwPqhHKkIZdBnvt:devture.com (skipped 0)
11-29 23:28:42.285 24474 24523 D SyncIngestor: SyncIngestor: Persisted event (room=!cNSQwPqhHKkIZdBnvt:devture.com, eventId=$LtG3w1WRY32FdXDKoOUQBM5BNLZbYEibp2xOrEHqUEw, type=m.room.member, timelineRowId=750411, source=events[0])
11-29 23:28:42.285 24474 24523 D SyncIngestor: SyncIngestor: Persisted event (room=!cNSQwPqhHKkIZdBnvt:devture.com, eventId=$n-yKk27W3uLbnZCzsKA089yW6kDvslav5DKnaXRRGBA, type=m.room.message, timelineRowId=748928, source=events[1])
11-29 23:28:42.285 24474 24523 D SyncIngestor: SyncIngestor: Processing 2 events from 'events' array for room !cZCRCLmQmHAGnBqmIE:matrix.org
11-29 23:28:42.286 24474 24474 D Andromuks: AppViewModel: Total rooms now: 580 (updated: 99, new: 0, removed: 0) - sync message #6 [App visible: true]
11-29 23:28:42.286 24474 24523 D SyncIngestor: SyncIngestor: Persisting 2 events from 'events' array for room !cZCRCLmQmHAGnBqmIE:matrix.org (skipped 0)
11-29 23:28:42.286 24474 24523 D SyncIngestor: SyncIngestor: Persisted event (room=!cZCRCLmQmHAGnBqmIE:matrix.org, eventId=$WYHBt92fMV1N8_7O6h6S4Z7D_Uf-AlxVvRMnE4LWCV0, type=m.room.member, timelineRowId=207487, source=events[0])
11-29 23:28:42.286 24474 24523 D SyncIngestor: SyncIngestor: Persisted event (room=!cZCRCLmQmHAGnBqmIE:matrix.org, eventId=$4HC-bm7XB_UeiXJwTTRUX6KNfGgg4leckgVqD9GE_5A, type=m.room.message, timelineRowId=749485, source=events[1])
11-29 23:28:42.286 24474 24523 D SyncIngestor: SyncIngestor: Processing 2 events from 'events' array for room !dAdMsQExaTsVzKcYhH:imbitbu.de
11-29 23:28:42.286 24474 24523 D SyncIngestor: SyncIngestor: Persisting 2 events from 'events' array for room !dAdMsQExaTsVzKcYhH:imbitbu.de (skipped 0)
11-29 23:28:42.287 24474 24523 D SyncIngestor: SyncIngestor: Persisted event (room=!dAdMsQExaTsVzKcYhH:imbitbu.de, eventId=$OkiOkPjxiaIbIJZdLEc9Hvo7im1vlMW7_yOqryXzLrs, type=m.room.member, timelineRowId=110435, source=events[0])
11-29 23:28:42.287 24474 24523 D SyncIngestor: SyncIngestor: Persisted event (room=!dAdMsQExaTsVzKcYhH:imbitbu.de, eventId=$MhnombvLUboLFDpbhPEugi6Q-yDLLZC3oiWzvRywhh4, type=m.room.message, timelineRowId=760289, source=events[1])
11-29 23:28:42.287 24474 24523 D SyncIngestor: SyncIngestor: Processing 2 events from 'events' array for room !dCRiCiLaCCFVNlDnYs:matrix.org
11-29 23:28:42.287 24474 24523 D SyncIngestor: SyncIngestor: Persisting 2 events from 'events' array for room !dCRiCiLaCCFVNlDnYs:matrix.org (skipped 0)
11-29 23:28:42.287 24474 24523 D SyncIngestor: SyncIngestor: Persisted event (room=!dCRiCiLaCCFVNlDnYs:matrix.org, eventId=$jw1gR_NfhIfrHAl_BN-r5ZcLjNZYuAOMfUyrDALWp6A, type=m.room.member, timelineRowId=75838, source=events[0])
11-29 23:28:42.287 24474 24523 D SyncIngestor: SyncIngestor: Persisted event (room=!dCRiCiLaCCFVNlDnYs:matrix.org, eventId=$NfXYhhG0bul0JIFAC-hVwUVAo86xp_Q1AYY6UnHYa2s, type=m.room.message, timelineRowId=757488, source=events[1])
11-29 23:28:42.288 24474 24523 D SyncIngestor: SyncIngestor: Processing 2 events from 'events' array for room !dJHQaRcVLWIMxLivve:aguiarvieira.pt
11-29 23:28:42.288 24474 24523 D SyncIngestor: SyncIngestor: Persisting 2 events from 'events' array for room !dJHQaRcVLWIMxLivve:aguiarvieira.pt (skipped 0)
11-29 23:28:42.288 24474 24523 D SyncIngestor: SyncIngestor: Persisted event (room=!dJHQaRcVLWIMxLivve:aguiarvieira.pt, eventId=$5aUbGhN-AMxRQLKAxKUgyE0BAPE7uRcKlTnLm399lvQ, type=m.room.member, timelineRowId=58733, source=events[0])
11-29 23:28:42.288 24474 24523 D SyncIngestor: SyncIngestor: Persisted event (room=!dJHQaRcVLWIMxLivve:aguiarvieira.pt, eventId=$5GmP9_Y66ilhM6gzhT2pNyRi80e-ZhoPfaCsJYgoMoY, type=m.room.message, timelineRowId=758415, source=events[1])
11-29 23:28:42.289 24474 24523 D SyncIngestor: SyncIngestor: Processing 2 events from 'events' array for room !dKzhMyWKPUvraEvWGN:matrix.org
11-29 23:28:42.289 24474 24523 D SyncIngestor: SyncIngestor: Persisting 2 events from 'events' array for room !dKzhMyWKPUvraEvWGN:matrix.org (skipped 0)
11-29 23:28:42.289 24474 24523 D SyncIngestor: SyncIngestor: Persisted event (room=!dKzhMyWKPUvraEvWGN:matrix.org, eventId=$3KQDTaL4pHtQCl-d1FdBPhD1lUm91KIGUM5gTT8Z8Ro, type=m.room.member, timelineRowId=747499, source=events[0])
11-29 23:28:42.289 24474 24523 D SyncIngestor: SyncIngestor: Persisted event (room=!dKzhMyWKPUvraEvWGN:matrix.org, eventId=$SyOQoSLL3VwrE28y74usgZ-C6-rlyBVEI1Ml_kgqM6w, type=m.room.message, timelineRowId=749020, source=events[1])
11-29 23:28:42.290 24474 24523 D SyncIngestor: SyncIngestor: Processing 2 events from 'events' array for room !dev-1:continuwuity.org
11-29 23:28:42.290 24474 24523 D SyncIngestor: SyncIngestor: Persisting 2 events from 'events' array for room !dev-1:continuwuity.org (skipped 0)
11-29 23:28:42.290 24474 24523 D SyncIngestor: SyncIngestor: Persisted event (room=!dev-1:continuwuity.org, eventId=$HlFbF-Y8DgNSPZXLUOjABJ_6aVPHAAMCiqLHcj7pwUs, type=m.room.member, timelineRowId=1997, source=events[0])
11-29 23:28:42.290 24474 24474 D Andromuks: AppViewModel: SYNC OPTIMIZATION - Room state changed, updating data without sorting
11-29 23:28:42.290 24474 24523 D SyncIngestor: SyncIngestor: Persisted event (room=!dev-1:continuwuity.org, eventId=$0tMPGkaHhpbFiSmFvUvtMPDVWSXny5nM8q8ZrMZ71vE, type=m.room.message, timelineRowId=752367, source=events[1])
11-29 23:28:42.290 24474 24523 D SyncIngestor: SyncIngestor: Processing 2 events from 'events' array for room !dfVBRKJqYiVyqQLOKN:officialdakari.ru
11-29 23:28:42.291 24474 24523 D SyncIngestor: SyncIngestor: Detected aggregated reactions for event $n2wWRLBJAReUCJ9TsHz4IQaHrH1FK_33aPS13RCueO8 -> {"👍️":1}
11-29 23:28:42.291 24474 24523 D SyncIngestor: SyncIngestor: Persisting 2 events from 'events' array for room !dfVBRKJqYiVyqQLOKN:officialdakari.ru (skipped 0)
11-29 23:28:42.291 24474 24523 D SyncIngestor: SyncIngestor: Persisted event (room=!dfVBRKJqYiVyqQLOKN:officialdakari.ru, eventId=$g_L07VsrSxyHdeiIAv7KGRqU0qovtgsk1Lfl8V3FOTU, type=m.room.member, timelineRowId=626669, source=events[0])
11-29 23:28:42.291 24474 24523 D SyncIngestor: SyncIngestor: Persisted event (room=!dfVBRKJqYiVyqQLOKN:officialdakari.ru, eventId=$n2wWRLBJAReUCJ9TsHz4IQaHrH1FK_33aPS13RCueO8, type=m.room.message, timelineRowId=751448, source=events[1])
11-29 23:28:42.291 24474 24523 D SyncIngestor: SyncIngestor: Processing 2 events from 'events' array for room !eL9TVMYEPeSIMdThrtg5Btm0zx-CwL-lXYLzu9Cp6iQ
11-29 23:28:42.292 24474 24523 D SyncIngestor: SyncIngestor: Persisting 2 events from 'events' array for room !eL9TVMYEPeSIMdThrtg5Btm0zx-CwL-lXYLzu9Cp6iQ (skipped 0)
11-29 23:28:42.292 24474 24523 D SyncIngestor: SyncIngestor: Persisted event (room=!eL9TVMYEPeSIMdThrtg5Btm0zx-CwL-lXYLzu9Cp6iQ, eventId=$SDVQYH1crN5_k55d15giUsZwJCCLY-5Xrg6WPlUiUro, type=m.room.member, timelineRowId=751469, source=events[0])
11-29 23:28:42.292 24474 24523 D SyncIngestor: SyncIngestor: Persisted event (room=!eL9TVMYEPeSIMdThrtg5Btm0zx-CwL-lXYLzu9Cp6iQ, eventId=$yPtKMxq-acmBzVwvEmRfh7uuFvqsx9ETlTVnRf-pDAU, type=m.room.message, timelineRowId=760148, source=events[1])
11-29 23:28:42.292 24474 24523 D SyncIngestor: SyncIngestor: Processing 2 events from 'events' array for room !eolTFrNFYEyFjiumiP:aguiarvieira.pt
11-29 23:28:42.292 24474 24523 D SyncIngestor: SyncIngestor: Persisting 2 events from 'events' array for room !eolTFrNFYEyFjiumiP:aguiarvieira.pt (skipped 0)
11-29 23:28:42.293 24474 24523 D SyncIngestor: SyncIngestor: Persisted event (room=!eolTFrNFYEyFjiumiP:aguiarvieira.pt, eventId=$W4T8Z4IrvJdt_mChRljS-hMqg8y_mjEoRhpaQffHOa8, type=m.room.member, timelineRowId=52460, source=events[0])
11-29 23:28:42.293 24474 24523 D SyncIngestor: SyncIngestor: Persisted event (room=!eolTFrNFYEyFjiumiP:aguiarvieira.pt, eventId=$FLXSwgBkmjjmg9XF3UND6-b2mxUS5nHxvbm5fJi6-0Y, type=m.room.message, timelineRowId=758977, source=events[1])
11-29 23:28:42.293 24474 24474 D Andromuks: AppViewModel: SYNC OPTIMIZATION - Room data updated (no sorting), debounced sort scheduled
11-29 23:28:42.293 24474 24474 D Andromuks: AppViewModel: SYNC OPTIMIZATION - Member state changed, scheduling UI update
11-29 23:28:42.293 24474 24523 D SyncIngestor: SyncIngestor: Processing 2 events from 'events' array for room !erfjdPEYxkLrUqdLYS:aguiarvieira.pt
11-29 23:28:42.293 24474 24523 D SyncIngestor: SyncIngestor: Parsed encrypted event $lkLFbMA-TZ8w2nXsIRg5k6onan9cqoC84bmScbbY9Aw with timestamp=0, timelineRowId=749657
11-29 23:28:42.293 24474 24523 D SyncIngestor: SyncIngestor: Persisting 2 events from 'events' array for room !erfjdPEYxkLrUqdLYS:aguiarvieira.pt (skipped 0)
11-29 23:28:42.294 24474 24523 D SyncIngestor: SyncIngestor: Persisted event (room=!erfjdPEYxkLrUqdLYS:aguiarvieira.pt, eventId=$VGVJ4-o-7ZiVO7W3eTmMRtkPb8nkFGacvnaG1M6snHw, type=m.room.member, timelineRowId=612805, source=events[0])
11-29 23:28:42.294 24474 24523 D SyncIngestor: SyncIngestor: Persisted event (room=!erfjdPEYxkLrUqdLYS:aguiarvieira.pt, eventId=$lkLFbMA-TZ8w2nXsIRg5k6onan9cqoC84bmScbbY9Aw, type=m.room.encrypted, timelineRowId=749657, source=events[1])
11-29 23:28:42.294 24474 24523 D SyncIngestor: SyncIngestor: Processing 3 events from 'events' array for room !fKHyYbtkvVKLhKFzkt:matrix.org
11-29 23:28:42.294 24474 24474 D Andromuks: AppViewModel: MEMBER PROCESSING - Processing 25 rooms with member events [App visible: true]
11-29 23:28:42.294 24474 24474 D Andromuks: AppViewModel: New member joined: @ity:itycodes.org in room !GsyUtplXvgZnprZvoS:aguiarvieira.pt - triggering immediate UI update
11-29 23:28:42.294 24474 24523 D SyncIngestor: SyncIngestor: Persisting 3 events from 'events' array for room !fKHyYbtkvVKLhKFzkt:matrix.org (skipped 0)
11-29 23:28:42.294 24474 24474 D Andromuks: AppViewModel: New member joined: @jason_little:matrix.org in room !JRfDAmefiRCxvIktlT:matrix.org - triggering immediate UI update
11-29 23:28:42.295 24474 24474 D Andromuks: AppViewModel: New member joined: @arr:aguiarvieira.pt in room !SqYVCqqApQFJpFePxl:aguiarvieira.pt - triggering immediate UI update
11-29 23:28:42.295 24474 24523 D SyncIngestor: SyncIngestor: Persisted event (room=!fKHyYbtkvVKLhKFzkt:matrix.org, eventId=$_yV605qZsahJ_-NARn5ghLEcwvaw3PRSy6ni1fUjDbQ, type=m.room.member, timelineRowId=503047, source=events[0])
11-29 23:28:42.295 24474 24523 D SyncIngestor: SyncIngestor: Persisted event (room=!fKHyYbtkvVKLhKFzkt:matrix.org, eventId=$8oIfifNtjZtAfjGWEnp8HQF93xgZbKC0KJuKpgAZl8s, type=m.room.message, timelineRowId=760303, source=events[1])
11-29 23:28:42.295 24474 24523 D SyncIngestor: SyncIngestor: Persisted event (room=!fKHyYbtkvVKLhKFzkt:matrix.org, eventId=$mFiD8l6Wmc8t6G5IQcrAO51f4fOq97NP6Et_MVWO6cg, type=m.room.message, timelineRowId=760301, source=events[2])
11-29 23:28:42.295 24474 24474 D Andromuks: AppViewModel: Member left/banned: @diana.vieira:aguiarvieira.pt in room !ZIehHSLDjinoifEMHB:aguiarvieira.pt - triggering immediate UI update
11-29 23:28:42.295 24474 24474 D Andromuks: AppViewModel: Member left/banned: @ashleebby:ashleehee.com in room !ctThayFuMiDdapPKZP:aguiarvieira.pt - triggering immediate UI update
11-29 23:28:42.295 24474 24474 D Andromuks: AppViewModel: New member joined: @whitepaperkat:katchat.ddns.net in room !kzNMtxwSQMHsikdBIZ:katchat.ddns.net - triggering immediate UI update
11-29 23:28:42.295 24474 24474 D Andromuks: AppViewModel: New member joined: @whitepaperkat:katchat.ddns.net in room !rQdPImPoDYOifwAOuk:c-base.org - triggering immediate UI update
11-29 23:28:42.295 24474 24474 D Andromuks: AppViewModel: New member joined: @tulir:maunium.net in room !status-v6:maunium.net - triggering immediate UI update
11-29 23:28:42.295 24474 24523 D SyncIngestor: SyncIngestor: Processing 2 events from 'events' array for room !flDUDlxzYhNVyLEcSA:bonifacelabs.ca
11-29 23:28:42.295 24474 24474 D Andromuks: AppViewModel: New member joined: @dyo:lonenomad.net in room !zaNaQaIjihqBCrOFxJ:lonenomad.net - triggering immediate UI update
11-29 23:28:42.295 24474 24523 D SyncIngestor: SyncIngestor: Persisting 2 events from 'events' array for room !flDUDlxzYhNVyLEcSA:bonifacelabs.ca (skipped 0)
11-29 23:28:42.295 24474 24474 D Andromuks: AppViewModel: MEMBER PROCESSING - Updated 25 rooms with member changes
11-29 23:28:42.296 24474 24523 D SyncIngestor: SyncIngestor: Persisted event (room=!flDUDlxzYhNVyLEcSA:bonifacelabs.ca, eventId=$YRTN0hMhMVP_2jjgtuO6L38cBvdMgObj0KrlLGqxMPI, type=m.room.member, timelineRowId=758719, source=events[0])
11-29 23:28:42.296 24474 24523 D SyncIngestor: SyncIngestor: Persisted event (room=!flDUDlxzYhNVyLEcSA:bonifacelabs.ca, eventId=$ffef_uMoX005-zxXP1iv86ouTkt6dThY4VodGvvJZdY, type=m.room.message, timelineRowId=758781, source=events[1])
11-29 23:28:42.296 24474 24523 D SyncIngestor: SyncIngestor: Processing 2 events from 'events' array for room !fo2YUTHHGEPw7SfF0w_FDVIUKk6sAPVhcLbS5XW8OlY
11-29 23:28:42.296 24474 24523 D SyncIngestor: SyncIngestor: Persisting 2 events from 'events' array for room !fo2YUTHHGEPw7SfF0w_FDVIUKk6sAPVhcLbS5XW8OlY (skipped 0)
11-29 23:28:42.296 24474 24523 D SyncIngestor: SyncIngestor: Persisted event (room=!fo2YUTHHGEPw7SfF0w_FDVIUKk6sAPVhcLbS5XW8OlY, eventId=$kDQqN4ruSuVW2lFxwm6JO5NJdHdsgjp9Ts2gYo_OMiI, type=m.room.member, timelineRowId=15103, source=events[0])
11-29 23:28:42.296 24474 24523 D SyncIngestor: SyncIngestor: Persisted event (room=!fo2YUTHHGEPw7SfF0w_FDVIUKk6sAPVhcLbS5XW8OlY, eventId=$3rmrtUVq-gyS1A7FmV1n8kbMYv3ClRRhEto6jVUTiNg, type=m.room.message, timelineRowId=656536, source=events[1])
11-29 23:28:42.297 24474 24523 D SyncIngestor: SyncIngestor: Processing 2 events from 'events' array for room !fvbspEOqNRFtyTSxFu:aguiarvieira.pt
11-29 23:28:42.297 24474 24523 D SyncIngestor: SyncIngestor: Persisting 2 events from 'events' array for room !fvbspEOqNRFtyTSxFu:aguiarvieira.pt (skipped 0)
11-29 23:28:42.297 24474 24523 D SyncIngestor: SyncIngestor: Persisted event (room=!fvbspEOqNRFtyTSxFu:aguiarvieira.pt, eventId=$wsgtLU2eLZBNQNvmJlcZTzKLI0Jxt1b6lPNmmnxvd9Q, type=m.room.member, timelineRowId=50431, source=events[0])
11-29 23:28:42.297 24474 24523 D SyncIngestor: SyncIngestor: Persisted event (room=!fvbspEOqNRFtyTSxFu:aguiarvieira.pt, eventId=$fbMPQHuWGxO2m7d6YhspeOPjSEHXfDu573OLZyhsj8o, type=m.room.message, timelineRowId=760740, source=events[1])
11-29 23:28:42.298 24474 24523 D SyncIngestor: SyncIngestor: Processing 2 events from 'events' array for room !gomuks2fjNJgXSZ-lZPoQWB_2za-KW_l2Hs6roxWKk4
11-29 23:28:42.298 24474 24523 D SyncIngestor: SyncIngestor: Persisting 2 events from 'events' array for room !gomuks2fjNJgXSZ-lZPoQWB_2za-KW_l2Hs6roxWKk4 (skipped 0)
11-29 23:28:42.298 24474 24523 D SyncIngestor: SyncIngestor: Persisted event (room=!gomuks2fjNJgXSZ-lZPoQWB_2za-KW_l2Hs6roxWKk4, eventId=$pA1BycnzSjYi7yLyrO-1K3AddJCF0vGhnHr2L65dXqQ, type=m.room.member, timelineRowId=5206, source=events[0])
11-29 23:28:42.298 24474 24523 D SyncIngestor: SyncIngestor: Persisted event (room=!gomuks2fjNJgXSZ-lZPoQWB_2za-KW_l2Hs6roxWKk4, eventId=$KLka8XF4iEgRhFt6aroX3nM7XiCrbGOpqWxqD-ndNf0, type=m.room.message, timelineRowId=758010, source=events[1])
