04-12 22:22:12.621 17334 17334 D Andromuks: AppViewModel: No valid pending WebSocket operations to load
04-12 22:22:12.623 17334 17334 D Andromuks: AppViewModel: Started acknowledgment timeout check job
04-12 22:22:12.623 17334 17334 D Andromuks: AppViewModel: Started acknowledged messages cleanup job
04-12 22:22:12.623 17334 17334 D Andromuks: AppViewModel: Navigation callback set
04-12 22:22:12.623 17334 17334 D Andromuks: AppViewModel: Spaces already loaded from cache, but waiting for WebSocket connection before navigating
04-12 22:22:12.623 17334 17334 D Andromuks: AuthCheckScreen: appViewModel instance: net.vrkknn.andromuks.AppViewModel@9ac3b7
04-12 22:22:12.624 17334 17334 D Andromuks: 🟦 Startup Progress: [22:22:12:623] Starting...
04-12 22:22:12.624 17334 17334 D Andromuks: 🟦 Startup Progress: [22:22:12:624] Checking stored auth....
04-12 22:22:12.624 17334 17334 D Andromuks: 🟦 Startup Progress: [22:22:12:624] Attaching to existing WebSocket...
04-12 22:22:12.625 17334 17334 D Andromuks: AuthCheckScreen: WebSocket connection check - isPrimary: true, isAlreadyConnected: true
04-12 22:22:12.625 17334 17334 D Andromuks: AuthCheckScreen: WebSocket already connected, attaching to existing connection
04-12 22:22:12.625 17334 17334 D Andromuks: AppViewModel: Attaching AppViewModel_0 to existing WebSocket
04-12 22:22:12.631 17334 17334 D Andromuks: 🟣 ensureCurrentUserProfileLoaded: START - currentUserProfile=true, currentUserId=@daedric:aguiarvieira.pt
04-12 22:22:12.631 17334 17334 D Andromuks: 🟣 ensureCurrentUserProfileLoaded: Profile already loaded or userId is blank - currentUserProfile=true, currentUserId=@daedric:aguiarvieira.pt
04-12 22:22:12.631 17334 17334 D Andromuks: 🟣 Attaching to WebSocket: Setting initializationComplete=true, initialSyncComplete=true, processingComplete=true (already-initialized WebSocket)
04-12 22:22:12.631 17334 17334 D Andromuks: 🟣 Attaching to WebSocket: initializationComplete=true, initialSyncComplete=true, processingComplete=true, profile=true
04-12 22:22:12.631 17334 17334 W Andromuks: 🟣 attachToExistingWebSocket: enqueuing drain sentinel — navigation deferred until pipeline is drained
04-12 22:22:12.631 17334 17334 D Andromuks: AppViewModel: registerFCMNotifications called
04-12 22:22:12.631 17334 17334 D Andromuks: AppViewModel: fcmNotificationManager=true, homeserverUrl=https://webmuks.aguiarvieira.pt, authToken=eyJ1c2VybmFtZSI6ImRh..., currentUserId=@daedric:aguiarvieira.pt
04-12 22:22:12.631 17334 17334 D Andromuks: AppViewModel: Calling FCMNotificationManager.registerNotifications
04-12 22:22:12.632 17334 17334 D AuthCheckScreen: Spaces loaded from cache - navigating to room_list (isWebSocketConnected=true, network=WIFI)
04-12 22:22:12.634 17334 17421 D Andromuks: AppViewModel: FCM token ready callback triggered, registering with Gomuks Backend
04-12 22:22:12.634 17334 17421 D Andromuks: AppViewModel: registerFCMWithGomuksBackend called (forceRegistrationOnConnect=false, forceNow=false)
04-12 22:22:12.635 17334 17421 D Andromuks: AppViewModel: shouldRegisterPush() called, result=false
04-12 22:22:12.635 17334 17421 D Andromuks: AppViewModel: shouldRegisterPush() returned false
04-12 22:22:12.635 17334 17421 D Andromuks: AppViewModel: Skipping FCM registration - not due yet and already registered via WebSocket
04-12 22:22:12.688 17334 17334 W Andromuks: 🟣 attachToExistingWebSocket: sentinel fired — processing 0 queued message(s) before navigation
04-12 22:22:12.688 17334 17334 D Andromuks: AppViewModel: populateRoomMapFromCache called - current roomMap size: 579, cache size: 579
04-12 22:22:12.689 17334 17334 D Andromuks: AppViewModel: populateRoomMapFromCache - populated roomMap with 579 rooms from cache (new size: 579)
04-12 22:22:12.689 17334 17334 D Andromuks: AppViewModel: Force sorting room list (tab change or screen return)
04-12 22:22:12.691 17334 17334 D Andromuks: AppViewModel: populateSpacesFromCache called - current allSpaces size: 41, cache size: 41
04-12 22:22:12.691 17334 17334 D Andromuks: AppViewModel: populateSpacesFromCache - populated allSpaces with 41 spaces from cache
04-12 22:22:12.699 17334 17334 D Andromuks: AppViewModel: populateSpacesFromCache - restored space_edges from cache
04-12 22:22:12.699 17334 17334 D Andromuks: AppViewModel: Loading 59 account_data types from cache (m.direct=true)
04-12 22:22:12.699 17334 17334 D Andromuks: AppViewModel: processAccountData - Processing account_data with 59 keys: org.matrix.msc3890.local_notification_settings.IPLNIRLRXN, m.org.matrix.custom.backup_disabled, org.matrix.msc3814, msc3588.stories.block-list, im.vector.setting.allowed_widgets, m.secret_storage.key.SqUrZUn568w6qi78seYF0dNvWlbClJ8d, org.matrix.msc3890.local_notification_settings.UQEYWHWMZL, m.secret_storage.key.tmaZTxd7EojcZ0zKiYKNH7XvaFYNF4cR, m.secret_storage.key.FgrF50kpdrdZWczpL3Sa22PA9u8WZwBS, m.secret_storage.key.hQcXUp7ZXuFYKD1e7ZTXgonnXr5gPC7h, org.matrix.msc3890.local_notification_settings.RIRGDITSEJ, org.matrix.msc3890.local_notification_settings.WFWLSVRUTT, m.secret_storage.key.yiLzm35KIDCNPMT3mPWIjmXKH3ayZM1v, m.cross_signing.master, im.vector.setting.integration_provisioning, io.element.recent_emoji, io.element.matrix_client_information.NREPXGERTJ, org.matrix.msc3890.local_notification_settings.DWAIMZRDWN, io.element.matrix_client_information.DWAIMZRDWN, fi.mau.gomuks.preferences, m.identity_server, org.matrix.msc3890.local_notification_settings.KRTTBMPKMM, im.vector.analytics, io.element.msc4278.media_preview_config, in.cinny.spaces, m.secret_storage.key.BnsDatDgwipRS3IkjTgBfsKapOrEysbO, org.matrix.msc3890.local_notification_settings.PXSHCZBOHO, m.secret_storage.key.Xa7OnpfZqu70lZjSMHybueKJQLojkESl, io.element.matrix_client_information.OOXYKKDHPF, m.secret_storage.default_key, im.vector.setting.breadcrumbs, io.element.matrix_client_information.JIUUBBXUDO, org.matrix.preview_urls, com.famedly.app.user_settings, org.matrix.msc3890.local_notification_settings.JIUUBBXUDO, org.matrix.msc3890.local_notification_settings.LHYRRRKRHH, m.accepted_terms, org.matrix.msc3890.local_notification_settings.CUOSWWTZSF, org.matrix.msc3890.local_notification_settings.VDZDVPHVJH, m.push_rules, org.matrix.msc3890.local_notification_settings.XCSRCZMUSD, m.cross_signing.user_signing, im.ponies.emote_rooms, im.vector.web.settings, org.matrix.msc3890.local_notification_settings.PGARPGEZGU, m.direct, io.element.matrix_client_information.XCSRCZMUSD, m.ignored_user_list, m.secret_storage.key.jESPhkWhMf8JVI8FxxBzBIudUOPDIbvA, com.famedly.features, org.futo.circles.config, io.element.matrix_client_information.VDZDVPHVJH, m.secret_storage.key.U2mnw3yL4y6HKOR05yTQl3EbGVYdSvsM, m.secret_storage.key.sYarkYINFJQOviYUjiRfYhdlRpUYWiOJ, m.secret_storage.key.AyyBqvHwb9g8JBu0eXHBeGPBUon2uSzy, m.cross_signing.self_signing, m.secret_storage.key.lmz8gmfcZrhrwRlttpv4TxhX7v55jr6z, io.element.synapse.admin_client_config, m.megolm_backup.v1
04-12 22:22:12.699 17334 17334 D Andromuks: AppViewModel: processAccountData - Found io.element.recent_emoji, content=true, array length=24
04-12 22:22:12.700 17334 17334 D Andromuks: AppViewModel: Loaded 24 recent emojis from account_data (server is source of truth): 🤣(36), 👍(27), ❤(26), 🤬(14), ☝(13)...
04-12 22:22:12.701 17334 17334 D Andromuks: AppViewModel: Loaded 282 DM room IDs for 133 users from m.direct account data
04-12 22:22:12.707 17334 17334 D Andromuks: AppViewModel: Updated 2 rooms with correct DM status from m.direct/bridge data
04-12 22:22:12.707 17334 17334 D Andromuks: AppViewModel: Loaded 161 ignored users from m.ignored_user_list
04-12 22:22:12.707 17334 17334 D Andromuks: AppViewModel: processAccountData - Found im.ponies.emote_rooms, content=true, rooms=true, rooms length=2
04-12 22:22:12.707 17334 17334 D Andromuks: AppViewModel: Found im.ponies.emote_rooms account data with 2 rooms (stateType=im.ponies.room_emotes)
04-12 22:22:12.707 17334 17334 D Andromuks: AppViewModel: Requesting emoji pack data for pack nex-pack in room !OsgPt00PZet9BvF2v0:nexy7574.co.uk (type=im.ponies.room_emotes)
04-12 22:22:12.707 17334 17334 D Andromuks: sendWebSocketCommand: command='get_specific_room_state', requestId=5, data={"keys":[{"room_id":"!OsgPt00PZet9BvF2v0:nexy7574.co.uk","type":"im.ponies.room_emotes","state_key":"nex-pack"}]}
04-12 22:22:12.707 17334 17334 D Andromuks: AppViewModel: Sent emoji pack request with ID 5 for pack nex-pack in room !OsgPt00PZet9BvF2v0:nexy7574.co.uk (type=im.ponies.room_emotes)
04-12 22:22:12.707 17334 17334 D Andromuks: AppViewModel: Requesting emoji pack data for pack frowncat in room !stickers-v11:maunium.net (type=im.ponies.room_emotes)
04-12 22:22:12.707 17334 17334 D Andromuks: sendWebSocketCommand: command='get_specific_room_state', requestId=6, data={"keys":[{"room_id":"!stickers-v11:maunium.net","type":"im.ponies.room_emotes","state_key":"frowncat"}]}
04-12 22:22:12.707 17334 17334 D Andromuks: AppViewModel: Sent emoji pack request with ID 6 for pack frowncat in room !stickers-v11:maunium.net (type=im.ponies.room_emotes)
04-12 22:22:12.707 17334 17334 D Andromuks: AppViewModel: Requested emoji pack data for 2 packs across 2 rooms
04-12 22:22:12.707 17334 17334 D Andromuks: AppViewModel: Account data processed.
04-12 22:22:12.708 17334 17334 D Andromuks: 🟦 Startup Progress: [22:22:12:708] Account data processed.
04-12 22:22:12.708 17334 17334 D Andromuks: 🟣 Attaching to WebSocket: Checking startup complete - initializationComplete=true, initialSyncComplete=true, spacesLoaded=true, allRoomStatesLoaded=true, canSendCommands=true, roomMap.size=579
04-12 22:22:12.708 17334 17334 D Andromuks: 🟣 Attaching to WebSocket: After checkStartupComplete - isStartupComplete=true
04-12 22:22:12.708 17334 17334 D Andromuks: AppViewModel: Spaces loaded and WebSocket connected - triggering navigation callback
04-12 22:22:12.708 17334 17334 D Andromuks: AuthCheck: Navigation callback triggered
04-12 22:22:12.708 17334 17334 D Andromuks: AuthCheck: Navigation callback - directRoomId: null, pendingRoomId: null
04-12 22:22:12.708 17334 17334 D Andromuks: AppViewModel: registerFCMNotifications called
04-12 22:22:12.708 17334 17334 D Andromuks: AppViewModel: fcmNotificationManager=true, homeserverUrl=https://webmuks.aguiarvieira.pt, authToken=eyJ1c2VybmFtZSI6ImRh..., currentUserId=@daedric:aguiarvieira.pt
04-12 22:22:12.708 17334 17334 D Andromuks: AppViewModel: Calling FCMNotificationManager.registerNotifications
04-12 22:22:12.708 17334 17334 D AuthCheckScreen: navigateToRoomListIfNeeded called with reason: default flow, currentRoute: null
04-12 22:22:12.709 17334 17334 D AuthCheckScreen: Navigating to room_list (reason: default flow, currentRoute: null)
04-12 22:22:12.710 17334 17421 D Andromuks: AppViewModel: FCM token ready callback triggered, registering with Gomuks Backend
04-12 22:22:12.710 17334 17421 D Andromuks: AppViewModel: registerFCMWithGomuksBackend called (forceRegistrationOnConnect=false, forceNow=false)
04-12 22:22:12.710 17334 17421 D Andromuks: AppViewModel: shouldRegisterPush() called, result=false
04-12 22:22:12.710 17334 17421 D Andromuks: AppViewModel: shouldRegisterPush() returned false
04-12 22:22:12.710 17334 17421 D Andromuks: AppViewModel: Skipping FCM registration - not due yet and already registered via WebSocket
04-12 22:22:12.796 17334 17334 D Andromuks: AppViewModel: Badge counts - DMs: 0, Unread: 198, Favs: 2
04-12 22:22:12.796 17334 17334 D Andromuks: AppViewModel: Updated cached sections - allRooms(raw): 579, spaces filtered: 579, DMs: 114, Unread: 198, Favourites: 19
04-12 22:22:12.917 17334 17334 D Andromuks: RoomListScreen: Registered FOREGROUND_REFRESH broadcast receiver
04-12 22:22:12.918 17334 17339 I ieira.andromuks: JIT allocated 80KB for stack maps of void net.vrkknn.andromuks.RoomListScreenKt.RoomListScreen(androidx.navigation.NavController, androidx.compose.ui.Modifier, net.vrkknn.andromuks.AppViewModel, androidx.compose.animation.SharedTransitionScope, androidx.compose.animation.AnimatedVisibilityScope, androidx.compose.runtime.Composer, int, int)
04-12 22:22:12.919 17334 17339 I ieira.andromuks: Compiler allocated 19MB to compile void net.vrkknn.andromuks.RoomListScreenKt.RoomListScreen(androidx.navigation.NavController, androidx.compose.ui.Modifier, net.vrkknn.andromuks.AppViewModel, androidx.compose.animation.SharedTransitionScope, androidx.compose.animation.AnimatedVisibilityScope, androidx.compose.runtime.Composer, int, int)
04-12 22:22:13.400 17334 17334 D Andromuks: 🟦 MainActivity: LaunchedEffect(isStartupComplete=true) - showRoomList=true, hasAppliedDelay=true
04-12 22:22:13.400 17334 17334 D Andromuks: 🟦 MainActivity: Set showRoomList=true (isStartupComplete=true, hadDelay=true)
04-12 22:22:13.400 17334 17334 D Andromuks: 🟦 MainActivity: State check - isStartupComplete=true, showRoomList=true, willShowLoading=false
04-12 22:22:13.400 17334 17334 D Andromuks: 🟣 ensureCurrentUserProfileLoaded: START - currentUserProfile=true, currentUserId=@daedric:aguiarvieira.pt
04-12 22:22:13.400 17334 17334 D Andromuks: 🟣 ensureCurrentUserProfileLoaded: Profile already loaded or userId is blank - currentUserProfile=true, currentUserId=@daedric:aguiarvieira.pt
04-12 22:22:13.401 17334 17334 D Andromuks: AppViewModel: Force sorting room list (tab change or screen return)
04-12 22:22:13.401 17334 17421 D Andromuks: AppViewModel: No pending items to process (deprecated - all data is in-memory only) - not blocking UI
04-12 22:22:13.401 17334 17421 D Andromuks: AppViewModel: Cleared isProcessingPendingItems flag (finally block)
04-12 22:22:13.403 17334 17334 D Andromuks: 🔴 RoomListScreen: Loading state - coldStartRefreshing=false, shouldBlockForPending=false, effectiveSpacesLoaded=true, effectiveInitialSyncComplete=true, hasRooms=true, roomCount=579
04-12 22:22:13.403 17334 17334 D Andromuks: RoomListScreen: isProcessingBatch=false
04-12 22:22:13.423 17334 17334 D Andromuks: AppViewModel: Force sorting room list (tab change or screen return)
04-12 22:22:13.424 17334 17410 D Andromuks: RoomListScreen: Preloading 100 avatars for faster scrolling
04-12 22:22:13.426 17334 17334 D Andromuks: RoomListScreen: Using existing roomMap with 579 rooms (cache has 579 rooms)
04-12 22:22:13.427 17334 17334 D Andromuks: RoomListScreen: OPPORTUNISTIC PROFILE LOADING - Requesting profiles for 40 new message senders (40 total, 0 already processed)
04-12 22:22:13.430 17334 17334 D Andromuks: RoomListScreen: isProcessingBatch changed to false
04-12 22:22:13.440 17334 17410 W Andromuks: AvatarUtils: Invalid MXC URL format: null
04-12 22:22:13.443 17334 17410 W Andromuks: AvatarUtils: Invalid MXC URL format: null
04-12 22:22:13.449 17334 17410 D Andromuks: RoomListScreen: Finished preloading 100 avatars
04-12 22:22:13.561 17334 17334 D Andromuks: RoomListScreen: Unregistered FOREGROUND_REFRESH broadcast receiver
04-12 22:22:13.601 17334 17410 D Andromuks: AppViewModel: Handling room specific state response for room: !OsgPt00PZet9BvF2v0:nexy7574.co.uk, requestId: 5
04-12 22:22:13.601 17334 17410 D Andromuks: AppViewModel: Room specific state response data type: JSONArray
04-12 22:22:13.601 17334 17410 D Andromuks: AppViewModel: Processing emoji pack response for pack nex-pack in room !OsgPt00PZet9BvF2v0:nexy7574.co.uk
04-12 22:22:13.601 17334 17410 D Andromuks: AppViewModel: Handling emoji pack response for nex-pack in !OsgPt00PZet9BvF2v0:nexy7574.co.uk
04-12 22:22:13.602 17334 17410 D Andromuks: AppViewModel: Updated emoji pack nex-pack with 12 emojis
04-12 22:22:13.602 17334 17410 D Andromuks: AppViewModel: Updated sticker pack nex-pack with 70 stickers
04-12 22:22:13.604 17334 17421 D Andromuks: AppViewModel: Handling room specific state response for room: !stickers-v11:maunium.net, requestId: 6
04-12 22:22:13.604 17334 17421 D Andromuks: AppViewModel: Room specific state response data type: JSONArray
04-12 22:22:13.604 17334 17421 D Andromuks: AppViewModel: Processing emoji pack response for pack frowncat in room !stickers-v11:maunium.net
04-12 22:22:13.604 17334 17421 D Andromuks: AppViewModel: Handling emoji pack response for frowncat in !stickers-v11:maunium.net
04-12 22:22:13.788 17334 17334 D Andromuks: AppViewModel: Starting background space edge processing for 41 spaces
04-12 22:22:13.793 17334 17410 D Andromuks: AppViewModel: Background space edge processing - Created mock data for 579 rooms
04-12 22:22:13.793 17334 17461 D ProfileInstaller: Installing profile for pt.aguiarvieira.andromuks
04-12 22:22:13.814 17334 17410 D Andromuks: AppViewModel: updateAllSpaces called - setting allSpaces from 41 to 41 spaces
04-12 22:22:13.814 17334 17410 D Andromuks: AppViewModel: updateAllSpaces - space names: Home, WhatsApp (+351912271966), Instagram (Ricardo Duarte), Root, Matrix, Homelab, Continuwuity (old, space), Matrix Admins, Unredacted Space, Selfhosted, /r/Roms, Muninn Hall Private Space, Chats, RoomDir, Offtopic Space, SchildiChat, NSFW, Linux Gamers Group, abuse-fighters, espaço cplp, MultiplayerGamers, Debian, t2bot.io community, Draupnir, Matrix Community, GNOME Community, Matrix United, Rory&::ModAS, Jellyfin, Maunium Space, ntfy, Galleries, NSFW Gallery, Linux Distros, Scrolling Space, Signal (+351912271966), Calitabby Network, Discord, Continuwuity (directory), Matrix.org room directory, Telegram
04-12 22:22:13.814 17334 17410 D Andromuks: AppViewModel: allSpaces set to 41 spaces (was 41), cache updated
04-12 22:22:13.814 17334 17410 D Andromuks: AppViewModel: Background space edge processing - Completed processing
04-12 22:22:13.814 17334 17339 I ieira.andromuks: Compiler allocated 4669KB to compile void net.vrkknn.andromuks.SyncRoomsCoordinator.processParsedSyncResult(net.vrkknn.andromuks.SyncUpdateResult, org.json.JSONObject)
04-12 22:22:13.833 17334 17334 D Andromuks: AppViewModel: Space edge processing complete - UI updated
