11-29 23:28:41.440 24474 24552 I WS-Toggle: id=2 ts=1764458921439 event=setWebSocket details=[state=RECONNECTING] stack=[WebSocketService$Companion#setWebSocket:1043 | AppViewModel#setWebSocket:5530 | NetworkUtilsKt$connectToWebsocket$websocketListener$1#onOpen:363 | RealWebSocket#loopReader:309 | RealWebSocket$connect$1#onResponse:200 | RealCall$AsyncCall#run:532]
11-29 23:28:41.440 24474 24552 I WebSocketService: setWebSocket() called - setting up WebSocket connection
11-29 23:28:41.440 24474 24552 D WebSocketService: Current connection state: RECONNECTING
11-29 23:28:41.440 24474 24552 D WebSocketService: Running state corruption detection...
11-29 23:28:41.440 24474 24552 D WebSocketService: No state corruption detected
11-29 23:28:41.440 24474 24552 D WebSocketService: Connection state set to CONNECTING (waiting for init_complete)
11-29 23:28:41.440 24474 24552 D WebSocketService: WebSocket reference set: true
11-29 23:28:41.440 24474 24552 D WebSocketService: Connection start time recorded: 1764458921440
11-29 23:28:41.442 24474 24552 D WebSocketService: Network type set to: WIFI
11-29 23:28:41.443 24474 24552 D Andromuks: AppViewModel: STEP 1.2 - Activity log callback triggered: event=WebSocket Connecting - Waiting for init_complete, networkType=WIFI
11-29 23:28:41.446 24474 24552 D Andromuks: AppViewModel: Saved 100 activity log entries to storage
11-29 23:28:41.446 24474 24552 D Andromuks: AppViewModel: Logged activity - WebSocket Connecting - Waiting for init_complete
11-29 23:28:41.446 24474 24552 D WebSocketService: STEP 1.3 - Activity log callback invoked: event=WebSocket Connecting - Waiting for init_complete
11-29 23:28:41.446 24474 24552 I WS-Toggle: id=3 ts=1764458921446 event=updateConnectionStatus details=[isConnected=false lag=null lastSync=0] stack=[WebSocketService#updateConnectionStatus:2791 | WebSocketService$Companion#updateConnectionStatus:548 | WebSocketService$Companion#setWebSocket:1090 | AppViewModel#setWebSocket:5530 | NetworkUtilsKt$connectToWebsocket$websocketListener$1#onOpen:363 | RealWebSocket#loopReader:309]
11-29 23:28:41.447 24474 24552 D WebSocketService: Skipping notification update - text unchanged: Connecting... • WiFi
11-29 23:28:41.447 24474 24552 I WebSocketService: WebSocket connection opened - waiting for init_complete
11-29 23:28:41.447 24474 24552 I WebSocketService: Pinger status: Not started (waiting for sync_complete) (lastReceivedSyncId: 0, lastKnownLag: nullms)
11-29 23:28:41.447 24474 24552 D Andromuks: AppViewModel: setWebSocket - registering FCM to ensure backend has current token
11-29 23:28:41.447 24474 24552 D Andromuks: AppViewModel: registerFCMWithGomuksBackend called
11-29 23:28:41.447 24474 24552 D WebClientPushIntegration: shouldRegisterPush: lastReg=1764458878646, now=1764458921447, timeSinceLastReg=42801 ms, intervalMs=43200000 ms
11-29 23:28:41.447 24474 24552 D WebClientPushIntegration: shouldRegisterPush: returning false
11-29 23:28:41.447 24474 24552 D Andromuks: AppViewModel: shouldRegisterPush() called, result=false
11-29 23:28:41.447 24474 24552 D Andromuks: AppViewModel: shouldRegisterPush() returned false
11-29 23:28:41.447 24474 24552 D Andromuks: AppViewModel: hasRegisteredViaWebSocket=true, forceRegistration=false
11-29 23:28:41.447 24474 24552 D Andromuks: AppViewModel: Always registering FCM on WebSocket connection to ensure backend has current token
11-29 23:28:41.448 24474 24552 D WebClientPushIntegration: getDeviceID: returning NKVMXDXVQI
11-29 23:28:41.448 24474 24552 D WebClientPushIntegration: getPushEncryptionKey: Reusing existing key from SharedPreferences
11-29 23:28:41.448 24474 24552 D WebClientPushIntegration: getPushEncryptionKey: Existing key (first 20 chars): MWI0MjhhZWM4YjdhNDI5...
11-29 23:28:41.448 24474 24552 D Andromuks: AppViewModel: registerFCMWithGomuksBackend - token=d071VMVxRoiBywghIkIw..., deviceId=NKVMXDXVQI, encryptionKey=MWI0MjhhZWM4YjdhNDI5...
11-29 23:28:41.448 24474 24552 D Andromuks: AppViewModel: webClientPushIntegration=true
11-29 23:28:41.448 24474 24552 D Andromuks: AppViewModel: Registering FCM with request_id=1
11-29 23:28:41.448 24474 24552 D Andromuks: AppViewModel: Sending WebSocket command: register_push with data: {type=fcm, device_id=NKVMXDXVQI, data=d071VMVxRoiBywghIkIwRu:APA91bGYGOSSxUP1SWuGd46qHwv8NrR2kSRF0iYsvXBaCxAOt9KeYrDHMQaT3uO0RhVzMMxFscfY1pxGpwinTTJYHslZZjomyLkuJxshsQWEYeww9IfIgt4, encryption={key=MWI0MjhhZWM4YjdhNDI5MDg5YTdiZWJiMjI0OGE5ZTE=}, expiration=1764545321}
11-29 23:28:41.449 24474 24552 D Andromuks: AppViewModel: Saved 1 pending WebSocket operations to storage
11-29 23:28:41.449 24474 24552 D Andromuks: AppViewModel: Tracking command 'register_push' with request_id: 1 for acknowledgment
11-29 23:28:41.449 24474 24552 D Andromuks: sendWebSocketCommand: command='register_push', requestId=1, data={"type":"fcm","device_id":"NKVMXDXVQI","data":"d071VMVxRoiBywghIkIwRu:APA91bGYGOSSxUP1SWuGd46qHwv8NrR2kSRF0iYsvXBaCxAOt9KeYrDHMQaT3uO0RhVzMMxFscfY1pxGpwinTTJYHslZZjomyLkuJxshsQWEYeww9IfIgt4","encrypti
11-29 23:28:41.450 24474 24552 D Andromuks: AppViewModel: Sent FCM registration to Gomuks Backend with device_id=NKVMXDXVQI
11-29 23:28:41.450 24474 24552 I Andromuks: AppViewModel: WebSocket connection established - 1 pending operations will be flushed after init_complete
11-29 23:28:41.450 24474 24552 D Andromuks: NetworkUtils: connectToWebsocket using AppViewModel instance: net.vrkknn.andromuks.AppViewModel@1237b8e
11-29 23:28:41.452 24474 24513 D Andromuks: AppViewModel: handleRunId called with runId='1764419867181021469'
11-29 23:28:41.452 24474 24513 D Andromuks: AppViewModel: Run ID matches existing value: 1764419867181021469
11-29 23:28:41.452 24474 24513 D WebSocketService: Updated last_received_sync_id: -23284 (run_id read from SharedPreferences)
11-29 23:28:41.452 24474 24513 D Andromuks: AppViewModel: Run ID stored and service updated
11-29 23:28:41.453 24474 24513 D Andromuks: AppViewModel: Set currentUserId: @daedric:aguiarvieira.pt
11-29 23:28:41.454 24474 24513 D WebClientPushIntegration: Stored device ID: NKVMXDXVQI
11-29 23:28:41.454 24474 24513 D Andromuks: AppViewModel: Set realMatrixHomeserverUrl: https://aguiarvieira.pt/
11-29 23:28:41.586  1104 24358 I vendor.qti.bluetooth@1.0-ibs_handler: ProcessIbsCmd: Received IBS_WAKE_IND: 0xFD
11-29 23:28:41.586  1104 24358 D vendor.qti.bluetooth@1.0-ibs_handler: SerialClockVote: vote for UART CLK ON
11-29 23:28:41.587  1104 24358 D vendor.qti.bluetooth@1.0-wake_lock: Acquire wakelock is acquired 
11-29 23:28:41.587  1104 24358 I vendor.qti.bluetooth@1.0-ibs_handler: ProcessIbsCmd: Writing IBS_WAKE_ACK
11-29 23:28:41.593  9679 20055 I NearbyDiscovery: (REDACTED) BloomFilterAdvManager: Detected bloom filter but too far away, ignoring. %sm, %s
11-29 23:28:41.627  1104 24358 I vendor.qti.bluetooth@1.0-ibs_handler: ProcessIbsCmd: Received IBS_SLEEP_IND: 0xFE
11-29 23:28:41.628  1104 24358 D vendor.qti.bluetooth@1.0-ibs_handler: SerialClockVote: vote for UART CLK OFF
11-29 23:28:41.688 24474 24513 D Andromuks: AppViewModel: Queued initial sync_complete message (queue size: 1)
11-29 23:28:41.746 24474 24513 D Andromuks: AppViewModel: Queued initial sync_complete message (queue size: 2)
11-29 23:28:41.778  1104 24352 D vendor.qti.bluetooth@1.0-wake_lock: Release wakelock is released 
11-29 23:28:41.818 24474 24514 I Andromuks: AppViewModel: PHASE 5.3 - Command acknowledged by request_id: requestId=1, command=register_push, type=command_register_push, elapsed=369ms
11-29 23:28:41.820 24474 24514 D Andromuks: AppViewModel: Saved 100 activity log entries to storage
11-29 23:28:41.820 24474 24514 D Andromuks: AppViewModel: Logged activity - Command Acknowledged - register_push (request_id: 1)
11-29 23:28:41.820 24474 24514 D Andromuks: AppViewModel: Saved 0 pending WebSocket operations to storage
11-29 23:28:41.820 24474 24514 D Andromuks: AppViewModel: Removed acknowledged command from queue (0 remaining)
11-29 23:28:41.820 24474 24514 D Andromuks: AppViewModel: handleFCMRegistrationResponse called with requestId=1, dataType=Boolean
11-29 23:28:41.820 24474 24514 D Andromuks: AppViewModel: FCM registration response data: true
11-29 23:28:41.820 24474 24514 I Andromuks: AppViewModel: FCM registration successful (boolean true)
11-29 23:28:41.820 24474 24514 D WebClientPushIntegration: Marked push registration as completed at timestamp: 1764458921820
11-29 23:28:41.821 24474 24514 D Andromuks: AppViewModel: Marked FCM as registered via WebSocket
11-29 23:28:41.887 24474 24513 D Andromuks: AppViewModel: Queued initial sync_complete message (queue size: 3)
11-29 23:28:41.930 24474 24514 D Andromuks: AppViewModel: Queued initial sync_complete message (queue size: 4)
11-29 23:28:41.983 24474 24537 D Andromuks: AppViewModel: Queued initial sync_complete message (queue size: 5)
11-29 23:28:41.991 24474 24552 I WebSocketService: Init complete received - connection marked as CONNECTED
11-29 23:28:41.991 24474 24552 D Andromuks: AppViewModel: STEP 1.2 - Activity log callback triggered: event=Init Complete Received - Connection Healthy, networkType=WIFI
11-29 23:28:41.992 24474 24552 D Andromuks: AppViewModel: Saved 100 activity log entries to storage
11-29 23:28:41.992 24474 24552 D Andromuks: AppViewModel: Logged activity - Init Complete Received - Connection Healthy
11-29 23:28:41.992 24474 24552 D WebSocketService: STEP 1.3 - Activity log callback invoked: event=Init Complete Received - Connection Healthy
11-29 23:28:41.992 24474 24552 I WS-Toggle: id=4 ts=1764458921992 event=updateConnectionStatus details=[isConnected=true lag=null lastSync=0] stack=[WebSocketService#updateConnectionStatus:2791 | WebSocketService$Companion#updateConnectionStatus:548 | WebSocketService$Companion#onInitCompleteReceived:1454 | NetworkUtilsKt$connectToWebsocket$websocketListener$1#onMessage:669 | RealWebSocket#onReadMessage:401 | WebSocketReader#readMessageFrame:257]
11-29 23:28:41.996 24474 24552 D WebSocketService: Connection status updated: 🟡 • WiFi • Lag: no ping yet • Last: no sync yet • Up: 0s
11-29 23:28:41.997 24474 24474 D Andromuks: NetworkUtils: Calling onInitComplete on main thread
11-29 23:28:41.997 24474 24474 D Andromuks: AppViewModel: onInitComplete called - setting spacesLoaded = true
11-29 23:28:41.997 24474 24474 D Andromuks: AppViewModel: init_complete received - will process 5 queued initial sync_complete messages
11-29 23:28:41.998 24474 24474 D Andromuks: AppViewModel: Initialization complete - future sync_complete messages will trigger UI updates
11-29 23:28:41.998 24474 24474 D Andromuks: AppViewModel: Resetting reconnection state (successful connection)
11-29 23:28:41.998 24474 24474 D WebSocketService: Reset reconnection state (reconnection job cancelled, retry count reset)
11-29 23:28:41.998 24474 24474 D Andromuks: AppViewModel: No stored space edges to populate
11-29 23:28:41.998 24474 24474 D Andromuks: AppViewModel: Updating ConversationsApi with real homeserver URL after init_complete
11-29 23:28:41.998 24474 24474 D Andromuks: AppViewModel: Skipping shortcut update on init_complete - shortcuts update only when user sends messages
11-29 23:28:41.998 24474 24474 D Andromuks: AppViewModel: No pending notification actions to execute
11-29 23:28:41.998 24474 24474 D Andromuks: AppViewModel: onInitComplete - registering FCM to ensure backend has current token
11-29 23:28:41.998 24474 24474 D Andromuks: AppViewModel: registerFCMWithGomuksBackend called
11-29 23:28:41.998 24474 24474 D WebClientPushIntegration: shouldRegisterPush: lastReg=1764458921820, now=1764458921998, timeSinceLastReg=178 ms, intervalMs=43200000 ms
11-29 23:28:41.998 24474 24474 D WebClientPushIntegration: shouldRegisterPush: returning false
11-29 23:28:41.998 24474 24474 D Andromuks: AppViewModel: shouldRegisterPush() called, result=false
11-29 23:28:41.998 24474 24474 D Andromuks: AppViewModel: shouldRegisterPush() returned false
11-29 23:28:41.998 24474 24474 D Andromuks: AppViewModel: hasRegisteredViaWebSocket=true, forceRegistration=false
11-29 23:28:41.998 24474 24474 D Andromuks: AppViewModel: Always registering FCM on WebSocket connection to ensure backend has current token
11-29 23:28:41.998 24474 24474 D WebClientPushIntegration: getDeviceID: returning NKVMXDXVQI
11-29 23:28:41.998 24474 24474 D WebClientPushIntegration: getPushEncryptionKey: Reusing existing key from SharedPreferences
11-29 23:28:41.998 24474 24474 D WebClientPushIntegration: getPushEncryptionKey: Existing key (first 20 chars): MWI0MjhhZWM4YjdhNDI5...
11-29 23:28:41.998 24474 24474 D Andromuks: AppViewModel: registerFCMWithGomuksBackend - token=d071VMVxRoiBywghIkIw..., deviceId=NKVMXDXVQI, encryptionKey=MWI0MjhhZWM4YjdhNDI5...
11-29 23:28:41.998 24474 24474 D Andromuks: AppViewModel: webClientPushIntegration=true
11-29 23:28:41.998 24474 24474 D Andromuks: AppViewModel: Registering FCM with request_id=2
11-29 23:28:41.998 24474 24474 D Andromuks: AppViewModel: Sending WebSocket command: register_push with data: {type=fcm, device_id=NKVMXDXVQI, data=d071VMVxRoiBywghIkIwRu:APA91bGYGOSSxUP1SWuGd46qHwv8NrR2kSRF0iYsvXBaCxAOt9KeYrDHMQaT3uO0RhVzMMxFscfY1pxGpwinTTJYHslZZjomyLkuJxshsQWEYeww9IfIgt4, encryption={key=MWI0MjhhZWM4YjdhNDI5MDg5YTdiZWJiMjI0OGE5ZTE=}, expiration=1764545321}
11-29 23:28:41.999 24474 24474 D Andromuks: AppViewModel: Saved 1 pending WebSocket operations to storage
11-29 23:28:41.999 24474 24474 D Andromuks: AppViewModel: Tracking command 'register_push' with request_id: 2 for acknowledgment
11-29 23:28:41.999 24474 24474 D Andromuks: sendWebSocketCommand: command='register_push', requestId=2, data={"type":"fcm","device_id":"NKVMXDXVQI","data":"d071VMVxRoiBywghIkIwRu:APA91bGYGOSSxUP1SWuGd46qHwv8NrR2kSRF0iYsvXBaCxAOt9KeYrDHMQaT3uO0RhVzMMxFscfY1pxGpwinTTJYHslZZjomyLkuJxshsQWEYeww9IfIgt4","encrypti
11-29 23:28:41.999 24474 24474 D Andromuks: AppViewModel: Sent FCM registration to Gomuks Backend with device_id=NKVMXDXVQI
11-29 23:28:42.000 24474 24474 I Andromuks: AppViewModel: QUEUE FLUSHING - Scheduling flush of 1 unacknowledged operations after stabilization delay
11-29 23:28:42.000 24474 24474 D Andromuks: AppViewModel: Calling navigation callback (callback is set)
11-29 23:28:42.000 24474 24474 D Andromuks: AuthCheck: Navigation callback triggered - navigating to room_list
11-29 23:28:42.000 24474 24474 D Andromuks: AuthCheck: Navigation callback - pendingRoomId: null
11-29 23:28:42.000 24474 24474 D Andromuks: AppViewModel: registerFCMNotifications called
11-29 23:28:42.000 24474 24474 D Andromuks: AppViewModel: fcmNotificationManager=true, homeserverUrl=https://webmuks.aguiarvieira.pt, authToken=eyJ1c2VybmFtZSI6ImRh..., currentUserId=@daedric:aguiarvieira.pt
11-29 23:28:42.000 24474 24474 D Andromuks: AppViewModel: Calling FCMNotificationManager.registerNotifications
11-29 23:28:42.001 24474 24474 D FCMNotificationManager: Registering FCM notifications for user: @daedric:aguiarvieira.pt
11-29 23:28:42.001 24474 24474 D FCMNotificationManager: FCM token ready, triggering Gomuks Backend registration callback
11-29 23:28:42.001 24474 24474 D Andromuks: AppViewModel: FCM token ready callback triggered, registering with Gomuks Backend
11-29 23:28:42.001 24474 24474 D Andromuks: AppViewModel: registerFCMWithGomuksBackend called
11-29 23:28:42.001 24474 24474 D WebClientPushIntegration: shouldRegisterPush: lastReg=1764458921820, now=1764458922001, timeSinceLastReg=181 ms, intervalMs=43200000 ms
11-29 23:28:42.001 24474 24474 D WebClientPushIntegration: shouldRegisterPush: returning false
11-29 23:28:42.001 24474 24474 D Andromuks: AppViewModel: shouldRegisterPush() called, result=false
11-29 23:28:42.001 24474 24474 D Andromuks: AppViewModel: shouldRegisterPush() returned false
11-29 23:28:42.001 24474 24474 D Andromuks: AppViewModel: hasRegisteredViaWebSocket=true, forceRegistration=false
11-29 23:28:42.001 24474 24474 D Andromuks: AppViewModel: Always registering FCM on WebSocket connection to ensure backend has current token
11-29 23:28:42.001 24474 24474 D WebClientPushIntegration: getDeviceID: returning NKVMXDXVQI
11-29 23:28:42.001 24474 24474 D WebClientPushIntegration: getPushEncryptionKey: Reusing existing key from SharedPreferences
11-29 23:28:42.001 24474 24474 D WebClientPushIntegration: getPushEncryptionKey: Existing key (first 20 chars): MWI0MjhhZWM4YjdhNDI5...
11-29 23:28:42.001 24474 24474 D Andromuks: AppViewModel: registerFCMWithGomuksBackend - token=d071VMVxRoiBywghIkIw..., deviceId=NKVMXDXVQI, encryptionKey=MWI0MjhhZWM4YjdhNDI5...
11-29 23:28:42.001 24474 24474 D Andromuks: AppViewModel: webClientPushIntegration=true
11-29 23:28:42.001 24474 24474 D Andromuks: AppViewModel: Registering FCM with request_id=3
11-29 23:28:42.001 24474 24474 D Andromuks: AppViewModel: Sending WebSocket command: register_push with data: {type=fcm, device_id=NKVMXDXVQI, data=d071VMVxRoiBywghIkIwRu:APA91bGYGOSSxUP1SWuGd46qHwv8NrR2kSRF0iYsvXBaCxAOt9KeYrDHMQaT3uO0RhVzMMxFscfY1pxGpwinTTJYHslZZjomyLkuJxshsQWEYeww9IfIgt4, encryption={key=MWI0MjhhZWM4YjdhNDI5MDg5YTdiZWJiMjI0OGE5ZTE=}, expiration=1764545322}
11-29 23:28:42.001 24474 24474 D Andromuks: AppViewModel: Saved 2 pending WebSocket operations to storage
11-29 23:28:42.001 24474 24474 D Andromuks: AppViewModel: Tracking command 'register_push' with request_id: 3 for acknowledgment
11-29 23:28:42.001 24474 24474 D Andromuks: sendWebSocketCommand: command='register_push', requestId=3, data={"type":"fcm","device_id":"NKVMXDXVQI","data":"d071VMVxRoiBywghIkIwRu:APA91bGYGOSSxUP1SWuGd46qHwv8NrR2kSRF0iYsvXBaCxAOt9KeYrDHMQaT3uO0RhVzMMxFscfY1pxGpwinTTJYHslZZjomyLkuJxshsQWEYeww9IfIgt4","encrypti
11-29 23:28:42.001 24474 24474 D Andromuks: AppViewModel: Sent FCM registration to Gomuks Backend with device_id=NKVMXDXVQI
11-29 23:28:42.001 24474 24474 D FCMNotificationManager: initializeAndRegister called with homeserverUrl=https://webmuks.aguiarvieira.pt, userId=@daedric:aguiarvieira.pt, accessToken=eyJ1c2VybmFtZSI6ImRh...
11-29 23:28:42.002 24474 24553 D FCMNotificationManager: Getting FCM token...
11-29 23:28:42.006 24474 24553 D FCMNotificationManager: FCM Token received: d071VMVxRoiBywghIkIwRu:APA91bGYGOSSxUP1SWuGd46qHwv...
11-29 23:28:42.006 24474 24553 D FCMNotificationManager: Credentials stored
11-29 23:28:42.007 24474 24553 D FCMNotificationManager: Stored FCM token for Gomuks Backend registration: d071VMVxRoiBywghIkIwRu:APA91bGYGOSSxUP1SWuGd46qHwv8NrR2kSRF0iYsvXBaCxAOt9KeYrDHMQaT3uO0RhVzMMxFscfY1pxGpwinTTJYHslZZjomyLkuJxshsQWEYeww9IfIgt4
11-29 23:28:42.007 24474 24553 D FCMNotificationManager: Backend registration result: true
11-29 23:28:42.007 24474 24553 D FCMNotificationManager: Successfully registered FCM token with backend
11-29 23:28:42.007 24474 24553 D FCMNotificationManager: Calling onTokenReadyCallback
11-29 23:28:42.007 24474 24553 D FCMNotificationManager: FCM token ready, triggering Gomuks Backend registration callback
11-29 23:28:42.007 24474 24553 D Andromuks: AppViewModel: FCM token ready callback triggered, registering with Gomuks Backend
11-29 23:28:42.007 24474 24553 D Andromuks: AppViewModel: registerFCMWithGomuksBackend called
11-29 23:28:42.007 24474 24553 D WebClientPushIntegration: shouldRegisterPush: lastReg=1764458921820, now=1764458922007, timeSinceLastReg=187 ms, intervalMs=43200000 ms
11-29 23:28:42.007 24474 24553 D WebClientPushIntegration: shouldRegisterPush: returning false
11-29 23:28:42.007 24474 24553 D Andromuks: AppViewModel: shouldRegisterPush() called, result=false
11-29 23:28:42.007 24474 24553 D Andromuks: AppViewModel: shouldRegisterPush() returned false
11-29 23:28:42.007 24474 24553 D Andromuks: AppViewModel: hasRegisteredViaWebSocket=true, forceRegistration=false
11-29 23:28:42.007 24474 24553 D Andromuks: AppViewModel: Always registering FCM on WebSocket connection to ensure backend has current token
11-29 23:28:42.007 24474 24553 D WebClientPushIntegration: getDeviceID: returning NKVMXDXVQI
11-29 23:28:42.007 24474 24553 D WebClientPushIntegration: getPushEncryptionKey: Reusing existing key from SharedPreferences
11-29 23:28:42.007 24474 24553 D WebClientPushIntegration: getPushEncryptionKey: Existing key (first 20 chars): MWI0MjhhZWM4YjdhNDI5...
11-29 23:28:42.007 24474 24553 D Andromuks: AppViewModel: registerFCMWithGomuksBackend - token=d071VMVxRoiBywghIkIw..., deviceId=NKVMXDXVQI, encryptionKey=MWI0MjhhZWM4YjdhNDI5...
11-29 23:28:42.007 24474 24553 D Andromuks: AppViewModel: webClientPushIntegration=true
11-29 23:28:42.007 24474 24553 D Andromuks: AppViewModel: Registering FCM with request_id=4
11-29 23:28:42.007 24474 24553 D Andromuks: AppViewModel: Sending WebSocket command: register_push with data: {type=fcm, device_id=NKVMXDXVQI, data=d071VMVxRoiBywghIkIwRu:APA91bGYGOSSxUP1SWuGd46qHwv8NrR2kSRF0iYsvXBaCxAOt9KeYrDHMQaT3uO0RhVzMMxFscfY1pxGpwinTTJYHslZZjomyLkuJxshsQWEYeww9IfIgt4, encryption={key=MWI0MjhhZWM4YjdhNDI5MDg5YTdiZWJiMjI0OGE5ZTE=}, expiration=1764545322}
11-29 23:28:42.008 24474 24553 D Andromuks: AppViewModel: Saved 3 pending WebSocket operations to storage
11-29 23:28:42.008 24474 24553 D Andromuks: AppViewModel: Tracking command 'register_push' with request_id: 4 for acknowledgment
11-29 23:28:42.008 24474 24553 D Andromuks: sendWebSocketCommand: command='register_push', requestId=4, data={"type":"fcm","device_id":"NKVMXDXVQI","data":"d071VMVxRoiBywghIkIwRu:APA91bGYGOSSxUP1SWuGd46qHwv8NrR2kSRF0iYsvXBaCxAOt9KeYrDHMQaT3uO0RhVzMMxFscfY1pxGpwinTTJYHslZZjomyLkuJxshsQWEYeww9IfIgt4","encrypti
11-29 23:28:42.008 24474 24553 D Andromuks: AppViewModel: Sent FCM registration to Gomuks Backend with device_id=NKVMXDXVQI
11-29 23:28:42.017 24474 24514 D Andromuks: AppViewModel: Queued initial sync_complete message (queue size: 6)
11-29 23:28:42.026 24474 24513 D Andromuks: AppViewModel: Queued initial sync_complete message (queue size: 7)
11-29 23:28:42.036 24474 24537 D Andromuks: AppViewModel: Queued initial sync_complete message (queue size: 8)
11-29 23:28:42.036 24474 24542 D Andromuks: AppViewModel: Processing 8 queued initial sync_complete messages
11-29 23:28:42.036 24474 24542 D Andromuks: AppViewModel: Processing queued initial sync_complete message 1/8
11-29 23:28:42.036 24474 24542 D WebSocketService: updateLastSyncTimestamp() called - connectionState: CONNECTED
11-29 23:28:42.036 24474 24542 I WebSocketService: First sync_complete received, starting ping loop
11-29 23:28:42.036 24474 24542 D Andromuks: AppViewModel: STEP 1.2 - Activity log callback triggered: event=WebSocket Ready, networkType=WIFI
11-29 23:28:42.037 24474 24542 D Andromuks: AppViewModel: Saved 100 activity log entries to storage
11-29 23:28:42.037 24474 24542 D Andromuks: AppViewModel: Logged activity - WebSocket Ready
11-29 23:28:42.037 24474 24542 D WebSocketService: STEP 1.3 - Activity log callback invoked: event=WebSocket Ready
11-29 23:28:42.038 24474 24542 D WebSocketService: Ping loop started
11-29 23:28:42.038 24474 24542 I WebSocketService: Pinger status: Running (lastReceivedSyncId: -23284, lastKnownLag: nullms)
11-29 23:28:42.038 24474 24537 D WebSocketService: Ping loop coroutine started
11-29 23:28:42.038 24474 24537 D WebSocketService: Ping loop: isActive=true, connectionState=CONNECTED
11-29 23:28:42.038 24474 24537 D WebSocketService: Ping loop: sending immediate ping on start
11-29 23:28:42.038 24474 24537 D WebSocketService: Sending ping (requestId: 1, lastReceivedSyncId: -23284)
11-29 23:28:42.038 24474 24537 I WebSocketService: Pinger status: Sending ping (requestId: 1, lastReceivedSyncId: -23284)
11-29 23:28:42.038 24474 24542 I WS-Toggle: id=5 ts=1764458922038 event=updateConnectionStatus details=[isConnected=true lag=null lastSync=1764458922036] stack=[WebSocketService#updateConnectionStatus:2791 | WebSocketService$Companion#updateConnectionStatus:548 | WebSocketService$Companion#updateLastSyncTimestamp:1376 | AppViewModel#processInitialSyncComplete:3590 | AppViewModel#access$processInitialSyncComplete:93 | AppViewModel$onInitComplete$1#invokeSuspend:4314]
11-29 23:28:42.038 24474 24537 I WebSocketService: PING JSON: {"command":"ping","data":{"last_received_id":-23284},"request_id":1}
11-29 23:28:42.038 24474 24537 D WebSocketService: Ping sent successfully
11-29 23:28:42.039 24474 24542 D WebSocketService: Throttling notification update (46ms < 500ms)
11-29 23:28:42.044 24474 24537 I Andromuks: AppViewModel: PHASE 5.3 - Command acknowledged by request_id: requestId=2, command=register_push, type=command_register_push, elapsed=45ms
11-29 23:28:42.045 24474 24537 D Andromuks: AppViewModel: Saved 100 activity log entries to storage
11-29 23:28:42.045 24474 24537 D Andromuks: AppViewModel: Logged activity - Command Acknowledged - register_push (request_id: 2)
11-29 23:28:42.045 24474 24537 D Andromuks: AppViewModel: Saved 2 pending WebSocket operations to storage
11-29 23:28:42.045 24474 24537 D Andromuks: AppViewModel: Removed acknowledged command from queue (2 remaining)
11-29 23:28:42.045 24474 24537 D Andromuks: AppViewModel: handleFCMRegistrationResponse called with requestId=2, dataType=Boolean
11-29 23:28:42.045 24474 24537 D Andromuks: AppViewModel: FCM registration response data: true
11-29 23:28:42.045 24474 24537 I Andromuks: AppViewModel: FCM registration successful (boolean true)
11-29 23:28:42.045 24474 24537 D WebClientPushIntegration: Marked push registration as completed at timestamp: 1764458922045
11-29 23:28:42.045 24474 24537 D Andromuks: AppViewModel: Marked FCM as registered via WebSocket
11-29 23:28:42.061 24474 24474 D Andromuks: RoomListScreen: Pending processing completed
11-29 23:28:42.061 24474 24474 D Andromuks: RoomListScreen: Spaces already loaded on first render
11-29 23:28:42.061 24474 24474 D Andromuks: RoomListScreen: Spaces loaded - room list ready
11-29 23:28:42.062 24474 24474 D Andromuks: RoomListScreen: Waiting for initial sync to complete...
11-29 23:28:42.070 24474 24542 D Andromuks: AppViewModel: Processing queued initial sync_complete message 2/8
11-29 23:28:42.070 24474 24542 D WebSocketService: updateLastSyncTimestamp() called - connectionState: CONNECTED
11-29 23:28:42.071 24474 24542 I WS-Toggle: id=6 ts=1764458922070 event=updateConnectionStatus details=[isConnected=true lag=null lastSync=1764458922070] stack=[WebSocketService#updateConnectionStatus:2791 | WebSocketService$Companion#updateConnectionStatus:548 | WebSocketService$Companion#updateLastSyncTimestamp:1376 | AppViewModel#processInitialSyncComplete:3590 | AppViewModel#access$processInitialSyncComplete:93 | AppViewModel$onInitComplete$1#invokeSuspend:4314]
11-29 23:28:42.073 24474 24542 D WebSocketService: Throttling notification update (80ms < 500ms)
11-29 23:28:42.079 24474 24513 D Andromuks: AppViewModel: allSpaces set to 36 spaces
11-29 23:28:42.080 24474 24513 D Andromuks: AppViewModel: Storing space edges for later processing
11-29 23:28:42.102 24474 24474 D Andromuks: AppViewModel: MEMBER PROCESSING - No rooms with member events in this sync
11-29 23:28:42.103 24474 24474 D Andromuks: AppViewModel: Total rooms now: 580 (updated: 0, new: 0, removed: 0) - sync message #1 [App visible: true]
11-29 23:28:42.103 24474 24474 D Andromuks: AppViewModel: Updated low priority rooms set: 18 rooms (changed)
11-29 23:28:42.107 24474 24474 D Andromuks: AppViewModel: SYNC OPTIMIZATION - Room state changed, updating data without sorting
11-29 23:28:42.110 24474 24474 D Andromuks: AppViewModel: SYNC OPTIMIZATION - Room data unchanged, skipping updates
11-29 23:28:42.110 24474 24474 D Andromuks: AppViewModel: SYNC OPTIMIZATION - Room data updated (no sorting), debounced sort scheduled
11-29 23:28:42.112 24474 24537 D SyncIngestor: Replaced all spaces with 36 spaces from top_level_spaces
11-29 23:28:42.114 24474 24552 I Andromuks: PONG JSON (compressed): {"command":"pong","request_id":1,"data":null}
11-29 23:28:42.115 24474 24513 I Andromuks: AppViewModel: PHASE 5.3 - Command acknowledged by request_id: requestId=3, command=register_push, type=command_register_push, elapsed=114ms
11-29 23:28:42.116 24474 24515 D WebSocketService: Pong received, lag: 78ms
11-29 23:28:42.116 24474 24515 I WS-Toggle: id=7 ts=1764458922116 event=updateConnectionStatus details=[isConnected=true lag=78 lastSync=1764458922070] stack=[WebSocketService#updateConnectionStatus:2791 | WebSocketService$Companion#updateConnectionStatus:548 | WebSocketService$Companion#handlePong:1007 | NetworkUtilsKt$connectToWebsocket$websocketListener$1$onMessage$12#invokeSuspend:644 | BaseContinuationImpl#resumeWith:34 | DispatchedTask#run:104]
11-29 23:28:42.116 24474 24513 D Andromuks: AppViewModel: Saved 100 activity log entries to storage
11-29 23:28:42.116 24474 24513 D Andromuks: AppViewModel: Logged activity - Command Acknowledged - register_push (request_id: 3)
11-29 23:28:42.116 24474 24513 D Andromuks: AppViewModel: Saved 1 pending WebSocket operations to storage
11-29 23:28:42.117 24474 24513 D Andromuks: AppViewModel: Removed acknowledged command from queue (1 remaining)
11-29 23:28:42.117 24474 24513 D Andromuks: AppViewModel: handleFCMRegistrationResponse called with requestId=3, dataType=Boolean
11-29 23:28:42.117 24474 24513 D Andromuks: AppViewModel: FCM registration response data: true
11-29 23:28:42.117 24474 24513 I Andromuks: AppViewModel: FCM registration successful (boolean true)
11-29 23:28:42.117 24474 24513 D WebClientPushIntegration: Marked push registration as completed at timestamp: 1764458922117
11-29 23:28:42.117 24474 24513 D Andromuks: AppViewModel: Marked FCM as registered via WebSocket
11-29 23:28:42.117 24474 24514 I Andromuks: AppViewModel: PHASE 5.3 - Command acknowledged by request_id: requestId=4, command=register_push, type=command_register_push, elapsed=109ms
11-29 23:28:42.117 24474 24515 D WebSocketService: Throttling notification update (123ms < 500ms)
11-29 23:28:42.117 24474 24514 D Andromuks: AppViewModel: Saved 100 activity log entries to storage
11-29 23:28:42.117 24474 24514 D Andromuks: AppViewModel: Logged activity - Command Acknowledged - register_push (request_id: 4)
11-29 23:28:42.118 24474 24514 D Andromuks: AppViewModel: Saved 0 pending WebSocket operations to storage
11-29 23:28:42.118 24474 24514 D Andromuks: AppViewModel: Removed acknowledged command from queue (0 remaining)
11-29 23:28:42.118 24474 24514 D Andromuks: AppViewModel: handleFCMRegistrationResponse called with requestId=4, dataType=Boolean
11-29 23:28:42.118 24474 24514 D Andromuks: AppViewModel: FCM registration response data: true
11-29 23:28:42.118 24474 24514 I Andromuks: AppViewModel: FCM registration successful (boolean true)
11-29 23:28:42.118 24474 24514 D WebClientPushIntegration: Marked push registration as completed at timestamp: 1764458922118
11-29 23:28:42.118 24474 24514 D Andromuks: AppViewModel: Marked FCM as registered via WebSocket
11-29 23:28:42.125 24474 24542 D Andromuks: AppViewModel: Processing queued initial sync_complete message 3/8
11-29 23:28:42.125 24474 24542 D WebSocketService: updateLastSyncTimestamp() called - connectionState: CONNECTED
11-29 23:28:42.125 24474 24542 I WS-Toggle: id=8 ts=1764458922125 event=updateConnectionStatus details=[isConnected=true lag=78 lastSync=1764458922125] stack=[WebSocketService#updateConnectionStatus:2791 | WebSocketService$Companion#updateConnectionStatus:548 | WebSocketService$Companion#updateLastSyncTimestamp:1376 | AppViewModel#processInitialSyncComplete:3590 | AppViewModel#access$processInitialSyncComplete:93 | AppViewModel$onInitComplete$1#invokeSuspend:4314]
11-29 23:28:42.128 24474 24542 D WebSocketService: Throttling notification update (135ms < 500ms)
11-29 23:28:42.132 24474 24474 D Andromuks: AppViewModel: MEMBER PROCESSING - Processing 97 rooms with member events [App visible: true]
11-29 23:28:42.132 24474 24474 D Andromuks: AppViewModel: New member joined: @alex711029:matrix.org in room !1cmc7qKPJoALAKiaFHPa80x7xhTi93A7j14BSnmzhto - triggering immediate UI update
11-29 23:28:42.132 24474 24474 D Andromuks: AppViewModel: New member joined: @mon.infra.jess:matrix.org in room !5rEAuuJ7dFQ7vVvIPU94bOoPhme75SYX18peBenN_GY - triggering immediate UI update
11-29 23:28:42.132 24474 24474 D Andromuks: AppViewModel: New member joined: @system:corellia.timedout.uk in room !79d6Qowfu2eD3MUVPJ:nexy7574.co.uk - triggering immediate UI update
11-29 23:28:42.132 24474 24474 D Andromuks: AppViewModel: New member joined: @abuse:aguiarvieira.pt in room !CWftAwJgoDbPuXCPgg:aguiarvieira.pt - triggering immediate UI update
11-29 23:28:42.132 24474 24474 D Andromuks: AppViewModel: New member joined: @funar:mgamers.com in room !Gc2NXFHK1tBk2ss9357AFXOQPNi1qkZd-4yxyR2F-uA - triggering immediate UI update
11-29 23:28:42.132 24474 24474 D Andromuks: AppViewModel: New member joined: @nullop:matrix.org in room !HVoAt21AG2FXdZYVmtR-kew6hj7IbfhZpPqmrSXxzrc - triggering immediate UI update
11-29 23:28:42.133 24474 24474 D Andromuks: AppViewModel: New member joined: @lunar:unredacted.org in room !IJ7cZBAGvDBxZ8M3b21HZY2W0Tu8Ltl6x45OqUdVaQo - triggering immediate UI update
11-29 23:28:42.133 24474 24474 D Andromuks: AppViewModel: New member joined: @github:maunium.net in room !IaWNErZAgQUhGqJXjX:matrix.org - triggering immediate UI update
11-29 23:28:42.133 24474 24474 D Andromuks: AppViewModel: New member joined: @abuse:aguiarvieira.pt in room !IeWLVCQO4YviYfUxG-ca-eV5Vo__EcHXD-uD0CwVDLU - triggering immediate UI update
11-29 23:28:42.133 24474 24474 D Andromuks: AppViewModel: New member joined: @_discord_771884149190950932:t2bot.io in room !KQaqifczWbCaidLETg:matrix.org - triggering immediate UI update
11-29 23:28:42.133 24474 24474 D Andromuks: AppViewModel: New member joined: @banana:codestorm.net in room !KkOofIGkEVPtzUUVlJ:matrix.org - triggering immediate UI update
11-29 23:28:42.133 24474 24474 D Andromuks: AppViewModel: New member joined: @rss:aguiarvieira.pt in room !KnJNZiLZGCpezHYZMw:aguiarvieira.pt - triggering immediate UI update
11-29 23:28:42.133 24474 24474 D Andromuks: AppViewModel: New member joined: @lamp:kitty.haus in room !Ky5AhQMtLqvpRaZi7d2Br86i9hY_7gLFMQxV6MaCaQY - triggering immediate UI update
11-29 23:28:42.133 24474 24474 D Andromuks: AppViewModel: New member joined: @ninchuka:envs.net in room !L58ME6ufiP49v97UIOBIpvWKEgj4912JmECPuDzlvCI - triggering immediate UI update
11-29 23:28:42.133 24474 24474 D Andromuks: AppViewModel: New member joined: @ifiguero:matrix.org in room !LDmxrFrdpJfFqBmcfN:matrix.org - triggering immediate UI update
11-29 23:28:42.133 24474 24474 D Andromuks: AppViewModel: New member joined: @felineterrorist:matrix.org in room !MBrxZRUoApYYjmyion:t2bot.io - triggering immediate UI update
11-29 23:28:42.134 24474 24474 D Andromuks: AppViewModel: New member joined: @vulturcadens:matrix.org in room !MXIMfhTMMRFPuXSKJZ:matrix.org - triggering immediate UI update
11-29 23:28:42.134 24474 24474 D Andromuks: AppViewModel: New member joined: @i27gie0ba31hfh4t:matrix.org in room !NOGZYBedfuPsideoi2PSA_ouduzbb2mKrhu3fbUIeWk - triggering immediate UI update
11-29 23:28:42.134 24474 24474 D Andromuks: AppViewModel: New member joined: @jfdiscord_258641016762925068:im.jellyfin.org in room !NaLbfexyNIBQDbzGwB:bonifacelabs.ca - triggering immediate UI update
11-29 23:28:42.134 24474 24474 D Andromuks: AppViewModel: New member joined: @draupnir:aguiarvieira.pt in room !NeNsUzKQh3xLALCQDbXI6kpecM4iWtnK9-0pemB4Fcs - triggering immediate UI update
11-29 23:28:42.134 24474 24474 D Andromuks: AppViewModel: New member joined: @draupnir:aguiarvieira.pt in room !OAzHFoopMVDOungSCC:aguiarvieira.pt - triggering immediate UI update
11-29 23:28:42.134 24474 24474 D Andromuks: AppViewModel: New member joined: @multivoxmuse:wetfish.chat in room !OwmlYgxhZxQwJJyQRi:wetfish.chat - triggering immediate UI update
11-29 23:28:42.134 24474 24474 D Andromuks: AppViewModel: New member joined: @zyx:envs.net in room !P7tIaLMFHT55GuONJ7UQ87M0SkqfpjofluPqmu0wOeY - triggering immediate UI update
11-29 23:28:42.134 24474 24474 D Andromuks: AppViewModel: New member joined: @rss:aguiarvieira.pt in room !QZvjGxxEOHURBggqzS:aguiarvieira.pt - triggering immediate UI update
11-29 23:28:42.134 24474 24474 D Andromuks: AppViewModel: New member joined: @strypey:matrix.iridescent.nz in room !QiAkLlilPoSumAHcEZ:matrix.org - triggering immediate UI update
11-29 23:28:42.134 24474 24474 D Andromuks: AppViewModel: New member joined: @curid:matrix.org in room !SAwLbTTygRriVkdOVq:matrix.org - triggering immediate UI update
11-29 23:28:42.134 24474 24474 D Andromuks: AppViewModel: New member joined: @rss:aguiarvieira.pt in room !SJQbCoSXJmTkmIedQB:lonenomad.net - triggering immediate UI update
11-29 23:28:42.135 24474 24474 D Andromuks: AppViewModel: New member joined: @abuse:matrix.org in room !SzoPnANsRYxITaDPaJ:matrix.org - triggering immediate UI update
11-29 23:28:42.135 24474 24474 D Andromuks: AppViewModel: New member joined: @whatsapp_351916418543:matrixbridg.es in room !TvTwyPwXFjRVYaEGMF:matrixbridg.es - triggering immediate UI update
11-29 23:28:42.135 24474 24474 D Andromuks: AppViewModel: New member joined: @grossaffe:matrix.org in room !UbCmIlGTHNIgIRZcpt:nheko.im - triggering immediate UI update
11-29 23:28:42.135 24474 24474 D Andromuks: AppViewModel: New member joined: @chewie9999:matrix.org in room !VMUpuubSCTxMbZkuZa:cybre.space - triggering immediate UI update
11-29 23:28:42.135 24474 24474 D Andromuks: AppViewModel: New member joined: @rss:aguiarvieira.pt in room !XmThfTyjzQZeWpVedZ:aguiarvieira.pt - triggering immediate UI update
11-29 23:28:42.135 24474 24474 D Andromuks: AppViewModel: New member joined: @_discord_124947287477583875:t2bot.io in room !YiVedtxTnrdOEldoBy:matrix.org - triggering immediate UI update
11-29 23:28:42.135 24474 24474 D Andromuks: AppViewModel: New member joined: @telegram_850509253:ansol.org in room !YqyIDlYeOQCXAQDjAJ:matrix.org - triggering immediate UI update
11-29 23:28:42.135 24474 24474 D Andromuks: AppViewModel: New member joined: @diunoracle:aguiarvieira.pt in room !ZHRiYZyqQLzKrqOCXX:aguiarvieira.pt - triggering immediate UI update
11-29 23:28:42.135 24474 24474 D Andromuks: AppViewModel: New member joined: @t-800:matrix.org in room !ZaIwvFsWlBknvkSeWT:matrix.org - triggering immediate UI update
11-29 23:28:42.136 24474 24474 D Andromuks: AppViewModel: New member joined: @tolookah:matrix.org in room !aPQx8hPCm0vu6PiwsZbVSsVPlugBWOyanle4y5-8p7Q - triggering immediate UI update
11-29 23:28:42.136 24474 24474 D Andromuks: AppViewModel: New member joined: @cururu123:matrix.org in room !aeqBaedszwyzKfuoIT:matrix.org - triggering immediate UI update
11-29 23:28:42.136 24474 24474 D Andromuks: AppViewModel: New member joined: @interirc:matrix.org in room !bFjeGzjHAZhqKKtiBW:matrix.org - triggering immediate UI update
11-29 23:28:42.136 24474 24474 D Andromuks: AppViewModel: Member left/banned: @hbirc_liberachat-mdad_guest11:devture.com in room !cNSQwPqhHKkIZdBnvt:devture.com - triggering immediate UI update
11-29 23:28:42.136 24474 24474 D Andromuks: AppViewModel: New member joined: @tuxayo:matrix.org in room !cZCRCLmQmHAGnBqmIE:matrix.org - triggering immediate UI update
11-29 23:28:42.136 24474 24474 D Andromuks: AppViewModel: New member joined: @bgtlover:stealthy.club in room !dAdMsQExaTsVzKcYhH:imbitbu.de - triggering immediate UI update
11-29 23:28:42.136 24474 24474 D Andromuks: AppViewModel: New member joined: @nihal_navath:matrix.org in room !dCRiCiLaCCFVNlDnYs:matrix.org - triggering immediate UI update
11-29 23:28:42.136 24474 24474 D Andromuks: AppViewModel: New member joined: @hookshot:aguiarvieira.pt in room !dJHQaRcVLWIMxLivve:aguiarvieira.pt - triggering immediate UI update
11-29 23:28:42.136 24474 24474 D Andromuks: AppViewModel: New member joined: @turbo123:matrix.org in room !dKzhMyWKPUvraEvWGN:matrix.org - triggering immediate UI update
11-29 23:28:42.136 24474 24474 D Andromuks: AppViewModel: New member joined: @bot:continuwuity.org in room !dev-1:continuwuity.org - triggering immediate UI update
11-29 23:28:42.137 24474 24474 D Andromuks: AppViewModel: New member joined: @_webhooks_sonarr:aguiarvieira.pt in room !eolTFrNFYEyFjiumiP:aguiarvieira.pt - triggering immediate UI update
11-29 23:28:42.137 24474 24474 D Andromuks: AppViewModel: New member joined: @jfdiscord_302447908307861505:im.jellyfin.org in room !flDUDlxzYhNVyLEcSA:bonifacelabs.ca - triggering immediate UI update
11-29 23:28:42.137 24474 24474 D Andromuks: AppViewModel: New member joined: @gan:skhron.org in room !fo2YUTHHGEPw7SfF0w_FDVIUKk6sAPVhcLbS5XW8OlY - triggering immediate UI update
11-29 23:28:42.137 24474 24474 D Andromuks: AppViewModel: New member joined: @rss:aguiarvieira.pt in room !fvbspEOqNRFtyTSxFu:aguiarvieira.pt - triggering immediate UI update
11-29 23:28:42.137 24474 24474 D Andromuks: AppViewModel: New member joined: @github:maunium.net in room !gomuks2fjNJgXSZ-lZPoQWB_2za-KW_l2Hs6roxWKk4 - triggering immediate UI update
11-29 23:28:42.137 24474 24474 D Andromuks: AppViewModel: New member joined: @rss:aguiarvieira.pt in room !hvFPvWLsMAWJbWTsSt:aguiarvieira.pt - triggering immediate UI update
11-29 23:28:42.137 24474 24474 D Andromuks: AppViewModel: Member left/banned: @lolinator:unredacted.org in room !ilY68u_Ttud49ASzQ_gPVd3CCfdOa5P29Ainys7x4xc - triggering immediate UI update
11-29 23:28:42.137 24474 24474 D Andromuks: AppViewModel: New member joined: @sypher1:matrix.org in room !iuyQXswfjgxQMZGrfQ:matrix.org - triggering immediate UI update
11-29 23:28:42.138 24474 24474 D Andromuks: AppViewModel: New member joined: @trentonuwu:stormyyy.xyz in room !kiP76YI0AlDqXjcKj2nM_Bq30GCgGWehndSt3iyA85E - triggering immediate UI update
11-29 23:28:42.138 24474 24474 D Andromuks: AppViewModel: New member joined: @hookshot:aguiarvieira.pt in room !lgkFqiWbOWlhdGGrNg:aguiarvieira.pt - triggering immediate UI update
11-29 23:28:42.138 24474 24474 D Andromuks: AppViewModel: New member joined: @techmetx11:digitalprivacy.diy in room !mMaJdKUByYOCaWcLJS:daedric.net - triggering immediate UI update
11-29 23:28:42.138 24474 24474 D Andromuks: AppViewModel: New member joined: @github:maunium.net in room !maudcarBFGzzh29d4ILqt-brFj-g8YlYQ10LarmkK5c - triggering immediate UI update
11-29 23:28:42.138 24474 24474 D Andromuks: AppViewModel: New member joined: @github:maunium.net in room !mausgp8oQVwgry4kjfKSxqNj-O9Nkez81Cl591w8jkI - triggering immediate UI update
11-29 23:28:42.138 24474 24474 D Andromuks: AppViewModel: New member joined: @github:maunium.net in room !mautg3nVVaWw3yY1TTSU7xdqwHypJHcRzIyxj4KDFbo - triggering immediate UI update
11-29 23:28:42.138 24474 24474 D Andromuks: AppViewModel: New member joined: @github:maunium.net in room !mauwaAmuICl7LX3zScirNC4eXkUJsD9iQiFLAIZPqw0 - triggering immediate UI update
11-29 23:28:42.138 24474 24474 D Andromuks: AppViewModel: New member joined: @github:maunium.net in room !meowlnhtwBE9OMcLF2BTLAk_VDBXXBXIvno5OfjzdrU - triggering immediate UI update
11-29 23:28:42.138 24474 24474 D Andromuks: AppViewModel: New member joined: @serviceaccount:codestorm.net in room !naAedOOzARDkWVFRXt:codestorm.net - triggering immediate UI update
11-29 23:28:42.138 24474 24474 D Andromuks: AppViewModel: New member joined: @yamatoryou:matrix.org in room !nqXEcZbBVWpiHLmQhVANyKwuRD3d672nXjd1iEKPuTU - triggering immediate UI update
11-29 23:28:42.139 24474 24474 D Andromuks: AppViewModel: New member joined: @bgtlover:stealthy.club in room !offtopic-2:continuwuity.org - triggering immediate UI update
11-29 23:28:42.139 24474 24474 D Andromuks: AppViewModel: New member joined: @sojovec:matrix.org in room !pTQhvMAPRzjgLkuuQY:vern.cc - triggering immediate UI update
11-29 23:28:42.139 24474 24474 D Andromuks: AppViewModel: New member joined: @rozgardiasz:matrix.org in room !sTwHGfxggXKsBnWWSE:matrix.org - triggering immediate UI update
11-29 23:28:42.139 24474 24474 D Andromuks: AppViewModel: New member joined: @rss:aguiarvieira.pt in room !ssIhMXGYzhjWIpLQSC:aguiarvieira.pt - triggering immediate UI update
11-29 23:28:42.139 24474 24474 D Andromuks: AppViewModel: New member joined: @rss:aguiarvieira.pt in room !tjjuQfDIwSCAzJwWnU:aguiarvieira.pt - triggering immediate UI update
11-29 23:28:42.139 24474 24474 D Andromuks: AppViewModel: New member joined: @timelessness:matrix.org in room !uBrytbryWIWivvlicl:matrix.org - triggering immediate UI update
11-29 23:28:42.139 24474 24474 D Andromuks: AppViewModel: New member joined: @_discord_901532975336927312_tuxdb.com=20=5bhumble=20bundle=5d:t2bot.io in room !umIcLcpfUCmYyOkpxC:matrix.org - triggering immediate UI update
11-29 23:28:42.139 24474 24474 D Andromuks: AppViewModel: New member joined: @iam_tj:matrix.org in room !vMLhvOKUhgmYGpkwjX:matrix.debian.social - triggering immediate UI update
11-29 23:28:42.139 24474 24474 D Andromuks: AppViewModel: New member joined: @github:integrations.ems.host in room !vVtVcVdzAdhGFLzFwm:matrix.org - triggering immediate UI update
11-29 23:28:42.140 24474 24474 D Andromuks: AppViewModel: New member joined: @daedric:aguiarvieira.pt in room !vzDE5GnhIhncy8gpyeK4WFPVyeWvIh8JYeM3iqR8RV8 - triggering immediate UI update
11-29 23:28:42.140 24474 24474 D Andromuks: AppViewModel: New member joined: @tekyeno:matrix.org in room !wmeowgB5YyCuz9I375Q4YOY7GHTCw0BHSpN86ebaKBw - triggering immediate UI update
11-29 23:28:42.140 24474 24474 D Andromuks: AppViewModel: New member joined: @12a19e18_2ea13:xmr.se in room !xHcpmMTfmMmEAaYiug:matrix.org - triggering immediate UI update
11-29 23:28:42.140 24474 24474 D Andromuks: AppViewModel: New member joined: @bertieb:matrix.org in room !xUW4PpAe1CmThA3r2wI8IrgwwsK006-zqWdJCljpd10 - triggering immediate UI update
11-29 23:28:42.140 24474 24474 D Andromuks: AppViewModel: MEMBER PROCESSING - Updated 97 rooms with member changes
11-29 23:28:42.150 24474 24474 D Andromuks: AppViewModel: Total rooms now: 580 (updated: 99, new: 0, removed: 0) - sync message #2 [App visible: true]
11-29 23:28:42.154 24474 24474 D Andromuks: AppViewModel: SYNC OPTIMIZATION - Room state changed, updating data without sorting
11-29 23:28:42.158 24474 24474 D Andromuks: AppViewModel: SYNC OPTIMIZATION - Room data updated (no sorting), debounced sort scheduled
11-29 23:28:42.161 24474 24542 D Andromuks: AppViewModel: Processing queued initial sync_complete message 4/8
11-29 23:28:42.161 24474 24542 D WebSocketService: updateLastSyncTimestamp() called - connectionState: CONNECTED
11-29 23:28:42.161 24474 24542 I WS-Toggle: id=9 ts=1764458922161 event=updateConnectionStatus details=[isConnected=true lag=78 lastSync=1764458922161] stack=[WebSocketService#updateConnectionStatus:2791 | WebSocketService$Companion#updateConnectionStatus:548 | WebSocketService$Companion#updateLastSyncTimestamp:1376 | AppViewModel#processInitialSyncComplete:3590 | AppViewModel#access$processInitialSyncComplete:93 | AppViewModel$onInitComplete$1#invokeSuspend:4314]
11-29 23:28:42.162 24474 24542 D WebSocketService: Throttling notification update (169ms < 500ms)
11-29 23:28:42.166 24474 24537 D PersonsApi: PersonsApi: Processed 8 person targets for notification use (not as dynamic shortcuts)
11-29 23:28:42.167 24474 24474 D Andromuks: AppViewModel: MEMBER PROCESSING - Processing 93 rooms with member events [App visible: true]
11-29 23:28:42.167 24474 24474 D Andromuks: AppViewModel: New member joined: @travis:t2l.io in room !0KNSXYXB_2xtEUkQ9MGBRy5oNIOfAKoq2uIqPZCJbI8 - triggering immediate UI update
11-29 23:28:42.168 24474 24474 D Andromuks: AppViewModel: New member joined: @onestacked:chat.onestacked.dev in room !2GTp0cl8dqhPideYm7pKNABc2m2VqBZz7pVX_UUlijE - triggering immediate UI update
11-29 23:28:42.168 24474 24474 D Andromuks: AppViewModel: New member joined: @bensonk:matrix.org in room !2fRVuWTCwD_6R3amq9xjORNONaaOVZeW3F8Z3ELMP-k - triggering immediate UI update
11-29 23:28:42.168 24474 24474 D Andromuks: AppViewModel: New member joined: @lofi:lofitrek.com in room !6uSLhpHQXN6GJzr34F:lofitrek.com - triggering immediate UI update
11-29 23:28:42.168 24474 24474 D Andromuks: AppViewModel: New member joined: @rss:aguiarvieira.pt in room !AauCRdpqhKOYuTrdDe:aguiarvieira.pt - triggering immediate UI update
11-29 23:28:42.168 24474 24474 D Andromuks: AppViewModel: New member joined: @sufficient:synapse.travelersrestelectric.com in room !AbdrObJtpUGjqqSwXw:pussthecat.org - triggering immediate UI update
11-29 23:28:42.168 24474 24474 D Andromuks: AppViewModel: New member joined: @jason:tuwunel.me in room !B11tPdunwDfh29jCp-t2PJIx5wDF3WTcyK2rW15BmHI - triggering immediate UI update
11-29 23:28:42.168 24474 24474 D Andromuks: AppViewModel: New member joined: @matrix-bridge:aguiarvieira.pt in room !BBRrrATGeXEfvKtLab:aguiarvieira.pt - triggering immediate UI update
11-29 23:28:42.168 24474 24474 D Andromuks: AppViewModel: New member joined: @palchrb:vibb.me in room !BHvcNjOBRwncDQbGOk:codestorm.net - triggering immediate UI update
11-29 23:28:42.168 24474 24474 D Andromuks: AppViewModel: New member joined: @jesse:cpluspatch.dev in room !DDKXhyfYeRuhFqQNUg:cpluspatch.dev - triggering immediate UI update
11-29 23:28:42.169 24474 24474 D Andromuks: AppViewModel: New member joined: @fox:matrix.org in room !DYiYqxdfUkKaSHUDDN:nitro.chat - triggering immediate UI update
11-29 23:28:42.169 24474 24474 D Andromuks: AppViewModel: New member joined: @abuse:matrix.org in room !DeRvyHqkqkIBbBtwsO:matrix.org - triggering immediate UI update
11-29 23:28:42.169 24474 24474 D Andromuks: AppViewModel: New member joined: @jade:continuwuity.org in room !EHp86jT1xltaYs4-1rbRJiu1zo9hDEgpYvbsPsrJDOY - triggering immediate UI update
11-29 23:28:42.169 24474 24474 D Andromuks: AppViewModel: New member joined: @abuse:matrix.org in room !ELeoNiDZVrbxOKZPAE:element.io - triggering immediate UI update
11-29 23:28:42.169 24474 24474 D Andromuks: AppViewModel: New member joined: @warden:matrix.rocks in room !GNtoVOOjThPJVPZLiB:codestorm.net - triggering immediate UI update
11-29 23:28:42.169 24474 24474 D Andromuks: AppViewModel: New member joined: @abuse:matrix.org in room !HKMjUNHEZTjndeDqhI:element.io - triggering immediate UI update
