11-28 20:53:33.690 18336 18396 I WS-Toggle: id=43 ts=1764363213688 event=updateConnectionStatus details=[isConnected=true lag=66 lastSync=1764363213688] stack=[WebSocketService#updateConnectionStatus:2472 | WebSocketService$Companion#updateConnectionStatus:296 | WebSocketService$Companion#updateLastSyncTimestamp:1124 | AppViewModel#updateRoomsFromSyncJsonAsync:3444 | NetworkUtilsKt$connectToWebsocket$websocketListener$1$onMessage$14#invokeSuspend:663 | BaseContinuationImpl#resumeWith:34]
11-28 20:53:33.700 18336 18396 D WebSocketService: Connection status updated: ðŸŸ¢ â€¢ WiFi â€¢ Lag: 66ms â€¢ Last: now â€¢ Up: 51s
11-28 20:53:33.701 18336 18396 D Andromuks: AppViewModel: Pending sync_complete requestId=-398 ignored (current pending=-398)
11-28 20:53:33.705 18336 18382 D Andromuks: SpaceRoomParser: Skipping unchanged room !xUW4PpAe1CmThA3r2wI8IrgwwsK006-zqWdJCljpd10 (backgrounded, only receipt changes)
11-28 20:53:33.705 18336 18382 D Andromuks: SpaceRoomParser: Background optimization - parsed 0 of 1 rooms (skipped 1 unchanged rooms)
11-28 20:53:33.706 18336 18336 D Andromuks: AppViewModel: MEMBER PROCESSING - No rooms with member events in this sync
11-28 20:53:33.706 18336 18336 D Andromuks: AppViewModel: No im.ponies.emote_rooms account data found
11-28 20:53:33.706 18336 18336 D Andromuks: AppViewModel: Total rooms now: 581 (updated: 0, new: 0, removed: 0) - sync message #36 [App visible: false]
11-28 20:53:33.706 18336 18336 D Andromuks: AppViewModel: Processing 0 room invitations
11-28 20:53:33.707 18336 18336 D Andromuks: AppViewModel: Total pending invites: 0
11-28 20:53:33.726 18336 18336 D Andromuks: AppViewModel: BATTERY SAVE MODE - App in background, skipping UI updates
11-28 20:53:33.758 18336 18336 D Andromuks: AppViewModel: Committed lastReceivedSyncId from -397 to -398 after persistence (pending=null)
11-28 20:53:33.758 18336 18336 D WebSocketService: Updated last_received_sync_id: -398 (run_id read from SharedPreferences)
11-28 20:53:33.918  9468  9468 I NotificationListener: received notification removed event - pt.aguiarvieira.andromuks#UserHandle{0},category=-1
11-28 20:53:35.836 18336 18408 D Andromuks: AppViewModel: Recorded pending sync_complete requestId=-399 (previous pending=null)
11-28 20:53:35.837 18336 18383 D WebSocketService: updateLastSyncTimestamp() called - connectionState: CONNECTED
11-28 20:53:35.838 18336 18383 I WS-Toggle: id=44 ts=1764363215837 event=updateConnectionStatus details=[isConnected=true lag=66 lastSync=1764363215837] stack=[WebSocketService#updateConnectionStatus:2472 | WebSocketService$Companion#updateConnectionStatus:296 | WebSocketService$Companion#updateLastSyncTimestamp:1124 | AppViewModel#updateRoomsFromSyncJsonAsync:3444 | NetworkUtilsKt$connectToWebsocket$websocketListener$1$onMessage$14#invokeSuspend:663 | BaseContinuationImpl#resumeWith:34]
11-28 20:53:35.845 18336 18383 D WebSocketService: Connection status updated: ðŸŸ¢ â€¢ WiFi â€¢ Lag: 66ms â€¢ Last: now â€¢ Up: 53s
11-28 20:53:35.845 18336 18383 D Andromuks: AppViewModel: Pending sync_complete requestId=-399 ignored (current pending=-399)
11-28 20:53:35.848 18336 18382 D Andromuks: SpaceRoomParser: Skipping unchanged room !xUW4PpAe1CmThA3r2wI8IrgwwsK006-zqWdJCljpd10 (backgrounded, only receipt changes)
11-28 20:53:35.849 18336 18382 D Andromuks: SpaceRoomParser: Background optimization - parsed 0 of 1 rooms (skipped 1 unchanged rooms)
11-28 20:53:35.849 18336 18336 D Andromuks: AppViewModel: MEMBER PROCESSING - No rooms with member events in this sync
11-28 20:53:35.850 18336 18336 D Andromuks: AppViewModel: No im.ponies.emote_rooms account data found
11-28 20:53:35.850 18336 18336 D Andromuks: AppViewModel: Total rooms now: 581 (updated: 0, new: 0, removed: 0) - sync message #37 [App visible: false]
11-28 20:53:35.850 18336 18336 D Andromuks: AppViewModel: Processing 0 room invitations
11-28 20:53:35.850 18336 18336 D Andromuks: AppViewModel: Total pending invites: 0
11-28 20:53:35.868 18336 18336 D Andromuks: AppViewModel: BATTERY SAVE MODE - App in background, skipping UI updates
11-28 20:53:35.898 18336 18336 D Andromuks: AppViewModel: Committed lastReceivedSyncId from -398 to -399 after persistence (pending=null)
11-28 20:53:35.898 18336 18336 D WebSocketService: Updated last_received_sync_id: -399 (run_id read from SharedPreferences)
11-28 20:53:36.061  9468  9468 I NotificationListener: received notification removed event - pt.aguiarvieira.andromuks#UserHandle{0},category=-1
11-28 20:53:38.601 18336 18408 D Andromuks: AppViewModel: Recorded pending sync_complete requestId=-400 (previous pending=null)
11-28 20:53:38.603 18336 18396 D WebSocketService: updateLastSyncTimestamp() called - connectionState: CONNECTED
11-28 20:53:38.604 18336 18396 I WS-Toggle: id=45 ts=1764363218603 event=updateConnectionStatus details=[isConnected=true lag=66 lastSync=1764363218603] stack=[WebSocketService#updateConnectionStatus:2472 | WebSocketService$Companion#updateConnectionStatus:296 | WebSocketService$Companion#updateLastSyncTimestamp:1124 | AppViewModel#updateRoomsFromSyncJsonAsync:3444 | NetworkUtilsKt$connectToWebsocket$websocketListener$1$onMessage$14#invokeSuspend:663 | BaseContinuationImpl#resumeWith:34]
11-28 20:53:38.613 18336 18396 D WebSocketService: Connection status updated: ðŸŸ¢ â€¢ WiFi â€¢ Lag: 66ms â€¢ Last: now â€¢ Up: 56s
11-28 20:53:38.613 18336 18396 D Andromuks: AppViewModel: Pending sync_complete requestId=-400 ignored (current pending=-400)
11-28 20:53:38.616 18336 18382 D Andromuks: SpaceRoomParser: Skipping unchanged room !YjAUNWwLVbCthyFrkz:bonifacelabs.ca (backgrounded, only receipt changes)
11-28 20:53:38.616 18336 18382 D Andromuks: SpaceRoomParser: Background optimization - parsed 0 of 1 rooms (skipped 1 unchanged rooms)
11-28 20:53:38.618 18336 18336 D Andromuks: AppViewModel: MEMBER PROCESSING - No rooms with member events in this sync
11-28 20:53:38.618 18336 18336 D Andromuks: AppViewModel: No im.ponies.emote_rooms account data found
11-28 20:53:38.618 18336 18336 D Andromuks: AppViewModel: Total rooms now: 581 (updated: 0, new: 0, removed: 0) - sync message #38 [App visible: false]
11-28 20:53:38.619 18336 18336 D Andromuks: AppViewModel: Processing 0 room invitations
11-28 20:53:38.619 18336 18336 D Andromuks: AppViewModel: Total pending invites: 0
11-28 20:53:38.635 18336 18336 D Andromuks: AppViewModel: BATTERY SAVE MODE - App in background, skipping UI updates
11-28 20:53:38.668 18336 18336 D Andromuks: AppViewModel: Committed lastReceivedSyncId from -399 to -400 after persistence (pending=null)
11-28 20:53:38.668 18336 18336 D WebSocketService: Updated last_received_sync_id: -400 (run_id read from SharedPreferences)
11-28 20:53:38.830  9468  9468 I NotificationListener: received notification removed event - pt.aguiarvieira.andromuks#UserHandle{0},category=-1
11-28 20:53:41.529 18336 18383 D WebSocketService: Callback health check: connection is CONNECTED (callback check skipped)
11-28 20:53:41.529 18336 18383 D WebSocketService: Callback health check: reconnection=true, offlineMode=true, activityLog=true
11-28 20:53:41.529 18336 18383 D WebSocketService: Running periodic state corruption check
11-28 20:53:41.529 18336 18383 D WebSocketService: Running state corruption detection...
11-28 20:53:41.529 18336 18383 D WebSocketService: No state corruption detected
11-28 20:53:42.786 18336 18383 D WebSocketService: Sending ping (requestId: 4, lastReceivedSyncId: -400)
11-28 20:53:42.786 18336 18383 I WebSocketService: Pinger status: Sending ping (requestId: 4, lastReceivedSyncId: -400)
11-28 20:53:42.787 18336 18383 I WebSocketService: PING JSON: {"command":"ping","data":{"last_received_id":-400},"request_id":4}
11-28 20:53:42.787 18336 18383 D WebSocketService: Ping sent successfully
11-28 20:53:42.848 18336 18408 I Andromuks: PONG JSON (compressed): {"command":"pong","request_id":4,"data":null}
11-28 20:53:42.851 18336 18383 D WebSocketService: Pong received, lag: 64ms
11-28 20:53:42.852 18336 18383 I WS-Toggle: id=46 ts=1764363222851 event=updateConnectionStatus details=[isConnected=true lag=64 lastSync=1764363218603] stack=[WebSocketService#updateConnectionStatus:2472 | WebSocketService$Companion#updateConnectionStatus:296 | WebSocketService$Companion#handlePong:755 | NetworkUtilsKt$connectToWebsocket$websocketListener$1$onMessage$12#invokeSuspend:644 | BaseContinuationImpl#resumeWith:34 | DispatchedTask#run:104]
11-28 20:53:42.862 18336 18383 D WebSocketService: Connection status updated: ðŸŸ¢ â€¢ WiFi â€¢ Lag: 64ms â€¢ Last: 4s ago â€¢ Up: 1m
11-28 20:53:43.081  9468  9468 I NotificationListener: received notification removed event - pt.aguiarvieira.andromuks#UserHandle{0},category=-1
11-28 20:53:43.097 18336 18408 D Andromuks: AppViewModel: Recorded pending sync_complete requestId=-401 (previous pending=null)
11-28 20:53:43.099 18336 18383 D WebSocketService: updateLastSyncTimestamp() called - connectionState: CONNECTED
11-28 20:53:43.099 18336 18383 I WS-Toggle: id=47 ts=1764363223099 event=updateConnectionStatus details=[isConnected=true lag=64 lastSync=1764363223098] stack=[WebSocketService#updateConnectionStatus:2472 | WebSocketService$Companion#updateConnectionStatus:296 | WebSocketService$Companion#updateLastSyncTimestamp:1124 | AppViewModel#updateRoomsFromSyncJsonAsync:3444 | NetworkUtilsKt$connectToWebsocket$websocketListener$1$onMessage$14#invokeSuspend:663 | BaseContinuationImpl#resumeWith:34]
11-28 20:53:43.100 18336 18383 D WebSocketService: Throttling notification update (246ms < 500ms)
11-28 20:53:43.101 18336 18383 D Andromuks: AppViewModel: Pending sync_complete requestId=-401 ignored (current pending=-401)
11-28 20:53:43.104 18336 18396 D Andromuks: SpaceRoomParser: Skipping unchanged room !offtopic-2:continuwuity.org (backgrounded, only receipt changes)
11-28 20:53:43.104 18336 18396 D Andromuks: SpaceRoomParser: Background optimization - parsed 0 of 1 rooms (skipped 1 unchanged rooms)
11-28 20:53:43.104 18336 18336 D Andromuks: AppViewModel: MEMBER PROCESSING - No rooms with member events in this sync
11-28 20:53:43.105 18336 18336 D Andromuks: AppViewModel: No im.ponies.emote_rooms account data found
11-28 20:53:43.105 18336 18336 D Andromuks: AppViewModel: Total rooms now: 581 (updated: 0, new: 0, removed: 0) - sync message #39 [App visible: false]
11-28 20:53:43.105 18336 18336 D Andromuks: AppViewModel: Processing 0 room invitations
11-28 20:53:43.105 18336 18336 D Andromuks: AppViewModel: Total pending invites: 0
11-28 20:53:43.119 18336 18336 D Andromuks: AppViewModel: BATTERY SAVE MODE - App in background, skipping UI updates
11-28 20:53:43.149 18336 18336 D Andromuks: AppViewModel: Committed lastReceivedSyncId from -400 to -401 after persistence (pending=null)
11-28 20:53:43.149 18336 18336 D WebSocketService: Updated last_received_sync_id: -401 (run_id read from SharedPreferences)
11-28 20:53:43.366 18336 18382 D WebSocketService: Delayed notification update: ðŸŸ¢ â€¢ WiFi â€¢ Lag: 64ms â€¢ Last: now â€¢ Up: 1m
11-28 20:53:43.584  9468  9468 I NotificationListener: received notification removed event - pt.aguiarvieira.andromuks#UserHandle{0},category=-1
11-28 20:53:47.808 18336 18408 D Andromuks: AppViewModel: Recorded pending sync_complete requestId=-402 (previous pending=null)
11-28 20:53:47.809 18336 18382 D WebSocketService: updateLastSyncTimestamp() called - connectionState: CONNECTED
11-28 20:53:47.811 18336 18382 I WS-Toggle: id=48 ts=1764363227810 event=updateConnectionStatus details=[isConnected=true lag=64 lastSync=1764363227809] stack=[WebSocketService#updateConnectionStatus:2472 | WebSocketService$Companion#updateConnectionStatus:296 | WebSocketService$Companion#updateLastSyncTimestamp:1124 | AppViewModel#updateRoomsFromSyncJsonAsync:3444 | NetworkUtilsKt$connectToWebsocket$websocketListener$1$onMessage$14#invokeSuspend:663 | BaseContinuationImpl#resumeWith:34]
11-28 20:53:47.813 18336 18382 D WebSocketService: Skipping notification update - text unchanged: ðŸŸ¢ â€¢ WiFi â€¢ Lag: 64ms â€¢ Last: now â€¢ Up: 1m
11-28 20:53:47.813 18336 18382 D Andromuks: AppViewModel: Pending sync_complete requestId=-402 ignored (current pending=-402)
11-28 20:53:47.817 18336 18396 D Andromuks: SpaceRoomParser: Skipping unchanged room !vzDE5GnhIhncy8gpyeK4WFPVyeWvIh8JYeM3iqR8RV8 (backgrounded, only receipt changes)
11-28 20:53:47.817 18336 18396 D Andromuks: SpaceRoomParser: Background optimization - parsed 0 of 1 rooms (skipped 1 unchanged rooms)
11-28 20:53:47.819 18336 18336 D Andromuks: AppViewModel: MEMBER PROCESSING - No rooms with member events in this sync
11-28 20:53:47.819 18336 18336 D Andromuks: AppViewModel: No im.ponies.emote_rooms account data found
11-28 20:53:47.888 18336 18336 D Andromuks: AppViewModel: Saved state to storage - run_id: 1764362305139975098, last_received_sync_id: -401, rooms: 581
11-28 20:53:47.888 18336 18336 D Andromuks: AppViewModel: Total rooms now: 581 (updated: 0, new: 0, removed: 0) - sync message #40 [App visible: false]
11-28 20:53:47.888 18336 18336 D Andromuks: AppViewModel: Processing 0 room invitations
11-28 20:53:47.888 18336 18336 D Andromuks: AppViewModel: Total pending invites: 0
11-28 20:53:47.892 18336 18336 D Andromuks: AppViewModel: BATTERY SAVE MODE - App in background, skipping UI updates
11-28 20:53:47.892 18336 18336 D Andromuks: AppViewModel: Committed lastReceivedSyncId from -401 to -402 after persistence (pending=null)
11-28 20:53:47.892 18336 18336 D WebSocketService: Updated last_received_sync_id: -402 (run_id read from SharedPreferences)
11-28 20:53:49.036 18336 18408 D Andromuks: AppViewModel: Recorded pending sync_complete requestId=-403 (previous pending=null)
11-28 20:53:49.038 18336 18396 D WebSocketService: updateLastSyncTimestamp() called - connectionState: CONNECTED
11-28 20:53:49.040 18336 18396 I WS-Toggle: id=49 ts=1764363229039 event=updateConnectionStatus details=[isConnected=true lag=64 lastSync=1764363229038] stack=[WebSocketService#updateConnectionStatus:2472 | WebSocketService$Companion#updateConnectionStatus:296 | WebSocketService$Companion#updateLastSyncTimestamp:1124 | AppViewModel#updateRoomsFromSyncJsonAsync:3444 | NetworkUtilsKt$connectToWebsocket$websocketListener$1$onMessage$14#invokeSuspend:663 | BaseContinuationImpl#resumeWith:34]
11-28 20:53:49.042 18336 18396 D WebSocketService: Skipping notification update - text unchanged: ðŸŸ¢ â€¢ WiFi â€¢ Lag: 64ms â€¢ Last: now â€¢ Up: 1m
11-28 20:53:49.042 18336 18396 D Andromuks: AppViewModel: Pending sync_complete requestId=-403 ignored (current pending=-403)
11-28 20:53:49.046 18336 18382 D Andromuks: SpaceRoomParser: Skipping unchanged room !dev-1:continuwuity.org (backgrounded, only receipt changes)
11-28 20:53:49.046 18336 18382 D Andromuks: SpaceRoomParser: Background optimization - parsed 0 of 1 rooms (skipped 1 unchanged rooms)
11-28 20:53:49.047 18336 18336 D Andromuks: AppViewModel: MEMBER PROCESSING - No rooms with member events in this sync
11-28 20:53:49.047 18336 18336 D Andromuks: AppViewModel: No im.ponies.emote_rooms account data found
11-28 20:53:49.048 18336 18336 D Andromuks: AppViewModel: Total rooms now: 581 (updated: 0, new: 0, removed: 0) - sync message #41 [App visible: false]
11-28 20:53:49.048 18336 18336 D Andromuks: AppViewModel: Processing 0 room invitations
11-28 20:53:49.048 18336 18336 D Andromuks: AppViewModel: Total pending invites: 0
11-28 20:53:49.064 18336 18336 D Andromuks: AppViewModel: BATTERY SAVE MODE - App in background, skipping UI updates
11-28 20:53:49.105 18336 18336 D Andromuks: AppViewModel: Committed lastReceivedSyncId from -402 to -403 after persistence (pending=null)
11-28 20:53:49.105 18336 18336 D WebSocketService: Updated last_received_sync_id: -403 (run_id read from SharedPreferences)
11-28 20:53:49.240 18336 18408 D Andromuks: AppViewModel: Recorded pending sync_complete requestId=-404 (previous pending=null)
11-28 20:53:49.242 18336 18411 D WebSocketService: updateLastSyncTimestamp() called - connectionState: CONNECTED
11-28 20:53:49.244 18336 18411 I WS-Toggle: id=50 ts=1764363229242 event=updateConnectionStatus details=[isConnected=true lag=64 lastSync=1764363229242] stack=[WebSocketService#updateConnectionStatus:2472 | WebSocketService$Companion#updateConnectionStatus:296 | WebSocketService$Companion#updateLastSyncTimestamp:1124 | AppViewModel#updateRoomsFromSyncJsonAsync:3444 | NetworkUtilsKt$connectToWebsocket$websocketListener$1$onMessage$14#invokeSuspend:663 | BaseContinuationImpl#resumeWith:34]
11-28 20:53:49.245 18336 18411 D WebSocketService: Skipping notification update - text unchanged: ðŸŸ¢ â€¢ WiFi â€¢ Lag: 64ms â€¢ Last: now â€¢ Up: 1m
11-28 20:53:49.245 18336 18411 D Andromuks: AppViewModel: Pending sync_complete requestId=-404 ignored (current pending=-404)
11-28 20:53:49.249 18336 18382 D Andromuks: SpaceRoomParser: Skipping unchanged room !P7tIaLMFHT55GuONJ7UQ87M0SkqfpjofluPqmu0wOeY (backgrounded, only receipt changes)
11-28 20:53:49.249 18336 18382 D Andromuks: SpaceRoomParser: Background optimization - parsed 0 of 1 rooms (skipped 1 unchanged rooms)
11-28 20:53:49.250 18336 18336 D Andromuks: AppViewModel: MEMBER PROCESSING - No rooms with member events in this sync
11-28 20:53:49.251 18336 18336 D Andromuks: AppViewModel: No im.ponies.emote_rooms account data found
11-28 20:53:49.251 18336 18336 D Andromuks: AppViewModel: Total rooms now: 581 (updated: 0, new: 0, removed: 0) - sync message #42 [App visible: false]
11-28 20:53:49.251 18336 18336 D Andromuks: AppViewModel: Processing 0 room invitations
11-28 20:53:49.251 18336 18336 D Andromuks: AppViewModel: Total pending invites: 0
11-28 20:53:49.271 18336 18336 D Andromuks: AppViewModel: BATTERY SAVE MODE - App in background, skipping UI updates
11-28 20:53:49.305 18336 18336 D Andromuks: AppViewModel: Committed lastReceivedSyncId from -403 to -404 after persistence (pending=null)
11-28 20:53:49.306 18336 18336 D WebSocketService: Updated last_received_sync_id: -404 (run_id read from SharedPreferences)
11-28 20:53:49.444 18336 18408 D Andromuks: AppViewModel: Recorded pending sync_complete requestId=-405 (previous pending=null)
11-28 20:53:49.446 18336 18396 D WebSocketService: updateLastSyncTimestamp() called - connectionState: CONNECTED
11-28 20:53:49.447 18336 18396 I WS-Toggle: id=51 ts=1764363229446 event=updateConnectionStatus details=[isConnected=true lag=64 lastSync=1764363229446] stack=[WebSocketService#updateConnectionStatus:2472 | WebSocketService$Companion#updateConnectionStatus:296 | WebSocketService$Companion#updateLastSyncTimestamp:1124 | AppViewModel#updateRoomsFromSyncJsonAsync:3444 | NetworkUtilsKt$connectToWebsocket$websocketListener$1$onMessage$14#invokeSuspend:663 | BaseContinuationImpl#resumeWith:34]
11-28 20:53:49.449 18336 18396 D WebSocketService: Skipping notification update - text unchanged: ðŸŸ¢ â€¢ WiFi â€¢ Lag: 64ms â€¢ Last: now â€¢ Up: 1m
11-28 20:53:49.449 18336 18396 D Andromuks: AppViewModel: Pending sync_complete requestId=-405 ignored (current pending=-405)
11-28 20:53:49.453 18336 18382 D Andromuks: SpaceRoomParser: Skipping unchanged room !L58ME6ufiP49v97UIOBIpvWKEgj4912JmECPuDzlvCI (backgrounded, only receipt changes)
11-28 20:53:49.453 18336 18382 D Andromuks: SpaceRoomParser: Background optimization - parsed 0 of 1 rooms (skipped 1 unchanged rooms)
11-28 20:53:49.454 18336 18336 D Andromuks: AppViewModel: MEMBER PROCESSING - No rooms with member events in this sync
11-28 20:53:49.455 18336 18336 D Andromuks: AppViewModel: No im.ponies.emote_rooms account data found
11-28 20:53:49.455 18336 18336 D Andromuks: AppViewModel: Total rooms now: 581 (updated: 0, new: 0, removed: 0) - sync message #43 [App visible: false]
11-28 20:53:49.455 18336 18336 D Andromuks: AppViewModel: Processing 0 room invitations
11-28 20:53:49.455 18336 18336 D Andromuks: AppViewModel: Total pending invites: 0
11-28 20:53:49.478 18336 18336 D Andromuks: AppViewModel: BATTERY SAVE MODE - App in background, skipping UI updates
11-28 20:53:49.510 18336 18336 D Andromuks: AppViewModel: Committed lastReceivedSyncId from -404 to -405 after persistence (pending=null)
11-28 20:53:49.510 18336 18336 D WebSocketService: Updated last_received_sync_id: -405 (run_id read from SharedPreferences)
11-28 20:53:54.561 18336 18408 D Andromuks: AppViewModel: Recorded pending sync_complete requestId=-406 (previous pending=null)
11-28 20:53:54.562 18336 18411 D WebSocketService: updateLastSyncTimestamp() called - connectionState: CONNECTED
11-28 20:53:54.563 18336 18411 I WS-Toggle: id=52 ts=1764363234562 event=updateConnectionStatus details=[isConnected=true lag=64 lastSync=1764363234562] stack=[WebSocketService#updateConnectionStatus:2472 | WebSocketService$Companion#updateConnectionStatus:296 | WebSocketService$Companion#updateLastSyncTimestamp:1124 | AppViewModel#updateRoomsFromSyncJsonAsync:3444 | NetworkUtilsKt$connectToWebsocket$websocketListener$1$onMessage$14#invokeSuspend:663 | BaseContinuationImpl#resumeWith:34]
11-28 20:53:54.564 18336 18408 D Andromuks: AppViewModel: Recorded pending sync_complete requestId=-407 (previous pending=-406)
11-28 20:53:54.565 18336 18411 D WebSocketService: Skipping notification update - text unchanged: ðŸŸ¢ â€¢ WiFi â€¢ Lag: 64ms â€¢ Last: now â€¢ Up: 1m
11-28 20:53:54.565 18336 18411 D Andromuks: AppViewModel: Pending sync_complete requestId=-406 ignored (current pending=-407)
11-28 20:53:54.565 18336 18396 D WebSocketService: updateLastSyncTimestamp() called - connectionState: CONNECTED
11-28 20:53:54.566 18336 18396 I WS-Toggle: id=53 ts=1764363234565 event=updateConnectionStatus details=[isConnected=true lag=64 lastSync=1764363234565] stack=[WebSocketService#updateConnectionStatus:2472 | WebSocketService$Companion#updateConnectionStatus:296 | WebSocketService$Companion#updateLastSyncTimestamp:1124 | AppViewModel#updateRoomsFromSyncJsonAsync:3444 | NetworkUtilsKt$connectToWebsocket$websocketListener$1$onMessage$14#invokeSuspend:663 | BaseContinuationImpl#resumeWith:34]
11-28 20:53:54.567 18336 18408 D Andromuks: AppViewModel: Recorded pending sync_complete requestId=-408 (previous pending=-407)
11-28 20:53:54.568 18336 18396 D WebSocketService: Skipping notification update - text unchanged: ðŸŸ¢ â€¢ WiFi â€¢ Lag: 64ms â€¢ Last: now â€¢ Up: 1m
11-28 20:53:54.568 18336 18396 D Andromuks: AppViewModel: Pending sync_complete requestId=-407 ignored (current pending=-408)
11-28 20:53:54.568 18336 18383 D WebSocketService: updateLastSyncTimestamp() called - connectionState: CONNECTED
11-28 20:53:54.568 18336 18394 D Andromuks: SpaceRoomParser: Skipping unchanged room !SzoPnANsRYxITaDPaJ:matrix.org (backgrounded, only receipt changes)
11-28 20:53:54.568 18336 18394 D Andromuks: SpaceRoomParser: Background optimization - parsed 0 of 1 rooms (skipped 1 unchanged rooms)
11-28 20:53:54.569 18336 18383 I WS-Toggle: id=54 ts=1764363234568 event=updateConnectionStatus details=[isConnected=true lag=64 lastSync=1764363234568] stack=[WebSocketService#updateConnectionStatus:2472 | WebSocketService$Companion#updateConnectionStatus:296 | WebSocketService$Companion#updateLastSyncTimestamp:1124 | AppViewModel#updateRoomsFromSyncJsonAsync:3444 | NetworkUtilsKt$connectToWebsocket$websocketListener$1$onMessage$14#invokeSuspend:663 | BaseContinuationImpl#resumeWith:34]
11-28 20:53:54.569 18336 18383 D WebSocketService: Skipping notification update - text unchanged: ðŸŸ¢ â€¢ WiFi â€¢ Lag: 64ms â€¢ Last: now â€¢ Up: 1m
11-28 20:53:54.569 18336 18383 D Andromuks: AppViewModel: Pending sync_complete requestId=-408 ignored (current pending=-408)
11-28 20:53:54.570 18336 18336 D Andromuks: AppViewModel: MEMBER PROCESSING - No rooms with member events in this sync
11-28 20:53:54.570 18336 18336 D Andromuks: AppViewModel: No im.ponies.emote_rooms account data found
11-28 20:53:54.570 18336 18336 D Andromuks: AppViewModel: Total rooms now: 581 (updated: 0, new: 0, removed: 0) - sync message #44 [App visible: false]
11-28 20:53:54.570 18336 18336 D Andromuks: AppViewModel: Processing 0 room invitations
11-28 20:53:54.570 18336 18336 D Andromuks: AppViewModel: Total pending invites: 0
11-28 20:53:54.571 18336 18414 D Andromuks: SpaceRoomParser: Skipping unchanged room !eL9TVMYEPeSIMdThrtg5Btm0zx-CwL-lXYLzu9Cp6iQ (backgrounded, only receipt changes)
11-28 20:53:54.571 18336 18414 D Andromuks: SpaceRoomParser: Background optimization - parsed 0 of 1 rooms (skipped 1 unchanged rooms)
11-28 20:53:54.572 18336 18382 D Andromuks: SpaceRoomParser: Skipping unchanged room !bM-TBlvEsiqqpS21M8q0R-wENNAUpHGyZPL_wVpgIvw (backgrounded, only receipt changes)
11-28 20:53:54.572 18336 18382 D Andromuks: SpaceRoomParser: Background optimization - parsed 0 of 1 rooms (skipped 1 unchanged rooms)
11-28 20:53:54.590 18336 18336 D Andromuks: AppViewModel: BATTERY SAVE MODE - App in background, skipping UI updates
11-28 20:53:54.591 18336 18336 D Andromuks: AppViewModel: MEMBER PROCESSING - No rooms with member events in this sync
11-28 20:53:54.592 18336 18336 D Andromuks: AppViewModel: No im.ponies.emote_rooms account data found
11-28 20:53:54.592 18336 18336 D Andromuks: AppViewModel: Total rooms now: 581 (updated: 0, new: 0, removed: 0) - sync message #45 [App visible: false]
11-28 20:53:54.592 18336 18336 D Andromuks: AppViewModel: Processing 0 room invitations
11-28 20:53:54.592 18336 18336 D Andromuks: AppViewModel: Total pending invites: 0
11-28 20:53:54.604 18336 18336 D Andromuks: AppViewModel: BATTERY SAVE MODE - App in background, skipping UI updates
11-28 20:53:54.604 18336 18336 D Andromuks: AppViewModel: MEMBER PROCESSING - No rooms with member events in this sync
11-28 20:53:54.604 18336 18336 D Andromuks: AppViewModel: No im.ponies.emote_rooms account data found
11-28 20:53:54.604 18336 18336 D Andromuks: AppViewModel: Total rooms now: 581 (updated: 0, new: 0, removed: 0) - sync message #46 [App visible: false]
11-28 20:53:54.604 18336 18336 D Andromuks: AppViewModel: Processing 0 room invitations
11-28 20:53:54.604 18336 18336 D Andromuks: AppViewModel: Total pending invites: 0
11-28 20:53:54.608 18336 18336 D Andromuks: AppViewModel: BATTERY SAVE MODE - App in background, skipping UI updates
11-28 20:53:54.630 18336 18336 D Andromuks: AppViewModel: Committed lastReceivedSyncId from -405 to -407 after persistence (pending=-408)
11-28 20:53:54.630 18336 18336 D WebSocketService: Updated last_received_sync_id: -407 (run_id read from SharedPreferences)
11-28 20:53:54.641 18336 18336 D Andromuks: AppViewModel: Committed lastReceivedSyncId from -407 to -408 after persistence (pending=null)
11-28 20:53:54.642 18336 18336 D WebSocketService: Updated last_received_sync_id: -408 (run_id read from SharedPreferences)
11-28 20:53:54.642 18336 18336 D Andromuks: AppViewModel: Persisted sync_complete requestId=-406 ignored (current lastReceivedSyncId=-408, pending=null)
11-28 20:53:55.994 18336 18408 D Andromuks: AppViewModel: Recorded pending sync_complete requestId=-409 (previous pending=null)
11-28 20:53:55.995 18336 18383 D WebSocketService: updateLastSyncTimestamp() called - connectionState: CONNECTED
11-28 20:53:55.996 18336 18383 I WS-Toggle: id=55 ts=1764363235995 event=updateConnectionStatus details=[isConnected=true lag=64 lastSync=1764363235995] stack=[WebSocketService#updateConnectionStatus:2472 | WebSocketService$Companion#updateConnectionStatus:296 | WebSocketService$Companion#updateLastSyncTimestamp:1124 | AppViewModel#updateRoomsFromSyncJsonAsync:3444 | NetworkUtilsKt$connectToWebsocket$websocketListener$1$onMessage$14#invokeSuspend:663 | BaseContinuationImpl#resumeWith:34]
11-28 20:53:55.998 18336 18383 D WebSocketService: Skipping notification update - text unchanged: ðŸŸ¢ â€¢ WiFi â€¢ Lag: 64ms â€¢ Last: now â€¢ Up: 1m
11-28 20:53:55.998 18336 18383 D Andromuks: AppViewModel: Pending sync_complete requestId=-409 ignored (current pending=-409)
11-28 20:53:56.002 18336 18396 D Andromuks: SpaceRoomParser: Skipping unchanged room !i5D5LLct_DYG-4hQprLzrxdbZ580U9UB6AEgFnk6rZQ (backgrounded, only receipt changes)
11-28 20:53:56.002 18336 18396 D Andromuks: SpaceRoomParser: Background optimization - parsed 0 of 1 rooms (skipped 1 unchanged rooms)
11-28 20:53:56.004 18336 18336 D Andromuks: AppViewModel: MEMBER PROCESSING - No rooms with member events in this sync
11-28 20:53:56.004 18336 18336 D Andromuks: AppViewModel: No im.ponies.emote_rooms account data found
11-28 20:53:56.004 18336 18336 D Andromuks: AppViewModel: Total rooms now: 581 (updated: 0, new: 0, removed: 0) - sync message #47 [App visible: false]
11-28 20:53:56.004 18336 18336 D Andromuks: AppViewModel: Processing 0 room invitations
11-28 20:53:56.004 18336 18336 D Andromuks: AppViewModel: Total pending invites: 0
11-28 20:53:56.024 18336 18336 D Andromuks: AppViewModel: BATTERY SAVE MODE - App in background, skipping UI updates
11-28 20:53:56.060 18336 18336 D Andromuks: AppViewModel: Committed lastReceivedSyncId from -408 to -409 after persistence (pending=null)
11-28 20:53:56.060 18336 18336 D WebSocketService: Updated last_received_sync_id: -409 (run_id read from SharedPreferences)
11-28 20:53:56.608 18336 18408 D Andromuks: AppViewModel: Recorded pending sync_complete requestId=-410 (previous pending=null)
11-28 20:53:56.609 18336 18441 D WebSocketService: updateLastSyncTimestamp() called - connectionState: CONNECTED
11-28 20:53:56.610 18336 18441 I WS-Toggle: id=56 ts=1764363236609 event=updateConnectionStatus details=[isConnected=true lag=64 lastSync=1764363236609] stack=[WebSocketService#updateConnectionStatus:2472 | WebSocketService$Companion#updateConnectionStatus:296 | WebSocketService$Companion#updateLastSyncTimestamp:1124 | AppViewModel#updateRoomsFromSyncJsonAsync:3444 | NetworkUtilsKt$connectToWebsocket$websocketListener$1$onMessage$14#invokeSuspend:663 | BaseContinuationImpl#resumeWith:34]
11-28 20:53:56.612 18336 18441 D WebSocketService: Skipping notification update - text unchanged: ðŸŸ¢ â€¢ WiFi â€¢ Lag: 64ms â€¢ Last: now â€¢ Up: 1m
11-28 20:53:56.612 18336 18441 D Andromuks: AppViewModel: Pending sync_complete requestId=-410 ignored (current pending=-410)
11-28 20:53:56.616 18336 18396 D Andromuks: SpaceRoomParser: Skipping unchanged room !JSB87V0Xvvqu8R1_arJAJNVffyZb1UgMeOSseDRTVTs (backgrounded, only receipt changes)
11-28 20:53:56.617 18336 18396 D Andromuks: SpaceRoomParser: Background optimization - parsed 0 of 1 rooms (skipped 1 unchanged rooms)
11-28 20:53:56.618 18336 18336 D Andromuks: AppViewModel: MEMBER PROCESSING - No rooms with member events in this sync
11-28 20:53:56.619 18336 18336 D Andromuks: AppViewModel: No im.ponies.emote_rooms account data found
11-28 20:53:56.619 18336 18336 D Andromuks: AppViewModel: Total rooms now: 581 (updated: 0, new: 0, removed: 0) - sync message #48 [App visible: false]
11-28 20:53:56.619 18336 18336 D Andromuks: AppViewModel: Processing 0 room invitations
11-28 20:53:56.620 18336 18336 D Andromuks: AppViewModel: Total pending invites: 0
11-28 20:53:56.638 18336 18336 D Andromuks: AppViewModel: BATTERY SAVE MODE - App in background, skipping UI updates
11-28 20:53:56.671 18336 18336 D Andromuks: AppViewModel: Committed lastReceivedSyncId from -409 to -410 after persistence (pending=null)
11-28 20:53:56.671 18336 18336 D WebSocketService: Updated last_received_sync_id: -410 (run_id read from SharedPreferences)
11-28 20:53:57.792 18336 18382 D WebSocketService: Sending ping (requestId: 5, lastReceivedSyncId: -410)
11-28 20:53:57.792 18336 18382 I WebSocketService: Pinger status: Sending ping (requestId: 5, lastReceivedSyncId: -410)
11-28 20:53:57.792 18336 18382 I WebSocketService: PING JSON: {"command":"ping","data":{"last_received_id":-410},"request_id":5}
11-28 20:53:57.793 18336 18382 D WebSocketService: Ping sent successfully
11-28 20:53:57.816 18336 18408 D Andromuks: AppViewModel: Recorded pending sync_complete requestId=-411 (previous pending=null)
11-28 20:53:57.817 18336 18396 D WebSocketService: updateLastSyncTimestamp() called - connectionState: CONNECTED
11-28 20:53:57.818 18336 18396 I WS-Toggle: id=57 ts=1764363237817 event=updateConnectionStatus details=[isConnected=true lag=64 lastSync=1764363237817] stack=[WebSocketService#updateConnectionStatus:2472 | WebSocketService$Companion#updateConnectionStatus:296 | WebSocketService$Companion#updateLastSyncTimestamp:1124 | AppViewModel#updateRoomsFromSyncJsonAsync:3444 | NetworkUtilsKt$connectToWebsocket$websocketListener$1$onMessage$14#invokeSuspend:663 | BaseContinuationImpl#resumeWith:34]
11-28 20:53:57.820 18336 18396 D WebSocketService: Skipping notification update - text unchanged: ðŸŸ¢ â€¢ WiFi â€¢ Lag: 64ms â€¢ Last: now â€¢ Up: 1m
11-28 20:53:57.820 18336 18396 D Andromuks: AppViewModel: Pending sync_complete requestId=-411 ignored (current pending=-411)
11-28 20:53:57.827 18336 18336 D Andromuks: AppViewModel: MEMBER PROCESSING - Processing 1 rooms with member events [App visible: false]
11-28 20:53:57.827 18336 18336 D Andromuks: AppViewModel: MEMBER PROCESSING - Updated 1 rooms with member changes
11-28 20:53:57.828 18336 18336 D Andromuks: AppViewModel: No im.ponies.emote_rooms account data found
11-28 20:53:57.828 18336 18336 D Andromuks: AppViewModel: Total rooms now: 581 (updated: 1, new: 0, removed: 0) - sync message #49 [App visible: false]
11-28 20:53:57.828 18336 18336 D Andromuks: AppViewModel: Processing 0 room invitations
11-28 20:53:57.828 18336 18336 D Andromuks: AppViewModel: Total pending invites: 0
11-28 20:53:57.847 18336 18336 D Andromuks: AppViewModel: BATTERY SAVE MODE - App in background, skipping UI updates
11-28 20:53:57.854 18336 18408 I Andromuks: PONG JSON (compressed): {"command":"pong","request_id":5,"data":null}
11-28 20:53:57.855 18336 18383 D WebSocketService: Pong received, lag: 64ms
11-28 20:53:57.856 18336 18383 I WS-Toggle: id=58 ts=1764363237855 event=updateConnectionStatus details=[isConnected=true lag=64 lastSync=1764363237817] stack=[WebSocketService#updateConnectionStatus:2472 | WebSocketService$Companion#updateConnectionStatus:296 | WebSocketService$Companion#handlePong:755 | NetworkUtilsKt$connectToWebsocket$websocketListener$1$onMessage$12#invokeSuspend:644 | BaseContinuationImpl#resumeWith:34 | DispatchedTask#run:104]
11-28 20:53:57.857 18336 18383 D WebSocketService: Skipping notification update - text unchanged: ðŸŸ¢ â€¢ WiFi â€¢ Lag: 64ms â€¢ Last: now â€¢ Up: 1m
11-28 20:53:57.867 18336 18336 D Andromuks: AppViewModel: Committed lastReceivedSyncId from -410 to -411 after persistence (pending=null)
11-28 20:53:57.867 18336 18336 D WebSocketService: Updated last_received_sync_id: -411 (run_id read from SharedPreferences)
11-28 20:54:00.804 18336 18408 D Andromuks: AppViewModel: Recorded pending sync_complete requestId=-412 (previous pending=null)
11-28 20:54:00.806 18336 18383 D WebSocketService: updateLastSyncTimestamp() called - connectionState: CONNECTED
11-28 20:54:00.808 18336 18383 I WS-Toggle: id=59 ts=1764363240806 event=updateConnectionStatus details=[isConnected=true lag=64 lastSync=1764363240806] stack=[WebSocketService#updateConnectionStatus:2472 | WebSocketService$Companion#updateConnectionStatus:296 | WebSocketService$Companion#updateLastSyncTimestamp:1124 | AppViewModel#updateRoomsFromSyncJsonAsync:3444 | NetworkUtilsKt$connectToWebsocket$websocketListener$1$onMessage$14#invokeSuspend:663 | BaseContinuationImpl#resumeWith:34]
11-28 20:54:00.809 18336 18383 D WebSocketService: Skipping notification update - text unchanged: ðŸŸ¢ â€¢ WiFi â€¢ Lag: 64ms â€¢ Last: now â€¢ Up: 1m
11-28 20:54:00.809 18336 18383 D Andromuks: AppViewModel: Pending sync_complete requestId=-412 ignored (current pending=-412)
11-28 20:54:00.820 18336 18336 D Andromuks: AppViewModel: MEMBER PROCESSING - Processing 1 rooms with member events [App visible: false]
11-28 20:54:00.820 18336 18336 D Andromuks: AppViewModel: MEMBER PROCESSING - Updated 1 rooms with member changes
11-28 20:54:00.821 18336 18336 D Andromuks: AppViewModel: No im.ponies.emote_rooms account data found
11-28 20:54:00.882 18336 18336 D Andromuks: AppViewModel: Saved state to storage - run_id: 1764362305139975098, last_received_sync_id: -411, rooms: 581
11-28 20:54:00.882 18336 18336 D Andromuks: AppViewModel: Total rooms now: 581 (updated: 1, new: 0, removed: 0) - sync message #50 [App visible: false]
11-28 20:54:00.882 18336 18336 D Andromuks: AppViewModel: Processing 0 room invitations
11-28 20:54:00.882 18336 18336 D Andromuks: AppViewModel: Total pending invites: 0
11-28 20:54:00.886 18336 18336 D Andromuks: AppViewModel: BATTERY SAVE MODE - App in background, skipping UI updates
11-28 20:54:00.886 18336 18336 D Andromuks: AppViewModel: Committed lastReceivedSyncId from -411 to -412 after persistence (pending=null)
11-28 20:54:00.887 18336 18336 D WebSocketService: Updated last_received_sync_id: -412 (run_id read from SharedPreferences)
11-28 20:54:02.441 18336 18408 D Andromuks: AppViewModel: Recorded pending sync_complete requestId=-413 (previous pending=null)
11-28 20:54:02.444 18336 18382 D WebSocketService: updateLastSyncTimestamp() called - connectionState: CONNECTED
11-28 20:54:02.445 18336 18382 I WS-Toggle: id=60 ts=1764363242444 event=updateConnectionStatus details=[isConnected=true lag=64 lastSync=1764363242443] stack=[WebSocketService#updateConnectionStatus:2472 | WebSocketService$Companion#updateConnectionStatus:296 | WebSocketService$Companion#updateLastSyncTimestamp:1124 | AppViewModel#updateRoomsFromSyncJsonAsync:3444 | NetworkUtilsKt$connectToWebsocket$websocketListener$1$onMessage$14#invokeSuspend:663 | BaseContinuationImpl#resumeWith:34]
11-28 20:54:02.445 18336 18408 D Andromuks: AppViewModel: Recorded pending sync_complete requestId=-414 (previous pending=-413)
11-28 20:54:02.446 18336 18382 D WebSocketService: Skipping notification update - text unchanged: ðŸŸ¢ â€¢ WiFi â€¢ Lag: 64ms â€¢ Last: now â€¢ Up: 1m
11-28 20:54:02.446 18336 18441 D WebSocketService: updateLastSyncTimestamp() called - connectionState: CONNECTED
11-28 20:54:02.446 18336 18382 D Andromuks: AppViewModel: Pending sync_complete requestId=-413 ignored (current pending=-414)
11-28 20:54:02.447 18336 18441 I WS-Toggle: id=61 ts=1764363242446 event=updateConnectionStatus details=[isConnected=true lag=64 lastSync=1764363242446] stack=[WebSocketService#updateConnectionStatus:2472 | WebSocketService$Companion#updateConnectionStatus:296 | WebSocketService$Companion#updateLastSyncTimestamp:1124 | AppViewModel#updateRoomsFromSyncJsonAsync:3444 | NetworkUtilsKt$connectToWebsocket$websocketListener$1$onMessage$14#invokeSuspend:663 | BaseContinuationImpl#resumeWith:34]
11-28 20:54:02.448 18336 18441 D WebSocketService: Skipping notification update - text unchanged: ðŸŸ¢ â€¢ WiFi â€¢ Lag: 64ms â€¢ Last: now â€¢ Up: 1m
11-28 20:54:02.448 18336 18441 D Andromuks: AppViewModel: Pending sync_complete requestId=-414 ignored (current pending=-414)
11-28 20:54:02.450 18336 18396 D Andromuks: SpaceRoomParser: Skipping unchanged room !aPQx8hPCm0vu6PiwsZbVSsVPlugBWOyanle4y5-8p7Q (backgrounded, only receipt changes)
11-28 20:54:02.450 18336 18396 D Andromuks: SpaceRoomParser: Background optimization - parsed 0 of 1 rooms (skipped 1 unchanged rooms)
11-28 20:54:02.451 18336 18336 D Andromuks: AppViewModel: MEMBER PROCESSING - No rooms with member events in this sync
11-28 20:54:02.452 18336 18336 D Andromuks: AppViewModel: No im.ponies.emote_rooms account data found
11-28 20:54:02.452 18336 18396 D Andromuks: SpaceRoomParser: Skipping unchanged room !aPQx8hPCm0vu6PiwsZbVSsVPlugBWOyanle4y5-8p7Q (backgrounded, only receipt changes)
11-28 20:54:02.452 18336 18336 D Andromuks: AppViewModel: Total rooms now: 581 (updated: 0, new: 0, removed: 0) - sync message #51 [App visible: false]
11-28 20:54:02.452 18336 18396 D Andromuks: SpaceRoomParser: Background optimization - parsed 0 of 1 rooms (skipped 1 unchanged rooms)
11-28 20:54:02.452 18336 18336 D Andromuks: AppViewModel: Processing 0 room invitations
11-28 20:54:02.452 18336 18336 D Andromuks: AppViewModel: Total pending invites: 0
11-28 20:54:02.471 18336 18336 D Andromuks: AppViewModel: BATTERY SAVE MODE - App in background, skipping UI updates
11-28 20:54:02.473 18336 18336 D Andromuks: AppViewModel: MEMBER PROCESSING - No rooms with member events in this sync
11-28 20:54:02.473 18336 18336 D Andromuks: AppViewModel: No im.ponies.emote_rooms account data found
11-28 20:54:02.474 18336 18336 D Andromuks: AppViewModel: Total rooms now: 581 (updated: 0, new: 0, removed: 0) - sync message #52 [App visible: false]
11-28 20:54:02.474 18336 18336 D Andromuks: AppViewModel: Processing 0 room invitations
11-28 20:54:02.474 18336 18336 D Andromuks: AppViewModel: Total pending invites: 0
11-28 20:54:02.487 18336 18336 D Andromuks: AppViewModel: BATTERY SAVE MODE - App in background, skipping UI updates
11-28 20:54:02.519 18336 18336 D Andromuks: AppViewModel: Committed lastReceivedSyncId from -412 to -414 after persistence (pending=null)
11-28 20:54:02.519 18336 18336 D WebSocketService: Updated last_received_sync_id: -414 (run_id read from SharedPreferences)
11-28 20:54:02.523 18336 18336 D Andromuks: AppViewModel: Persisted sync_complete requestId=-413 ignored (current lastReceivedSyncId=-414, pending=null)
11-28 20:54:02.850 18336 18408 D Andromuks: AppViewModel: Recorded pending sync_complete requestId=-415 (previous pending=null)
11-28 20:54:02.851 18336 18441 D WebSocketService: updateLastSyncTimestamp() called - connectionState: CONNECTED
11-28 20:54:02.853 18336 18441 I WS-Toggle: id=62 ts=1764363242852 event=updateConnectionStatus details=[isConnected=true lag=64 lastSync=1764363242851] stack=[WebSocketService#updateConnectionStatus:2472 | WebSocketService$Companion#updateConnectionStatus:296 | WebSocketService$Companion#updateLastSyncTimestamp:1124 | AppViewModel#updateRoomsFromSyncJsonAsync:3444 | NetworkUtilsKt$connectToWebsocket$websocketListener$1$onMessage$14#invokeSuspend:663 | BaseContinuationImpl#resumeWith:34]
11-28 20:54:02.855 18336 18441 D WebSocketService: Skipping notification update - text unchanged: ðŸŸ¢ â€¢ WiFi â€¢ Lag: 64ms â€¢ Last: now â€¢ Up: 1m
11-28 20:54:02.855 18336 18441 D Andromuks: AppViewModel: Pending sync_complete requestId=-415 ignored (current pending=-415)
11-28 20:54:02.859 18336 18382 D Andromuks: SpaceRoomParser: Skipping unchanged room !SAwLbTTygRriVkdOVq:matrix.org (backgrounded, only receipt changes)
11-28 20:54:02.859 18336 18382 D Andromuks: SpaceRoomParser: Background optimization - parsed 0 of 1 rooms (skipped 1 unchanged rooms)
11-28 20:54:02.860 18336 18336 D Andromuks: AppViewModel: MEMBER PROCESSING - No rooms with member events in this sync
11-28 20:54:02.860 18336 18336 D Andromuks: AppViewModel: No im.ponies.emote_rooms account data found
11-28 20:54:02.860 18336 18336 D Andromuks: AppViewModel: Total rooms now: 581 (updated: 0, new: 0, removed: 0) - sync message #53 [App visible: false]
11-28 20:54:02.860 18336 18336 D Andromuks: AppViewModel: Processing 0 room invitations
11-28 20:54:02.860 18336 18336 D Andromuks: AppViewModel: Total pending invites: 0
11-28 20:54:02.875 18336 18336 D Andromuks: AppViewModel: BATTERY SAVE MODE - App in background, skipping UI updates
11-28 20:54:02.912 18336 18336 D Andromuks: AppViewModel: Committed lastReceivedSyncId from -414 to -415 after persistence (pending=null)
11-28 20:54:02.912 18336 18336 D WebSocketService: Updated last_received_sync_id: -415 (run_id read from SharedPreferences)
11-28 20:54:03.877 18336 18408 D Andromuks: AppViewModel: Recorded pending sync_complete requestId=-416 (previous pending=null)
11-28 20:54:03.878 18336 18396 D WebSocketService: updateLastSyncTimestamp() called - connectionState: CONNECTED
11-28 20:54:03.880 18336 18396 I WS-Toggle: id=63 ts=1764363243879 event=updateConnectionStatus details=[isConnected=true lag=64 lastSync=1764363243878] stack=[WebSocketService#updateConnectionStatus:2472 | WebSocketService$Companion#updateConnectionStatus:296 | WebSocketService$Companion#updateLastSyncTimestamp:1124 | AppViewModel#updateRoomsFromSyncJsonAsync:3444 | NetworkUtilsKt$connectToWebsocket$websocketListener$1$onMessage$14#invokeSuspend:663 | BaseContinuationImpl#resumeWith:34]
11-28 20:54:03.882 18336 18396 D WebSocketService: Skipping notification update - text unchanged: ðŸŸ¢ â€¢ WiFi â€¢ Lag: 64ms â€¢ Last: now â€¢ Up: 1m
11-28 20:54:03.882 18336 18396 D Andromuks: AppViewModel: Pending sync_complete requestId=-416 ignored (current pending=-416)
11-28 20:54:03.885 18336 18382 D Andromuks: SpaceRoomParser: Skipping unchanged room !P7tIaLMFHT55GuONJ7UQ87M0SkqfpjofluPqmu0wOeY (backgrounded, only receipt changes)
11-28 20:54:03.886 18336 18382 D Andromuks: SpaceRoomParser: Background optimization - parsed 0 of 1 rooms (skipped 1 unchanged rooms)
11-28 20:54:03.887 18336 18336 D Andromuks: AppViewModel: MEMBER PROCESSING - No rooms with member events in this sync
11-28 20:54:03.887 18336 18336 D Andromuks: AppViewModel: No im.ponies.emote_rooms account data found
11-28 20:54:03.888 18336 18336 D Andromuks: AppViewModel: Total rooms now: 581 (updated: 0, new: 0, removed: 0) - sync message #54 [App visible: false]
11-28 20:54:03.888 18336 18336 D Andromuks: AppViewModel: Processing 0 room invitations
11-28 20:54:03.888 18336 18336 D Andromuks: AppViewModel: Total pending invites: 0
11-28 20:54:03.899 18336 18336 D Andromuks: AppViewModel: BATTERY SAVE MODE - App in background, skipping UI updates
11-28 20:54:03.943 18336 18336 D Andromuks: AppViewModel: Committed lastReceivedSyncId from -415 to -416 after persistence (pending=null)
11-28 20:54:03.943 18336 18336 D WebSocketService: Updated last_received_sync_id: -416 (run_id read from SharedPreferences)
11-28 20:54:06.025 18336 18408 D Andromuks: AppViewModel: Recorded pending sync_complete requestId=-417 (previous pending=null)
11-28 20:54:06.026 18336 18383 D WebSocketService: updateLastSyncTimestamp() called - connectionState: CONNECTED
11-28 20:54:06.028 18336 18383 I WS-Toggle: id=64 ts=1764363246026 event=updateConnectionStatus details=[isConnected=true lag=64 lastSync=1764363246026] stack=[WebSocketService#updateConnectionStatus:2472 | WebSocketService$Companion#updateConnectionStatus:296 | WebSocketService$Companion#updateLastSyncTimestamp:1124 | AppViewModel#updateRoomsFromSyncJsonAsync:3444 | NetworkUtilsKt$connectToWebsocket$websocketListener$1$onMessage$14#invokeSuspend:663 | BaseContinuationImpl#resumeWith:34]
11-28 20:54:06.029 18336 18383 D WebSocketService: Skipping notification update - text unchanged: ðŸŸ¢ â€¢ WiFi â€¢ Lag: 64ms â€¢ Last: now â€¢ Up: 1m
11-28 20:54:06.029 18336 18383 D Andromuks: AppViewModel: Pending sync_complete requestId=-417 ignored (current pending=-417)
11-28 20:54:06.036 18336 18336 D Andromuks: AppViewModel: MEMBER PROCESSING - Processing 1 rooms with member events [App visible: false]
11-28 20:54:06.037 18336 18336 D Andromuks: AppViewModel: Member change cached (app backgrounded) - @moldine:matrix.org in room !YjAUNWwLVbCthyFrkz:bonifacelabs.ca [newJoin=true, profileChange=false]
11-28 20:54:06.037 18336 18336 D Andromuks: AppViewModel: MEMBER PROCESSING - Updated 1 rooms with member changes
11-28 20:54:06.037 18336 18336 D Andromuks: AppViewModel: No im.ponies.emote_rooms account data found
11-28 20:54:06.038 18336 18336 D Andromuks: AppViewModel: Total rooms now: 581 (updated: 1, new: 0, removed: 0) - sync message #55 [App visible: false]
11-28 20:54:06.038 18336 18336 D Andromuks: AppViewModel: Processing 0 room invitations
11-28 20:54:06.038 18336 18336 D Andromuks: AppViewModel: Total pending invites: 0
11-28 20:54:06.057 18336 18336 D Andromuks: AppViewModel: BATTERY SAVE MODE - App in background, skipping UI updates
11-28 20:54:06.087 18336 18336 D Andromuks: AppViewModel: Committed lastReceivedSyncId from -416 to -417 after persistence (pending=null)
11-28 20:54:06.088 18336 18336 D WebSocketService: Updated last_received_sync_id: -417 (run_id read from SharedPreferences)
11-28 20:54:06.843 18336 18408 D Andromuks: AppViewModel: Recorded pending sync_complete requestId=-418 (previous pending=null)
11-28 20:54:06.844 18336 18382 D WebSocketService: updateLastSyncTimestamp() called - connectionState: CONNECTED
11-28 20:54:06.845 18336 18382 I WS-Toggle: id=65 ts=1764363246844 event=updateConnectionStatus details=[isConnected=true lag=64 lastSync=1764363246844] stack=[WebSocketService#updateConnectionStatus:2472 | WebSocketService$Companion#updateConnectionStatus:296 | WebSocketService$Companion#updateLastSyncTimestamp:1124 | AppViewModel#updateRoomsFromSyncJsonAsync:3444 | NetworkUtilsKt$connectToWebsocket$websocketListener$1$onMessage$14#invokeSuspend:663 | BaseContinuationImpl#resumeWith:34]
11-28 20:54:06.847 18336 18382 D WebSocketService: Skipping notification update - text unchanged: ðŸŸ¢ â€¢ WiFi â€¢ Lag: 64ms â€¢ Last: now â€¢ Up: 1m
11-28 20:54:06.847 18336 18382 D Andromuks: AppViewModel: Pending sync_complete requestId=-418 ignored (current pending=-418)
11-28 20:54:06.850 18336 18396 D Andromuks: SpaceRoomParser: Skipping unchanged room !P7tIaLMFHT55GuONJ7UQ87M0SkqfpjofluPqmu0wOeY (backgrounded, only receipt changes)
11-28 20:54:06.850 18336 18396 D Andromuks: SpaceRoomParser: Background optimization - parsed 0 of 1 rooms (skipped 1 unchanged rooms)
11-28 20:54:06.851 18336 18336 D Andromuks: AppViewModel: MEMBER PROCESSING - No rooms with member events in this sync
11-28 20:54:06.852 18336 18336 D Andromuks: AppViewModel: No im.ponies.emote_rooms account data found
11-28 20:54:06.852 18336 18336 D Andromuks: AppViewModel: Total rooms now: 581 (updated: 0, new: 0, removed: 0) - sync message #56 [App visible: false]
11-28 20:54:06.852 18336 18336 D Andromuks: AppViewModel: Processing 0 room invitations
11-28 20:54:06.852 18336 18336 D Andromuks: AppViewModel: Total pending invites: 0
11-28 20:54:06.871 18336 18336 D Andromuks: AppViewModel: BATTERY SAVE MODE - App in background, skipping UI updates
11-28 20:54:06.908 18336 18336 D Andromuks: AppViewModel: Committed lastReceivedSyncId from -417 to -418 after persistence (pending=null)
