11-29 23:28:42.169 24474 24474 D Andromuks: AppViewModel: New member joined: @Ryuno-Ki:matrix.org in room !HwCGEVHuJTliMouVph:matrix.org - triggering immediate UI update
11-29 23:28:42.169 24474 24474 D Andromuks: AppViewModel: New member joined: @rss:aguiarvieira.pt in room !IRanDOzCsVpSdddQnT:aguiarvieira.pt - triggering immediate UI update
11-29 23:28:42.169 24474 24474 D Andromuks: AppViewModel: New member joined: @thesofafox:sofalounge.club in room !IyxAXBqViWHZfUkWjh:etke.cc - triggering immediate UI update
11-29 23:28:42.169 24474 24474 D Andromuks: AppViewModel: New member joined: @tulir:maunium.net in room !J24qqSs_MrchJWzuVhjH9JGHuMyQiWJO-HzxflwLhdI - triggering immediate UI update
11-29 23:28:42.170 24474 24474 D Andromuks: AppViewModel: New member joined: @paris2322:matrix.org in room !JSB87V0Xvvqu8R1_arJAJNVffyZb1UgMeOSseDRTVTs - triggering immediate UI update
11-29 23:28:42.170 24474 24474 D Andromuks: AppViewModel: Member left/banned: @grin:grin.hu in room !KDiNABdMiGixPIk0YCQ7syudVPr8hqpxpJl_qEUlxWQ - triggering immediate UI update
11-29 23:28:42.170 24474 24474 D Andromuks: AppViewModel: New member joined: @morguldir:sulian.eu in room !KMbEUhVQHLwZHmwzKX:matrix.org - triggering immediate UI update
11-29 23:28:42.170 24474 24474 D Andromuks: AppViewModel: New member joined: @abuse:matrix.org in room !KzgjYxOASBbBMrtCXC:matrix.org - triggering immediate UI update
11-29 23:28:42.170 24474 24474 D Andromuks: AppViewModel: New member joined: @cel:hope.net in room !Maunium8T0urKfSyLsL1AXOqmoRyyCTp47LO0_uvqSM - triggering immediate UI update
11-29 23:28:42.170 24474 24474 D Andromuks: AppViewModel: New member joined: @abuse:matrix.org in room !NhYYJsDjWnGSihypYQ:matrix.org - triggering immediate UI update
11-29 23:28:42.170 24474 24474 D Andromuks: AppViewModel: Member left/banned: @ferretosan:matrix.org in room !PeOkQLnTUKVtuXZJeT:t2l.io - triggering immediate UI update
11-29 23:28:42.170 24474 24474 D Andromuks: AppViewModel: New member joined: @fdroid:spiritcroc.de in room !SXiocDIOxPdvkplQYM:schildi.chat - triggering immediate UI update
11-29 23:28:42.171 24474 24474 D Andromuks: AppViewModel: New member joined: @abuse:matrix.org in room !TlZdPIYrhwNvXlBiEk:half-shot.uk - triggering immediate UI update
11-29 23:28:42.171 24474 24474 D Andromuks: AppViewModel: New member joined: @ninchuka:envs.net in room !TwS3fRA0v2JEwYmZRk7hZ4k3oWFDRlYzxhwhqJK-BaY - triggering immediate UI update
11-29 23:28:42.171 24474 24474 D Andromuks: AppViewModel: New member joined: @sonar:littlevortex.net in room !VJwxdebqoQlhGSEncc:codestorm.net - triggering immediate UI update
11-29 23:28:42.171 24474 24474 D Andromuks: AppViewModel: New member joined: @funar:mgamers.com in room !VOP894il2tP8tvyV1foSpMSs6FXBMQKqpV3CtsDDMzU - triggering immediate UI update
11-29 23:28:42.171 24474 24474 D Andromuks: AppViewModel: New member joined: @telegrambot:matrixbridg.es in room !WiZPydQxqXkrvuYYaM:aguiarvieira.pt - triggering immediate UI update
11-29 23:28:42.171 24474 24474 D Andromuks: AppViewModel: New member joined: @abuse:matrix.org in room !XXSJTvRPInupfUgQVb:matrix.org - triggering immediate UI update
11-29 23:28:42.171 24474 24474 D Andromuks: AppViewModel: New member joined: @emma:rory.gay in room !XnktFVraJdZXcy_wxBQYoDUGWFqgffmDYrK7m6sW90w - triggering immediate UI update
11-29 23:28:42.171 24474 24474 D Andromuks: AppViewModel: New member joined: @matrix-bridge:aguiarvieira.pt in room !YFfDAgyUNSALYShotH:aguiarvieira.pt - triggering immediate UI update
11-29 23:28:42.171 24474 24474 D Andromuks: AppViewModel: New member joined: @travis:t2l.io in room !YqYnEoEIw3fGTESr6WGGiVuoGHhUD1UtEn1VJGQHp7I - triggering immediate UI update
11-29 23:28:42.172 24474 24474 D Andromuks: AppViewModel: New member joined: @matrix-bridge:aguiarvieira.pt in room !YxsINRggzGGxLATNWW:aguiarvieira.pt - triggering immediate UI update
11-29 23:28:42.172 24474 24474 D Andromuks: AppViewModel: New member joined: @rss:envs.net in room !aYqHMneYZdQrqyuYYB:unix.dog - triggering immediate UI update
11-29 23:28:42.172 24474 24474 D Andromuks: AppViewModel: New member joined: @abuse:matrix.org in room !aiwVrNhPwbGBNjqlNu:matrix.org - triggering immediate UI update
11-29 23:28:42.172 24474 24474 D Andromuks: AppViewModel: New member joined: @dave:matrix.org in room !ars5ndgI6IIYZXECiJ-u8YljHNzShJn3nHdB-3rYI2M - triggering immediate UI update
11-29 23:28:42.172 24474 24474 D Andromuks: AppViewModel: New member joined: @_webhooks_epicgames:aguiarvieira.pt in room !b7eFtMvV7p0P-haOxEQvoG0dOgF9onghDxR7Gnn0ys4 - triggering immediate UI update
11-29 23:28:42.172 24474 24474 D Andromuks: AppViewModel: New member joined: @totenkopf19:matrix.org in room !bM-TBlvEsiqqpS21M8q0R-wENNAUpHGyZPL_wVpgIvw - triggering immediate UI update
11-29 23:28:42.172 24474 24474 D Andromuks: AppViewModel: New member joined: @abuse:matrix.org in room !bijaLdadorKgNGtHdA:matrix.org - triggering immediate UI update
11-29 23:28:42.172 24474 24474 D Andromuks: AppViewModel: New member joined: @abuse:matrix.org in room !dlUJvnxTqziXgGwAaW:matrix.org - triggering immediate UI update
11-29 23:28:42.172 24474 24474 D Andromuks: AppViewModel: New member joined: @abuse:matrix.org in room !ekJXCOhsmAWQUMhDgn:riot.ovh - triggering immediate UI update
11-29 23:28:42.172 24474 24474 D Andromuks: AppViewModel: New member joined: @sojovec:matrix.org in room !etHLGLRwSNzRx7e6iqvFYRbJpxB5lhsSN-VeTuhVfd8 - triggering immediate UI update
11-29 23:28:42.172 24474 24474 D Andromuks: AppViewModel: New member joined: @rss:aguiarvieira.pt in room !fNBZEmymjPKFGFzAoK:aguiarvieira.pt - triggering immediate UI update
11-29 23:28:42.173 24474 24474 D Andromuks: AppViewModel: New member joined: @lunar:unredacted.org in room !hGipICCKv9C_WByCl-jrm9BeEY1Zz3EtCFLPQd60brw - triggering immediate UI update
11-29 23:28:42.173 24474 24474 D Andromuks: AppViewModel: New member joined: @rustbot:grin.hu in room !hxOIEpiShLrxEpTDZN:grin.hu - triggering immediate UI update
11-29 23:28:42.173 24474 24474 D Andromuks: AppViewModel: New member joined: @andrewm:element.io in room !i5D5LLct_DYG-4hQprLzrxdbZ580U9UB6AEgFnk6rZQ - triggering immediate UI update
11-29 23:28:42.173 24474 24474 D Andromuks: AppViewModel: New member joined: @abuse:matrix.org in room !jZUPVDWqESwCibUpnD:matrix.org - triggering immediate UI update
11-29 23:28:42.173 24474 24474 D Andromuks: AppViewModel: New member joined: @andrewm:element.io in room !kgh831mEmTLwdXKY2ShyCoZE3kVoMinFUZMnv6I_Mqw - triggering immediate UI update
11-29 23:28:42.173 24474 24474 D Andromuks: AppViewModel: New member joined: @h3nn3s:matrix.org in room !nD4Jy1hp0We0VmIM9ubjqWLBX_uV8YlTBBPa3a_v2uk - triggering immediate UI update
11-29 23:28:42.173 24474 24474 D Andromuks: AppViewModel: New member joined: @daedric:aguiarvieira.pt in room !oEMyPSuqzpbpZwRMYt:matrixbridg.es - triggering immediate UI update
11-29 23:28:42.173 24474 24474 D Andromuks: AppViewModel: New member joined: @whatsapp_351962458991:matrixbridg.es in room !oEuRDcDPshMYUohCHv:matrixbridg.es - triggering immediate UI update
11-29 23:28:42.173 24474 24474 D Andromuks: AppViewModel: New member joined: @redstrate:pyra.sh in room !oXVtZGWmHbaJvGTerl:kde.org - triggering immediate UI update
11-29 23:28:42.174 24474 24474 D Andromuks: AppViewModel: New member joined: @sky:codestorm.net in room !pVlMWCVgMILfLXlnJm:codestorm.net - triggering immediate UI update
11-29 23:28:42.174 24474 24474 D Andromuks: AppViewModel: New member joined: @whatsapp_351914985897:matrixbridg.es in room !rMJenuAgAMbVAFVmcV:matrixbridg.es - triggering immediate UI update
11-29 23:28:42.174 24474 24474 D Andromuks: AppViewModel: New member joined: @abuse:matrix.org in room !ra1E0HFaPPTsYnpYqn_It2o66CY356Hh2r22S9Hb8fk - triggering immediate UI update
11-29 23:28:42.174 24474 24474 D Andromuks: AppViewModel: New member joined: @deepbluev7:neko.dev in room !rbcFnVowLXAoDmVNGF:tcpip.uk - triggering immediate UI update
11-29 23:28:42.174 24474 24474 D Andromuks: AppViewModel: New member joined: @abuse:matrix.org in room !vKsKNErebdRaQvsUkQ:half-shot.uk - triggering immediate UI update
11-29 23:28:42.174 24474 24474 D Andromuks: AppViewModel: New member joined: @abuse:matrix.org in room !vlnjqGLpLJlFmBSkfQ:matrix.org - triggering immediate UI update
11-29 23:28:42.174 24474 24474 D Andromuks: AppViewModel: New member joined: @ser:sergevictor.eu in room !wdRiVNUwgYDzvRkXlw:mssj.me - triggering immediate UI update
11-29 23:28:42.174 24474 24474 D Andromuks: AppViewModel: New member joined: @jakob:schuerz.at in room !ySmUSgzOvAVw_kwxdEUxDLnIfu5VIeAcdF61BfrAbhA - triggering immediate UI update
11-29 23:28:42.174 24474 24474 D Andromuks: AppViewModel: New member joined: @abuse:matrix.org in room !yvhoprZiKmhjxKfNHa:matrix.org - triggering immediate UI update
11-29 23:28:42.175 24474 24474 D Andromuks: AppViewModel: New member joined: @abuse:matrix.org in room !zzGPdcyFqxIOJEijoI:matrix.org - triggering immediate UI update
11-29 23:28:42.175 24474 24474 D Andromuks: AppViewModel: MEMBER PROCESSING - Updated 93 rooms with member changes
11-29 23:28:42.180 24474 24555 D SyncIngestor: Replaced space-room relationships for 60 spaces (1368 total relationships)
11-29 23:28:42.188 24474 24523 D SyncIngestor: SyncIngestor: Processing 0 events from 'events' array for room !BDSybzDpGyDxMHZzpN:unredacted.org
11-29 23:28:42.188 24474 24523 D SyncIngestor: SyncIngestor: Processing 0 events from 'events' array for room !BttBmRpNwQruXFEcyG:t2l.io
11-29 23:28:42.189 24474 24523 D SyncIngestor: SyncIngestor: Processing 0 events from 'events' array for room !DPipfSbppzoMbfgNhH:aguiarvieira.pt
11-29 23:28:42.189 24474 24523 D SyncIngestor: SyncIngestor: Processing 0 events from 'events' array for room !DpqiPCRsosvWhKQIYr:envs.net
11-29 23:28:42.190 24474 24523 D SyncIngestor: SyncIngestor: Processing 0 events from 'events' array for room !EvxPoBUlbjYMABHNcd:aguiarvieira.pt
11-29 23:28:42.190 24474 24523 D SyncIngestor: SyncIngestor: Processing 0 events from 'events' array for room !FbdUhpqRpOpzkFKXef:t2l.io
11-29 23:28:42.191 24474 24523 D SyncIngestor: SyncIngestor: Processing 0 events from 'events' array for room !GjOUBwlEdJKibPZzvb:aguiarvieira.pt
11-29 23:28:42.191 24474 24523 D SyncIngestor: SyncIngestor: Processing 0 events from 'events' array for room !HAQzyxVvpDMdGnbVvZ:matrix.org
11-29 23:28:42.191 24474 24523 D SyncIngestor: SyncIngestor: Processing 0 events from 'events' array for room !HbZaXsCOprPuUTLxfF:aguiarvieira.pt
11-29 23:28:42.192 24474 24523 D SyncIngestor: SyncIngestor: Processing 0 events from 'events' array for room !JqHnTLVyzdzYSgOJYR:matrix.org
11-29 23:28:42.192 24474 24474 D Andromuks: AppViewModel: Total rooms now: 580 (updated: 99, new: 0, removed: 0) - sync message #3 [App visible: true]
11-29 23:28:42.192 24474 24523 D SyncIngestor: SyncIngestor: Processing 0 events from 'events' array for room !JxVdjluQhAiplXpUpi:t2l.io
11-29 23:28:42.193 24474 24523 D SyncIngestor: SyncIngestor: Processing 0 events from 'events' array for room !KLrlDTEBcUaOwEDgSO:aguiarvieira.pt
11-29 23:28:42.193 24474 24523 D SyncIngestor: SyncIngestor: Processing 0 events from 'events' array for room !KMQukOrIbjaQMuKefm:aguiarvieira.pt
11-29 23:28:42.194 24474 24523 D SyncIngestor: SyncIngestor: Processing 0 events from 'events' array for room !LDZf6A6PUtLMhm6h7CAxDIYTibVd6e4RdaP-FGqjkhQ
11-29 23:28:42.194 24474 24523 D SyncIngestor: SyncIngestor: Processing 0 events from 'events' array for room !LkZoldDuaATlmeBEZi:aguiarvieira.pt
11-29 23:28:42.194 24474 24523 D SyncIngestor: SyncIngestor: Processing 0 events from 'events' array for room !MLCDblCLDtYtkcmxIV:aguiarvieira.pt
11-29 23:28:42.195 24474 24523 D SyncIngestor: SyncIngestor: Processing 0 events from 'events' array for room !MhgyezaAdznuYJXXFJ:matrix.org
11-29 23:28:42.196 24474 24542 D Andromuks: AppViewModel: Processing queued initial sync_complete message 5/8
11-29 23:28:42.196 24474 24542 D WebSocketService: updateLastSyncTimestamp() called - connectionState: CONNECTED
11-29 23:28:42.196 24474 24542 I WS-Toggle: id=10 ts=1764458922196 event=updateConnectionStatus details=[isConnected=true lag=78 lastSync=1764458922196] stack=[WebSocketService#updateConnectionStatus:2791 | WebSocketService$Companion#updateConnectionStatus:548 | WebSocketService$Companion#updateLastSyncTimestamp:1376 | AppViewModel#processInitialSyncComplete:3590 | AppViewModel#access$processInitialSyncComplete:93 | AppViewModel$onInitComplete$1#invokeSuspend:4314]
11-29 23:28:42.196 24474 24474 D Andromuks: AppViewModel: SYNC OPTIMIZATION - Room state changed, updating data without sorting
11-29 23:28:42.197 24474 24523 D SyncIngestor: SyncIngestor: Processing 0 events from 'events' array for room !NUabWlgglGLDEGqpgu:matrix.org
11-29 23:28:42.197 24474 24542 D WebSocketService: Throttling notification update (204ms < 500ms)
11-29 23:28:42.198 24474 24523 D SyncIngestor: SyncIngestor: Processing 0 events from 'events' array for room !OYZhJFhqGBrjtyCADi:aguiarvieira.pt
11-29 23:28:42.198 24474 24523 D SyncIngestor: SyncIngestor: Processing 0 events from 'events' array for room !PwCaEPQDgdAgKvjXLW:mgamers.com
11-29 23:28:42.198 24474 24523 D SyncIngestor: SyncIngestor: Processing 0 events from 'events' array for room !QemreyKLMOnDbmMaPG:envs.net
11-29 23:28:42.199 24474 24523 D SyncIngestor: SyncIngestor: Processing 0 events from 'events' array for room !RtXmtFFhrHqyvFSPbD:aguiarvieira.pt
11-29 23:28:42.199 24474 24523 D SyncIngestor: SyncIngestor: Processing 0 events from 'events' array for room !SvCqnZFTdFrhOsxbvz:t2l.io
11-29 23:28:42.200 24474 24523 D SyncIngestor: SyncIngestor: Processing 0 events from 'events' array for room !SwJgupFYrQtwufOFFV:aguiarvieira.pt
11-29 23:28:42.200 24474 24523 D SyncIngestor: SyncIngestor: Processing 0 events from 'events' array for room !XQtcYjWQCFbyeIuEoj:matrix.org
11-29 23:28:42.201 24474 24474 D Andromuks: AppViewModel: SYNC OPTIMIZATION - Room data updated (no sorting), debounced sort scheduled
11-29 23:28:42.201 24474 24474 D Andromuks: AppViewModel: SYNC OPTIMIZATION - Member state changed, scheduling UI update
11-29 23:28:42.204 24474 24523 D SyncIngestor: SyncIngestor: Processing 0 events from 'events' array for room !XuxUVMkvmxnfLKpXLi:aguiarvieira.pt
11-29 23:28:42.204 24474 24523 D SyncIngestor: SyncIngestor: Processing 0 events from 'events' array for room !aGtRCjZsxSCERWLMfK:aguiarvieira.pt
11-29 23:28:42.205 24474 24523 D SyncIngestor: SyncIngestor: Processing 0 events from 'events' array for room !bHEGJXbCvxUEAcTAZp:aguiarvieira.pt
11-29 23:28:42.205 24474 24474 D Andromuks: AppViewModel: MEMBER PROCESSING - Processing 94 rooms with member events [App visible: true]
11-29 23:28:42.205 24474 24523 D SyncIngestor: SyncIngestor: Processing 0 events from 'events' array for room !bsUYumeCxzTyXFZfCR:aguiarvieira.pt
11-29 23:28:42.205 24474 24474 D Andromuks: AppViewModel: New member joined: @s7evink:dendrite.s3cr3t.me in room !3O0Wyy-4bRF6OmZ1WK6tD_al8FmJObHWBpGZ8v5_sWo - triggering immediate UI update
11-29 23:28:42.205 24474 24474 D Andromuks: AppViewModel: New member joined: @abuse:matrix.org in room !BIDAeUqYWNCjRLhRdj:matrix.org - triggering immediate UI update
11-29 23:28:42.205 24474 24474 D Andromuks: AppViewModel: New member joined: @adrianling:matrix.org in room !BWZCciBYzjjbmpROrZ:matrix.org - triggering immediate UI update
11-29 23:28:42.205 24474 24474 D Andromuks: AppViewModel: New member joined: @abuse:matrix.org in room !BmAgWlfcrgaRfViMVl:matrix.org - triggering immediate UI update
11-29 23:28:42.206 24474 24523 D SyncIngestor: SyncIngestor: Processing 0 events from 'events' array for room !cewbGoQQKSyQPVDwhR:aguiarvieira.pt
11-29 23:28:42.206 24474 24474 D Andromuks: AppViewModel: New member joined: @sojovec:matrix.org in room !DamSgPwbINUhObNOhj:tchncs.de - triggering immediate UI update
11-29 23:28:42.206 24474 24474 D Andromuks: AppViewModel: New member joined: @whatsapp_351910637876:matrixbridg.es in room !FeEoogwEkfpCpjWqON:matrixbridg.es - triggering immediate UI update
11-29 23:28:42.206 24474 24474 D Andromuks: AppViewModel: New member joined: @abuse:matrix.org in room !GNPBRmjZKKEGszhMtB:matrix.org - triggering immediate UI update
11-29 23:28:42.206 24474 24474 D Andromuks: AppViewModel: New member joined: @whatsapp_351918957499:matrixbridg.es in room !GmlIOrXdgedFcuqEvQ:matrixbridg.es - triggering immediate UI update
11-29 23:28:42.206 24474 24523 D SyncIngestor: SyncIngestor: Processing 0 events from 'events' array for room !hCmiBvuYBVLcuNBsCR:codestorm.net
11-29 23:28:42.206 24474 24474 D Andromuks: AppViewModel: Member left/banned: @faqbot:sspaeth.de in room !IemiTbwVankHTFiEoh:matrix.org - triggering immediate UI update
11-29 23:28:42.206 24474 24474 D Andromuks: AppViewModel: New member joined: @abuse:matrix.org in room !NasysSDfxKxZBzJJoE:matrix.org - triggering immediate UI update
11-29 23:28:42.206 24474 24474 D Andromuks: AppViewModel: New member joined: @grin:grin.hu in room !NzVTorFYuLbRsPmffw:grin.hu - triggering immediate UI update
11-29 23:28:42.206 24474 24474 D Andromuks: AppViewModel: New member joined: @watcherbot:littlevortex.net in room !PIUSIqekAVPBAsQxNS:codestorm.net - triggering immediate UI update
11-29 23:28:42.206 24474 24523 D SyncIngestor: SyncIngestor: Processing 0 events from 'events' array for room !hJTAkLTrivQWAOZOlK:t2l.io
11-29 23:28:42.206 24474 24474 D Andromuks: AppViewModel: New member joined: @aine:etke.cc in room !PLVtsSMHGSpXxoHAuE:grin.hu - triggering immediate UI update
11-29 23:28:42.206 24474 24474 D Andromuks: AppViewModel: New member joined: @justin_notification_bot:matrix.org in room !PNzdyavxuTYqbQCWzC:matrix.org - triggering immediate UI update
11-29 23:28:42.207 24474 24474 D Andromuks: AppViewModel: New member joined: @whatsapp_6282296165591:matrixbridg.es in room !PZKbthdsdUZWBAkohk:matrixbridg.es - triggering immediate UI update
11-29 23:28:42.207 24474 24474 D Andromuks: AppViewModel: New member joined: @abuse:matrix.org in room !QNCMvmWellIlMLxcVJ:vector.modular.im - triggering immediate UI update
11-29 23:28:42.207 24474 24474 D Andromuks: AppViewModel: New member joined: @fanchthesystem:libre.bzh in room !QuJxJguNxxgJvoQmus:matrix.org - triggering immediate UI update
11-29 23:28:42.207 24474 24474 D Andromuks: AppViewModel: New member joined: @abuse:matrix.org in room !RcWPWcZrMeBxOGaalX:matrix.org - triggering immediate UI update
11-29 23:28:42.207 24474 24523 D SyncIngestor: SyncIngestor: Processing 0 events from 'events' array for room !hORxxwXMbvHLIuftyh:codestorm.net
11-29 23:28:42.207 24474 24474 D Andromuks: AppViewModel: New member joined: @sky:codestorm.net in room !TKQ0ZZT_yjz4A6r3CfeztAzO_ZGMqtmP2KS_Bgy2pL0 - triggering immediate UI update
11-29 23:28:42.207 24474 24474 D Andromuks: AppViewModel: New member joined: @abuse:matrix.org in room !TKrnbOEmITHxuTtrBm:matrix.org - triggering immediate UI update
11-29 23:28:42.207 24474 24474 D Andromuks: AppViewModel: New member joined: @github:integrations.ems.host in room !TbrrNhNZAFqxEXMtAB:t2l.io - triggering immediate UI update
11-29 23:28:42.207 24474 24474 D Andromuks: AppViewModel: New member joined: @whatsapp_447876132385:matrixbridg.es in room !UlSUjWxWzTvhXCQEIF:matrixbridg.es - triggering immediate UI update
11-29 23:28:42.207 24474 24474 D Andromuks: AppViewModel: Member left/banned: @ssi8e:envs.net in room !WPZTYKl78yFl9u9kNmsACs0On5_wLdR4UPZ5MQIJJlA - triggering immediate UI update
11-29 23:28:42.207 24474 24523 D SyncIngestor: SyncIngestor: Processing 0 events from 'events' array for room !hQcROaiBLfouZnZQZd:matrix.org
11-29 23:28:42.207 24474 24474 D Andromuks: AppViewModel: New member joined: @github:integrations.ems.host in room !WpbOWAblxueZXAAnjj:matrix.org - triggering immediate UI update
11-29 23:28:42.207 24474 24474 D Andromuks: AppViewModel: New member joined: @whatsapp_351912444191:matrixbridg.es in room !YktKyyJpTKMJNifYkF:matrixbridg.es - triggering immediate UI update
11-29 23:28:42.207 24474 24474 D Andromuks: AppViewModel: New member joined: @sky:codestorm.net in room !YrPhogWvZDuAp5aw_DR1dKPMoSBZWohzcISWyry-sds - triggering immediate UI update
11-29 23:28:42.208 24474 24474 D Andromuks: AppViewModel: New member joined: @whatsapp_351912444191:matrixbridg.es in room !ZbzUIqepwENKrzyctF:matrixbridg.es - triggering immediate UI update
11-29 23:28:42.208 24474 24474 D Andromuks: AppViewModel: New member joined: @abuse:matrix.org in room !aCvOWKNDeXXpPgquKq:matrix.org - triggering immediate UI update
11-29 23:28:42.208 24474 24474 D Andromuks: AppViewModel: New member joined: @abuse:matrix.org in room !amwlFMejXQcoCxNYHH:matrix.org - triggering immediate UI update
11-29 23:28:42.208 24474 24523 D SyncIngestor: SyncIngestor: Processing 0 events from 'events' array for room !hpripcBCUFCrJbQvKo:aguiarvieira.pt
11-29 23:28:42.208 24474 24474 D Andromuks: AppViewModel: New member joined: @abuse:matrix.org in room !bEWtlqtDwCLFIAKAcv:matrix.org - triggering immediate UI update
11-29 23:28:42.208 24474 24474 D Andromuks: AppViewModel: New member joined: @whatsapp_351916052028:matrixbridg.es in room !bairttWvWiutIoGsIr:matrixbridg.es - triggering immediate UI update
11-29 23:28:42.208 24474 24474 D Andromuks: AppViewModel: New member joined: @_ooye_hai2u:bienvenidoainternet.org in room !dBTXpBFPlNHOKhEWUy:bienvenidoainternet.org - triggering immediate UI update
11-29 23:28:42.208 24474 24474 D Andromuks: AppViewModel: New member joined: @whatsapp_351966701587:matrixbridg.es in room !dEcHrKqSvMmFstUMYq:matrixbridg.es - triggering immediate UI update
11-29 23:28:42.208 24474 24474 D Andromuks: AppViewModel: New member joined: @whatsapp_447974905007:matrixbridg.es in room !dEmrZMtbAGQHDEGZGE:matrixbridg.es - triggering immediate UI update
11-29 23:28:42.208 24474 24474 D Andromuks: AppViewModel: New member joined: @whatsapp_351965483458:matrixbridg.es in room !dGGCFcGrDpMcnaaqHx:matrixbridg.es - triggering immediate UI update
11-29 23:28:42.208 24474 24523 D SyncIngestor: SyncIngestor: Processing 0 events from 'events' array for room !iMZEhwCvbfeAYUxAjZ:t2l.io
11-29 23:28:42.208 24474 24474 D Andromuks: AppViewModel: New member joined: @whatsapp_351916418543:matrixbridg.es in room !dqtVBuNGeWXHcfobpE:matrixbridg.es - triggering immediate UI update
11-29 23:28:42.208 24474 24474 D Andromuks: AppViewModel: New member joined: @abuse:matrix.org in room !ewdjhNcPcEmYNKzlWp:t2l.io - triggering immediate UI update
11-29 23:28:42.208 24474 24474 D Andromuks: AppViewModel: Member left/banned: @crispycat:calitabby.net in room !fFrilqWEPBVfFTILzK:telepath.im - triggering immediate UI update
11-29 23:28:42.208 24474 24474 D Andromuks: AppViewModel: New member joined: @vbits:matrix.org in room !fOXULBcFK-wIAULCq77kt_isaRvqTzWOHdWVX_PT_Aw - triggering immediate UI update
11-29 23:28:42.209 24474 24474 D Andromuks: AppViewModel: New member joined: @whatsapp_351918483882:matrixbridg.es in room !hjdgzNQaIliNtrTTUn:matrixbridg.es - triggering immediate UI update
11-29 23:28:42.209 24474 24474 D Andromuks: AppViewModel: New member joined: @abuse:matrix.org in room !iYnZafYUoXkeVPOSQh:matrix.org - triggering immediate UI update
11-29 23:28:42.209 24474 24523 D SyncIngestor: SyncIngestor: Processing 0 events from 'events' array for room !jESfSqrAORVUPEaYer:aguiarvieira.pt
11-29 23:28:42.209 24474 24474 D Andromuks: AppViewModel: New member joined: @abuse:matrix.org in room !jehJNWITGQUENUPvKf:matrix.org - triggering immediate UI update
11-29 23:28:42.209  3540  4009 I AiAiEcho: SmartspaceNotificationPredictor no parser can handle this notification or notification is invalid
11-29 23:28:42.209 24474 24474 D Andromuks: AppViewModel: New member joined: @abuse:matrix.org in room !jxlRxnrZCsjpjDubDX:matrix.org - triggering immediate UI update
11-29 23:28:42.209 24474 24474 D Andromuks: AppViewModel: New member joined: @whatsapp_19025935149:matrixbridg.es in room !kzSVnRQWuzbHJwLPJw:matrixbridg.es - triggering immediate UI update
11-29 23:28:42.209 24474 24474 D Andromuks: AppViewModel: New member joined: @sky:codestorm.net in room !lVeLtsDlCBYAjPvzBV:codestorm.net - triggering immediate UI update
11-29 23:28:42.209 24474 24474 D Andromuks: AppViewModel: New member joined: @sojovec:matrix.org in room !lkmzzYxiCkiSzKTrRV:nheko.im - triggering immediate UI update
11-29 23:28:42.209 24474 24474 D Andromuks: AppViewModel: New member joined: @jacksonchen666:jacksonchen666.com in room !mLATeUxylgHiofUzHJ:peek-a-boo.at - triggering immediate UI update
11-29 23:28:42.209 24474 24523 D SyncIngestor: SyncIngestor: Processing 0 events from 'events' array for room !jGPvSrUSxdBpBFiNnY:t2l.io
11-29 23:28:42.209 24474 24474 D Andromuks: AppViewModel: New member joined: @fdroid:spiritcroc.de in room !mgofOMeZYZBeKxGxiJ:matrix.org - triggering immediate UI update
11-29 23:28:42.209 24474 24474 D Andromuks: AppViewModel: New member joined: @whatsapp_351915348271:matrixbridg.es in room !nzhMBYTCxhEXAaQoXW:matrixbridg.es - triggering immediate UI update
11-29 23:28:42.209 24474 24474 D Andromuks: AppViewModel: New member joined: @whatsapp_351914647572:matrixbridg.es in room !qJgYMxCGuWzKAMmOwU:matrixbridg.es - triggering immediate UI update
11-29 23:28:42.210 24474 24474 D Andromuks: AppViewModel: New member joined: @abuse:matrix.org in room !sWpnrYUMmaBrlqfRdn:matrix.org - triggering immediate UI update
11-29 23:28:42.210 24474 24523 D SyncIngestor: SyncIngestor: Processing 0 events from 'events' array for room !jXpTQyjIIkuSZdHpeY:gnome.org
11-29 23:28:42.210 24474 24474 D Andromuks: AppViewModel: New member joined: @deepbluev7:neko.dev in room !tlF8WBw4Eox_nwUcyDNzUSadGvMeRmZg810a_pQyciU - triggering immediate UI update
11-29 23:28:42.210 24474 24474 D Andromuks: AppViewModel: New member joined: @emma:rory.gay in room !tuiLEoMqNOQezxILzt:rory.gay - triggering immediate UI update
11-29 23:28:42.210 24474 24474 D Andromuks: AppViewModel: New member joined: @abuse:matrix.org in room !vcyiEtMVHIhWXcJAfl:sw1v.org - triggering immediate UI update
11-29 23:28:42.210 24474 24474 D Andromuks: AppViewModel: New member joined: @zecakeh:private.coffee in room !veagCdDBjKrMsOCzrq:privacytools.io - triggering immediate UI update
11-29 23:28:42.210 24474 24474 D Andromuks: AppViewModel: New member joined: @sim_g:matrix.org in room !vwmBiTqilorqNCbGab:matrix.org - triggering immediate UI update
11-29 23:28:42.210 24474 24474 D Andromuks: AppViewModel: New member joined: @whatsapp_447974905090:matrixbridg.es in room !vwynHgnFGcfHLMZErR:matrixbridg.es - triggering immediate UI update
11-29 23:28:42.210 24474 24523 D SyncIngestor: SyncIngestor: Processing 0 events from 'events' array for room !kXZDvRTSBAMobxvATF:t2l.io
11-29 23:28:42.210 24474 24474 D Andromuks: AppViewModel: New member joined: @whatsapp_447723442971:matrixbridg.es in room !wJKRKFmrpTyrQrlsZA:matrixbridg.es - triggering immediate UI update
11-29 23:28:42.210 24474 24474 D Andromuks: AppViewModel: New member joined: @abuse:matrix.org in room !xALORqBdeiSfgdrmUb:bpulse.org - triggering immediate UI update
11-29 23:28:42.210 24474 24474 D Andromuks: AppViewModel: New member joined: @sky:codestorm.net in room !xMUygnrdApfBrSytDP:codestorm.net - triggering immediate UI update
11-29 23:28:42.210 24474 24474 D Andromuks: AppViewModel: New member joined: @whatsapp_351914697113:matrixbridg.es in room !xnMWgrgrGPcEmhceUz:matrixbridg.es - triggering immediate UI update
11-29 23:28:42.210 24474 24474 D Andromuks: AppViewModel: New member joined: @whatsapp_351932004029:matrixbridg.es in room !yHkmBNbAUFPGDMGFYJ:matrixbridg.es - triggering immediate UI update
11-29 23:28:42.211 24474 24474 D Andromuks: AppViewModel: New member joined: @whatsapp_351932004029:matrixbridg.es in room !znxwnDgIuCPnJTJwIT:matrixbridg.es - triggering immediate UI update
11-29 23:28:42.211 24474 24523 D SyncIngestor: SyncIngestor: Processing 0 events from 'events' array for room !lhCOHIRwTuTsrDInUj:aguiarvieira.pt
11-29 23:28:42.211 24474 24474 D Andromuks: AppViewModel: MEMBER PROCESSING - Updated 94 rooms with member changes
11-29 23:28:42.211 24474 24523 D SyncIngestor: SyncIngestor: Processing 0 events from 'events' array for room !mIHGbAStxsWuByFWbQ:pixie.town
11-29 23:28:42.212 24474 24523 D SyncIngestor: SyncIngestor: Processing 0 events from 'events' array for room !mWJAPDoJGnrtgvBNWU:matrixbridg.es
11-29 23:28:42.212 24474 24523 D SyncIngestor: SyncIngestor: Processing 0 events from 'events' array for room !noysImZHtYQZyWqlHx:aguiarvieira.pt
11-29 23:28:42.213 24474 24523 D SyncIngestor: SyncIngestor: Processing 0 events from 'events' array for room !nroVVzSSMxKuXThMoU:aguiarvieira.pt
11-29 23:28:42.213 24474 24523 D SyncIngestor: SyncIngestor: Processing 0 events from 'events' array for room !oQmFOgjglTEbfGmoOl:rory.gay
11-29 23:28:42.213 11926 11926 I NotificationListener: received notification removed event - pt.aguiarvieira.andromuks#UserHandle{0},category=-1
11-29 23:28:42.214 24474 24523 D SyncIngestor: SyncIngestor: Processing 0 events from 'events' array for room !pvOfSyfiUOIEBrZDWF:matrix.org
11-29 23:28:42.214 24474 24523 D SyncIngestor: SyncIngestor: Processing 0 events from 'events' array for room !qSofmIvsivYgvSWZej:maunium.net
11-29 23:28:42.214 24474 24523 D SyncIngestor: SyncIngestor: Processing 0 events from 'events' array for room !qaNWTaAvGBiGyowZnw:aguiarvieira.pt
11-29 23:28:42.215 24474 24523 D SyncIngestor: SyncIngestor: Processing 0 events from 'events' array for room !rooms:continuwuity.org
11-29 23:28:42.216 24474 24523 D SyncIngestor: SyncIngestor: Processing 0 events from 'events' array for room !tWaaraoQDesIYMaDUt:aguiarvieira.pt
11-29 23:28:42.216 24474 24523 D SyncIngestor: SyncIngestor: Processing 0 events from 'events' array for room !tclUxvNWFbZxxlxtna:aguiarvieira.pt
11-29 23:28:42.217 24474 24523 D SyncIngestor: SyncIngestor: Processing 0 events from 'events' array for room !uLIAWdcHlmKWYRpZsz:aguiarvieira.pt
11-29 23:28:42.217 24474 24523 D SyncIngestor: SyncIngestor: Processing 0 events from 'events' array for room !vjszXxdDAqrKGdnACF:matrix.org
11-29 23:28:42.218 24474 24523 D SyncIngestor: SyncIngestor: Processing 0 events from 'events' array for room !vzGPkCeCHPouxzqJEc:aguiarvieira.pt
11-29 23:28:42.218 24474 24523 D SyncIngestor: SyncIngestor: Processing 0 events from 'events' array for room !wLPorXtsrvdGFGqsmu:aguiarvieira.pt
11-29 23:28:42.219 24474 24523 D SyncIngestor: SyncIngestor: Processing 0 events from 'events' array for room !xXXZDJBlYbBfCUcfvI:aguiarvieira.pt
11-29 23:28:42.219 24474 24523 D SyncIngestor: SyncIngestor: Processing 0 events from 'events' array for room !yBNAEKzktPdusnRFWM:aguiarvieira.pt
11-29 23:28:42.220 24474 24523 D SyncIngestor: SyncIngestor: Processing 0 events from 'events' array for room !yTNaIjgcibeYZIpsQi:matrix.org
11-29 23:28:42.220 24474 24523 D SyncIngestor: SyncIngestor: Processing 0 events from 'events' array for room !zqriUzpugYYUFvVpKA:aguiarvieira.pt
11-29 23:28:42.222 24474 24542 D Andromuks: AppViewModel: Processing queued initial sync_complete message 6/8
11-29 23:28:42.222 24474 24542 D WebSocketService: updateLastSyncTimestamp() called - connectionState: CONNECTED
11-29 23:28:42.222 24474 24542 I WS-Toggle: id=11 ts=1764458922222 event=updateConnectionStatus details=[isConnected=true lag=78 lastSync=1764458922222] stack=[WebSocketService#updateConnectionStatus:2791 | WebSocketService$Companion#updateConnectionStatus:548 | WebSocketService$Companion#updateLastSyncTimestamp:1376 | AppViewModel#processInitialSyncComplete:3590 | AppViewModel#access$processInitialSyncComplete:93 | AppViewModel$onInitComplete$1#invokeSuspend:4314]
11-29 23:28:42.223 24474 24542 D WebSocketService: Throttling notification update (230ms < 500ms)
11-29 23:28:42.225 24474 24474 D Andromuks: AppViewModel: Total rooms now: 580 (updated: 99, new: 0, removed: 0) - sync message #4 [App visible: true]
11-29 23:28:42.228 24474 24537 D SyncIngestor: Ingested sync_complete: 0, 60 rooms, since=, 0 rooms with events
11-29 23:28:42.229 24474 24474 D Andromuks: AppViewModel: SYNC OPTIMIZATION - Room state changed, updating data without sorting
11-29 23:28:42.232 24474 24474 D Andromuks: AppViewModel: SYNC OPTIMIZATION - Room data updated (no sorting), debounced sort scheduled
11-29 23:28:42.233 24474 24474 D Andromuks: AppViewModel: SYNC OPTIMIZATION - Member state changed, scheduling UI update
11-29 23:28:42.235 24474 24523 D SyncIngestor: SyncIngestor: Processing 2 events from 'events' array for room !1cmc7qKPJoALAKiaFHPa80x7xhTi93A7j14BSnmzhto
11-29 23:28:42.235 24474 24523 D SyncIngestor: SyncIngestor: Persisting 2 events from 'events' array for room !1cmc7qKPJoALAKiaFHPa80x7xhTi93A7j14BSnmzhto (skipped 0)
11-29 23:28:42.236 24474 24523 D SyncIngestor: SyncIngestor: Persisted event (room=!1cmc7qKPJoALAKiaFHPa80x7xhTi93A7j14BSnmzhto, eventId=$YYsbGnN6YbUQh86oZF7lJH-PhID_gzX8PCOkBtrZlGU, type=m.room.member, timelineRowId=758967, source=events[0])
11-29 23:28:42.236 24474 24523 D SyncIngestor: SyncIngestor: Persisted event (room=!1cmc7qKPJoALAKiaFHPa80x7xhTi93A7j14BSnmzhto, eventId=$Ioi3pA6xHvfSgo87VOPX-FNIQDkJuJqNYCp7AOirH5Q, type=m.room.message, timelineRowId=759238, source=events[1])
11-29 23:28:42.237 24474 24523 D SyncIngestor: Room !5rEAuuJ7dFQ7vVvIPU94bOoPhme75SYX18peBenN_GY: Updated tags from account_data - isFavourite=true, isLowPriority=false
11-29 23:28:42.237 24474 24523 D SyncIngestor: SyncIngestor: Processing 2 events from 'events' array for room !5rEAuuJ7dFQ7vVvIPU94bOoPhme75SYX18peBenN_GY
11-29 23:28:42.237 24474 24523 D SyncIngestor: SyncIngestor: Persisting 2 events from 'events' array for room !5rEAuuJ7dFQ7vVvIPU94bOoPhme75SYX18peBenN_GY (skipped 0)
11-29 23:28:42.237 24474 24523 D SyncIngestor: SyncIngestor: Persisted event (room=!5rEAuuJ7dFQ7vVvIPU94bOoPhme75SYX18peBenN_GY, eventId=$QdaAhfsbt9tYoxh7KjYsByfLJ5ai8I0www5sVe887Vo, type=m.room.member, timelineRowId=757070, source=events[0])
11-29 23:28:42.237 24474 24523 D SyncIngestor: SyncIngestor: Persisted event (room=!5rEAuuJ7dFQ7vVvIPU94bOoPhme75SYX18peBenN_GY, eventId=$sJr-haQ0ZnkLdAKOgN0TdZNuMHuGdRfVwuKKdUSCFy4, type=m.room.message, timelineRowId=759587, source=events[1])
11-29 23:28:42.238 24474 24523 D SyncIngestor: SyncIngestor: Processing 2 events from 'events' array for room !79d6Qowfu2eD3MUVPJ:nexy7574.co.uk
11-29 23:28:42.238 24474 24523 D SyncIngestor: SyncIngestor: Persisting 2 events from 'events' array for room !79d6Qowfu2eD3MUVPJ:nexy7574.co.uk (skipped 0)
11-29 23:28:42.238 24474 24523 D SyncIngestor: SyncIngestor: Persisted event (room=!79d6Qowfu2eD3MUVPJ:nexy7574.co.uk, eventId=$Aw_cvvbxnH-9V1nK-5LgbpkKXolTiIfI8uPjoHR-FIg, type=m.room.member, timelineRowId=9613, source=events[0])
11-29 23:28:42.238 24474 24523 D SyncIngestor: SyncIngestor: Persisted event (room=!79d6Qowfu2eD3MUVPJ:nexy7574.co.uk, eventId=$Z797LQsSNA56Dp9ikMmbhoEPKsNMWa7cRLHaFAeuFTk, type=m.room.message, timelineRowId=750332, source=events[1])
11-29 23:28:42.239 24474 24474 D Andromuks: AppViewModel: MEMBER PROCESSING - Processing 44 rooms with member events [App visible: true]
11-29 23:28:42.239 24474 24474 D Andromuks: AppViewModel: Member left/banned: @bot:continuwuity.org in room !Anf0ydtY880PPyAPXYjNTUu5MGSAdkNjNZGWmrCX20k - triggering immediate UI update
11-29 23:28:42.239 24474 24474 D Andromuks: AppViewModel: New member joined: @aquarist684:pleco.space in room !ApTSFhfEdqtycWkvse:matrix.org - triggering immediate UI update
11-29 23:28:42.239 24474 24523 D SyncIngestor: SyncIngestor: Processing 2 events from 'events' array for room !CWftAwJgoDbPuXCPgg:aguiarvieira.pt
11-29 23:28:42.239 24474 24474 D Andromuks: AppViewModel: New member joined: @testiclides:the-wired.org in room !CafQJxwbB2My7WcOuc:the-wired.org - triggering immediate UI update
11-29 23:28:42.239 24474 24474 D Andromuks: AppViewModel: New member joined: @hookshot:aguiarvieira.pt in room !DDpAPXkQoVUKvxFvhR:aguiarvieira.pt - triggering immediate UI update
11-29 23:28:42.239 24474 24474 D Andromuks: AppViewModel: New member joined: @daedric7:matrix.org in room !JmRCJQjIzhrYDQHBcl:aguiarvieira.pt - triggering immediate UI update
11-29 23:28:42.239 24474 24474 D Andromuks: AppViewModel: New member joined: @irc_bot:wetfish.chat in room !RToz3esBLHLNiuNlr0hKD8730CaZQCsM92L7uI6RtmE - triggering immediate UI update
11-29 23:28:42.240 24474 24523 D SyncIngestor: SyncIngestor: Persisting 2 events from 'events' array for room !CWftAwJgoDbPuXCPgg:aguiarvieira.pt (skipped 0)
11-29 23:28:42.240 24474 24474 D Andromuks: AppViewModel: Member left/banned: @corny:matrix.meisselba.ch in room !SDwMepdfgrmExhyxYZ:schildi.chat - triggering immediate UI update
11-29 23:28:42.240 24474 24474 D Andromuks: AppViewModel: New member joined: @_webhooks_matrix.org:aguiarvieira.pt in room !WQCvocYYrBpXoTBqCz:aguiarvieira.pt - triggering immediate UI update
11-29 23:28:42.240 24474 24474 D Andromuks: AppViewModel: New member joined: @signalbot:aguiarvieira.pt in room !WWhcUVRmlVzFlxnqXD:aguiarvieira.pt - triggering immediate UI update
11-29 23:28:42.240 24474 24474 D Andromuks: AppViewModel: New member joined: @erkinalp:matrix.org in room !dBBMdGDEQPbfoYXxwy:feline.support - triggering immediate UI update
11-29 23:28:42.240 24474 24523 D SyncIngestor: SyncIngestor: Persisted event (room=!CWftAwJgoDbPuXCPgg:aguiarvieira.pt, eventId=$gvn6QCDyTBm2nT1BKj2Lc0BewCjsSHLWufDllG-fth4, type=m.room.member, timelineRowId=50009, source=events[0])
11-29 23:28:42.240 24474 24523 D SyncIngestor: SyncIngestor: Persisted event (room=!CWftAwJgoDbPuXCPgg:aguiarvieira.pt, eventId=$MElNz5QCWDJbWEL6nwfcOTwTAtL01SUCy9UMmSUaHmU, type=m.room.message, timelineRowId=759990, source=events[1])
11-29 23:28:42.240 24474 24474 D Andromuks: AppViewModel: New member joined: @natrius:matrix.org in room !dULZRIKAtLRUEwbQav:matrix.org - triggering immediate UI update
11-29 23:28:42.240 24474 24474 D Andromuks: AppViewModel: New member joined: @shuroii:matrix.org in room !evIZAywkmHxnhdhnBx:matrix.org - triggering immediate UI update
11-29 23:28:42.240 24474 24474 D Andromuks: AppViewModel: New member joined: @github:maunium.net in room !gmessages-v10:maunium.net - triggering immediate UI update
11-29 23:28:42.240 24474 24474 D Andromuks: AppViewModel: New member joined: @github:maunium.net in room !go-v11:maunium.net - triggering immediate UI update
11-29 23:28:42.240 24474 24474 D Andromuks: AppViewModel: New member joined: @tulir:maunium.net in room !gvoice-v11:maunium.net - triggering immediate UI update
11-29 23:28:42.240 24474 24474 D Andromuks: AppViewModel: New member joined: @sky:codestorm.net in room !kMsyCaRxaAsfalSVfz:codestorm.net - triggering immediate UI update
11-29 23:28:42.240 24474 24474 D Andromuks: AppViewModel: New member joined: @nuwagaba.gift22:matrix.org in room !kSdlqCwPBWjjowMqbC:matrix.org - triggering immediate UI update
11-29 23:28:42.241 24474 24474 D Andromuks: AppViewModel: New member joined: @github:maunium.net in room !manager-v11:maunium.net - triggering immediate UI update
11-29 23:28:42.241 24474 24474 D Andromuks: AppViewModel: New member joined: @github:maunium.net in room !maubot-v11:maunium.net - triggering immediate UI update
11-29 23:28:42.241 24474 24474 D Andromuks: AppViewModel: New member joined: @bones_was_here:xonotic.org in room !mautrix-discord-v9:maunium.net - triggering immediate UI update
11-29 23:28:42.241 24474 24474 D Andromuks: AppViewModel: New member joined: @github:maunium.net in room !meowlnir-v11:maunium.net - triggering immediate UI update
11-29 23:28:42.241 24474 24523 D SyncIngestor: SyncIngestor: Processing 2 events from 'events' array for room !FoXloqayjUBkWTbJEY:matrix.org
11-29 23:28:42.241 24474 24474 D Andromuks: AppViewModel: New member joined: @github:maunium.net in room !meta-v11:maunium.net - triggering immediate UI update
11-29 23:28:42.241 24474 24474 D Andromuks: AppViewModel: New member joined: @evalaiza:4d2.org in room !ppWIVhhqgxBReHcvfZ:intelfx.name - triggering immediate UI update
11-29 23:28:42.241 24474 24474 D Andromuks: AppViewModel: New member joined: @github:maunium.net in room !rwJEulKnHLoffvXAof:nexy7574.co.uk - triggering immediate UI update
11-29 23:28:42.241 24474 24474 D Andromuks: AppViewModel: New member joined: @github:maunium.net in room !signal-v11:maunium.net - triggering immediate UI update
11-29 23:28:42.241 24474 24474 D Andromuks: AppViewModel: New member joined: @daedric:matrixbridg.es in room !uWaLquhyeGrSkeIyuv:matrixbridg.es - triggering immediate UI update
11-29 23:28:42.241 24474 24474 D Andromuks: AppViewModel: New member joined: @github:maunium.net in room !whatsapp-v10:maunium.net - triggering immediate UI update
11-29 23:28:42.241 24474 24474 D Andromuks: AppViewModel: New member joined: @github:maunium.net in room !whatsmeow-v9:maunium.net - triggering immediate UI update
11-29 23:28:42.241 24474 24523 D SyncIngestor: SyncIngestor: Detected aggregated reactions for event $J5L5Fiu-Lim-_saSdc-tpA6rx_RTfORVK6Ee14aSjSs -> {"💾":1}
11-29 23:28:42.241 24474 24523 D SyncIngestor: SyncIngestor: Persisting 2 events from 'events' array for room !FoXloqayjUBkWTbJEY:matrix.org (skipped 0)
11-29 23:28:42.241 24474 24474 D Andromuks: AppViewModel: Member left/banned: @areskul:matrix.org in room !xBRJadUtxNCiIKdwZT:matrix.org - triggering immediate UI update
11-29 23:28:42.242 24474 24474 D Andromuks: AppViewModel: New member joined: @bkil:grin.hu in room !ykbwcwqRyRJhteUiDp:bancino.net - triggering immediate UI update
11-29 23:28:42.242 24474 24474 D Andromuks: AppViewModel: MEMBER PROCESSING - Updated 44 rooms with member changes
11-29 23:28:42.242 24474 24523 D SyncIngestor: SyncIngestor: Persisted event (room=!FoXloqayjUBkWTbJEY:matrix.org, eventId=$cqH0wkrfgzSq_mzoHx7tXrMGqY7Eom72u2e_U9HsMCQ, type=m.room.member, timelineRowId=312495, source=events[0])
11-29 23:28:42.242 24474 24523 D SyncIngestor: SyncIngestor: Persisted event (room=!FoXloqayjUBkWTbJEY:matrix.org, eventId=$J5L5Fiu-Lim-_saSdc-tpA6rx_RTfORVK6Ee14aSjSs, type=m.room.message, timelineRowId=760196, source=events[1])
11-29 23:28:42.242 24474 24523 D SyncIngestor: SyncIngestor: Processing 2 events from 'events' array for room !Gc2NXFHK1tBk2ss9357AFXOQPNi1qkZd-4yxyR2F-uA
11-29 23:28:42.243 24474 24523 D SyncIngestor: SyncIngestor: Persisting 2 events from 'events' array for room !Gc2NXFHK1tBk2ss9357AFXOQPNi1qkZd-4yxyR2F-uA (skipped 0)
11-29 23:28:42.243 24474 24523 D SyncIngestor: SyncIngestor: Persisted event (room=!Gc2NXFHK1tBk2ss9357AFXOQPNi1qkZd-4yxyR2F-uA, eventId=$C9MIu0DAxInDIZIwtCqv_uZuoqunOQQLk4FSKHQKhGg, type=m.room.member, timelineRowId=67561, source=events[0])
11-29 23:28:42.243 24474 24523 D SyncIngestor: SyncIngestor: Persisted event (room=!Gc2NXFHK1tBk2ss9357AFXOQPNi1qkZd-4yxyR2F-uA, eventId=$Fdgfv1BkiDMjKgYcS69fbis1aQZrGwL-9eHDZQFKwuM, type=m.room.message, timelineRowId=750824, source=events[1])
11-29 23:28:42.243 24474 24523 D SyncIngestor: SyncIngestor: Processing 2 events from 'events' array for room !HVoAt21AG2FXdZYVmtR-kew6hj7IbfhZpPqmrSXxzrc
11-29 23:28:42.244 24474 24523 D SyncIngestor: SyncIngestor: Persisting 2 events from 'events' array for room !HVoAt21AG2FXdZYVmtR-kew6hj7IbfhZpPqmrSXxzrc (skipped 0)
11-29 23:28:42.244 24474 24523 D SyncIngestor: SyncIngestor: Persisted event (room=!HVoAt21AG2FXdZYVmtR-kew6hj7IbfhZpPqmrSXxzrc, eventId=$0E8v4_AhsDWl6tSQIoptHakYuGacvMTQ2s_EwHpWq4w, type=m.room.member, timelineRowId=569923, source=events[0])
11-29 23:28:42.244 24474 24523 D SyncIngestor: SyncIngestor: Persisted event (room=!HVoAt21AG2FXdZYVmtR-kew6hj7IbfhZpPqmrSXxzrc, eventId=$MBw3spCVTFPJIX6-_Edki33t3iAlSepuNQtswN_mPG8, type=m.room.message, timelineRowId=758342, source=events[1])
11-29 23:28:42.244 24474 24523 D SyncIngestor: Room !HVyUZDlALUxfNQpDPS:aguiarvieira.pt: Updated tags from account_data - isFavourite=false, isLowPriority=true
11-29 23:28:42.244 24474 24523 D SyncIngestor: SyncIngestor: Processing 2 events from 'events' array for room !HVyUZDlALUxfNQpDPS:aguiarvieira.pt
11-29 23:28:42.245 24474 24523 D SyncIngestor: SyncIngestor: Persisting 2 events from 'events' array for room !HVyUZDlALUxfNQpDPS:aguiarvieira.pt (skipped 0)
11-29 23:28:42.245 24474 24523 D SyncIngestor: SyncIngestor: Persisted event (room=!HVyUZDlALUxfNQpDPS:aguiarvieira.pt, eventId=$BGSVAMa5qzFxv2BqQ4ARIowKD-B27ZsBuTIe2UDuWeQ, type=m.room.member, timelineRowId=366192, source=events[0])
11-29 23:28:42.245 24474 24523 D SyncIngestor: SyncIngestor: Persisted event (room=!HVyUZDlALUxfNQpDPS:aguiarvieira.pt, eventId=$KBMgfxSB4Bvz5odV2YMtbmcNQ1dDqhfqVK7aTxGPL84, type=m.room.message, timelineRowId=760822, source=events[1])
11-29 23:28:42.246 24474 24523 D SyncIngestor: SyncIngestor: Processing 2 events from 'events' array for room !IJ7cZBAGvDBxZ8M3b21HZY2W0Tu8Ltl6x45OqUdVaQo
11-29 23:28:42.246 24474 24523 D SyncIngestor: SyncIngestor: Persisting 2 events from 'events' array for room !IJ7cZBAGvDBxZ8M3b21HZY2W0Tu8Ltl6x45OqUdVaQo (skipped 0)
11-29 23:28:42.246 24474 24523 D SyncIngestor: SyncIngestor: Persisted event (room=!IJ7cZBAGvDBxZ8M3b21HZY2W0Tu8Ltl6x45OqUdVaQo, eventId=$6paxugN26THb1BG9E2C2Pce0KUmdhvQgJlpaMMmvaf4, type=m.room.member, timelineRowId=32656, source=events[0])
11-29 23:28:42.246 24474 24523 D SyncIngestor: SyncIngestor: Persisted event (room=!IJ7cZBAGvDBxZ8M3b21HZY2W0Tu8Ltl6x45OqUdVaQo, eventId=$AOxwNdPhMcIkzjyTC0aLTb8at1NZcpO372BbxZGTUPU, type=m.room.message, timelineRowId=750183, source=events[1])
11-29 23:28:42.247 24474 24523 D SyncIngestor: SyncIngestor: Processing 2 events from 'events' array for room !IaWNErZAgQUhGqJXjX:matrix.org
11-29 23:28:42.247 24474 24523 D SyncIngestor: SyncIngestor: Persisting 2 events from 'events' array for room !IaWNErZAgQUhGqJXjX:matrix.org (skipped 0)
11-29 23:28:42.247 24474 24523 D SyncIngestor: SyncIngestor: Persisted event (room=!IaWNErZAgQUhGqJXjX:matrix.org, eventId=$5iPjL0Pxl9izxla9w3nUrXq4Kkt8FlFKVW23Atx21T8, type=m.room.member, timelineRowId=73765, source=events[0])
11-29 23:28:42.247 24474 24523 D SyncIngestor: SyncIngestor: Persisted event (room=!IaWNErZAgQUhGqJXjX:matrix.org, eventId=$9GHgldLw_Q5lbMcUZHdeppDrCC775PPisVBDh7wLE90, type=m.room.message, timelineRowId=760332, source=events[1])
11-29 23:28:42.248 24474 24523 D SyncIngestor: SyncIngestor: Processing 2 events from 'events' array for room !IeWLVCQO4YviYfUxG-ca-eV5Vo__EcHXD-uD0CwVDLU
11-29 23:28:42.248 24474 24523 D SyncIngestor: SyncIngestor: Persisting 2 events from 'events' array for room !IeWLVCQO4YviYfUxG-ca-eV5Vo__EcHXD-uD0CwVDLU (skipped 0)
11-29 23:28:42.249 24474 24523 D SyncIngestor: SyncIngestor: Persisted event (room=!IeWLVCQO4YviYfUxG-ca-eV5Vo__EcHXD-uD0CwVDLU, eventId=$MZn9qnxv557APgSC6TVKObNfmkAluJhkHFrQQoDTNEc, type=m.room.member, timelineRowId=56144, source=events[0])
11-29 23:28:42.249 24474 24523 D SyncIngestor: SyncIngestor: Persisted event (room=!IeWLVCQO4YviYfUxG-ca-eV5Vo__EcHXD-uD0CwVDLU, eventId=$lkcs5bN4oYVbU5hMjyRY2XL20KpKTCHUkJXQwAO3gNc, type=m.room.message, timelineRowId=760743, source=events[1])
11-29 23:28:42.249 24474 24523 D SyncIngestor: SyncIngestor: Processing 2 events from 'events' array for room !KQaqifczWbCaidLETg:matrix.org
11-29 23:28:42.249 24474 24523 D SyncIngestor: SyncIngestor: Persisting 2 events from 'events' array for room !KQaqifczWbCaidLETg:matrix.org (skipped 0)
11-29 23:28:42.250 24474 24523 D SyncIngestor: SyncIngestor: Persisted event (room=!KQaqifczWbCaidLETg:matrix.org, eventId=$n2ZiBwVrj0JLO7h-a0K3fOIklmngPsTRN8ctkY8od5I, type=m.room.member, timelineRowId=16894, source=events[0])
11-29 23:28:42.250 24474 24523 D SyncIngestor: SyncIngestor: Persisted event (room=!KQaqifczWbCaidLETg:matrix.org, eventId=$lVJ7Z0FNpzzVhjd3lA545Fvs9EIkbKS_CJudvL5n6cs, type=m.room.message, timelineRowId=753095, source=events[1])
11-29 23:28:42.250 24474 24523 D SyncIngestor: SyncIngestor: Processing 2 events from 'events' array for room !KkOofIGkEVPtzUUVlJ:matrix.org
11-29 23:28:42.250 24474 24523 D SyncIngestor: SyncIngestor: Persisting 2 events from 'events' array for room !KkOofIGkEVPtzUUVlJ:matrix.org (skipped 0)
11-29 23:28:42.251 24474 24523 D SyncIngestor: SyncIngestor: Persisted event (room=!KkOofIGkEVPtzUUVlJ:matrix.org, eventId=$iUPF3D8af5x3njpXS5vUtyLeU-5ZA32bn3WoZQ2p_N0, type=m.room.member, timelineRowId=9246, source=events[0])
11-29 23:28:42.251 24474 24523 D SyncIngestor: SyncIngestor: Persisted event (room=!KkOofIGkEVPtzUUVlJ:matrix.org, eventId=$WOt8QYx4BohTVEazsDIKhxb0zAcq72KbgGUOk-2MZzo, type=m.room.message, timelineRowId=503027, source=events[1])
11-29 23:28:42.251 24474 24523 D SyncIngestor: SyncIngestor: Processing 2 events from 'events' array for room !KnJNZiLZGCpezHYZMw:aguiarvieira.pt
11-29 23:28:42.251 24474 24523 D SyncIngestor: SyncIngestor: Persisting 2 events from 'events' array for room !KnJNZiLZGCpezHYZMw:aguiarvieira.pt (skipped 0)
11-29 23:28:42.252 24474 24523 D SyncIngestor: SyncIngestor: Persisted event (room=!KnJNZiLZGCpezHYZMw:aguiarvieira.pt, eventId=$Vnc4r2fumYYTLKOKLhUSZZYGJttHCS8mYEYDG3tWqk0, type=m.room.member, timelineRowId=12488, source=events[0])
11-29 23:28:42.252 24474 24523 D SyncIngestor: SyncIngestor: Persisted event (room=!KnJNZiLZGCpezHYZMw:aguiarvieira.pt, eventId=$Sg-_PzxxvkO9s_nQXioc1CuTAIepRv4m3VIzGDlooAU, type=m.room.message, timelineRowId=752383, source=events[1])
11-29 23:28:42.252 24474 24523 D SyncIngestor: SyncIngestor: Processing 2 events from 'events' array for room !Ky5AhQMtLqvpRaZi7d2Br86i9hY_7gLFMQxV6MaCaQY
11-29 23:28:42.252 24474 24523 D SyncIngestor: SyncIngestor: Persisting 2 events from 'events' array for room !Ky5AhQMtLqvpRaZi7d2Br86i9hY_7gLFMQxV6MaCaQY (skipped 0)
11-29 23:28:42.253 24474 24523 D SyncIngestor: SyncIngestor: Persisted event (room=!Ky5AhQMtLqvpRaZi7d2Br86i9hY_7gLFMQxV6MaCaQY, eventId=$e0K1U6LFC0zmc1ICCOn16RBuOBBbb9Sz4kDe5NMlE7U, type=m.room.member, timelineRowId=639471, source=events[0])
11-29 23:28:42.253 24474 24523 D SyncIngestor: SyncIngestor: Persisted event (room=!Ky5AhQMtLqvpRaZi7d2Br86i9hY_7gLFMQxV6MaCaQY, eventId=$cBNljVRHAhfTuyzTwQ2DFJB693nDp76-vNWSLBTVDX0, type=m.room.message, timelineRowId=759861, source=events[1])
