--------- beginning of main
11-29 23:28:37.277  1104 24358 I vendor.qti.bluetooth@1.0-ibs_handler: ProcessIbsCmd: Received IBS_SLEEP_IND: 0xFE
11-29 23:28:37.278  1104 24358 D vendor.qti.bluetooth@1.0-ibs_handler: SerialClockVote: vote for UART CLK OFF
11-29 23:28:37.428  1104 24352 D vendor.qti.bluetooth@1.0-wake_lock: Release wakelock is released 
--------- beginning of system
11-29 23:28:37.775  1752  2579 D BackgroundInstallControlService: Package event received: 0
11-29 23:28:37.776  7668  7668 D BoundBrokerSvc: onRebind: Intent { act=com.google.android.gms.semanticlocationhistory.service.START dat=chimera-action:/... xflg=0x4 cmp=com.google.android.gms/.chimera.GmsApiService }
11-29 23:28:38.008  1104 24358 I vendor.qti.bluetooth@1.0-ibs_handler: ProcessIbsCmd: Received IBS_WAKE_IND: 0xFD
11-29 23:28:38.009  1104 24358 D vendor.qti.bluetooth@1.0-ibs_handler: SerialClockVote: vote for UART CLK ON
11-29 23:28:38.009  1104 24358 D vendor.qti.bluetooth@1.0-wake_lock: Acquire wakelock is acquired 
11-29 23:28:38.009  1104 24358 I vendor.qti.bluetooth@1.0-ibs_handler: ProcessIbsCmd: Writing IBS_WAKE_ACK
11-29 23:28:38.018  9679 20055 I NearbyDiscovery: (REDACTED) BloomFilterAdvManager: Detected bloom filter but too far away, ignoring. %sm, %s
11-29 23:28:38.050  1104 24358 I vendor.qti.bluetooth@1.0-ibs_handler: ProcessIbsCmd: Received IBS_SLEEP_IND: 0xFE
11-29 23:28:38.050  1104 24358 D vendor.qti.bluetooth@1.0-ibs_handler: SerialClockVote: vote for UART CLK OFF
11-29 23:28:38.200  1104 24352 D vendor.qti.bluetooth@1.0-wake_lock: Release wakelock is released 
11-29 23:28:38.213  1199  1253 E HWComposer: getLuts: getLuts failed for display 4630946253560767361: UNSUPPORTED (8)
11-29 23:28:38.569 11926 11926 D TaskbarManager: dispatchTouchEvent:  displayId=0 isDefaultDisplay=true
11-29 23:28:38.652 11926 11926 D b/387844520: getOutlineOffsetX: measured width = 173, mNormalizedIconSize = 159, last updated width = 173
11-29 23:28:38.663  1752  4183 V GrammaticalInflectionUtils: AttributionSource: android.content.AttributionSource@381037b0 does not have READ_SYSTEM_GRAMMATICAL_GENDER permission.
11-29 23:28:38.675  1752  4183 I ActivityTaskManager: START u0 {act=android.intent.action.MAIN cat=[android.intent.category.LAUNCHER] flg=0x10200000 xflg=0x4 pkg=pt.aguiarvieira.andromuks cmp=pt.aguiarvieira.andromuks/net.vrkknn.andromuks.MainActivity bnds=[67,175][272,448]} with LAUNCH_MULTIPLE from uid 10558 (sr=113514386) (BAL_ALLOW_VISIBLE_WINDOW) result code=0
11-29 23:28:38.676  1752  1825 V GrammaticalInflectionUtils: AttributionSource: android.content.AttributionSource@381037b0 does not have READ_SYSTEM_GRAMMATICAL_GENDER permission.
11-29 23:28:38.678 11926 11926 D StatsLog: LAUNCHER_APP_LAUNCH_TAP
11-29 23:28:38.678 11926 11926 D StatsLog: LAUNCHER_HOTSEAT_RANKED
11-29 23:28:38.678  2640  2672 V WindowManagerShell: Transition requested (#16100): android.os.BinderProxy@658a1f8 TransitionRequestInfo { type = OPEN, triggerTask = TaskInfo{userId=0 taskId=2831 effectiveUid=10783 displayId=0 isRunning=true baseIntent=Intent { act=android.intent.action.MAIN cat=[android.intent.category.LAUNCHER] flg=0x10200000 pkg=pt.aguiarvieira.andromuks cmp=pt.aguiarvieira.andromuks/net.vrkknn.andromuks.MainActivity } baseActivity=ComponentInfo{pt.aguiarvieira.andromuks/net.vrkknn.andromuks.MainActivity} topActivity=ComponentInfo{pt.aguiarvieira.andromuks/net.vrkknn.andromuks.MainActivity} origActivity=null realActivity=ComponentInfo{pt.aguiarvieira.andromuks/net.vrkknn.andromuks.MainActivity} numActivities=1 lastActiveTime=6224678828 supportsMultiWindow=true resizeMode=1 isResizeable=true minWidth=-1 minHeight=-1 defaultMinSize=220 token=WCT{android.window.IWindowContainerToken$Stub$Proxy@2e6b6d1} topActivityType=1 pictureInPictureParams=null shouldDockBigOverlays=false launchIntoPipHostTaskId=-1 lastParentTaskIdBeforePip=-1 displayCutoutSafeInsets=Rect(0, 79 - 0, 0) topActivityInfo=ActivityInfo{e95b536 net.vrkknn.andromuks.MainActivity} launchCookies=[android.os.BinderProxy@b8cc37] positionInParent=Point(0, 0) parentTaskId=-1 isFocused=false isVisible=false isVisibleRequested=false isTopActivityNoDisplay=false isSleeping=false locusId=null displayAreaFeatureId=1 isTopActivityTransparent=false isActivityStackTransparent=false lastNonFullscreenBounds=Rect(267, 607 - 813, 1687) capturedLink=null capturedLinkTimestamp=0 requestedVisibleTypes=-9 topActivityRequestOpenInBrowserEducationTimestamp=0 appCompatTaskInfo=AppCompatTaskInfo { topActivityInSizeCompat=false eligibleForLetterboxEducation= false isLetterboxEducationEnabled= false isLetterboxDoubleTapEnabled= false eligibleForUserAspectRatioButton= false topActivityBoundsLetterboxed= false isFromLetterboxDoubleTap= false topActivityLetterboxVerticalPosition= -1 topActivityLetterboxHorizontalPosition= -1 topActivityLetterboxWidth=-1 topActivityLetterboxHeight=-1 topActivityAppBounds=Rect(0, 0 - 1080, 2340) isUserFullscreenOverrideEnabled=false isSystemFullscreenOverrideEnabled=false hasMinAspectRatioOverride=false topActivityLetterboxBounds=null cameraCompatTaskInfo=CameraCompatTaskInfo { freeformCameraCompatMode=inactive}} topActivityMainWindowFrame=null}, pipChange = null, remoteTransition = RemoteTransition { remoteTransition = android.window.IRemoteTransition$Stub$Proxy@671e5a4, appThread = android.app.IApplicationThread$Stub$Proxy@34eef0d, debugName = QuickstepLaunch }, displayChange = null, flags = 0, debugId = 16100 }
11-29 23:28:38.679  2640  2672 D ShellSplitScreen: logExit: no-op, mLoggerSessionId is null
11-29 23:28:38.679  2640  2672 V WindowManagerShell: RemoteTransition directly requested for (#16100) android.os.BinderProxy@658a1f8: RemoteTransition { remoteTransition = android.window.IRemoteTransition$Stub$Proxy@671e5a4, appThread = android.app.IApplicationThread$Stub$Proxy@34eef0d, debugName = QuickstepLaunch }
11-29 23:28:38.679  2640  2672 V WindowManagerShell: Transition (#16100): request handled by DefaultMixedHandler
11-29 23:28:38.680  2640  2889 E perf_hint: createSessionUsingConfig: PerformanceHint cannot create session. PowerHintSessions are not supported!
11-29 23:28:38.681 11926 11954 D QuickstepModelDelegate: notifyAppTargetEvent action=1 launchLocation=workspace/1/[0,0]/[1,1]
11-29 23:28:38.685   976   976 D Zygote  : Forked child process 24474
11-29 23:28:38.685 11926 11926 W SplitSelectStateCtor: Missing session instanceIds
11-29 23:28:38.685 11926 11926 D StatsLog: LAUNCHER_SPLIT_SELECTION_EXIT_INTERRUPTED
11-29 23:28:38.685  2640  2672 D WindowManagerShell: setLauncherKeepClearAreaHeight: visible=false, height=527
11-29 23:28:38.685  1752  1834 I ActivityManager: Start proc 24474:pt.aguiarvieira.andromuks/u0a783 for next-top-activity {pt.aguiarvieira.andromuks/net.vrkknn.andromuks.MainActivity}
11-29 23:28:38.685  1752  1834 I ActivityManager: ProcessObserver broadcast disabled
11-29 23:28:38.686  1752  2625 D ProcessFreezerManager: Already triggered freeze for pt.aguiarvieira.andromuks
11-29 23:28:38.687  1752  2625 D ProcessFreezerManager: Already triggered freeze for pt.aguiarvieira.andromuks
11-29 23:28:38.688  1752  2579 D BackgroundInstallControlService: Package event received: 0
11-29 23:28:38.694 24474 24474 I ieira.andromuks: Late-enabling -Xcheck:jni
11-29 23:28:38.700  2640  8763 V WindowManagerShell: onTransitionReady(transaction=7524783334583)
11-29 23:28:38.700  2640  2672 V WindowManagerShell: onTransitionReady (#16100) android.os.BinderProxy@658a1f8: {id=16100 t=OPEN f=0x0 trk=0 r=[0@Point(0, 0)] c=[
11-29 23:28:38.700  2640  2672 V WindowManagerShell:         {m=OPEN f=NONE leash=Surface(name=Task=2831)/@0x10941a sb=Rect(0, 0 - 1080, 2340) eb=Rect(0, 0 - 1080, 2340) epz=Point(1080, 2340) d=0 taskParent=-1},
11-29 23:28:38.700  2640  2672 V WindowManagerShell:         {m=TO_BACK f=SHOW_WALLPAPER leash=Surface(name=Task=1)/@0xa4b2b4b sb=Rect(0, 0 - 1080, 2340) eb=Rect(0, 0 - 1080, 2340) epz=Point(1080, 2340) d=0 taskParent=-1},
11-29 23:28:38.700  2640  2672 V WindowManagerShell:         {m=TO_BACK f=IS_WALLPAPER leash=Surface(name=WallpaperWindowToken{b84e87a showWhenLocked=false})/@0x347928 sb=Rect(0, 0 - 1080, 2340) eb=Rect(0, 0 - 1080, 2340) epz=Point(1080, 2340) d=0}
11-29 23:28:38.700  2640  2672 V WindowManagerShell:     ]}
11-29 23:28:38.700  2640  2672 V WindowManagerShell: Playing animation for (#16100) android.os.BinderProxy@658a1f8@0
11-29 23:28:38.700  2640  2672 V WindowManagerShell:  try firstHandler com.android.wm.shell.transition.DefaultMixedHandler@7aefe64
11-29 23:28:38.701  2640  2672 V WindowManagerShell: Mixed transition for opening an intent with a remote transition and PIP or Desktop #16100
11-29 23:28:38.701  2640  2672 V WindowManagerShell: tryAnimateOpenIntentWithRemoteAndPipOrDesktop
11-29 23:28:38.701  2640  2672 V WindowManagerShell:  Delegate animation for (#16100) to RemoteTransition { remoteTransition = android.window.IRemoteTransition$Stub$Proxy@671e5a4, appThread = android.app.IApplicationThread$Stub$Proxy@34eef0d, debugName = QuickstepLaunch }
11-29 23:28:38.701  2640  2672 V WindowManagerShell:  animated by firstHandler
11-29 23:28:38.701  1752  1822 V WindowManager: Sent Transition (#16100) createdAt=11-29 23:28:38.664 via request=TransitionRequestInfo { type = OPEN, triggerTask = TaskInfo{userId=0 taskId=2831 effectiveUid=10783 displayId=0 isRunning=true baseIntent=Intent { act=android.intent.action.MAIN cat=[android.intent.category.LAUNCHER] flg=0x10200000 pkg=pt.aguiarvieira.andromuks cmp=pt.aguiarvieira.andromuks/net.vrkknn.andromuks.MainActivity } baseActivity=ComponentInfo{pt.aguiarvieira.andromuks/net.vrkknn.andromuks.MainActivity} topActivity=ComponentInfo{pt.aguiarvieira.andromuks/net.vrkknn.andromuks.MainActivity} origActivity=null realActivity=ComponentInfo{pt.aguiarvieira.andromuks/net.vrkknn.andromuks.MainActivity} numActivities=1 lastActiveTime=6224678828 supportsMultiWindow=true resizeMode=1 isResizeable=true minWidth=-1 minHeight=-1 defaultMinSize=220 token=WCT{RemoteToken{3a4822b Task{d671635 #2831 type=standard A=10783:pt.aguiarvieira.andromuks}}} topActivityType=1 pictureInPictureParams=null shouldDockBigOverlays=false launchIntoPipHostTaskId=-1 lastParentTaskIdBeforePip=-1 displayCutoutSafeInsets=Rect(0, 79 - 0, 0) topActivityInfo=ActivityInfo{4f6b688 net.vrkknn.andromuks.MainActivity} launchCookies=[android.os.BinderProxy@dd95821] positionInParent=Point(0, 0) parentTaskId=-1 isFocused=false isVisible=false isVisibleRequested=false isTopActivityNoDisplay=false isSleeping=false locusId=null displayAreaFeatureId=1 isTopActivityTransparent=false isActivityStackTransparent=false lastNonFullscreenBounds=Rect(267, 607 - 813, 1687) capturedLink=null capturedLinkTimestamp=0 requestedVisibleTypes=-9 topActivityRequestOpenInBrowserEducationTimestamp=0 appCompatTaskInfo=AppCompatTaskInfo { topActivityInSizeCompat=false eligibleForLetterboxEducation= false isLetterboxEducationEnabled= false isLetterboxDoubleTapEnabled= false eligibleForUserAspectRatioButton= false topActivityBoundsLetterboxed= false isFromLetterboxDoubleTap= false topActivityLetterboxVerticalPosition= -1 topActivityLetterboxHorizontalPosition= -1 topActivityLetterboxWidth=-1 topActivityLetterboxHeight=-1 topActivityAppBounds=Rect(0, 0 - 1080, 2340) isUserFullscreenOverrideEnabled=false isSystemFullscreenOverrideEnabled=false hasMinAspectRatioOverride=false topActivityLetterboxBounds=null cameraCompatTaskInfo=CameraCompatTaskInfo { freeformCameraCompatMode=inactive}} topActivityMainWindowFrame=null}, pipChange = null, remoteTransition = RemoteTransition { remoteTransition = android.window.IRemoteTransition$Stub$Proxy@8eac446, appThread = android.app.IApplicationThread$Stub$Proxy@7e71607, debugName = QuickstepLaunch }, displayChange = null, flags = 0, debugId = 16100 }
11-29 23:28:38.701  1752  1822 V WindowManager:     startWCT=WindowContainerTransaction { changes= {} hops= [] errorCallbackToken=null taskFragmentOrganizer=null }
11-29 23:28:38.701  1752  1822 V WindowManager:     info={id=16100 t=OPEN f=0x0 trk=0 r=[0@Point(0, 0)] c=[
11-29 23:28:38.701  1752  1822 V WindowManager:         {WCT{RemoteToken{3a4822b Task{d671635 #2831 type=standard A=10783:pt.aguiarvieira.andromuks}}} m=OPEN f=NONE leash=Surface(name=Task=2831)/@0x8af6a5 sb=Rect(0, 0 - 1080, 2340) eb=Rect(0, 0 - 1080, 2340) epz=Point(1080, 2340) d=0 taskParent=-1},
11-29 23:28:38.701  1752  1822 V WindowManager:         {WCT{RemoteToken{c9a5d0 Task{3420a19 #1 type=home}}} m=TO_BACK f=SHOW_WALLPAPER leash=Surface(name=Task=1)/@0xbdd1a0a sb=Rect(0, 0 - 1080, 2340) eb=Rect(0, 0 - 1080, 2340) epz=Point(1080, 2340) d=0 taskParent=-1},
11-29 23:28:38.701  1752  1822 V WindowManager:         {m=TO_BACK f=IS_WALLPAPER leash=Surface(name=WallpaperWindowToken{b84e87a showWhenLocked=false})/@0x60f1004 sb=Rect(0, 0 - 1080, 2340) eb=Rect(0, 0 - 1080, 2340) epz=Point(1080, 2340) d=0}
11-29 23:28:38.701  1752  1822 V WindowManager:     ]}
11-29 23:28:38.705 11926 11926 D BaseDepthController: mSurface is null and mCurrentBlur is: 0
11-29 23:28:38.705 11926 11926 D BaseDepthController: mSurface is null and mCurrentBlur is: 0
11-29 23:28:38.712 11926 11926 D BaseDepthController: mSurface is null and mCurrentBlur is: 0
11-29 23:28:38.713 24474 24474 I ieira.andromuks: Using CollectorTypeCMC GC.
11-29 23:28:38.721 11264 11271 I adbd    : jdwp connection from 24474
11-29 23:28:38.723 24474 24474 D nativeloader: Load libframework-connectivity-tiramisu-jni.so using APEX ns com_android_tethering for caller /apex/com.android.tethering/javalib/framework-connectivity-t.jar: ok
11-29 23:28:38.733  1752  2579 D BackgroundInstallControlService: Package event received: 0
11-29 23:28:38.735 24474 24474 I ActivityThread: Relaunch all activities: onCoreSettingsChange
11-29 23:28:38.736  1608  1654 E statsd  : Found dropped events: 1 error -19 last atom tag 240 from uid 10783
11-29 23:28:38.736  1608  1654 W statsd  : SocketLossEvent detected: 7776549422 (firstLossTsNanos), 7776549422 (lastLossTsNanos)
11-29 23:28:38.736  1608  1654 W statsd  : For uid 10783 atom 240 was lost 1 times with error -19
11-29 23:28:38.760 11926 11926 D BaseDepthController: mSurface is null and mCurrentBlur is: 0
11-29 23:28:38.777 11926 11926 D BaseDepthController: mSurface is null and mCurrentBlur is: 0
11-29 23:28:38.794 11926 11926 D BaseDepthController: mSurface is null and mCurrentBlur is: 0
11-29 23:28:38.810 11926 11926 D BaseDepthController: mSurface is null and mCurrentBlur is: 0
11-29 23:28:38.827 11926 11926 D BaseDepthController: mSurface is null and mCurrentBlur is: 0
11-29 23:28:38.844 11926 11926 D BaseDepthController: mSurface is null and mCurrentBlur is: 0
11-29 23:28:38.860 11926 11926 D BaseDepthController: mSurface is null and mCurrentBlur is: 0
11-29 23:28:38.877 11926 11926 D BaseDepthController: mSurface is null and mCurrentBlur is: 0
11-29 23:28:38.894 11926 11926 D BaseDepthController: mSurface is null and mCurrentBlur is: 0
11-29 23:28:38.910 11926 11926 D BaseDepthController: mSurface is null and mCurrentBlur is: 0
11-29 23:28:38.927 11926 11926 D BaseDepthController: mSurface is null and mCurrentBlur is: 0
11-29 23:28:38.944 11926 11926 D BaseDepthController: mSurface is null and mCurrentBlur is: 0
11-29 23:28:38.960 11926 11926 D BaseDepthController: mSurface is null and mCurrentBlur is: 0
11-29 23:28:38.977 11926 11926 D BaseDepthController: mSurface is null and mCurrentBlur is: 0
11-29 23:28:38.994 11926 11926 D BaseDepthController: mSurface is null and mCurrentBlur is: 0
11-29 23:28:39.010 11926 11926 D BaseDepthController: mSurface is null and mCurrentBlur is: 0
11-29 23:28:39.027 11926 11926 D BaseDepthController: mSurface is null and mCurrentBlur is: 0
11-29 23:28:39.044 11926 11926 D BaseDepthController: mSurface is null and mCurrentBlur is: 0
11-29 23:28:39.060 11926 11926 D BaseDepthController: mSurface is null and mCurrentBlur is: 0
11-29 23:28:39.077 11926 11926 D BaseDepthController: mSurface is null and mCurrentBlur is: 0
11-29 23:28:39.094 11926 11926 D BaseDepthController: mSurface is null and mCurrentBlur is: 0
11-29 23:28:39.110 11926 11926 D BaseDepthController: mSurface is null and mCurrentBlur is: 0
11-29 23:28:39.130 11926 11926 D BaseDepthController: mSurface is null and mCurrentBlur is: 0
11-29 23:28:39.144 11926 11926 D BaseDepthController: mSurface is null and mCurrentBlur is: 0
11-29 23:28:39.160 11926 11926 D BaseDepthController: mSurface is null and mCurrentBlur is: 0
11-29 23:28:39.177 11926 11926 D BaseDepthController: mSurface is null and mCurrentBlur is: 0
11-29 23:28:39.194 11926 11926 D BaseDepthController: mSurface is null and mCurrentBlur is: 0
11-29 23:28:39.210 11926 11926 D BaseDepthController: mSurface is null and mCurrentBlur is: 0
11-29 23:28:39.227 11926 11926 D BaseDepthController: mSurface is null and mCurrentBlur is: 0
11-29 23:28:39.228 11926 11926 D BaseDepthController: mSurface is null and mCurrentBlur is: 0
11-29 23:28:39.229  2640  2672 V WindowManagerShell: Transition animation finished (aborted=false), notifying core (#16100) android.os.BinderProxy@658a1f8@0
11-29 23:28:39.229 11926 11926 D b/387844520: getOutlineOffsetX: measured width = 173, mNormalizedIconSize = 159, last updated width = 173
11-29 23:28:39.231  1752  1822 V WindowManager: Finish Transition (#16100): created at 11-29 23:28:38.664 collect-started=0.055ms request-sent=9.996ms started=15.093ms ready=33.088ms sent=34.911ms commit=13.297ms finished=566.201ms
11-29 23:28:39.232  2640  2672 V WindowManagerShell: Track 0 became idle
11-29 23:28:39.232  2640  2672 V WindowManagerShell: All active transition animations finished
11-29 23:28:39.234  1752  1781 I system_server: Background concurrent mark compact GC freed 94MB AllocSpace bytes, 79(4244KB) LOS objects, 56% free, 73MB/169MB, paused 1.513ms,14.089ms total 290.907ms
11-29 23:28:39.236  3540  3540 I AiAiTextClassifier: onDestroyTextClassificationSession = TextClassificationSessionId {b3c95047-1ae7-4aab-9eed-770b6e6a2f2e}
11-29 23:28:39.244 11926 11926 D VRI[NexusLauncherActivity]: visibilityChanged oldVisibility=true newVisibility=false
11-29 23:28:39.247  1752  1783 W System  : A resource failed to call release. 
11-29 23:28:39.248  1752  1783 W System  : A resource failed to call release. 
11-29 23:28:39.249  1752  1783 W System  : A resource failed to call release. 
11-29 23:28:39.251  1752  1783 W System  : A resource failed to call release. 
11-29 23:28:39.260 11926 11926 D NexusLauncherModelDelegate: notifySmartspaceEvent: SmartspaceTargetEvent{mSmartspaceTarget=null, mSmartspaceActionId='null', mEventType=7}
11-29 23:28:39.287 24474 24474 D nativeloader: Configuring clns-9 for other apk /data/app/~~oHC0yi8zj6wAqcLa08Lp5w==/pt.aguiarvieira.andromuks-LN3Ta1_gvu86xxVhErrkhg==/base.apk. target_sdk_version=36, uses_libraries=, library_path=/data/app/~~oHC0yi8zj6wAqcLa08Lp5w==/pt.aguiarvieira.andromuks-LN3Ta1_gvu86xxVhErrkhg==/lib/arm64:/data/app/~~oHC0yi8zj6wAqcLa08Lp5w==/pt.aguiarvieira.andromuks-LN3Ta1_gvu86xxVhErrkhg==/base.apk!/lib/arm64-v8a, permitted_path=/data:/mnt/expand:/data/user/0/pt.aguiarvieira.andromuks
11-29 23:28:39.290 24474 24474 I ieira.andromuks: AssetManager2(0xb400007ce5d448f8) locale list changing from [] to [pt-PT]
11-29 23:28:39.293 24474 24474 V GraphicsEnvironment: Currently set values for:
11-29 23:28:39.293 24474 24474 V GraphicsEnvironment:   angle_gl_driver_selection_pkgs=[com.android.angle, com.linecorp.b612.android, com.campmobile.snow, com.google.android.apps.tachyon]
11-29 23:28:39.293 24474 24474 V GraphicsEnvironment:   angle_gl_driver_selection_values=[angle, native, native, native]
11-29 23:28:39.293 24474 24474 V GraphicsEnvironment: pt.aguiarvieira.andromuks is not listed in per-application setting
11-29 23:28:39.293 24474 24474 V GraphicsEnvironment: ANGLE allowlist from config: 
11-29 23:28:39.293 24474 24474 V GraphicsEnvironment: pt.aguiarvieira.andromuks is not listed in ANGLE allowlist or settings, returning default
11-29 23:28:39.293 24474 24474 V GraphicsEnvironment: Neither updatable production driver nor prerelease driver is supported.
11-29 23:28:39.314 24474 24474 I FirebaseApp: Device unlocked: initializing all Firebase APIs for app [DEFAULT]
11-29 23:28:39.328 24474 24489 E ashmem  : Pinning is deprecated since Android Q. Please use trim or other methods.
11-29 23:28:39.334 24474 24474 I FirebaseInitProvider: FirebaseApp initialization successful
11-29 23:28:39.336 24474 24474 D WM-WrkMgrInitializer: Initializing WorkManager with default configuration.
11-29 23:28:39.349 24474 24493 W ieira.andromuks: ClassLoaderContext classpath size mismatch. expected=1, found=0 (DLC[];PCL[base.apk*1653684527]{PCL[/system/framework/org.apache.http.legacy.jar*109050521]#PCL[/system/framework/com.android.media.remotedisplay.jar*2597751076]#PCL[/system/framework/com.android.location.provider.jar*1567259612]#PCL[/system_ext/framework/androidx.window.extensions.jar*4163322644]#PCL[/system_ext/framework/androidx.window.sidecar.jar*4222744159]} | DLC[];PCL[])
11-29 23:28:39.350 24474 24493 I DynamiteModule: Considering local module com.google.android.gms.measurement.dynamite:97 and remote module com.google.android.gms.measurement.dynamite:167
11-29 23:28:39.350 24474 24493 I DynamiteModule: Selected remote version of com.google.android.gms.measurement.dynamite, version >= 167
11-29 23:28:39.350 24474 24493 V DynamiteModule: Dynamite loader version >= 2, using loadModule2NoCrashUtils
11-29 23:28:39.359 24474 24493 W System  : ClassLoader referenced unknown path: 
11-29 23:28:39.359 24474 24493 D nativeloader: Configuring clns-10 for other apk . target_sdk_version=36, uses_libraries=, library_path=/data/app/~~8ccq_9N0n07GXUrTRec3uQ==/com.google.android.gms-xeb5WH-C8yGlPcVX7ZftRg==/lib/arm64:/data/app/~~8ccq_9N0n07GXUrTRec3uQ==/com.google.android.gms-xeb5WH-C8yGlPcVX7ZftRg==/base.apk!/lib/arm64-v8a, permitted_path=/data:/mnt/expand:/data/user/0/com.google.android.gms
11-29 23:28:39.362 24474 24493 I ieira.andromuks: AssetManager2(0xb400007ce5d445d8) locale list changing from [] to [pt-PT]
11-29 23:28:39.368 24474 24493 W ieira.andromuks: ClassLoaderContext classpath element checksum mismatch. expected=1653684527, found=1646006550 (DLC[];PCL[base.apk*1653684527]{PCL[/system/framework/org.apache.http.legacy.jar*109050521]#PCL[/system/framework/com.android.media.remotedisplay.jar*2597751076]#PCL[/system/framework/com.android.location.provider.jar*1567259612]#PCL[/system_ext/framework/androidx.window.extensions.jar*4163322644]#PCL[/system_ext/framework/androidx.window.sidecar.jar*4222744159]} | DLC[];PCL[/data/app/~~oHC0yi8zj6wAqcLa08Lp5w==/pt.aguiarvieira.andromuks-LN3Ta1_gvu86xxVhErrkhg==/base.apk*1646006550])
11-29 23:28:39.372 24474 24493 I ieira.andromuks: AssetManager2(0xb400007ce5d3e818) locale list changing from [] to [pt-PT]
11-29 23:28:39.373 24474 24493 I ieira.andromuks: AssetManager2(0xb400007ce5d46518) locale list changing from [] to [pt-PT]
11-29 23:28:39.375 24474 24474 D WM-PackageManagerHelper: Skipping component enablement for androidx.work.impl.background.systemjob.SystemJobService
11-29 23:28:39.375 24474 24474 D WM-Schedulers: Created SystemJobScheduler and enabled SystemJobService
11-29 23:28:39.398  1752  4183 I AppsFilter: interaction: PackageSetting{f9823e7 pt.aguiarvieira.andromuks/10783} -> PackageSetting{18cc30f com.google.android.apps.nexuslauncher/10558} BLOCKED
11-29 23:28:39.400  1752  2579 D BackgroundInstallControlService: Package event received: 0
11-29 23:28:39.400  1752  2579 D BackgroundInstallControlService: Package event received: 0
11-29 23:28:39.403  9679 19268 I PhenotypeResourceReader: unable to find any Phenotype resource metadata for pt.aguiarvieira.andromuks
11-29 23:28:39.405 24474 24499 I DisplayManager: Choreographer implicitly registered for the refresh rate.
11-29 23:28:39.406  1752  2625 V DisplayManagerService: FrozenStateChangeCallback not supported for pid 24474
11-29 23:28:39.406 24474 24474 I ieira.andromuks: AssetManager2(0xb400007ce5d43f98) locale list changing from [] to [pt-PT]
11-29 23:28:39.407 24474 24499 I AdrenoGLES-0: QUALCOMM build                   : 445fc2bdf5, I545b8eff08
11-29 23:28:39.407 24474 24499 I AdrenoGLES-0: Build Date                       : 08/01/24
11-29 23:28:39.407 24474 24499 I AdrenoGLES-0: OpenGL ES Shader Compiler Version: E031.47.01.00
11-29 23:28:39.407 24474 24499 I AdrenoGLES-0: Local Branch                     : 
11-29 23:28:39.407 24474 24499 I AdrenoGLES-0: Remote Branch                    : refs/tags/AU_LINUX_ANDROID_LA.VENDOR.12.3.11.00.00.934.442
11-29 23:28:39.407 24474 24499 I AdrenoGLES-0: Remote Branch                    : NONE
11-29 23:28:39.407 24474 24499 I AdrenoGLES-0: Reconstruct Branch               : NOTHING
11-29 23:28:39.407 24474 24499 I AdrenoGLES-0: Build Config                     : S P 12.1.6 AArch64
11-29 23:28:39.407 24474 24499 I AdrenoGLES-0: Driver Path                      : /vendor/lib64/egl/libGLESv2_adreno.so
11-29 23:28:39.407 24474 24499 I AdrenoGLES-0: Driver Version                   : 0786.0
11-29 23:28:39.407 24474 24499 I AdrenoGLES-0: Process Name                     : pt.aguiarvieira.andromuks
11-29 23:28:39.411 24474 24499 I DMABUFHEAPS: Using : Non-legacy ION heaps
11-29 23:28:39.411 24474 24499 E DMABUFHEAPS: No ion heap of name ion_system_heap exists
11-29 23:28:39.411 24474 24499 E DMABUFHEAPS: No ion heap of name ion_system_heap exists
11-29 23:28:39.412 24474 24499 I AdrenoGLES-0: PFP: 0x016ee190, ME: 0x00000000
11-29 23:28:39.413 24474 24501 I ieira.andromuks: hiddenapi: Accessing hidden method Ldalvik/system/VMStack;->getStackClass2()Ljava/lang/Class; (runtime_flags=0, domain=core-platform, api=unsupported) from Lm7/aox; (domain=app) using reflection: allowed
11-29 23:28:39.421 24474 24474 D CrashHandler: Crash handler initialized
11-29 23:28:39.422 24474 24474 E ieira.andromuks: Invalid resource ID 0x00000000.
11-29 23:28:39.426 24474 24474 D CompatChangeReporter: Compat change id reported: 377864165; UID 10783; state: ENABLED
11-29 23:28:39.427 24474 24474 D DesktopModeFlags: Toggle override initialized to: OVERRIDE_UNSET
11-29 23:28:39.434 24474 24498 E ieira.andromuks: No package ID 6a found for resource ID 0x6a0b0013.
11-29 23:28:39.435 24474 24498 I FA      : App measurement initialized, version: 145001
11-29 23:28:39.435 24474 24498 I FA      : To enable debug logging run: adb shell setprop log.tag.FA VERBOSE
11-29 23:28:39.435 24474 24498 I FA      : To enable faster debug mode event logging run:
11-29 23:28:39.435 24474 24498 I FA      :   adb shell setprop debug.firebase.analytics.app pt.aguiarvieira.andromuks
11-29 23:28:39.440  1752  4183 I BroadcastQueue: BOOT_COMPLETED_BROADCAST_COMPLETION_LATENCY_REPORTED action:android.intent.action.BOOT_COMPLETED dispatchLatency:0 completeLatency:708 dispatchRealLatency:1 completeRealLatency:708 receiversSize:1 userId:0 userType:android.os.usertype.full.SYSTEM
11-29 23:28:39.445 24474 24474 D Andromuks: MainActivity: onStart called
11-29 23:28:39.446 24474 24474 I ContentCaptureHelper: Setting logging level to OFF
11-29 23:28:39.450 24474 24474 D Andromuks: MainActivity: onResume called
11-29 23:28:39.451 24474 24474 D Andromuks: MainActivity: Sent FOREGROUND_REFRESH broadcast
11-29 23:28:39.455  1752  2579 D BackgroundInstallControlService: Package event received: 0
11-29 23:28:39.456  7668  7668 D BoundBrokerSvc: onBind: Intent { act=com.google.android.gms.measurement.START xflg=0x4 pkg=com.google.android.gms }
11-29 23:28:39.456  7668  7668 D BoundBrokerSvc: Loading bound service for intent: Intent { act=com.google.android.gms.measurement.START xflg=0x4 pkg=com.google.android.gms }
11-29 23:28:39.463 24474 24509 E perf_hint: createSessionUsingConfig: PerformanceHint cannot create session. PowerHintSessions are not supported!
11-29 23:28:39.464 24474 24498 I FA      : Tag Manager is not found and thus will not be used
11-29 23:28:39.538  1104 24358 I vendor.qti.bluetooth@1.0-ibs_handler: ProcessIbsCmd: Received IBS_WAKE_IND: 0xFD
11-29 23:28:39.538  1104 24358 D vendor.qti.bluetooth@1.0-ibs_handler: SerialClockVote: vote for UART CLK ON
11-29 23:28:39.539  1104 24358 D vendor.qti.bluetooth@1.0-wake_lock: Acquire wakelock is acquired 
11-29 23:28:39.539  1104 24358 I vendor.qti.bluetooth@1.0-ibs_handler: ProcessIbsCmd: Writing IBS_WAKE_ACK
11-29 23:28:39.542  9679 20055 I NearbyDiscovery: (REDACTED) BloomFilterAdvManager: Detected bloom filter but too far away, ignoring. %sm, %s
11-29 23:28:39.579  1104 24358 I vendor.qti.bluetooth@1.0-ibs_handler: ProcessIbsCmd: Received IBS_SLEEP_IND: 0xFE
11-29 23:28:39.579  1104 24358 D vendor.qti.bluetooth@1.0-ibs_handler: SerialClockVote: vote for UART CLK OFF
11-29 23:28:39.596 24474 24474 I ieira.andromuks: hiddenapi: Accessing hidden method Landroid/os/SystemProperties;->addChangeCallback(Ljava/lang/Runnable;)V (runtime_flags=0, domain=platform, api=unsupported) from Landroidx/compose/ui/platform/AndroidComposeView$Companion; (domain=app) using reflection: allowed
11-29 23:28:39.729  1104 24352 D vendor.qti.bluetooth@1.0-wake_lock: Release wakelock is released 
11-29 23:28:39.769 24474 24474 D Andromuks: AppViewModel: Logged activity - App Started
11-29 23:28:39.770 24474 24474 D Andromuks: AppViewModel: Instance role set to PRIMARY for AppViewModel_0
11-29 23:28:39.773 24474 24474 D WebSocketService: STEP 2.1 - Registered primary ViewModel: AppViewModel_0
11-29 23:28:39.773 24474 24474 D WebSocketService: STEP 2.1 - Total registered ViewModels: 1
11-29 23:28:39.773 24474 24474 D Andromuks: AppViewModel: STEP 1.2 - Registering primary callbacks for AppViewModel_0 (callbacks don't capture AppViewModel)
11-29 23:28:39.773 24474 24474 D WebSocketService: setReconnectionCallback: Primary instance AppViewModel_0 re-registering callback
11-29 23:28:39.773 24474 24474 D WebSocketService: setReconnectionCallback: Successfully registered primary reconnection callback for AppViewModel_0
11-29 23:28:39.773 24474 24474 D Andromuks: AppViewModel: Successfully registered reconnection callback for AppViewModel_0
11-29 23:28:39.773 24474 24474 D WebSocketService: setOfflineModeCallback: Successfully registered primary offline mode callback for AppViewModel_0
11-29 23:28:39.773 24474 24474 D WebSocketService: setActivityLogCallback: Successfully registered primary activity log callback for AppViewModel_0
11-29 23:28:39.773 24474 24474 D Andromuks: AppViewModel: Clearing current open room ID from SharedPreferences
11-29 23:28:39.880 24474 24474 D Andromuks: AppViewModel: SharedPreferences commit succeeded for room ID: 
11-29 23:28:39.880 24474 24474 D Andromuks: AppViewModel: Cleared current room ID on app startup
11-29 23:28:39.880 24474 24474 D Andromuks: AppViewModel: No valid pending WebSocket operations to load
11-29 23:28:39.880 24474 24474 D FCMNotificationManager: Initializing FCM components
11-29 23:28:39.890 24474 24474 D FCMNotificationManager: FCM components initialized successfully
11-29 23:28:39.891 24474 24474 D Andromuks: AppViewModel: Started acknowledgment timeout check job
11-29 23:28:39.891 24474 24474 D Andromuks: AppViewModel: Started acknowledged messages cleanup job
11-29 23:28:39.892 24474 24474 D Andromuks: AppViewModel: Restored currentUserId from SharedPreferences: @daedric:aguiarvieira.pt
11-29 23:28:39.893 24474 24474 D Andromuks: AppViewModel: Loaded showUnprocessedEvents setting: false
11-29 23:28:39.893 24474 24474 D Andromuks: AppViewModel: Loaded enableCompression setting: true
11-29 23:28:39.893 24474 24474 D Andromuks: AppViewModel: Loaded enterKeySendsMessage setting: true
11-29 23:28:39.897 24474 24474 D DatabaseMaintenanceWorker: Scheduled daily database maintenance starting at 2 AM (2 hours from now)
11-29 23:28:39.898 24474 24474 D WebSocketHealthCheckWorker: Scheduled periodic WebSocket health checks (every 15 minutes)
11-29 23:28:39.898 24474 24474 D Andromuks: MainActivity: onCreate - roomId: null, directNavigation: false, fromNotification: false, matrixUri: null
11-29 23:28:39.898 24474 24474 D Andromuks: MainActivity: extractRoomIdFromMatrixUri called with uri: null
11-29 23:28:39.898 24474 24474 D Andromuks: MainActivity: URI is null
11-29 23:28:39.898 24474 24474 D Andromuks: MainActivity: onCreate - Fallback URI parsing: null
11-29 23:28:39.898 24474 24474 D Andromuks: MainActivity: Registering notification broadcast receiver
11-29 23:28:39.899 24474 24474 D Andromuks: MainActivity: Notification broadcast receiver registered successfully
11-29 23:28:39.900 24474 24474 D Andromuks: AppViewModel: No existing WebSocket to attach for AppViewModel_0
11-29 23:28:39.900 24474 24474 D Andromuks: MainActivity: ViewModel created after onResume - forcing visible state
11-29 23:28:39.900 24474 24474 D Andromuks: AppViewModel: App became visible
11-29 23:28:39.900 24474 24514 D Andromuks: AppViewModel: Loaded 192 cached profiles from database
11-29 23:28:39.947 24474 24474 D Andromuks: AppViewModel: SharedPreferences commit succeeded for app visibility: true (currentRoomId=)
11-29 23:28:39.947 24474 24474 D WebSocketService: App visibility changed to: true
11-29 23:28:39.947 24474 24474 D WebSocketService: Ping interval: 60000ms (app visible: true)
11-29 23:28:39.947 24474 24474 D Andromuks: AppViewModel: syncIngestor not initialized, skipping pending items check
11-29 23:28:39.947 24474 24474 D Andromuks: AppViewModel: Refreshing UI with 0 rooms
11-29 23:28:39.948 24474 24474 D Andromuks: AppViewModel: setSpaces called with 1 spaces
11-29 23:28:39.948 24474 24474 D Andromuks: AppViewModel: PERFORMANCE - Debounced room reorder completed (0 rooms)
11-29 23:28:39.948 24474 24474 D PersonsApi: PersonsApi: No changes detected, skipping update
11-29 23:28:39.948 24474 24474 D Andromuks: AppViewModel: UI refreshed, roomListUpdateCounter: 0
11-29 23:28:39.948 24474 24474 D Andromuks: AppViewModel: Current user profile missing on visibility, attempting to load - userId: @daedric:aguiarvieira.pt
11-29 23:28:39.949 24474 24474 D Andromuks: AppViewModel: Requested current user profile from server on visibility
11-29 23:28:39.949 24474 24474 D Andromuks: AppViewModel: App visible, refreshing UI with current state
11-29 23:28:39.972  1752  2528 E WifiStaIfaceAidlImpl: getCachedScanData failed with service-specific exception: android.os.ServiceSpecificException:  (code 4)
11-29 23:28:40.022 24474 24518 I Gralloc4: Adding additional valid usage bits: 0x8202000
11-29 23:28:40.041  1752  1822 I ActivityTaskManager: Displayed pt.aguiarvieira.andromuks/net.vrkknn.andromuks.MainActivity for user 0: +1s377ms
11-29 23:28:40.047 24474 24474 D AuthCheckScreen: Token and server URL found.
11-29 23:28:40.048 24474 24474 D AuthCheckScreen: Permissions check - notifications: true, battery: true
11-29 23:28:40.048 24474 24474 D AuthCheckScreen: All permissions granted. Attempting auto WebSocket connect.
11-29 23:28:40.049 24474 24474 D Andromuks: AppViewModel: Loaded 100 activity log entries from storage
11-29 23:28:40.057 24474 24474 D Andromuks: AppViewModel: Found run_id in database, loading bootstrap data
11-29 23:28:40.058 24474 24514 D BootstrapLoader: Loading bootstrap data from Room database
11-29 23:28:40.063 24474 24514 D BootstrapLoader: Loaded account_data from database: 84614 chars
11-29 23:28:40.074 24474 24514 D BootstrapLoader: Loaded 580 room summaries from database
11-29 23:28:40.086 24474 24514 D BootstrapLoader: Loaded 580 room states from database
11-29 23:28:40.154 24474 24515 D BootstrapLoader: Room !1cmc7qKPJoALAKiaFHPa80x7xhTi93A7j14BSnmzhto: Loaded message preview from DB events: 'That's all...', sender: @alex711029:matrix.org
11-29 23:28:40.155 24474 24515 D BootstrapLoader: Room !5rEAuuJ7dFQ7vVvIPU94bOoPhme75SYX18peBenN_GY: Loaded message preview from DB events: 'One answer I still don’t have is why I’m running i...', sender: @mon.infra.jess:matrix.org
11-29 23:28:40.157 24474 24515 D BootstrapLoader: Room !79d6Qowfu2eD3MUVPJ:nexy7574.co.uk: Loaded message preview from DB events: '[Homelab Primary] [🔴 Down] Request failed with st...', sender: @system:corellia.timedout.uk
11-29 23:28:40.158 24474 24515 D BootstrapLoader: Room !CWftAwJgoDbPuXCPgg:aguiarvieira.pt: Loaded message preview from DB events: '<details><summary>`ServerBanSynchronisationProtect...', sender: @abuse:aguiarvieira.pt
11-29 23:28:40.162 24474 24515 D BootstrapLoader: Room !FoXloqayjUBkWTbJEY:matrix.org: Loaded message preview from DB events: 'NEW MODMAIL
11-29 23:28:40.162 24474 24515 D BootstrapLoader: Modmail: https://mod.reddit.com/mail/a...', sender: @modmail:aguiarvieira.pt
11-29 23:28:40.163 24474 24515 D BootstrapLoader: Room !Gc2NXFHK1tBk2ss9357AFXOQPNi1qkZd-4yxyR2F-uA: Loaded message preview from DB events: 'It's been a lot of fun tho....', sender: @funar:mgamers.com
11-29 23:28:40.165 24474 24515 D BootstrapLoader: Room !HVoAt21AG2FXdZYVmtR-kew6hj7IbfhZpPqmrSXxzrc: Loaded message preview from DB events: 'Apologies, i haven't got much testing in as i've b...', sender: @nullop:matrix.org
11-29 23:28:40.169 24474 24515 D BootstrapLoader: Room !HVyUZDlALUxfNQpDPS:aguiarvieira.pt: Loaded message preview from DB events: 'User daedric is playing:
11-29 23:28:40.169 24474 24515 D BootstrapLoader: Name: Awake
11-29 23:28:40.169 24474 24515 D BootstrapLoader: Album: The El...', sender: @_webhooks_jellyfin:aguiarvieira.pt
11-29 23:28:40.170 24474 24515 D BootstrapLoader: Room !IJ7cZBAGvDBxZ8M3b21HZY2W0Tu8Ltl6x45OqUdVaQo: Loaded message preview from DB events: 'Pictures from our datacenter...', sender: @lunar:unredacted.org
11-29 23:28:40.171 24474 24515 D BootstrapLoader: Room !IaWNErZAgQUhGqJXjX:matrix.org: Loaded message preview from DB events: '**[the-draupnir-project/Draupnir]** Gnuxie added b...', sender: @github:maunium.net
11-29 23:28:40.173 24474 24515 D BootstrapLoader: Room !IeWLVCQO4YviYfUxG-ca-eV5Vo__EcHXD-uD0CwVDLU: Loaded message preview from DB events: '[!WuBtumawCeOGEieRrp:matrix.org](https://matrix.to...', sender: @abuse:aguiarvieira.pt
11-29 23:28:40.174 24474 24515 D BootstrapLoader: Room !KQaqifczWbCaidLETg:matrix.org: Loaded message preview from DB events: 'And you checked the setting I mentioned?...', sender: @_discord_771884149190950932:t2bot.io
11-29 23:28:40.176 24474 24515 D BootstrapLoader: Room !KkOofIGkEVPtzUUVlJ:matrix.org: Loaded message preview from DB events: '[@yuhavs:matrix.org](https://matrix.to/#/@yuhavs:m...', sender: @banana:codestorm.net
11-29 23:28:40.177 24474 24515 D BootstrapLoader: Room !KnJNZiLZGCpezHYZMw:aguiarvieira.pt: Loaded message preview from DB events: 'New post in Feed of "continuwuation/continuwuity":...', sender: @rss:aguiarvieira.pt
11-29 23:28:40.179 24474 24515 D BootstrapLoader: Room !Ky5AhQMtLqvpRaZi7d2Br86i9hY_7gLFMQxV6MaCaQY: Loaded message preview from DB events: 'when ur bored, come here and say test...', sender: @lamp:kitty.haus
11-29 23:28:40.180 24474 24515 D BootstrapLoader: Room !L58ME6ufiP49v97UIOBIpvWKEgj4912JmECPuDzlvCI: Loaded message preview from DB events: 'eh I wouldnt say server side decrypt they just add...', sender: @ninchuka:envs.net
11-29 23:28:40.181 24474 24515 D BootstrapLoader: Room !LDmxrFrdpJfFqBmcfN:matrix.org: Loaded message preview from DB events: 'I've had some curiousity about the topic like a de...', sender: @ifiguero:matrix.org
11-29 23:28:40.182 24474 24515 D BootstrapLoader: Room !LwxXpniicngJjKryhv:aguiarvieira.pt: Loaded message preview from DB events: 'From /r/wallpaper: [7680 × 4320] Mushroom in a Dar...', sender: @dabot:aguiarvieira.pt
11-29 23:28:40.184 24474 24515 D BootstrapLoader: Room !MBrxZRUoApYYjmyion:t2bot.io: Loaded message preview from DB events: 'Hello, I unbridged once from Discord, and the brid...', sender: @felineterrorist:matrix.org
11-29 23:28:40.185 24474 24515 D BootstrapLoader: Room !MXIMfhTMMRFPuXSKJZ:matrix.org: Loaded message preview from DB events: 'Hi!  I'm trying to fix my opencloud compose instan...', sender: @vulturcadens:matrix.org
11-29 23:28:40.187 24474 24515 D BootstrapLoader: Room !NOGZYBedfuPsideoi2PSA_ouduzbb2mKrhu3fbUIeWk: Loaded message preview from DB events: '* I'd advise getting in touch with the homeserver ...', sender: @i27gie0ba31hfh4t:matrix.org
11-29 23:28:40.189 24474 24515 D BootstrapLoader: Room !NaLbfexyNIBQDbzGwB:bonifacelabs.ca: Loaded message preview from DB events: 'https://www.youtube.com/watch?v=0t3lSJL3B_Q...', sender: @jfdiscord_258641016762925068:im.jellyfin.org
11-29 23:28:40.191 24474 24515 D BootstrapLoader: Room !NeNsUzKQh3xLALCQDbXI6kpecM4iWtnK9-0pemB4Fcs: Loaded message preview from DB events: '[!WuBtumawCeOGEieRrp:matrix.org](https://matrix.to...', sender: @draupnir:aguiarvieira.pt
11-29 23:28:40.192 24474 24515 D BootstrapLoader: Room !OAzHFoopMVDOungSCC:aguiarvieira.pt: Loaded message preview from DB events: '<details><summary>`ServerBanSynchronisationProtect...', sender: @draupnir:aguiarvieira.pt
11-29 23:28:40.196 24474 24515 D BootstrapLoader: Room !P7tIaLMFHT55GuONJ7UQ87M0SkqfpjofluPqmu0wOeY: Loaded message preview from DB events: 'ඞ...', sender: @zyx:envs.net
11-29 23:28:40.197 24474 24515 D BootstrapLoader: Room !QZvjGxxEOHURBggqzS:aguiarvieira.pt: Loaded message preview from DB events: 'New post in IPT: Xenoblade Chronicles Definitive E...', sender: @rss:aguiarvieira.pt
11-29 23:28:40.199 24474 24515 D BootstrapLoader: Room !QiAkLlilPoSumAHcEZ:matrix.org: Loaded message preview from DB events: '* @sunjam:matrix.org I can never remember what it'...', sender: @strypey:matrix.iridescent.nz
11-29 23:28:40.200 24474 24514 D BootstrapLoader: Room !SAwLbTTygRriVkdOVq:matrix.org: Loaded message preview from DB events: 'https://dub.uu.nl/en/news/can-dutch-universities-d...', sender: @curid:matrix.org
11-29 23:28:40.201 24474 24514 D BootstrapLoader: Room !SJQbCoSXJmTkmIedQB:lonenomad.net: Loaded message preview from DB events: 'New post in Feed of "eden-emu/eden": CamilleLaVey ...', sender: @rss:aguiarvieira.pt
11-29 23:28:40.202 24474 24514 D BootstrapLoader: Room !SzoPnANsRYxITaDPaJ:matrix.org: Loaded message preview from DB events: 'Hey @room, it's time to upgrade this room. Click t...', sender: @abuse:matrix.org
11-29 23:28:40.203 24474 24514 D BootstrapLoader: Room !TvTwyPwXFjRVYaEGMF:matrixbridg.es: Loaded message preview from DB events: 'ok vou tentar...', sender: @whatsapp_351916418543:matrixbridg.es
11-29 23:28:40.205 24474 24514 D BootstrapLoader: Room !UbCmIlGTHNIgIRZcpt:nheko.im: Loaded message preview from DB events: 'Oh, nevermind, you did get both...', sender: @grossaffe:matrix.org
11-29 23:28:40.206 24474 24514 D BootstrapLoader: Room !VMUpuubSCTxMbZkuZa:cybre.space: Loaded message preview from DB events: 'thanks, that's wierd, it was fine straight after t...', sender: @chewie9999:matrix.org
11-29 23:28:40.207 24474 24514 D BootstrapLoader: Room !XUquhuGEkpNErpBXrx:aguiarvieira.pt: Loaded message preview from DB events: '[Matrix] [✅ Up] All children up and running...', sender: @dabot:aguiarvieira.pt
11-29 23:28:40.208 24474 24514 D BootstrapLoader: Room !XmThfTyjzQZeWpVedZ:aguiarvieira.pt: Loaded message preview from DB events: 'New post in GG.deals - Game Deals News: Make your ...', sender: @rss:aguiarvieira.pt
11-29 23:28:40.209 24474 24514 D BootstrapLoader: Room !YiVedtxTnrdOEldoBy:matrix.org: Loaded message preview from DB events: 'And there's Nintendo still, I suppose....', sender: @_discord_124947287477583875:t2bot.io
11-29 23:28:40.212 24474 24515 D BootstrapLoader: Room !YjAUNWwLVbCthyFrkz:bonifacelabs.ca: Loaded message preview from DB events: 'I'm not sure if I messed something up. I updated t...', sender: @jfdiscord_1216513352579420171:im.jellyfin.org
11-29 23:28:40.214 24474 24515 D BootstrapLoader: Room !YqyIDlYeOQCXAQDjAJ:matrix.org: Loaded message preview from DB events: 'Forwarded from Software Livre (Telegram):
11-29 23:28:40.214 24474 24515 D BootstrapLoader: > Finalm...', sender: @telegram_850509253:ansol.org
11-29 23:28:40.216 24474 24515 D BootstrapLoader: Room !ZHRiYZyqQLzKrqOCXX:aguiarvieira.pt: Loaded message preview from DB events: 'Docker tag [**ghcr.io/mollyim/mollysocket:1**](htt...', sender: @diunoracle:aguiarvieira.pt
11-29 23:28:40.217 24474 24515 D BootstrapLoader: Room !ZaIwvFsWlBknvkSeWT:matrix.org: Loaded message preview from DB events: '教主七千人大會：川普俄乌停火协议，美俄结盟预期引发黄金大牛市｜王小洪缺席公安部与FBI签约谈判会议｜...', sender: @t-800:matrix.org
11-29 23:28:40.220 24474 24515 D BootstrapLoader: Room !aPQx8hPCm0vu6PiwsZbVSsVPlugBWOyanle4y5-8p7Q: Loaded message preview from DB events: '* will do, thanks! (it looks promising, thanks aga...', sender: @tolookah:matrix.org
11-29 23:28:40.221 24474 24515 D BootstrapLoader: Room !aeqBaedszwyzKfuoIT:matrix.org: Loaded message preview from DB events: '1...', sender: @cururu123:matrix.org
11-29 23:28:40.223 24474 24515 D BootstrapLoader: Room !bFjeGzjHAZhqKKtiBW:matrix.org: Loaded message preview from DB events: '[Discord] [astroopt] por agora continuo a nao pode...', sender: @interirc:matrix.org
11-29 23:28:40.224 24474 24515 D BootstrapLoader: Room !cNSQwPqhHKkIZdBnvt:devture.com: Loaded message preview from DB events: 'idk man the sample vars.yml also doesnt specify in...', sender: @hbirc_liberachat-mdad_guest11:devture.com
11-29 23:28:40.226 24474 24515 D BootstrapLoader: Room !cZCRCLmQmHAGnBqmIE:matrix.org: Loaded message preview from DB events: 'Hi :) Does anyone know if there is a way to boot B...', sender: @tuxayo:matrix.org
11-29 23:28:40.228 24474 24515 D BootstrapLoader: Room !dAdMsQExaTsVzKcYhH:imbitbu.de: Loaded message preview from DB events: 'ah, that one! that's what brought around the confu...', sender: @bgtlover:stealthy.club
11-29 23:28:40.229 24474 24515 D BootstrapLoader: Room !dCRiCiLaCCFVNlDnYs:matrix.org: Loaded message preview from DB events: 'Ok cool, how does it looks like when it's delayed?...', sender: @nihal_navath:matrix.org
11-29 23:28:40.230 24474 24515 D BootstrapLoader: Room !dJHQaRcVLWIMxLivve:aguiarvieira.pt: Loaded message preview from DB events: '☑ Workflow **Sync Upstream** [completed successful...', sender: @hookshot:aguiarvieira.pt
11-29 23:28:40.231 24474 24515 D BootstrapLoader: Room !dKzhMyWKPUvraEvWGN:matrix.org: Loaded message preview from DB events: 'That is AMAZING!!! Thank you so much!!!...', sender: @turbo123:matrix.org
11-29 23:28:40.232 24474 24515 D BootstrapLoader: Room !dev-1:continuwuity.org: Loaded message preview from DB events: '[continuwuation/continuwuity] Pull request merged:...', sender: @bot:continuwuity.org
11-29 23:28:40.233 24474 24515 D BootstrapLoader: Room !dfVBRKJqYiVyqQLOKN:officialdakari.ru: Loaded message preview from DB events: 'я работаю над фиксами, да...', sender: @officialdakari:extera.xyz
11-29 23:28:40.234 24474 24515 D BootstrapLoader: Room !eL9TVMYEPeSIMdThrtg5Btm0zx-CwL-lXYLzu9Cp6iQ: Loaded message preview from DB events: 'did anybody else experienced such a problem?...', sender: @hoti:privchat.eu
11-29 23:28:40.236 24474 24515 D BootstrapLoader: Room !eolTFrNFYEyFjiumiP:aguiarvieira.pt: Loaded message preview from DB events: 'Unknown event - HealthRestored
11-29 23:28:40.236 24474 24515 D BootstrapLoader: Payload:
11-29 23:28:40.236 24474 24515 D BootstrapLoader: {
11-29 23:28:40.236 24474 24515 D BootstrapLoader:   "level...', sender: @_webhooks_sonarr:aguiarvieira.pt
11-29 23:28:40.238 24474 24515 D BootstrapLoader: Room !erfjdPEYxkLrUqdLYS:aguiarvieira.pt: Loaded encrypted message preview from DB events: 'Message...', sender: @daedric:aguiarvieira.pt
11-29 23:28:40.239 24474 24515 D BootstrapLoader: Room !fKHyYbtkvVKLhKFzkt:matrix.org: Loaded message preview from DB events: '* original was about a bot, not a boat. but they w...', sender: @jfdiscord_1010117452060958801:im.jellyfin.org
11-29 23:28:40.240 24474 24515 D BootstrapLoader: Room !flDUDlxzYhNVyLEcSA:bonifacelabs.ca: Loaded message preview from DB events: 'thanks for your help...', sender: @jfdiscord_302447908307861505:im.jellyfin.org
11-29 23:28:40.241 24474 24515 D BootstrapLoader: Room !fo2YUTHHGEPw7SfF0w_FDVIUKk6sAPVhcLbS5XW8OlY: Loaded message preview from DB events: 'Hopefully, they'll implement clientauth on Arti...', sender: @gan:skhron.org
11-29 23:28:40.243 24474 24515 D BootstrapLoader: Room !fvbspEOqNRFtyTSxFu:aguiarvieira.pt: Loaded message preview from DB events: 'New post in /r/Roms : weird difference. (https://o...', sender: @rss:aguiarvieira.pt
11-29 23:28:40.245 24474 24515 D BootstrapLoader: Room !gomuks2fjNJgXSZ-lZPoQWB_2za-KW_l2Hs6roxWKk4: Loaded message preview from DB events: '**[gomuks/android]** tulir pushed [1 commit](https...', sender: @github:maunium.net
11-29 23:28:40.246 24474 24515 D BootstrapLoader: Room !gqftbZZrpdcvwOAjhB:matrixbridg.es: Loaded message preview from DB events: '❤️...', sender: @daedric:aguiarvieira.pt
11-29 23:28:40.248 24474 24515 D BootstrapLoader: Room !hvFPvWLsMAWJbWTsSt:aguiarvieira.pt: Loaded message preview from DB events: 'New post in Recent Commits to element-web:develop:...', sender: @rss:aguiarvieira.pt
11-29 23:28:40.249 24474 24515 D BootstrapLoader: Room !ilY68u_Ttud49ASzQ_gPVd3CCfdOa5P29Ainys7x4xc: Loaded message preview from DB events: 'I need a speed graph of this 😂...', sender: @lolinator:unredacted.org
11-29 23:28:40.250 24474 24515 D BootstrapLoader: Room !inacFpbZHIuSqUcSCl:aguiarvieira.pt: Loaded message preview from DB events: '------------...', sender: @reddit-monitor:aguiarvieira.pt
11-29 23:28:40.251 24474 24515 D BootstrapLoader: Room !iuyQXswfjgxQMZGrfQ:matrix.org: Loaded message preview from DB events: 'What's so special about having a base error except...', sender: @sypher1:matrix.org
11-29 23:28:40.252 24474 24515 D BootstrapLoader: Room !kiP76YI0AlDqXjcKj2nM_Bq30GCgGWehndSt3iyA85E: Loaded message preview from DB events: 'Hi...', sender: @trentonuwu:stormyyy.xyz
11-29 23:28:40.253 24474 24515 D BootstrapLoader: Room !lgkFqiWbOWlhdGGrNg:aguiarvieira.pt: Loaded message preview from DB events: '☑ Workflow **Sync Upstream** [completed successful...', sender: @hookshot:aguiarvieira.pt
