11-28 20:54:06.909 18336 18336 D WebSocketService: Updated last_received_sync_id: -418 (run_id read from SharedPreferences)
11-28 20:54:07.045 18336 18408 D Andromuks: AppViewModel: Recorded pending sync_complete requestId=-419 (previous pending=null)
11-28 20:54:07.047 18336 18383 D WebSocketService: updateLastSyncTimestamp() called - connectionState: CONNECTED
11-28 20:54:07.048 18336 18383 I WS-Toggle: id=66 ts=1764363247047 event=updateConnectionStatus details=[isConnected=true lag=64 lastSync=1764363247047] stack=[WebSocketService#updateConnectionStatus:2472 | WebSocketService$Companion#updateConnectionStatus:296 | WebSocketService$Companion#updateLastSyncTimestamp:1124 | AppViewModel#updateRoomsFromSyncJsonAsync:3444 | NetworkUtilsKt$connectToWebsocket$websocketListener$1$onMessage$14#invokeSuspend:663 | BaseContinuationImpl#resumeWith:34]
11-28 20:54:07.048 18336 18408 D Andromuks: AppViewModel: Recorded pending sync_complete requestId=-420 (previous pending=-419)
11-28 20:54:07.049 18336 18383 D WebSocketService: Skipping notification update - text unchanged: ðŸŸ¢ â€¢ WiFi â€¢ Lag: 64ms â€¢ Last: now â€¢ Up: 1m
11-28 20:54:07.049 18336 18382 D WebSocketService: updateLastSyncTimestamp() called - connectionState: CONNECTED
11-28 20:54:07.049 18336 18383 D Andromuks: AppViewModel: Pending sync_complete requestId=-419 ignored (current pending=-420)
11-28 20:54:07.050 18336 18382 I WS-Toggle: id=67 ts=1764363247050 event=updateConnectionStatus details=[isConnected=true lag=64 lastSync=1764363247049] stack=[WebSocketService#updateConnectionStatus:2472 | WebSocketService$Companion#updateConnectionStatus:296 | WebSocketService$Companion#updateLastSyncTimestamp:1124 | AppViewModel#updateRoomsFromSyncJsonAsync:3444 | NetworkUtilsKt$connectToWebsocket$websocketListener$1$onMessage$14#invokeSuspend:663 | BaseContinuationImpl#resumeWith:34]
11-28 20:54:07.052 18336 18382 D WebSocketService: Skipping notification update - text unchanged: ðŸŸ¢ â€¢ WiFi â€¢ Lag: 64ms â€¢ Last: now â€¢ Up: 1m
11-28 20:54:07.052 18336 18382 D Andromuks: AppViewModel: Pending sync_complete requestId=-420 ignored (current pending=-420)
11-28 20:54:07.053 18336 18441 D Andromuks: SpaceRoomParser: Skipping unchanged room !YjAUNWwLVbCthyFrkz:bonifacelabs.ca (backgrounded, only receipt changes)
11-28 20:54:07.053 18336 18441 D Andromuks: SpaceRoomParser: Background optimization - parsed 0 of 1 rooms (skipped 1 unchanged rooms)
11-28 20:54:07.055 18336 18336 D Andromuks: AppViewModel: MEMBER PROCESSING - No rooms with member events in this sync
11-28 20:54:07.056 18336 18336 D Andromuks: AppViewModel: No im.ponies.emote_rooms account data found
11-28 20:54:07.056 18336 18336 D Andromuks: AppViewModel: Total rooms now: 581 (updated: 0, new: 0, removed: 0) - sync message #57 [App visible: false]
11-28 20:54:07.056 18336 18336 D Andromuks: AppViewModel: Processing 0 room invitations
11-28 20:54:07.056 18336 18336 D Andromuks: AppViewModel: Total pending invites: 0
11-28 20:54:07.062 18336 18396 D Andromuks: SpaceRoomParser: Skipping unchanged room !P7tIaLMFHT55GuONJ7UQ87M0SkqfpjofluPqmu0wOeY (backgrounded, only receipt changes)
11-28 20:54:07.062 18336 18396 D Andromuks: SpaceRoomParser: Background optimization - parsed 0 of 1 rooms (skipped 1 unchanged rooms)
11-28 20:54:07.069 18336 18408 D Andromuks: AppViewModel: Recorded pending sync_complete requestId=-421 (previous pending=-420)
11-28 20:54:07.070 18336 18396 D WebSocketService: updateLastSyncTimestamp() called - connectionState: CONNECTED
11-28 20:54:07.070 18336 18396 I WS-Toggle: id=68 ts=1764363247070 event=updateConnectionStatus details=[isConnected=true lag=64 lastSync=1764363247069] stack=[WebSocketService#updateConnectionStatus:2472 | WebSocketService$Companion#updateConnectionStatus:296 | WebSocketService$Companion#updateLastSyncTimestamp:1124 | AppViewModel#updateRoomsFromSyncJsonAsync:3444 | NetworkUtilsKt$connectToWebsocket$websocketListener$1$onMessage$14#invokeSuspend:663 | BaseContinuationImpl#resumeWith:34]
11-28 20:54:07.072 18336 18396 D WebSocketService: Skipping notification update - text unchanged: ðŸŸ¢ â€¢ WiFi â€¢ Lag: 64ms â€¢ Last: now â€¢ Up: 1m
11-28 20:54:07.072 18336 18396 D Andromuks: AppViewModel: Pending sync_complete requestId=-421 ignored (current pending=-421)
11-28 20:54:07.079 18336 18336 D Andromuks: AppViewModel: BATTERY SAVE MODE - App in background, skipping UI updates
11-28 20:54:07.080 18336 18336 D Andromuks: AppViewModel: MEMBER PROCESSING - No rooms with member events in this sync
11-28 20:54:07.080 18336 18336 D Andromuks: AppViewModel: No im.ponies.emote_rooms account data found
11-28 20:54:07.080 18336 18336 D Andromuks: AppViewModel: Total rooms now: 581 (updated: 0, new: 0, removed: 0) - sync message #58 [App visible: false]
11-28 20:54:07.080 18336 18336 D Andromuks: AppViewModel: Processing 0 room invitations
11-28 20:54:07.081 18336 18336 D Andromuks: AppViewModel: Total pending invites: 0
11-28 20:54:07.092 18336 18336 D Andromuks: AppViewModel: BATTERY SAVE MODE - App in background, skipping UI updates
11-28 20:54:07.093 18336 18336 D Andromuks: AppViewModel: MEMBER PROCESSING - Processing 1 rooms with member events [App visible: false]
11-28 20:54:07.094 18336 18336 D Andromuks: AppViewModel: MEMBER PROCESSING - Updated 1 rooms with member changes
11-28 20:54:07.094 18336 18336 D Andromuks: AppViewModel: No im.ponies.emote_rooms account data found
11-28 20:54:07.094 18336 18336 D Andromuks: AppViewModel: Total rooms now: 581 (updated: 1, new: 0, removed: 0) - sync message #59 [App visible: false]
11-28 20:54:07.094 18336 18336 D Andromuks: AppViewModel: Processing 0 room invitations
11-28 20:54:07.094 18336 18336 D Andromuks: AppViewModel: Total pending invites: 0
11-28 20:54:07.104 18336 18336 D Andromuks: AppViewModel: BATTERY SAVE MODE - App in background, skipping UI updates
11-28 20:54:07.113 18336 18336 D Andromuks: AppViewModel: Committed lastReceivedSyncId from -418 to -419 after persistence (pending=-421)
11-28 20:54:07.113 18336 18336 D WebSocketService: Updated last_received_sync_id: -419 (run_id read from SharedPreferences)
11-28 20:54:07.114 18336 18336 D Andromuks: AppViewModel: Committed lastReceivedSyncId from -419 to -420 after persistence (pending=-421)
11-28 20:54:07.114 18336 18336 D WebSocketService: Updated last_received_sync_id: -420 (run_id read from SharedPreferences)
11-28 20:54:07.136 18336 18336 D Andromuks: AppViewModel: Committed lastReceivedSyncId from -420 to -421 after persistence (pending=null)
11-28 20:54:07.136 18336 18336 D WebSocketService: Updated last_received_sync_id: -421 (run_id read from SharedPreferences)
11-28 20:54:07.456 18336 18408 D Andromuks: AppViewModel: Recorded pending sync_complete requestId=-422 (previous pending=null)
11-28 20:54:07.458 18336 18441 D WebSocketService: updateLastSyncTimestamp() called - connectionState: CONNECTED
11-28 20:54:07.460 18336 18441 I WS-Toggle: id=69 ts=1764363247458 event=updateConnectionStatus details=[isConnected=true lag=64 lastSync=1764363247458] stack=[WebSocketService#updateConnectionStatus:2472 | WebSocketService$Companion#updateConnectionStatus:296 | WebSocketService$Companion#updateLastSyncTimestamp:1124 | AppViewModel#updateRoomsFromSyncJsonAsync:3444 | NetworkUtilsKt$connectToWebsocket$websocketListener$1$onMessage$14#invokeSuspend:663 | BaseContinuationImpl#resumeWith:34]
11-28 20:54:07.462 18336 18441 D WebSocketService: Skipping notification update - text unchanged: ðŸŸ¢ â€¢ WiFi â€¢ Lag: 64ms â€¢ Last: now â€¢ Up: 1m
11-28 20:54:07.462 18336 18441 D Andromuks: AppViewModel: Pending sync_complete requestId=-422 ignored (current pending=-422)
11-28 20:54:07.465 18336 18396 D Andromuks: SpaceRoomParser: Skipping unchanged room !YjAUNWwLVbCthyFrkz:bonifacelabs.ca (backgrounded, only receipt changes)
11-28 20:54:07.465 18336 18396 D Andromuks: SpaceRoomParser: Background optimization - parsed 0 of 1 rooms (skipped 1 unchanged rooms)
11-28 20:54:07.466 18336 18336 D Andromuks: AppViewModel: MEMBER PROCESSING - No rooms with member events in this sync
11-28 20:54:07.467 18336 18336 D Andromuks: AppViewModel: No im.ponies.emote_rooms account data found
11-28 20:54:07.515 18336 18336 D Andromuks: AppViewModel: Saved state to storage - run_id: 1764362305139975098, last_received_sync_id: -421, rooms: 581
11-28 20:54:07.515 18336 18336 D Andromuks: AppViewModel: Total rooms now: 581 (updated: 0, new: 0, removed: 0) - sync message #60 [App visible: false]
11-28 20:54:07.515 18336 18336 D Andromuks: AppViewModel: Processing 0 room invitations
11-28 20:54:07.515 18336 18336 D Andromuks: AppViewModel: Total pending invites: 0
11-28 20:54:07.519 18336 18336 D Andromuks: AppViewModel: BATTERY SAVE MODE - App in background, skipping UI updates
11-28 20:54:07.523 18336 18336 D Andromuks: AppViewModel: Committed lastReceivedSyncId from -421 to -422 after persistence (pending=null)
11-28 20:54:07.523 18336 18336 D WebSocketService: Updated last_received_sync_id: -422 (run_id read from SharedPreferences)
11-28 20:54:11.533 18336 18383 D WebSocketService: Callback health check: connection is CONNECTED (callback check skipped)
11-28 20:54:11.533 18336 18383 D WebSocketService: Callback health check: reconnection=true, offlineMode=true, activityLog=true
