11-28 20:53:06.178 18336 18336 D Andromuks: AppViewModel: No im.ponies.emote_rooms account data found
11-28 20:53:06.178 18336 18336 D Andromuks: AppViewModel: Total rooms now: 581 (updated: 0, new: 0, removed: 0) - sync message #18 [App visible: false]
11-28 20:53:06.178 18336 18336 D Andromuks: AppViewModel: Processing 0 room invitations
11-28 20:53:06.178 18336 18336 D Andromuks: AppViewModel: Total pending invites: 0
11-28 20:53:06.208 18336 18336 D Andromuks: AppViewModel: BATTERY SAVE MODE - App in background, skipping UI updates
11-28 20:53:06.232 18336 18336 D Andromuks: AppViewModel: Committed lastReceivedSyncId from -379 to -380 after persistence (pending=null)
11-28 20:53:06.232 18336 18336 D WebSocketService: Updated last_received_sync_id: -380 (run_id read from SharedPreferences)
11-28 20:53:06.257 18336 18408 D Andromuks: AppViewModel: Recorded pending sync_complete requestId=-381 (previous pending=null)
11-28 20:53:06.258 18336 18383 D WebSocketService: updateLastSyncTimestamp() called - connectionState: CONNECTED
11-28 20:53:06.259 18336 18383 I WS-Toggle: id=24 ts=1764363186258 event=updateConnectionStatus details=[isConnected=true lag=74 lastSync=1764363186258] stack=[WebSocketService#updateConnectionStatus:2472 | WebSocketService$Companion#updateConnectionStatus:296 | WebSocketService$Companion#updateLastSyncTimestamp:1124 | AppViewModel#updateRoomsFromSyncJsonAsync:3444 | NetworkUtilsKt$connectToWebsocket$websocketListener$1$onMessage$14#invokeSuspend:663 | BaseContinuationImpl#resumeWith:34]
11-28 20:53:06.260 18336 18383 D WebSocketService: Skipping notification update - text unchanged: ðŸŸ¢ â€¢ WiFi â€¢ Lag: 74ms â€¢ Last: now â€¢ Up: 23s
11-28 20:53:06.260 18336 18383 D Andromuks: AppViewModel: Pending sync_complete requestId=-381 ignored (current pending=-381)
11-28 20:53:06.263 18336 18394 D Andromuks: SpaceRoomParser: Skipping unchanged room !YjAUNWwLVbCthyFrkz:bonifacelabs.ca (backgrounded, only receipt changes)
11-28 20:53:06.263 18336 18394 D Andromuks: SpaceRoomParser: Background optimization - parsed 0 of 1 rooms (skipped 1 unchanged rooms)
11-28 20:53:06.263 18336 18336 D Andromuks: AppViewModel: MEMBER PROCESSING - No rooms with member events in this sync
11-28 20:53:06.264 18336 18336 D Andromuks: AppViewModel: No im.ponies.emote_rooms account data found
11-28 20:53:06.264 18336 18336 D Andromuks: AppViewModel: Total rooms now: 581 (updated: 0, new: 0, removed: 0) - sync message #19 [App visible: false]
11-28 20:53:06.264 18336 18336 D Andromuks: AppViewModel: Processing 0 room invitations
11-28 20:53:06.264 18336 18336 D Andromuks: AppViewModel: Total pending invites: 0
11-28 20:53:06.294 18336 18336 D Andromuks: AppViewModel: BATTERY SAVE MODE - App in background, skipping UI updates
11-28 20:53:06.311 18336 18336 D Andromuks: AppViewModel: Committed lastReceivedSyncId from -380 to -381 after persistence (pending=null)
11-28 20:53:06.311 18336 18336 D WebSocketService: Updated last_received_sync_id: -381 (run_id read from SharedPreferences)
11-28 20:53:06.389  9468  9468 I NotificationListener: received notification removed event - pt.aguiarvieira.andromuks#UserHandle{0},category=-1
11-28 20:53:07.666  1752  2535 D InetDiagMessage: Destroyed 0 sockets, proto=IPPROTO_TCP, family=AF_INET, states=14
11-28 20:53:07.668  1752  2535 D InetDiagMessage: Destroyed 0 sockets, proto=IPPROTO_TCP, family=AF_INET6, states=14
11-28 20:53:07.668  1752  2535 D InetDiagMessage: Destroyed live tcp sockets for uids={10520} in 6ms
11-28 20:53:08.511 18336 18408 D Andromuks: AppViewModel: Recorded pending sync_complete requestId=-382 (previous pending=null)
11-28 20:53:08.512 18336 18411 D WebSocketService: updateLastSyncTimestamp() called - connectionState: CONNECTED
11-28 20:53:08.513 18336 18411 I WS-Toggle: id=25 ts=1764363188512 event=updateConnectionStatus details=[isConnected=true lag=74 lastSync=1764363188512] stack=[WebSocketService#updateConnectionStatus:2472 | WebSocketService$Companion#updateConnectionStatus:296 | WebSocketService$Companion#updateLastSyncTimestamp:1124 | AppViewModel#updateRoomsFromSyncJsonAsync:3444 | NetworkUtilsKt$connectToWebsocket$websocketListener$1$onMessage$14#invokeSuspend:663 | BaseContinuationImpl#resumeWith:34]
11-28 20:53:08.521 18336 18411 D WebSocketService: Connection status updated: ðŸŸ¢ â€¢ WiFi â€¢ Lag: 74ms â€¢ Last: now â€¢ Up: 25s
11-28 20:53:08.521 18336 18411 D Andromuks: AppViewModel: Pending sync_complete requestId=-382 ignored (current pending=-382)
11-28 20:53:08.526 18336 18336 D Andromuks: AppViewModel: MEMBER PROCESSING - No rooms with member events in this sync
11-28 20:53:08.527 18336 18336 D Andromuks: AppViewModel: No im.ponies.emote_rooms account data found
11-28 20:53:08.571 18336 18336 D Andromuks: AppViewModel: Saved state to storage - run_id: 1764362305139975098, last_received_sync_id: -381, rooms: 581
11-28 20:53:08.571 18336 18336 D Andromuks: AppViewModel: Total rooms now: 581 (updated: 1, new: 0, removed: 0) - sync message #20 [App visible: false]
11-28 20:53:08.571 18336 18336 D Andromuks: AppViewModel: Processing 0 room invitations
11-28 20:53:08.571 18336 18336 D Andromuks: AppViewModel: Total pending invites: 0
11-28 20:53:08.580 18336 18336 D Andromuks: AppViewModel: BATTERY SAVE MODE - App in background, skipping UI updates
11-28 20:53:08.580 18336 18336 D Andromuks: AppViewModel: Committed lastReceivedSyncId from -381 to -382 after persistence (pending=null)
11-28 20:53:08.581 18336 18336 D WebSocketService: Updated last_received_sync_id: -382 (run_id read from SharedPreferences)
11-28 20:53:08.734  9468  9468 I NotificationListener: received notification removed event - pt.aguiarvieira.andromuks#UserHandle{0},category=-1
11-28 20:53:11.526 18336 18394 D WebSocketService: Callback health check: connection is CONNECTED (callback check skipped)
11-28 20:53:11.526 18336 18394 D WebSocketService: Callback health check: reconnection=true, offlineMode=true, activityLog=true
11-28 20:53:12.775 18336 18394 D WebSocketService: Sending ping (requestId: 2, lastReceivedSyncId: -382)
11-28 20:53:12.776 18336 18394 I WebSocketService: Pinger status: Sending ping (requestId: 2, lastReceivedSyncId: -382)
11-28 20:53:12.776 18336 18394 I WebSocketService: PING JSON: {"command":"ping","data":{"last_received_id":-382},"request_id":2}
11-28 20:53:12.777 18336 18394 D WebSocketService: Ping sent successfully
11-28 20:53:12.853 18336 18408 I Andromuks: PONG JSON (compressed): {"command":"pong","request_id":2,"data":null}
11-28 20:53:12.856 18336 18411 D WebSocketService: Pong received, lag: 81ms
11-28 20:53:12.858 18336 18411 I WS-Toggle: id=26 ts=1764363192857 event=updateConnectionStatus details=[isConnected=true lag=81 lastSync=1764363188512] stack=[WebSocketService#updateConnectionStatus:2472 | WebSocketService$Companion#updateConnectionStatus:296 | WebSocketService$Companion#handlePong:755 | NetworkUtilsKt$connectToWebsocket$websocketListener$1$onMessage$12#invokeSuspend:644 | BaseContinuationImpl#resumeWith:34 | DispatchedTask#run:104]
11-28 20:53:12.868 18336 18411 D WebSocketService: Connection status updated: ðŸŸ¢ â€¢ WiFi â€¢ Lag: 81ms â€¢ Last: 4s ago â€¢ Up: 30s
11-28 20:53:13.087  9468  9468 I NotificationListener: received notification removed event - pt.aguiarvieira.andromuks#UserHandle{0},category=-1
11-28 20:53:13.733 18336 18336 D Andromuks: AppViewModel: setSpaces called with 1 spaces
11-28 20:53:13.736 18336 18336 D Andromuks: AppViewModel: PERFORMANCE - Debounced room reorder completed (581 rooms)
11-28 20:53:13.763 18336 18336 D Andromuks: RoomListScreen: stableSection = HOME, roomListUpdateCounter = 8, rooms.size = 581
11-28 20:53:13.785 18336 18336 D Andromuks: AppViewModel: Badge counts - DMs: 0, Unread: 123, Favs: 1
11-28 20:53:13.786 18336 18336 D Andromuks: AppViewModel: Updated cached sections - allRooms: 581, DMs: 89, Unread: 123, Favourites: 18
11-28 20:53:13.789 18336 18336 D Andromuks: RoomListScreen: Section data changed - rooms:true spaces:false
11-28 20:53:13.797 18336 18336 D Andromuks: RoomListScreen: stableSection = HOME, roomListUpdateCounter = 8, rooms.size = 581
11-28 20:53:13.818 18336 18336 D Andromuks: RoomListScreen: OPPORTUNISTIC PROFILE LOADING - Requesting profiles for 37 message senders from 581 rooms
11-28 20:53:13.819 18336 18336 D Andromuks: RoomListScreen: NAVIGATION OPTIMIZATION - Triggered prefetch for 4 nearby rooms
11-28 20:53:14.448 18336 18408 D Andromuks: AppViewModel: Recorded pending sync_complete requestId=-383 (previous pending=null)
11-28 20:53:14.450 18336 18411 D WebSocketService: updateLastSyncTimestamp() called - connectionState: CONNECTED
11-28 20:53:14.451 18336 18411 I WS-Toggle: id=27 ts=1764363194450 event=updateConnectionStatus details=[isConnected=true lag=81 lastSync=1764363194449] stack=[WebSocketService#updateConnectionStatus:2472 | WebSocketService$Companion#updateConnectionStatus:296 | WebSocketService$Companion#updateLastSyncTimestamp:1124 | AppViewModel#updateRoomsFromSyncJsonAsync:3444 | NetworkUtilsKt$connectToWebsocket$websocketListener$1$onMessage$14#invokeSuspend:663 | BaseContinuationImpl#resumeWith:34]
11-28 20:53:14.458 18336 18411 D WebSocketService: Connection status updated: ðŸŸ¢ â€¢ WiFi â€¢ Lag: 81ms â€¢ Last: now â€¢ Up: 31s
11-28 20:53:14.458 18336 18411 D Andromuks: AppViewModel: Pending sync_complete requestId=-383 ignored (current pending=-383)
11-28 20:53:14.462 18336 18414 D Andromuks: SpaceRoomParser: Skipping unchanged room !xUW4PpAe1CmThA3r2wI8IrgwwsK006-zqWdJCljpd10 (backgrounded, only receipt changes)
11-28 20:53:14.462 18336 18414 D Andromuks: SpaceRoomParser: Background optimization - parsed 0 of 1 rooms (skipped 1 unchanged rooms)
11-28 20:53:14.463 18336 18336 D Andromuks: AppViewModel: MEMBER PROCESSING - No rooms with member events in this sync
11-28 20:53:14.463 18336 18336 D Andromuks: AppViewModel: No im.ponies.emote_rooms account data found
11-28 20:53:14.463 18336 18336 D Andromuks: AppViewModel: Total rooms now: 581 (updated: 0, new: 0, removed: 0) - sync message #21 [App visible: false]
11-28 20:53:14.463 18336 18336 D Andromuks: AppViewModel: Processing 0 room invitations
11-28 20:53:14.464 18336 18336 D Andromuks: AppViewModel: Total pending invites: 0
11-28 20:53:14.482 18336 18336 D Andromuks: AppViewModel: BATTERY SAVE MODE - App in background, skipping UI updates
11-28 20:53:14.529 18336 18336 D Andromuks: AppViewModel: Committed lastReceivedSyncId from -382 to -383 after persistence (pending=null)
11-28 20:53:14.529 18336 18336 D WebSocketService: Updated last_received_sync_id: -383 (run_id read from SharedPreferences)
11-28 20:53:14.676  9468  9468 I NotificationListener: received notification removed event - pt.aguiarvieira.andromuks#UserHandle{0},category=-1
11-28 20:53:16.293 18336 18408 D Andromuks: AppViewModel: Recorded pending sync_complete requestId=-384 (previous pending=null)
11-28 20:53:16.294 18336 18394 D WebSocketService: updateLastSyncTimestamp() called - connectionState: CONNECTED
11-28 20:53:16.295 18336 18394 I WS-Toggle: id=28 ts=1764363196294 event=updateConnectionStatus details=[isConnected=true lag=81 lastSync=1764363196294] stack=[WebSocketService#updateConnectionStatus:2472 | WebSocketService$Companion#updateConnectionStatus:296 | WebSocketService$Companion#updateLastSyncTimestamp:1124 | AppViewModel#updateRoomsFromSyncJsonAsync:3444 | NetworkUtilsKt$connectToWebsocket$websocketListener$1$onMessage$14#invokeSuspend:663 | BaseContinuationImpl#resumeWith:34]
11-28 20:53:16.298 18336 18408 D Andromuks: AppViewModel: Recorded pending sync_complete requestId=-385 (previous pending=-384)
11-28 20:53:16.300 18336 18414 D WebSocketService: updateLastSyncTimestamp() called - connectionState: CONNECTED
11-28 20:53:16.301 18336 18414 I WS-Toggle: id=29 ts=1764363196300 event=updateConnectionStatus details=[isConnected=true lag=81 lastSync=1764363196300] stack=[WebSocketService#updateConnectionStatus:2472 | WebSocketService$Companion#updateConnectionStatus:296 | WebSocketService$Companion#updateLastSyncTimestamp:1124 | AppViewModel#updateRoomsFromSyncJsonAsync:3444 | NetworkUtilsKt$connectToWebsocket$websocketListener$1$onMessage$14#invokeSuspend:663 | BaseContinuationImpl#resumeWith:34]
11-28 20:53:16.303 18336 18414 D WebSocketService: Skipping notification update - text unchanged: ðŸŸ¢ â€¢ WiFi â€¢ Lag: 81ms â€¢ Last: now â€¢ Up: 33s
11-28 20:53:16.303 18336 18414 D Andromuks: AppViewModel: Pending sync_complete requestId=-385 ignored (current pending=-385)
11-28 20:53:16.303 18336 18394 D WebSocketService: Connection status updated: ðŸŸ¢ â€¢ WiFi â€¢ Lag: 81ms â€¢ Last: now â€¢ Up: 33s
11-28 20:53:16.303 18336 18394 D Andromuks: AppViewModel: Pending sync_complete requestId=-384 ignored (current pending=-385)
11-28 20:53:16.306 18336 18381 D Andromuks: SpaceRoomParser: Skipping unchanged room !YjAUNWwLVbCthyFrkz:bonifacelabs.ca (backgrounded, only receipt changes)
11-28 20:53:16.307 18336 18414 D Andromuks: SpaceRoomParser: Skipping unchanged room !YjAUNWwLVbCthyFrkz:bonifacelabs.ca (backgrounded, only receipt changes)
11-28 20:53:16.307 18336 18381 D Andromuks: SpaceRoomParser: Background optimization - parsed 0 of 1 rooms (skipped 1 unchanged rooms)
11-28 20:53:16.307 18336 18414 D Andromuks: SpaceRoomParser: Background optimization - parsed 0 of 1 rooms (skipped 1 unchanged rooms)
11-28 20:53:16.308 18336 18336 D Andromuks: AppViewModel: MEMBER PROCESSING - No rooms with member events in this sync
11-28 20:53:16.308 18336 18336 D Andromuks: AppViewModel: No im.ponies.emote_rooms account data found
11-28 20:53:16.308 18336 18336 D Andromuks: AppViewModel: Total rooms now: 581 (updated: 0, new: 0, removed: 0) - sync message #22 [App visible: false]
11-28 20:53:16.308 18336 18336 D Andromuks: AppViewModel: Processing 0 room invitations
11-28 20:53:16.308 18336 18336 D Andromuks: AppViewModel: Total pending invites: 0
11-28 20:53:16.340 18336 18336 D Andromuks: AppViewModel: BATTERY SAVE MODE - App in background, skipping UI updates
11-28 20:53:16.342 18336 18336 D Andromuks: AppViewModel: MEMBER PROCESSING - No rooms with member events in this sync
11-28 20:53:16.342 18336 18336 D Andromuks: AppViewModel: No im.ponies.emote_rooms account data found
11-28 20:53:16.342 18336 18336 D Andromuks: AppViewModel: Total rooms now: 581 (updated: 0, new: 0, removed: 0) - sync message #23 [App visible: false]
11-28 20:53:16.343 18336 18336 D Andromuks: AppViewModel: Processing 0 room invitations
11-28 20:53:16.343 18336 18336 D Andromuks: AppViewModel: Total pending invites: 0
11-28 20:53:16.352 18336 18336 D Andromuks: AppViewModel: BATTERY SAVE MODE - App in background, skipping UI updates
11-28 20:53:16.367 18336 18336 D Andromuks: AppViewModel: Committed lastReceivedSyncId from -383 to -385 after persistence (pending=null)
11-28 20:53:16.367 18336 18336 D WebSocketService: Updated last_received_sync_id: -385 (run_id read from SharedPreferences)
11-28 20:53:16.370 18336 18336 D Andromuks: AppViewModel: Persisted sync_complete requestId=-384 ignored (current lastReceivedSyncId=-385, pending=null)
11-28 20:53:16.521  9468  9468 I NotificationListener: received notification removed event - pt.aguiarvieira.andromuks#UserHandle{0},category=-1
11-28 20:53:17.005 18336 18408 D Andromuks: AppViewModel: Recorded pending sync_complete requestId=-386 (previous pending=null)
11-28 20:53:17.007 18336 18396 D WebSocketService: updateLastSyncTimestamp() called - connectionState: CONNECTED
11-28 20:53:17.008 18336 18396 I WS-Toggle: id=30 ts=1764363197007 event=updateConnectionStatus details=[isConnected=true lag=81 lastSync=1764363197007] stack=[WebSocketService#updateConnectionStatus:2472 | WebSocketService$Companion#updateConnectionStatus:296 | WebSocketService$Companion#updateLastSyncTimestamp:1124 | AppViewModel#updateRoomsFromSyncJsonAsync:3444 | NetworkUtilsKt$connectToWebsocket$websocketListener$1$onMessage$14#invokeSuspend:663 | BaseContinuationImpl#resumeWith:34]
11-28 20:53:17.016 18336 18396 D WebSocketService: Connection status updated: ðŸŸ¢ â€¢ WiFi â€¢ Lag: 81ms â€¢ Last: now â€¢ Up: 34s
11-28 20:53:17.016 18336 18396 D Andromuks: AppViewModel: Pending sync_complete requestId=-386 ignored (current pending=-386)
11-28 20:53:17.020 18336 18411 D Andromuks: SpaceRoomParser: Skipping unchanged room !vlnjqGLpLJlFmBSkfQ:matrix.org (backgrounded, only receipt changes)
11-28 20:53:17.020 18336 18411 D Andromuks: SpaceRoomParser: Background optimization - parsed 0 of 1 rooms (skipped 1 unchanged rooms)
11-28 20:53:17.021 18336 18336 D Andromuks: AppViewModel: MEMBER PROCESSING - No rooms with member events in this sync
11-28 20:53:17.022 18336 18336 D Andromuks: AppViewModel: No im.ponies.emote_rooms account data found
11-28 20:53:17.022 18336 18336 D Andromuks: AppViewModel: Total rooms now: 581 (updated: 0, new: 0, removed: 0) - sync message #24 [App visible: false]
11-28 20:53:17.022 18336 18336 D Andromuks: AppViewModel: Processing 0 room invitations
11-28 20:53:17.022 18336 18336 D Andromuks: AppViewModel: Total pending invites: 0
11-28 20:53:17.052 18336 18336 D Andromuks: AppViewModel: BATTERY SAVE MODE - App in background, skipping UI updates
11-28 20:53:17.074 18336 18336 D Andromuks: AppViewModel: Committed lastReceivedSyncId from -385 to -386 after persistence (pending=null)
11-28 20:53:17.074 18336 18336 D WebSocketService: Updated last_received_sync_id: -386 (run_id read from SharedPreferences)
11-28 20:53:17.211 18336 18408 D Andromuks: AppViewModel: Recorded pending sync_complete requestId=-387 (previous pending=null)
11-28 20:53:17.213 18336 18396 D WebSocketService: updateLastSyncTimestamp() called - connectionState: CONNECTED
11-28 20:53:17.214 18336 18396 I WS-Toggle: id=31 ts=1764363197213 event=updateConnectionStatus details=[isConnected=true lag=81 lastSync=1764363197213] stack=[WebSocketService#updateConnectionStatus:2472 | WebSocketService$Companion#updateConnectionStatus:296 | WebSocketService$Companion#updateLastSyncTimestamp:1124 | AppViewModel#updateRoomsFromSyncJsonAsync:3444 | NetworkUtilsKt$connectToWebsocket$websocketListener$1$onMessage$14#invokeSuspend:663 | BaseContinuationImpl#resumeWith:34]
11-28 20:53:17.216 18336 18396 D WebSocketService: Skipping notification update - text unchanged: ðŸŸ¢ â€¢ WiFi â€¢ Lag: 81ms â€¢ Last: now â€¢ Up: 34s
11-28 20:53:17.216 18336 18396 D Andromuks: AppViewModel: Pending sync_complete requestId=-387 ignored (current pending=-387)
11-28 20:53:17.223 18336 18336 D Andromuks: AppViewModel: MEMBER PROCESSING - No rooms with member events in this sync
11-28 20:53:17.224 18336 18336 D Andromuks: AppViewModel: No im.ponies.emote_rooms account data found
11-28 20:53:17.224 18336 18336 D Andromuks: AppViewModel: Total rooms now: 581 (updated: 1, new: 0, removed: 0) - sync message #25 [App visible: false]
11-28 20:53:17.224 18336 18336 D Andromuks: AppViewModel: Processing 0 room invitations
11-28 20:53:17.224 18336 18336 D Andromuks: AppViewModel: Total pending invites: 0
11-28 20:53:17.228  9468  9468 I NotificationListener: received notification removed event - pt.aguiarvieira.andromuks#UserHandle{0},category=-1
11-28 20:53:17.256 18336 18336 D Andromuks: AppViewModel: BATTERY SAVE MODE - App in background, skipping UI updates
11-28 20:53:17.275 18336 18336 D Andromuks: AppViewModel: Committed lastReceivedSyncId from -386 to -387 after persistence (pending=null)
11-28 20:53:17.275 18336 18336 D WebSocketService: Updated last_received_sync_id: -387 (run_id read from SharedPreferences)
11-28 20:53:18.743 18336 18408 D Andromuks: AppViewModel: Recorded pending sync_complete requestId=-388 (previous pending=null)
11-28 20:53:18.745 18336 18382 D WebSocketService: updateLastSyncTimestamp() called - connectionState: CONNECTED
11-28 20:53:18.746 18336 18382 I WS-Toggle: id=32 ts=1764363198745 event=updateConnectionStatus details=[isConnected=true lag=81 lastSync=1764363198745] stack=[WebSocketService#updateConnectionStatus:2472 | WebSocketService$Companion#updateConnectionStatus:296 | WebSocketService$Companion#updateLastSyncTimestamp:1124 | AppViewModel#updateRoomsFromSyncJsonAsync:3444 | NetworkUtilsKt$connectToWebsocket$websocketListener$1$onMessage$14#invokeSuspend:663 | BaseContinuationImpl#resumeWith:34]
11-28 20:53:18.752 18336 18382 D WebSocketService: Connection status updated: ðŸŸ¢ â€¢ WiFi â€¢ Lag: 81ms â€¢ Last: now â€¢ Up: 36s
11-28 20:53:18.752 18336 18382 D Andromuks: AppViewModel: Pending sync_complete requestId=-388 ignored (current pending=-388)
11-28 20:53:18.756 18336 18396 D Andromuks: SpaceRoomParser: Skipping unchanged room !sM2LwqNHGQOgLf35gqxPMy9D7oYde2q9ADg8HPBM3kE (backgrounded, only receipt changes)
11-28 20:53:18.756 18336 18396 D Andromuks: SpaceRoomParser: Background optimization - parsed 0 of 1 rooms (skipped 1 unchanged rooms)
11-28 20:53:18.757 18336 18336 D Andromuks: AppViewModel: MEMBER PROCESSING - No rooms with member events in this sync
11-28 20:53:18.758 18336 18336 D Andromuks: AppViewModel: No im.ponies.emote_rooms account data found
11-28 20:53:18.758 18336 18336 D Andromuks: AppViewModel: Total rooms now: 581 (updated: 0, new: 0, removed: 0) - sync message #26 [App visible: false]
11-28 20:53:18.758 18336 18336 D Andromuks: AppViewModel: Processing 0 room invitations
11-28 20:53:18.758 18336 18336 D Andromuks: AppViewModel: Total pending invites: 0
11-28 20:53:18.788 18336 18336 D Andromuks: AppViewModel: BATTERY SAVE MODE - App in background, skipping UI updates
11-28 20:53:18.802 18336 18336 D Andromuks: AppViewModel: Committed lastReceivedSyncId from -387 to -388 after persistence (pending=null)
11-28 20:53:18.802 18336 18336 D WebSocketService: Updated last_received_sync_id: -388 (run_id read from SharedPreferences)
11-28 20:53:18.968  9468  9468 I NotificationListener: received notification removed event - pt.aguiarvieira.andromuks#UserHandle{0},category=-1
11-28 20:53:25.195 18336 18408 D Andromuks: AppViewModel: Recorded pending sync_complete requestId=-389 (previous pending=null)
11-28 20:53:25.197 18336 18383 D WebSocketService: updateLastSyncTimestamp() called - connectionState: CONNECTED
11-28 20:53:25.198 18336 18383 I WS-Toggle: id=33 ts=1764363205197 event=updateConnectionStatus details=[isConnected=true lag=81 lastSync=1764363205197] stack=[WebSocketService#updateConnectionStatus:2472 | WebSocketService$Companion#updateConnectionStatus:296 | WebSocketService$Companion#updateLastSyncTimestamp:1124 | AppViewModel#updateRoomsFromSyncJsonAsync:3444 | NetworkUtilsKt$connectToWebsocket$websocketListener$1$onMessage$14#invokeSuspend:663 | BaseContinuationImpl#resumeWith:34]
11-28 20:53:25.206 18336 18383 D WebSocketService: Connection status updated: ðŸŸ¢ â€¢ WiFi â€¢ Lag: 81ms â€¢ Last: now â€¢ Up: 42s
11-28 20:53:25.206 18336 18383 D Andromuks: AppViewModel: Pending sync_complete requestId=-389 ignored (current pending=-389)
11-28 20:53:25.214 18336 18336 D Andromuks: AppViewModel: MEMBER PROCESSING - Processing 1 rooms with member events [App visible: false]
11-28 20:53:25.214 18336 18336 D Andromuks: AppViewModel: MEMBER PROCESSING - Updated 1 rooms with member changes
11-28 20:53:25.214 18336 18336 D Andromuks: AppViewModel: No im.ponies.emote_rooms account data found
11-28 20:53:25.215 18336 18336 D Andromuks: AppViewModel: Total rooms now: 581 (updated: 1, new: 0, removed: 0) - sync message #27 [App visible: false]
11-28 20:53:25.215 18336 18336 D Andromuks: AppViewModel: Processing 0 room invitations
11-28 20:53:25.215 18336 18336 D Andromuks: AppViewModel: Total pending invites: 0
11-28 20:53:25.226 18336 18336 D Andromuks: AppViewModel: BATTERY SAVE MODE - App in background, skipping UI updates
11-28 20:53:25.258 18336 18336 D Andromuks: AppViewModel: Committed lastReceivedSyncId from -388 to -389 after persistence (pending=null)
11-28 20:53:25.258 18336 18336 D WebSocketService: Updated last_received_sync_id: -389 (run_id read from SharedPreferences)
11-28 20:53:25.349 18336 18431 I ieira.andromuks: hiddenapi: Accessing hidden method Landroid/os/WorkSource;->add(I)Z (runtime_flags=0, domain=platform, api=unsupported,test-api) from Lcom/google/android/gms/common/util/WorkSourceUtil; (domain=app) using reflection: allowed
11-28 20:53:25.349 18336 18431 I ieira.andromuks: hiddenapi: Accessing hidden method Landroid/os/WorkSource;->add(ILjava/lang/String;)Z (runtime_flags=0, domain=platform, api=unsupported,test-api) from Lcom/google/android/gms/common/util/WorkSourceUtil; (domain=app) using reflection: allowed
11-28 20:53:25.349 18336 18431 I ieira.andromuks: hiddenapi: Accessing hidden method Landroid/os/WorkSource;->get(I)I (runtime_flags=0, domain=platform, api=unsupported) from Lcom/google/android/gms/common/util/WorkSourceUtil; (domain=app) using reflection: allowed
11-28 20:53:25.349 18336 18431 I ieira.andromuks: hiddenapi: Accessing hidden method Landroid/os/WorkSource;->getName(I)Ljava/lang/String; (runtime_flags=0, domain=platform, api=unsupported) from Lcom/google/android/gms/common/util/WorkSourceUtil; (domain=app) using reflection: allowed
11-28 20:53:25.384 18336 18435 D Andromuks: FCMService: Retrieved encrypted key from SharedPreferences: MWI0MjhhZWM4YjdhNDI5MDg5YTdiZWJiMjI0OGE5ZTE=
11-28 20:53:25.384 18336 18435 D Andromuks: FCMService: Decoded key of size: 32 bytes
11-28 20:53:25.385 18336 18435 D Andromuks: FCMService: Decoded key (first 8 bytes): 31, 62, 34, 32, 38, 61, 65, 63
11-28 20:53:25.392 18336 18336 D FCMService: Processing message: {"timestamp":1764363206063,"event_id":"$w0UoCZjin9_0TNgy__IVUWIQxRozPyQi-qDglCYHnjA","event_rowid":748395,"room_id":"!tbSlYaykKDtKZbCsVE:aguiarvieira.pt","room_name":"GitHub","room_avatar":"_gomuks\/media\/aguiarvieira.pt\/rBkGBGVHyBYCYNZBFeBdBZpk?encrypted=false&fallback=G","sender":{"id":"@github:aguiarvieira.pt","name":"GitHub Bot","avatar":"_gomuks\/media\/aguiarvieira.pt\/gLyQMEInEcrysWNNXwHwXrrQ?encrypted=false&fallback=G"},"self":{"id":"@daedric:aguiarvieira.pt","name":"Ricardo Duarte","avatar":"_gomuks\/media\/aguiarvieira.pt\/qmOGmvwqvgSXRzrqRKnvuLaf?encrypted=false&fallback=R"},"text":"**[ricardo-duarte-av\/andromuks]** ricardo-duarte-av pushed [1 commit](https:\/\/github.com\/ricardo-duarte-av\/andromuks\/compare\/14f4277d324d...7c2ed2fdb0ac) to master:\nâ— `[7c2ed2fd](https:\/\/github.com\/ricardo-duarte-av\/andromuks\/commit\/7c2ed2fdb0ac335cba246668561dfe3a49a6484d)` Enhance shortcut management in AppViewModel and ConversationsApi [â€¦]","sound":true}
11-28 20:53:25.393 18336 18336 D FCMService: Showing notification for room: !tbSlYaykKDtKZbCsVE:aguiarvieira.pt, sender: GitHub Bot, text: **[ricardo-duarte-av/andromuks]** ricardo-duarte-av pushed [1 commit](https://github.com/ricardo-duarte-av/andromuks/compare/14f4277d324d...7c2ed2fdb0ac) to master:
11-28 20:53:25.393 18336 18336 D FCMService: â— `[7c2ed2fd](https://github.com/ricardo-duarte-av/andromuks/commit/7c2ed2fdb0ac335cba246668561dfe3a49a6484d)` Enhance shortcut management in AppViewModel and ConversationsApi [â€¦]
11-28 20:53:25.400 18336 18396 D EnhancedNotificationDisplay: Using cached avatar file: /data/user/0/pt.aguiarvieira.andromuks/cache/media_cache/a19eebbd136e9067216aefff0dd518acef585b889c85639a22e90dbd1ef0b77c
11-28 20:53:25.404 18336 18336 D EnhancedNotificationDisplay:   âœ“âœ“âœ“ SUCCESS: Created circular bitmap icon for notification Person
11-28 20:53:25.409 18336 18396 D EnhancedNotificationDisplay: Using cached avatar file: /data/user/0/pt.aguiarvieira.andromuks/cache/media_cache/f147a42ee1d46bce9ebae7e7eb0b5ec0c87699609255db38dffad64cd7010355
11-28 20:53:25.413  9468  9468 I NotificationListener: received notification removed event - pt.aguiarvieira.andromuks#UserHandle{0},category=-1
11-28 20:53:25.471 18336 18336 D EnhancedNotificationDisplay:   âœ“âœ“âœ“ SUCCESS: Created circular bitmap icon for notification Person
11-28 20:53:25.472 18336 18396 D EnhancedNotificationDisplay: Using cached avatar file: /data/user/0/pt.aguiarvieira.andromuks/cache/media_cache/a19eebbd136e9067216aefff0dd518acef585b889c85639a22e90dbd1ef0b77c
11-28 20:53:25.477 18336 18396 D EnhancedNotificationDisplay: Using cached avatar file: /data/user/0/pt.aguiarvieira.andromuks/cache/media_cache/f147a42ee1d46bce9ebae7e7eb0b5ec0c87699609255db38dffad64cd7010355
11-28 20:53:25.538 18336 18396 D ConversationsApi: initializeShortcutCache: Found 2 total dynamic shortcuts
11-28 20:53:25.538 18336 18336 D EnhancedNotificationDisplay: No existing shortcut yet, will be created asynchronously
11-28 20:53:25.538 18336 18396 D ConversationsApi:   Shortcut ID: !LwxXpniicngJjKryhv:aguiarvieira.pt, Label: Wallpapers, Categories: {android.shortcut.conversation}
11-28 20:53:25.538 18336 18396 D ConversationsApi:   Shortcut ID: !SzoPnANsRYxITaDPaJ:matrix.org, Label: Matrix Public Archive (OLD), Categories: {android.shortcut.conversation}
11-28 20:53:25.539 18336 18396 D ConversationsApi: Loading conversation shortcut: !LwxXpniicngJjKryhv:aguiarvieira.pt (label: Wallpapers, categories: {android.shortcut.conversation})
11-28 20:53:25.539 18336 18396 D ConversationsApi: Loading conversation shortcut: !SzoPnANsRYxITaDPaJ:matrix.org (label: Matrix Public Archive (OLD), categories: {android.shortcut.conversation})
11-28 20:53:25.539 18336 18396 D ConversationsApi: Initialized shortcut cache from Android ShortcutManager: 2 existing shortcuts
11-28 20:53:25.540 18336 18336 D BubbleTracker: Checking bubble state for room: !tbSlYaykKDtKZbCsVE:aguiarvieira.pt -> false
11-28 20:53:25.540 18336 18336 D BubbleTracker: Checking bubble visibility for room: !tbSlYaykKDtKZbCsVE:aguiarvieira.pt -> false
11-28 20:53:25.540 18336 18336 D EnhancedNotificationDisplay: Bubble check for room !tbSlYaykKDtKZbCsVE:aguiarvieira.pt: open = false, visible = false, total open bubbles = 0
11-28 20:53:25.541 18336 18336 D BubbleTracker: Checking bubble visibility for room: !tbSlYaykKDtKZbCsVE:aguiarvieira.pt -> false
11-28 20:53:25.541 18336 18336 D BubbleTracker: Checking bubble visibility for room: !tbSlYaykKDtKZbCsVE:aguiarvieira.pt -> false
11-28 20:53:25.541 18336 18336 D EnhancedNotificationDisplay: Bubble metadata - suppress notification: false (visible: false)
11-28 20:53:25.547 18336 18382 D ConversationsApi: âœ“âœ“âœ“ SUCCESS: Created shortcut icon with avatar for: !tbSlYaykKDtKZbCsVE:aguiarvieira.pt
11-28 20:53:25.554 18336 18336 W Notification: Bubbles work best with icons of TYPE_URI or TYPE_URI_ADAPTIVE_BITMAP. In the future, using an icon of this type will be required.
11-28 20:53:25.575 18336 18382 D ConversationsApi: Added shortcut for room: GitHub
11-28 20:53:25.578  3540  3540 I AiAiTextClassifier: AiaiTextClassifierService.onSuggestConversationActions
11-28 20:53:25.789  9468  9468 I NotificationListener: received notification posted event - pt.aguiarvieira.andromuks#UserHandle{0},category=-1
11-28 20:53:26.319 18336 18408 D Andromuks: AppViewModel: Recorded pending sync_complete requestId=-390 (previous pending=null)
11-28 20:53:26.320 18336 18382 D WebSocketService: updateLastSyncTimestamp() called - connectionState: CONNECTED
11-28 20:53:26.321 18336 18382 I WS-Toggle: id=34 ts=1764363206321 event=updateConnectionStatus details=[isConnected=true lag=81 lastSync=1764363206320] stack=[WebSocketService#updateConnectionStatus:2472 | WebSocketService$Companion#updateConnectionStatus:296 | WebSocketService$Companion#updateLastSyncTimestamp:1124 | AppViewModel#updateRoomsFromSyncJsonAsync:3444 | NetworkUtilsKt$connectToWebsocket$websocketListener$1$onMessage$14#invokeSuspend:663 | BaseContinuationImpl#resumeWith:34]
11-28 20:53:26.328 18336 18382 D WebSocketService: Connection status updated: ðŸŸ¢ â€¢ WiFi â€¢ Lag: 81ms â€¢ Last: now â€¢ Up: 43s
11-28 20:53:26.328 18336 18382 D Andromuks: AppViewModel: Pending sync_complete requestId=-390 ignored (current pending=-390)
11-28 20:53:26.331 18336 18396 D Andromuks: SpaceRoomParser: Skipping unchanged room !YjAUNWwLVbCthyFrkz:bonifacelabs.ca (backgrounded, only receipt changes)
11-28 20:53:26.331 18336 18396 D Andromuks: SpaceRoomParser: Background optimization - parsed 0 of 1 rooms (skipped 1 unchanged rooms)
11-28 20:53:26.332 18336 18336 D Andromuks: AppViewModel: MEMBER PROCESSING - No rooms with member events in this sync
11-28 20:53:26.333 18336 18336 D Andromuks: AppViewModel: No im.ponies.emote_rooms account data found
11-28 20:53:26.333 18336 18336 D Andromuks: AppViewModel: Total rooms now: 581 (updated: 0, new: 0, removed: 0) - sync message #28 [App visible: false]
11-28 20:53:26.333 18336 18336 D Andromuks: AppViewModel: Processing 0 room invitations
11-28 20:53:26.333 18336 18336 D Andromuks: AppViewModel: Total pending invites: 0
11-28 20:53:26.348 18336 18336 D Andromuks: AppViewModel: BATTERY SAVE MODE - App in background, skipping UI updates
11-28 20:53:26.383 18336 18336 D Andromuks: AppViewModel: Committed lastReceivedSyncId from -389 to -390 after persistence (pending=null)
11-28 20:53:26.384 18336 18336 D WebSocketService: Updated last_received_sync_id: -390 (run_id read from SharedPreferences)
11-28 20:53:26.544  9468  9468 I NotificationListener: received notification removed event - pt.aguiarvieira.andromuks#UserHandle{0},category=-1
11-28 20:53:27.346 18336 18408 D Andromuks: AppViewModel: Recorded pending sync_complete requestId=-391 (previous pending=null)
11-28 20:53:27.348 18336 18396 D WebSocketService: updateLastSyncTimestamp() called - connectionState: CONNECTED
11-28 20:53:27.349 18336 18396 I WS-Toggle: id=35 ts=1764363207348 event=updateConnectionStatus details=[isConnected=true lag=81 lastSync=1764363207348] stack=[WebSocketService#updateConnectionStatus:2472 | WebSocketService$Companion#updateConnectionStatus:296 | WebSocketService$Companion#updateLastSyncTimestamp:1124 | AppViewModel#updateRoomsFromSyncJsonAsync:3444 | NetworkUtilsKt$connectToWebsocket$websocketListener$1$onMessage$14#invokeSuspend:663 | BaseContinuationImpl#resumeWith:34]
11-28 20:53:27.357 18336 18396 D WebSocketService: Connection status updated: ðŸŸ¢ â€¢ WiFi â€¢ Lag: 81ms â€¢ Last: now â€¢ Up: 44s
11-28 20:53:27.357 18336 18396 D Andromuks: AppViewModel: Pending sync_complete requestId=-391 ignored (current pending=-391)
11-28 20:53:27.367 18336 18336 D Andromuks: AppViewModel: MEMBER PROCESSING - No rooms with member events in this sync
11-28 20:53:27.367 18336 18336 D Andromuks: AppViewModel: No im.ponies.emote_rooms account data found
11-28 20:53:27.367 18336 18336 D Andromuks: AppViewModel: Total rooms now: 581 (updated: 1, new: 0, removed: 0) - sync message #29 [App visible: false]
11-28 20:53:27.367 18336 18336 D Andromuks: AppViewModel: Processing 0 room invitations
11-28 20:53:27.367 18336 18336 D Andromuks: AppViewModel: Total pending invites: 0
11-28 20:53:27.384 18336 18336 D Andromuks: AppViewModel: BATTERY SAVE MODE - App in background, skipping UI updates
11-28 20:53:27.424 18336 18336 D Andromuks: AppViewModel: Committed lastReceivedSyncId from -390 to -391 after persistence (pending=null)
11-28 20:53:27.424 18336 18336 D WebSocketService: Updated last_received_sync_id: -391 (run_id read from SharedPreferences)
11-28 20:53:27.579  9468  9468 I NotificationListener: received notification removed event - pt.aguiarvieira.andromuks#UserHandle{0},category=-1
11-28 20:53:27.782 18336 18382 D WebSocketService: Sending ping (requestId: 3, lastReceivedSyncId: -391)
11-28 20:53:27.782 18336 18382 I WebSocketService: Pinger status: Sending ping (requestId: 3, lastReceivedSyncId: -391)
11-28 20:53:27.782 18336 18382 I WebSocketService: PING JSON: {"command":"ping","data":{"last_received_id":-391},"request_id":3}
11-28 20:53:27.783 18336 18382 D WebSocketService: Ping sent successfully
11-28 20:53:27.844 18336 18408 I Andromuks: PONG JSON (compressed): {"command":"pong","request_id":3,"data":null}
11-28 20:53:27.847 18336 18411 D WebSocketService: Pong received, lag: 66ms
11-28 20:53:27.849 18336 18411 I WS-Toggle: id=36 ts=1764363207847 event=updateConnectionStatus details=[isConnected=true lag=66 lastSync=1764363207348] stack=[WebSocketService#updateConnectionStatus:2472 | WebSocketService$Companion#updateConnectionStatus:296 | WebSocketService$Companion#handlePong:755 | NetworkUtilsKt$connectToWebsocket$websocketListener$1$onMessage$12#invokeSuspend:644 | BaseContinuationImpl#resumeWith:34 | DispatchedTask#run:104]
11-28 20:53:27.860 18336 18411 D WebSocketService: Connection status updated: ðŸŸ¢ â€¢ WiFi â€¢ Lag: 66ms â€¢ Last: now â€¢ Up: 45s
11-28 20:53:28.080  9468  9468 I NotificationListener: received notification removed event - pt.aguiarvieira.andromuks#UserHandle{0},category=-1
11-28 20:53:28.469 18336 18408 D Andromuks: AppViewModel: Recorded pending sync_complete requestId=-392 (previous pending=null)
11-28 20:53:28.470 18336 18411 D WebSocketService: updateLastSyncTimestamp() called - connectionState: CONNECTED
11-28 20:53:28.471 18336 18411 I WS-Toggle: id=37 ts=1764363208470 event=updateConnectionStatus details=[isConnected=true lag=66 lastSync=1764363208469] stack=[WebSocketService#updateConnectionStatus:2472 | WebSocketService$Companion#updateConnectionStatus:296 | WebSocketService$Companion#updateLastSyncTimestamp:1124 | AppViewModel#updateRoomsFromSyncJsonAsync:3444 | NetworkUtilsKt$connectToWebsocket$websocketListener$1$onMessage$14#invokeSuspend:663 | BaseContinuationImpl#resumeWith:34]
11-28 20:53:28.472 18336 18411 D WebSocketService: Skipping notification update - text unchanged: ðŸŸ¢ â€¢ WiFi â€¢ Lag: 66ms â€¢ Last: now â€¢ Up: 45s
11-28 20:53:28.473 18336 18411 D Andromuks: AppViewModel: Pending sync_complete requestId=-392 ignored (current pending=-392)
11-28 20:53:28.476 18336 18396 D Andromuks: SpaceRoomParser: Skipping unchanged room !YjAUNWwLVbCthyFrkz:bonifacelabs.ca (backgrounded, only receipt changes)
11-28 20:53:28.476 18336 18396 D Andromuks: SpaceRoomParser: Background optimization - parsed 0 of 1 rooms (skipped 1 unchanged rooms)
11-28 20:53:28.478 18336 18336 D Andromuks: AppViewModel: MEMBER PROCESSING - No rooms with member events in this sync
11-28 20:53:28.478 18336 18336 D Andromuks: AppViewModel: No im.ponies.emote_rooms account data found
11-28 20:53:28.543 18336 18336 D Andromuks: AppViewModel: Saved state to storage - run_id: 1764362305139975098, last_received_sync_id: -391, rooms: 581
11-28 20:53:28.543 18336 18336 D Andromuks: AppViewModel: Total rooms now: 581 (updated: 0, new: 0, removed: 0) - sync message #30 [App visible: false]
11-28 20:53:28.543 18336 18336 D Andromuks: AppViewModel: Processing 0 room invitations
11-28 20:53:28.543 18336 18336 D Andromuks: AppViewModel: Total pending invites: 0
11-28 20:53:28.547 18336 18336 D Andromuks: AppViewModel: BATTERY SAVE MODE - App in background, skipping UI updates
11-28 20:53:28.547 18336 18336 D Andromuks: AppViewModel: Committed lastReceivedSyncId from -391 to -392 after persistence (pending=null)
11-28 20:53:28.547 18336 18336 D WebSocketService: Updated last_received_sync_id: -392 (run_id read from SharedPreferences)
11-28 20:53:30.004 18336 18408 D Andromuks: AppViewModel: Recorded pending sync_complete requestId=-393 (previous pending=null)
11-28 20:53:30.006 18336 18396 D WebSocketService: updateLastSyncTimestamp() called - connectionState: CONNECTED
11-28 20:53:30.007 18336 18396 I WS-Toggle: id=38 ts=1764363210006 event=updateConnectionStatus details=[isConnected=true lag=66 lastSync=1764363210006] stack=[WebSocketService#updateConnectionStatus:2472 | WebSocketService$Companion#updateConnectionStatus:296 | WebSocketService$Companion#updateLastSyncTimestamp:1124 | AppViewModel#updateRoomsFromSyncJsonAsync:3444 | NetworkUtilsKt$connectToWebsocket$websocketListener$1$onMessage$14#invokeSuspend:663 | BaseContinuationImpl#resumeWith:34]
11-28 20:53:30.015 18336 18396 D WebSocketService: Connection status updated: ðŸŸ¢ â€¢ WiFi â€¢ Lag: 66ms â€¢ Last: now â€¢ Up: 47s
11-28 20:53:30.016 18336 18396 D Andromuks: AppViewModel: Pending sync_complete requestId=-393 ignored (current pending=-393)
11-28 20:53:30.025 18336 18408 D Andromuks: AppViewModel: Recorded pending sync_complete requestId=-394 (previous pending=-393)
11-28 20:53:30.025 18336 18336 D Andromuks: AppViewModel: MEMBER PROCESSING - No rooms with member events in this sync
11-28 20:53:30.025 18336 18336 D Andromuks: AppViewModel: No im.ponies.emote_rooms account data found
11-28 20:53:30.025 18336 18411 D WebSocketService: updateLastSyncTimestamp() called - connectionState: CONNECTED
11-28 20:53:30.025 18336 18336 D Andromuks: AppViewModel: Total rooms now: 581 (updated: 1, new: 0, removed: 0) - sync message #31 [App visible: false]
11-28 20:53:30.025 18336 18336 D Andromuks: AppViewModel: Processing 0 room invitations
11-28 20:53:30.025 18336 18336 D Andromuks: AppViewModel: Total pending invites: 0
11-28 20:53:30.026 18336 18411 I WS-Toggle: id=39 ts=1764363210025 event=updateConnectionStatus details=[isConnected=true lag=66 lastSync=1764363210025] stack=[WebSocketService#updateConnectionStatus:2472 | WebSocketService$Companion#updateConnectionStatus:296 | WebSocketService$Companion#updateLastSyncTimestamp:1124 | AppViewModel#updateRoomsFromSyncJsonAsync:3444 | NetworkUtilsKt$connectToWebsocket$websocketListener$1$onMessage$14#invokeSuspend:663 | BaseContinuationImpl#resumeWith:34]
11-28 20:53:30.027 18336 18411 D WebSocketService: Skipping notification update - text unchanged: ðŸŸ¢ â€¢ WiFi â€¢ Lag: 66ms â€¢ Last: now â€¢ Up: 47s
11-28 20:53:30.027 18336 18411 D Andromuks: AppViewModel: Pending sync_complete requestId=-394 ignored (current pending=-394)
11-28 20:53:30.040 18336 18336 D Andromuks: AppViewModel: BATTERY SAVE MODE - App in background, skipping UI updates
11-28 20:53:30.042 18336 18336 D Andromuks: AppViewModel: MEMBER PROCESSING - No rooms with member events in this sync
11-28 20:53:30.042 18336 18336 D Andromuks: AppViewModel: No im.ponies.emote_rooms account data found
11-28 20:53:30.042 18336 18336 D Andromuks: AppViewModel: Total rooms now: 581 (updated: 1, new: 0, removed: 0) - sync message #32 [App visible: false]
11-28 20:53:30.042 18336 18336 D Andromuks: AppViewModel: Processing 0 room invitations
11-28 20:53:30.042 18336 18336 D Andromuks: AppViewModel: Total pending invites: 0
11-28 20:53:30.056 18336 18336 D Andromuks: AppViewModel: BATTERY SAVE MODE - App in background, skipping UI updates
11-28 20:53:30.074 18336 18336 D Andromuks: AppViewModel: Committed lastReceivedSyncId from -392 to -394 after persistence (pending=null)
11-28 20:53:30.074 18336 18336 D WebSocketService: Updated last_received_sync_id: -394 (run_id read from SharedPreferences)
11-28 20:53:30.077 18336 18336 D Andromuks: AppViewModel: Persisted sync_complete requestId=-393 ignored (current lastReceivedSyncId=-394, pending=null)
11-28 20:53:30.238  9468  9468 I NotificationListener: received notification removed event - pt.aguiarvieira.andromuks#UserHandle{0},category=-1
11-28 20:53:31.227 18336 18408 D Andromuks: AppViewModel: Recorded pending sync_complete requestId=-395 (previous pending=null)
11-28 20:53:31.228 18336 18396 D WebSocketService: updateLastSyncTimestamp() called - connectionState: CONNECTED
11-28 20:53:31.230 18336 18396 I WS-Toggle: id=40 ts=1764363211229 event=updateConnectionStatus details=[isConnected=true lag=66 lastSync=1764363211228] stack=[WebSocketService#updateConnectionStatus:2472 | WebSocketService$Companion#updateConnectionStatus:296 | WebSocketService$Companion#updateLastSyncTimestamp:1124 | AppViewModel#updateRoomsFromSyncJsonAsync:3444 | NetworkUtilsKt$connectToWebsocket$websocketListener$1$onMessage$14#invokeSuspend:663 | BaseContinuationImpl#resumeWith:34]
11-28 20:53:31.238 18336 18396 D WebSocketService: Connection status updated: ðŸŸ¢ â€¢ WiFi â€¢ Lag: 66ms â€¢ Last: now â€¢ Up: 48s
11-28 20:53:31.238 18336 18396 D Andromuks: AppViewModel: Pending sync_complete requestId=-395 ignored (current pending=-395)
11-28 20:53:31.242 18336 18383 D Andromuks: SpaceRoomParser: Skipping unchanged room !offtopic-2:continuwuity.org (backgrounded, only receipt changes)
11-28 20:53:31.242 18336 18383 D Andromuks: SpaceRoomParser: Background optimization - parsed 0 of 1 rooms (skipped 1 unchanged rooms)
11-28 20:53:31.243 18336 18336 D Andromuks: AppViewModel: MEMBER PROCESSING - No rooms with member events in this sync
11-28 20:53:31.243 18336 18336 D Andromuks: AppViewModel: No im.ponies.emote_rooms account data found
11-28 20:53:31.243 18336 18336 D Andromuks: AppViewModel: Total rooms now: 581 (updated: 0, new: 0, removed: 0) - sync message #33 [App visible: false]
11-28 20:53:31.243 18336 18336 D Andromuks: AppViewModel: Processing 0 room invitations
11-28 20:53:31.243 18336 18336 D Andromuks: AppViewModel: Total pending invites: 0
11-28 20:53:31.260 18336 18336 D Andromuks: AppViewModel: BATTERY SAVE MODE - App in background, skipping UI updates
11-28 20:53:31.304 18336 18336 D Andromuks: AppViewModel: Committed lastReceivedSyncId from -394 to -395 after persistence (pending=null)
11-28 20:53:31.304 18336 18336 D WebSocketService: Updated last_received_sync_id: -395 (run_id read from SharedPreferences)
11-28 20:53:31.434 18336 18408 D Andromuks: AppViewModel: Recorded pending sync_complete requestId=-396 (previous pending=null)
11-28 20:53:31.436 18336 18382 D WebSocketService: updateLastSyncTimestamp() called - connectionState: CONNECTED
11-28 20:53:31.438 18336 18382 I WS-Toggle: id=41 ts=1764363211436 event=updateConnectionStatus details=[isConnected=true lag=66 lastSync=1764363211436] stack=[WebSocketService#updateConnectionStatus:2472 | WebSocketService$Companion#updateConnectionStatus:296 | WebSocketService$Companion#updateLastSyncTimestamp:1124 | AppViewModel#updateRoomsFromSyncJsonAsync:3444 | NetworkUtilsKt$connectToWebsocket$websocketListener$1$onMessage$14#invokeSuspend:663 | BaseContinuationImpl#resumeWith:34]
11-28 20:53:31.439 18336 18382 D WebSocketService: Skipping notification update - text unchanged: ðŸŸ¢ â€¢ WiFi â€¢ Lag: 66ms â€¢ Last: now â€¢ Up: 48s
11-28 20:53:31.440 18336 18382 D Andromuks: AppViewModel: Pending sync_complete requestId=-396 ignored (current pending=-396)
11-28 20:53:31.444 18336 18396 D Andromuks: SpaceRoomParser: Skipping unchanged room !mauwaAmuICl7LX3zScirNC4eXkUJsD9iQiFLAIZPqw0 (backgrounded, only receipt changes)
11-28 20:53:31.444 18336 18396 D Andromuks: SpaceRoomParser: Background optimization - parsed 0 of 1 rooms (skipped 1 unchanged rooms)
11-28 20:53:31.445 18336 18336 D Andromuks: AppViewModel: MEMBER PROCESSING - No rooms with member events in this sync
11-28 20:53:31.445 18336 18336 D Andromuks: AppViewModel: No im.ponies.emote_rooms account data found
11-28 20:53:31.445 18336 18336 D Andromuks: AppViewModel: Total rooms now: 581 (updated: 0, new: 0, removed: 0) - sync message #34 [App visible: false]
11-28 20:53:31.446 18336 18336 D Andromuks: AppViewModel: Processing 0 room invitations
11-28 20:53:31.446 18336 18336 D Andromuks: AppViewModel: Total pending invites: 0
11-28 20:53:31.450  9468  9468 I NotificationListener: received notification removed event - pt.aguiarvieira.andromuks#UserHandle{0},category=-1
11-28 20:53:31.465 18336 18336 D Andromuks: AppViewModel: BATTERY SAVE MODE - App in background, skipping UI updates
11-28 20:53:31.467 18336 18408 D Andromuks: AppViewModel: Recorded pending sync_complete requestId=-397 (previous pending=-396)
11-28 20:53:31.468 18336 18382 D WebSocketService: updateLastSyncTimestamp() called - connectionState: CONNECTED
11-28 20:53:31.468 18336 18382 I WS-Toggle: id=42 ts=1764363211468 event=updateConnectionStatus details=[isConnected=true lag=66 lastSync=1764363211468] stack=[WebSocketService#updateConnectionStatus:2472 | WebSocketService$Companion#updateConnectionStatus:296 | WebSocketService$Companion#updateLastSyncTimestamp:1124 | AppViewModel#updateRoomsFromSyncJsonAsync:3444 | NetworkUtilsKt$connectToWebsocket$websocketListener$1$onMessage$14#invokeSuspend:663 | BaseContinuationImpl#resumeWith:34]
11-28 20:53:31.469 18336 18382 D WebSocketService: Skipping notification update - text unchanged: ðŸŸ¢ â€¢ WiFi â€¢ Lag: 66ms â€¢ Last: now â€¢ Up: 48s
11-28 20:53:31.469 18336 18382 D Andromuks: AppViewModel: Pending sync_complete requestId=-397 ignored (current pending=-397)
11-28 20:53:31.470 18336 18411 D Andromuks: SpaceRoomParser: Skipping unchanged room !mauwaAmuICl7LX3zScirNC4eXkUJsD9iQiFLAIZPqw0 (backgrounded, only receipt changes)
11-28 20:53:31.470 18336 18411 D Andromuks: SpaceRoomParser: Background optimization - parsed 0 of 1 rooms (skipped 1 unchanged rooms)
11-28 20:53:31.471 18336 18336 D Andromuks: AppViewModel: MEMBER PROCESSING - No rooms with member events in this sync
11-28 20:53:31.472 18336 18336 D Andromuks: AppViewModel: No im.ponies.emote_rooms account data found
11-28 20:53:31.472 18336 18336 D Andromuks: AppViewModel: Total rooms now: 581 (updated: 0, new: 0, removed: 0) - sync message #35 [App visible: false]
11-28 20:53:31.472 18336 18336 D Andromuks: AppViewModel: Processing 0 room invitations
11-28 20:53:31.472 18336 18336 D Andromuks: AppViewModel: Total pending invites: 0
11-28 20:53:31.484 18336 18336 D Andromuks: AppViewModel: BATTERY SAVE MODE - App in background, skipping UI updates
11-28 20:53:31.498 18336 18336 D Andromuks: AppViewModel: Committed lastReceivedSyncId from -395 to -396 after persistence (pending=-397)
11-28 20:53:31.498 18336 18336 D WebSocketService: Updated last_received_sync_id: -396 (run_id read from SharedPreferences)
11-28 20:53:31.516 18336 18336 D Andromuks: AppViewModel: Committed lastReceivedSyncId from -396 to -397 after persistence (pending=null)
11-28 20:53:31.516 18336 18336 D WebSocketService: Updated last_received_sync_id: -397 (run_id read from SharedPreferences)
11-28 20:53:33.686 18336 18408 D Andromuks: AppViewModel: Recorded pending sync_complete requestId=-398 (previous pending=null)
11-28 20:53:33.688 18336 18396 D WebSocketService: updateLastSyncTimestamp() called - connectionState: CONNECTED
