11-24 22:09:59.236  1752  4062 I ActivityTaskManager: START u0 {act=android.intent.action.MAIN cat=[android.intent.category.LAUNCHER] flg=0x10200000 xflg=0x4 pkg=pt.aguiarvieira.andromuks cmp=pt.aguiarvieira.andromuks/net.vrkknn.andromuks.MainActivity bnds=[67,175][272,448]} with LAUNCH_MULTIPLE from uid 10558 (sr=113514386) (BAL_ALLOW_VISIBLE_WINDOW) result code=0
11-24 22:09:59.236  2640  2672 V WindowManagerShell: Transition requested (#15076): android.os.BinderProxy@a1f3587 TransitionRequestInfo { type = OPEN, triggerTask = TaskInfo{userId=0 taskId=2636 effectiveUid=10783 displayId=0 isRunning=true baseIntent=Intent { act=android.intent.action.MAIN cat=[android.intent.category.LAUNCHER] flg=0x10200000 pkg=pt.aguiarvieira.andromuks cmp=pt.aguiarvieira.andromuks/net.vrkknn.andromuks.MainActivity } baseActivity=ComponentInfo{pt.aguiarvieira.andromuks/net.vrkknn.andromuks.MainActivity} topActivity=ComponentInfo{pt.aguiarvieira.andromuks/net.vrkknn.andromuks.MainActivity} origActivity=null realActivity=ComponentInfo{pt.aguiarvieira.andromuks/net.vrkknn.andromuks.MainActivity} numActivities=1 lastActiveTime=5787959389 supportsMultiWindow=true resizeMode=1 isResizeable=true minWidth=-1 minHeight=-1 defaultMinSize=220 token=WCT{android.window.IWindowContainerToken$Stub$Proxy@f031cb4} topActivityType=1 pictureInPictureParams=null shouldDockBigOverlays=false launchIntoPipHostTaskId=-1 lastParentTaskIdBeforePip=-1 displayCutoutSafeInsets=Rect(0, 79 - 0, 0) topActivityInfo=ActivityInfo{e4a40dd net.vrkknn.andromuks.MainActivity} launchCookies=[android.os.BinderProxy@d4f2452] positionInParent=Point(0, 0) parentTaskId=-1 isFocused=false isVisible=false isVisibleRequested=false isTopActivityNoDisplay=false isSleeping=false locusId=null displayAreaFeatureId=1 isTopActivityTransparent=false isActivityStackTransparent=false lastNonFullscreenBounds=Rect(267, 607 - 813, 1687) capturedLink=null capturedLinkTimestamp=0 requestedVisibleTypes=-9 topActivityRequestOpenInBrowserEducationTimestamp=0 appCompatTaskInfo=AppCompatTaskInfo { topActivityInSizeCompat=false eligibleForLetterboxEducation= false isLetterboxEducationEnabled= false isLetterboxDoubleTapEnabled= false eligibleForUserAspectRatioButton= false topActivityBoundsLetterboxed= false isFromLetterboxDoubleTap= false topActivityLetterboxVerticalPosition= -1 topActivityLetterboxHorizontalPosition= -1 topActivityLetterboxWidth=-1 topActivityLetterboxHeight=-1 topActivityAppBounds=Rect(0, 0 - 1080, 2340) isUserFullscreenOverrideEnabled=false isSystemFullscreenOverrideEnabled=false hasMinAspectRatioOverride=false topActivityLetterboxBounds=null cameraCompatTaskInfo=CameraCompatTaskInfo { freeformCameraCompatMode=inactive}} topActivityMainWindowFrame=null}, pipChange = null, remoteTransition = RemoteTransition { remoteTransition = android.window.IRemoteTransition$Stub$Proxy@12fa323, appThread = android.app.IApplicationThread$Stub$Proxy@50f5020, debugName = QuickstepLaunch }, displayChange = null, flags = 0, debugId = 15076 }
11-24 22:09:59.249  1752  4516 D ProcessFreezerManager: Already triggered freeze for pt.aguiarvieira.andromuks
11-24 22:09:59.250  1752  4516 D ProcessFreezerManager: Already triggered freeze for pt.aguiarvieira.andromuks
11-24 22:09:59.250  1752  1834 I ActivityManager: Start proc 25263:pt.aguiarvieira.andromuks/u0a783 for next-top-activity {pt.aguiarvieira.andromuks/net.vrkknn.andromuks.MainActivity}
11-24 22:09:59.260 25263 25263 I ieira.andromuks: Late-enabling -Xcheck:jni
11-24 22:09:59.266  1752  1822 V WindowManager: Sent Transition (#15076) createdAt=11-24 22:09:59.228 via request=TransitionRequestInfo { type = OPEN, triggerTask = TaskInfo{userId=0 taskId=2636 effectiveUid=10783 displayId=0 isRunning=true baseIntent=Intent { act=android.intent.action.MAIN cat=[android.intent.category.LAUNCHER] flg=0x10200000 pkg=pt.aguiarvieira.andromuks cmp=pt.aguiarvieira.andromuks/net.vrkknn.andromuks.MainActivity } baseActivity=ComponentInfo{pt.aguiarvieira.andromuks/net.vrkknn.andromuks.MainActivity} topActivity=ComponentInfo{pt.aguiarvieira.andromuks/net.vrkknn.andromuks.MainActivity} origActivity=null realActivity=ComponentInfo{pt.aguiarvieira.andromuks/net.vrkknn.andromuks.MainActivity} numActivities=1 lastActiveTime=5787959389 supportsMultiWindow=true resizeMode=1 isResizeable=true minWidth=-1 minHeight=-1 defaultMinSize=220 token=WCT{RemoteToken{8ef88c4 Task{34d1fe8 #2636 type=standard A=10783:pt.aguiarvieira.andromuks}}} topActivityType=1 pictureInPictureParams=null shouldDockBigOverlays=false launchIntoPipHostTaskId=-1 lastParentTaskIdBeforePip=-1 displayCutoutSafeInsets=Rect(0, 79 - 0, 0) topActivityInfo=ActivityInfo{54123ad net.vrkknn.andromuks.MainActivity} launchCookies=[android.os.BinderProxy@a6916e2] positionInParent=Point(0, 0) parentTaskId=-1 isFocused=false isVisible=false isVisibleRequested=false isTopActivityNoDisplay=false isSleeping=false locusId=null displayAreaFeatureId=1 isTopActivityTransparent=false isActivityStackTransparent=false lastNonFullscreenBounds=Rect(267, 607 - 813, 1687) capturedLink=null capturedLinkTimestamp=0 requestedVisibleTypes=-9 topActivityRequestOpenInBrowserEducationTimestamp=0 appCompatTaskInfo=AppCompatTaskInfo { topActivityInSizeCompat=false eligibleForLetterboxEducation= false isLetterboxEducationEnabled= false isLetterboxDoubleTapEnabled= false eligibleForUserAspectRatioButton= false topActivityBoundsLetterboxed= false isFromLetterboxDoubleTap= false topActivityLetterboxVerticalPosition= -1 topActivityLetterboxHorizontalPosition= -1 topActivityLetterboxWidth=-1 topActivityLetterboxHeight=-1 topActivityAppBounds=Rect(0, 0 - 1080, 2340) isUserFullscreenOverrideEnabled=false isSystemFullscreenOverrideEnabled=false hasMinAspectRatioOverride=false topActivityLetterboxBounds=null cameraCompatTaskInfo=CameraCompatTaskInfo { freeformCameraCompatMode=inactive}} topActivityMainWindowFrame=null}, pipChange = null, remoteTransition = RemoteTransition { remoteTransition = android.window.IRemoteTransition$Stub$Proxy@883ca73, appThread = android.app.IApplicationThread$Stub$Proxy@fbe6d30, debugName = QuickstepLaunch }, displayChange = null, flags = 0, debugId = 15076 }
11-24 22:09:59.266  1752  1822 V WindowManager:         {WCT{RemoteToken{8ef88c4 Task{34d1fe8 #2636 type=standard A=10783:pt.aguiarvieira.andromuks}}} m=OPEN f=NONE leash=Surface(name=Task=2636)/@0x2fc5318 sb=Rect(0, 0 - 1080, 2340) eb=Rect(0, 0 - 1080, 2340) epz=Point(1080, 2340) d=0 taskParent=-1},
11-24 22:09:59.278 25263 25263 I ieira.andromuks: Using CollectorTypeCMC GC.
11-24 22:09:59.823 25263 25263 D nativeloader: Configuring clns-9 for other apk /data/app/~~2gLtYRzcBZu5bgg7F1sk2g==/pt.aguiarvieira.andromuks-f-D08dibi9UGInI5HOWLAw==/base.apk. target_sdk_version=36, uses_libraries=, library_path=/data/app/~~2gLtYRzcBZu5bgg7F1sk2g==/pt.aguiarvieira.andromuks-f-D08dibi9UGInI5HOWLAw==/lib/arm64:/data/app/~~2gLtYRzcBZu5bgg7F1sk2g==/pt.aguiarvieira.andromuks-f-D08dibi9UGInI5HOWLAw==/base.apk!/lib/arm64-v8a, permitted_path=/data:/mnt/expand:/data/user/0/pt.aguiarvieira.andromuks
11-24 22:09:59.827 25263 25263 I ieira.andromuks: AssetManager2(0xb400007ce5d448f8) locale list changing from [] to [pt-PT]
11-24 22:09:59.829 25263 25263 V GraphicsEnvironment: pt.aguiarvieira.andromuks is not listed in per-application setting
11-24 22:09:59.830 25263 25263 V GraphicsEnvironment: pt.aguiarvieira.andromuks is not listed in ANGLE allowlist or settings, returning default
11-24 22:09:59.889 25263 25283 W ieira.andromuks: ClassLoaderContext classpath size mismatch. expected=1, found=0 (DLC[];PCL[base.apk*1653684527]{PCL[/system/framework/org.apache.http.legacy.jar*109050521]#PCL[/system/framework/com.android.media.remotedisplay.jar*2597751076]#PCL[/system/framework/com.android.location.provider.jar*1567259612]#PCL[/system_ext/framework/androidx.window.extensions.jar*4163322644]#PCL[/system_ext/framework/androidx.window.sidecar.jar*4222744159]} | DLC[];PCL[])
11-24 22:09:59.903 25263 25283 I ieira.andromuks: AssetManager2(0xb400007ce5d43f98) locale list changing from [] to [pt-PT]
11-24 22:09:59.907 25263 25283 W ieira.andromuks: ClassLoaderContext classpath element checksum mismatch. expected=1653684527, found=2737696054 (DLC[];PCL[base.apk*1653684527]{PCL[/system/framework/org.apache.http.legacy.jar*109050521]#PCL[/system/framework/com.android.media.remotedisplay.jar*2597751076]#PCL[/system/framework/com.android.location.provider.jar*1567259612]#PCL[/system_ext/framework/androidx.window.extensions.jar*4163322644]#PCL[/system_ext/framework/androidx.window.sidecar.jar*4222744159]} | DLC[];PCL[/data/app/~~2gLtYRzcBZu5bgg7F1sk2g==/pt.aguiarvieira.andromuks-f-D08dibi9UGInI5HOWLAw==/base.apk*2737696054])
11-24 22:09:59.912 25263 25283 I ieira.andromuks: AssetManager2(0xb400007ce5d46b58) locale list changing from [] to [pt-PT]
11-24 22:09:59.913 25263 25283 I ieira.andromuks: AssetManager2(0xb400007ce5d490d8) locale list changing from [] to [pt-PT]
11-24 22:09:59.937 25263 25288 I ieira.andromuks: hiddenapi: Accessing hidden method Ldalvik/system/VMStack;->getStackClass2()Ljava/lang/Class; (runtime_flags=0, domain=core-platform, api=unsupported) from Lm7/aox; (domain=app) using reflection: allowed
11-24 22:09:59.942 15197 24867 I PhenotypeResourceReader: unable to find any Phenotype resource metadata for pt.aguiarvieira.andromuks
11-24 22:09:59.946  1752  7144 I AppsFilter: interaction: PackageSetting{d446c8e pt.aguiarvieira.andromuks/10783} -> PackageSetting{4abc4c9 com.google.android.apps.nexuslauncher/10558} BLOCKED
11-24 22:09:59.953 25263 25263 I ieira.andromuks: AssetManager2(0xb400007ce5d45bb8) locale list changing from [] to [pt-PT]
11-24 22:09:59.954 25263 25290 I AdrenoGLES-0: Process Name                     : pt.aguiarvieira.andromuks
11-24 22:09:59.959 25263 25287 E ieira.andromuks: No package ID 6a found for resource ID 0x6a0b0013.
11-24 22:09:59.961 25263 25287 I FA      :   adb shell setprop debug.firebase.analytics.app pt.aguiarvieira.andromuks
11-24 22:09:59.973 25263 25263 E ieira.andromuks: Invalid resource ID 0x00000000.
11-24 22:09:59.996 25263 25263 D Andromuks: MainActivity: onStart called
11-24 22:10:00.003 25263 25263 D Andromuks: MainActivity: onResume called
11-24 22:10:00.003 25263 25263 D Andromuks: MainActivity: Sent FOREGROUND_REFRESH broadcast
11-24 22:10:00.159 25263 25263 I ieira.andromuks: hiddenapi: Accessing hidden method Landroid/os/SystemProperties;->addChangeCallback(Ljava/lang/Runnable;)V (runtime_flags=0, domain=platform, api=unsupported) from Landroidx/compose/ui/platform/AndroidComposeView$Companion; (domain=app) using reflection: allowed
11-24 22:10:00.323 25263 25263 D Andromuks: AppViewModel: Logged activity - App Started
11-24 22:10:00.324 25263 25263 D Andromuks: AppViewModel: Instance role set to PRIMARY for AppViewModel_0
11-24 22:10:00.324 25263 25263 D Andromuks: AppViewModel: Clearing current open room ID from SharedPreferences
11-24 22:10:00.324 25263 25263 D Andromuks: AppViewModel: SharedPreferences commit succeeded for room ID: 
11-24 22:10:00.324 25263 25263 D Andromuks: AppViewModel: Cleared current room ID on app startup
11-24 22:10:00.335 25263 25263 D Andromuks: AppViewModel: Restored currentUserId from SharedPreferences: @daedric:aguiarvieira.pt
11-24 22:10:00.337 25263 25263 D Andromuks: AppViewModel: Loaded showUnprocessedEvents setting: true
11-24 22:10:00.337 25263 25263 D Andromuks: AppViewModel: Loaded enableCompression setting: true
11-24 22:10:00.337 25263 25263 D Andromuks: AppViewModel: Loaded enterKeySendsMessage setting: true
11-24 22:10:00.341 25263 25263 D Andromuks: MainActivity: onCreate - roomId: null, directNavigation: false, fromNotification: false, matrixUri: null
11-24 22:10:00.341 25263 25263 D Andromuks: MainActivity: extractRoomIdFromMatrixUri called with uri: null
11-24 22:10:00.341 25263 25263 D Andromuks: MainActivity: URI is null
11-24 22:10:00.341 25263 25263 D Andromuks: MainActivity: onCreate - Fallback URI parsing: null
11-24 22:10:00.341 25263 25263 D Andromuks: MainActivity: Registering notification broadcast receiver
11-24 22:10:00.342 25263 25263 D Andromuks: MainActivity: Notification broadcast receiver registered successfully
11-24 22:10:00.345 25263 25263 D Andromuks: AppViewModel: No existing WebSocket to attach for AppViewModel_0
11-24 22:10:00.345 25263 25263 D Andromuks: MainActivity: ViewModel created after onResume - forcing visible state
11-24 22:10:00.345 25263 25263 D Andromuks: AppViewModel: App became visible
11-24 22:10:00.362 25263 25305 D Andromuks: AppViewModel: Loaded 678 cached profiles from database
11-24 22:10:00.428 25263 25263 D Andromuks: AppViewModel: SharedPreferences commit succeeded for app visibility: true (currentRoomId=)
11-24 22:10:00.428 25263 25263 D Andromuks: AppViewModel: syncIngestor not initialized, skipping pending items check
11-24 22:10:00.428 25263 25263 D Andromuks: AppViewModel: Refreshing UI with 0 rooms
11-24 22:10:00.428 25263 25263 D Andromuks: AppViewModel: setSpaces called with 1 spaces
11-24 22:10:00.429 25263 25263 D Andromuks: AppViewModel: PERFORMANCE - Debounced room reorder completed (0 rooms)
11-24 22:10:00.429 25263 25263 D Andromuks: AppViewModel: Skipping shortcut update in refreshUIState - initialization not complete yet
11-24 22:10:00.429 25263 25263 D Andromuks: AppViewModel: UI refreshed, roomListUpdateCounter: 0
11-24 22:10:00.429 25263 25263 D Andromuks: AppViewModel: Current user profile missing on visibility, attempting to load - userId: @daedric:aguiarvieira.pt
11-24 22:10:00.430 25263 25263 D Andromuks: AppViewModel: Requested current user profile from server on visibility
11-24 22:10:00.430 25263 25263 D Andromuks: AppViewModel: App visible, refreshing UI with current state
11-24 22:10:00.523  1752  1822 I ActivityTaskManager: Displayed pt.aguiarvieira.andromuks/net.vrkknn.andromuks.MainActivity for user 0: +1s296ms
11-24 22:10:00.531 25263 25263 D Andromuks: AppViewModel: Loaded 100 activity log entries from storage
11-24 22:10:00.543 25263 25263 D Andromuks: AppViewModel: Found run_id in database, loading bootstrap data
11-24 22:10:00.864 25263 25304 D BootstrapLoader: Room !tbSlYaykKDtKZbCsVE:aguiarvieira.pt: Loaded message preview from DB events: '**[ricardo-duarte-av/andromuks]** ricardo-duarte-a...', sender: @github:aguiarvieira.pt
11-24 22:10:01.359 25263 25306 D Andromuks: AppViewModel: Loaded 594 rooms from Room database
11-24 22:10:01.359 25263 25306 D Andromuks: AppViewModel: Restored WebSocket state from DB - run_id: 1763730102505399890, last_received_id: -175240
11-24 22:10:01.360 25263 25306 D Andromuks: AppViewModel: Restored 594 rooms from database into roomMap
11-24 22:10:01.361 25263 25306 D Andromuks: AppViewModel: Updated allRooms with 594 rooms from database
11-24 22:10:01.374 25263 25305 D Andromuks: AppViewModel: Loaded 36 spaces from database (spacesLoaded=true)
11-24 22:10:01.379 25263 25306 D Andromuks: AppViewModel: Loaded 2 recent emojis from account_data with frequencies (sorted by count)
11-24 22:10:01.380 25263 25306 D Andromuks: AppViewModel: Loaded 252 DM room IDs for 104 users from m.direct account data
11-24 22:10:01.381 25263 25306 D Andromuks: AppViewModel: Updated 52 rooms with correct DM status from m.direct account data
11-24 22:10:01.381 25263 25306 D Andromuks: AppViewModel: Processed account_data from database (m.direct, recent_emoji, etc.)
11-24 22:10:01.382 25263 25305 D Andromuks: AppViewModel: No pending invites found in database
11-24 22:10:01.386 25263 25306 D Andromuks: AppViewModel: Badge counts - DMs: 0, Unread: 120, Favs: 2
11-24 22:10:01.386 25263 25306 D Andromuks: AppViewModel: Updated cached sections - allRooms: 594, DMs: 89, Unread: 120, Favourites: 18
11-24 22:10:01.387 25263 25306 D Andromuks: AppViewModel: Badge counts - DMs: 0, Unread: 120, Favs: 2
11-24 22:10:01.387 25263 25306 D Andromuks: AppViewModel: Updated cached room sections and badge counts (allRooms.size=594)
11-24 22:10:01.387 25263 25306 D Andromuks: AppViewModel: Force sorting room list (tab change or screen return)
11-24 22:10:01.388 25263 25306 D Andromuks: AppViewModel: setSpaces called with 1 spaces
11-24 22:10:01.389 25263 25306 D Andromuks: AppViewModel: PERFORMANCE - Debounced room reorder completed (594 rooms)
11-24 22:10:01.389 25263 25306 D Andromuks: AppViewModel: Triggered room list sort and UI update after loading from database
11-24 22:10:01.389 25263 25263 D Andromuks: AppViewModel: Clearing current open room ID from SharedPreferences
11-24 22:10:01.389 25263 25263 D Andromuks: AppViewModel: SharedPreferences commit succeeded for room ID: 
11-24 22:10:01.389 25263 25263 D Andromuks: AppViewModel: Cleared current room ID on app startup
11-24 22:10:01.390 25263 25263 D Andromuks: AppViewModel: Navigation callback set
11-24 22:10:01.390 25263 25263 D Andromuks: AppViewModel: Spaces already loaded from cache, but waiting for WebSocket connection before navigating
11-24 22:10:01.390 25263 25263 D Andromuks: AuthCheckScreen: appViewModel instance: net.vrkknn.andromuks.AppViewModel@6480024
11-24 22:10:01.390 25263 25263 D Andromuks: AuthCheckScreen: Setting reconnection parameters in service - lastReceivedId: -175240 (run_id from SharedPreferences)
11-24 22:10:01.390 25263 25263 D Andromuks: AuthCheckScreen: Starting WebSocket service before connection
11-24 22:10:01.390 25263 25263 D Andromuks: AppViewModel: Starting WebSocket foreground service
11-24 22:10:01.393 25263 25263 D Andromuks: AppViewModel: Saved 100 activity log entries to storage
11-24 22:10:01.393 25263 25263 D Andromuks: AppViewModel: Logged activity - Starting WebSocket Service
11-24 22:10:01.394  1752  7144 I ActivityManager: Background started FGS: Allowed [callingPackage: pt.aguiarvieira.andromuks; callingUid: 10783; uidState: TOP ; uidBFSL: [BFSL]; intent: Intent { xflg=0x4 cmp=pt.aguiarvieira.andromuks/net.vrkknn.andromuks.WebSocketService }; code:PROC_STATE_TOP; tempAllowListReason:<,reasonCode:SYSTEM_ALLOW_LISTED,duration:9223372036854775807,callingUid:-1>; allowWiu:12; targetSdkVersion:36; callerTargetSdkVersion:36; startForegroundCount:0; bindFromPackage:null: isBindService:false]
11-24 22:10:01.395 25263 25263 D Andromuks: AuthCheckScreen: Setting app as visible
11-24 22:10:01.395 25263 25263 D Andromuks: AuthCheckScreen: WebSocket connection check - isPrimary: true, isAlreadyConnected: false
11-24 22:10:01.395 25263 25263 D Andromuks: AuthCheckScreen: Primary instance - creating WebSocket connection (will be maintained by Foreground service)
11-24 22:10:01.395 25263 25263 D Andromuks: AuthCheckScreen: Verifying backend health before opening WebSocket
11-24 22:10:01.400 25263 25263 D Andromuks: AppViewModel: No existing WebSocket to attach for AppViewModel_0
11-24 22:10:01.422 25263 25305 D Andromuks: AppViewModel: Processing pending items before showing RoomListScreen
11-24 22:10:01.425  1752  4516 I ActivityManager: Background started FGS: Allowed [callingPackage: pt.aguiarvieira.andromuks; callingUid: 10783; uidState: TOP ; uidBFSL: [BFSL]; intent: Intent { cmp=pt.aguiarvieira.andromuks/net.vrkknn.andromuks.WebSocketService }; code:PROC_STATE_TOP; tempAllowListReason:<,reasonCode:SYSTEM_ALLOW_LISTED,duration:9223372036854775807,callingUid:-1>; allowWiu:12; targetSdkVersion:36; callerTargetSdkVersion:36; startForegroundCount:0; bindFromPackage:null: isBindService:false]
11-24 22:10:01.435 25263 25322 D Andromuks: AppViewModel: Finished processing pending items - room summaries updated (roomSummaryUpdateCounter: 1)
11-24 22:10:01.435 25263 25322 D Andromuks: AppViewModel: Cleared isProcessingPendingItems flag (finally block)
11-24 22:10:01.449  2970  2970 I GoogleInputMethodService: GoogleInputMethodService.onStartInput():1347 onStartInput(EditorInfo{EditorInfo{packageName=pt.aguiarvieira.andromuks, inputType=0, inputTypeString=NULL, enableLearning=false, autoCorrection=false, autoComplete=false, imeOptions=0, privateImeOptions=null, actionName=UNSPECIFIED, actionLabel=null, initialSelStart=-1, initialSelEnd=-1, initialCapsMode=0, label=null, fieldId=0, fieldName=null, extras=null, hintText=null, hintLocales=[]}}, false)
11-24 22:10:01.641  5640  5640 I NotificationListener: received notification removed event - pt.aguiarvieira.andromuks#UserHandle{0},category=-1
11-24 22:10:01.643  5640  5640 I NotificationListener: received notification removed event - pt.aguiarvieira.andromuks#UserHandle{0},category=-1
11-24 22:10:02.001 25263 25335 D Andromuks: NetworkUtils: onOpen: ws opened on Switching Protocols
11-24 22:10:02.001 25263 25335 D Andromuks: NetworkUtils: WebSocket response headers:
11-24 22:10:02.001 25263 25335 D Andromuks: NetworkUtils: Header 'Connection': 'upgrade'
11-24 22:10:02.001 25263 25335 D Andromuks: NetworkUtils: Header 'Date': 'Mon, 24 Nov 2025 22:10:02 GMT'
11-24 22:10:02.001 25263 25335 D Andromuks: NetworkUtils: Header 'Request-Id': 'd4idfeje6ios73d16g10'
11-24 22:10:02.001 25263 25335 D Andromuks: NetworkUtils: Header 'Sec-Websocket-Accept': 'Qg4mv33R0a7grjgC8k+Y1/Khrt4='
11-24 22:10:02.002 25263 25335 D Andromuks: NetworkUtils: Header 'Server': 'openresty'
11-24 22:10:02.002 25263 25335 D Andromuks: NetworkUtils: Header 'Upgrade': 'websocket'
11-24 22:10:02.002 25263 25335 D Andromuks: NetworkUtils: Calling appViewModel.setWebSocket()
11-24 22:10:02.002 25263 25335 D Andromuks: AppViewModel: setWebSocket() called for AppViewModel_0
11-24 22:10:02.002 25263 25335 D Andromuks: AppViewModel: Registering AppViewModel_0 to receive WebSocket messages
11-24 22:10:02.002 25263 25335 D Andromuks: AppViewModel: Setting up service callbacks
11-24 22:10:02.002 25263 25335 D Andromuks: AppViewModel: Calling WebSocketService.setWebSocket()
11-24 22:10:02.011 25263 25335 D Andromuks: AppViewModel: Saved 100 activity log entries to storage
11-24 22:10:02.011 25263 25335 D Andromuks: AppViewModel: Logged activity - WebSocket Connecting - Waiting for init_complete
11-24 22:10:02.015 25263 25335 D Andromuks: AppViewModel: setWebSocket - registering FCM to ensure backend has current token
11-24 22:10:02.015 25263 25335 D Andromuks: AppViewModel: registerFCMWithGomuksBackend called
11-24 22:10:02.015 25263 25335 D Andromuks: AppViewModel: shouldRegisterPush() called, result=false
11-24 22:10:02.015 25263 25335 D Andromuks: AppViewModel: shouldRegisterPush() returned false
11-24 22:10:02.015 25263 25335 D Andromuks: AppViewModel: hasRegisteredViaWebSocket=true, forceRegistration=false
11-24 22:10:02.015 25263 25335 D Andromuks: AppViewModel: Always registering FCM on WebSocket connection to ensure backend has current token
11-24 22:10:02.015 25263 25335 D Andromuks: AppViewModel: registerFCMWithGomuksBackend - token=ewQuYoBsRDeg11GpoV_j..., deviceId=NKVMXDXVQI, encryptionKey=ODdlZjc2OGNkZGQ0NGY4...
11-24 22:10:02.015 25263 25335 D Andromuks: AppViewModel: webClientPushIntegration=true
11-24 22:10:02.015 25263 25335 D Andromuks: AppViewModel: Registering FCM with request_id=1
11-24 22:10:02.016 25263 25335 D Andromuks: AppViewModel: Sending WebSocket command: register_push with data: {type=fcm, device_id=NKVMXDXVQI, data=ewQuYoBsRDeg11GpoV_jkw:APA91bFBHf-kVLci8MicnM4yMjLiAlCyQI5EF-qUJGh7Qn4Lx9xA_VoQEgPAKJXluBRVajpFrsF7yp8jas1S0OunvJv00kYH7BCN4aCPVDzM620ORojqXdo, encryption={key=ODdlZjc2OGNkZGQ0NGY4OThiN2I2YzRkMjViODMxZTA=}, expiration=1764108602}
11-24 22:10:02.016 25263 25335 D Andromuks: sendWebSocketCommand: command='register_push', requestId=1, data={"type":"fcm","device_id":"NKVMXDXVQI","data":"ewQuYoBsRDeg11GpoV_jkw:APA91bFBHf-kVLci8MicnM4yMjLiAlCyQI5EF-qUJGh7Qn4Lx9xA_VoQEgPAKJXluBRVajpFrsF7yp8jas1S0OunvJv00kYH7BCN4aCPVDzM620ORojqXdo","encrypti
11-24 22:10:02.016 25263 25335 D Andromuks: AppViewModel: Sent FCM registration to Gomuks Backend with device_id=NKVMXDXVQI
11-24 22:10:02.017 25263 25335 I Andromuks: AppViewModel: WebSocket connection established - retrying 0 pending operations
11-24 22:10:02.017 25263 25335 D Andromuks: AppViewModel: No pending WebSocket operations to retry
11-24 22:10:02.017 25263 25335 D Andromuks: NetworkUtils: connectToWebsocket using AppViewModel instance: net.vrkknn.andromuks.AppViewModel@6480024
11-24 22:10:02.019 25263 25306 D Andromuks: AppViewModel: handleRunId called with runId='1763730102505399890'
11-24 22:10:02.019 25263 25306 D Andromuks: AppViewModel: Run ID matches existing value: 1763730102505399890
11-24 22:10:02.019 25263 25306 D Andromuks: AppViewModel: Run ID stored and service updated
11-24 22:10:02.020 25263 25306 D Andromuks: AppViewModel: Set currentUserId: @daedric:aguiarvieira.pt
11-24 22:10:02.021 25263 25306 D Andromuks: AppViewModel: Set realMatrixHomeserverUrl: https://aguiarvieira.pt/
11-24 22:10:02.022 25263 25306 D Andromuks: AppViewModel: Sending get_profile for @daedric:aguiarvieira.pt (roomId=null): {"command":"get_profile","request_id":2,"data":{"user_id":"@daedric:aguiarvieira.pt"}}
11-24 22:10:02.156 25263 25322 D Andromuks: AppViewModel: handleFCMRegistrationResponse called with requestId=1, dataType=Boolean
11-24 22:10:02.156 25263 25322 D Andromuks: AppViewModel: FCM registration response data: true
11-24 22:10:02.156 25263 25322 I Andromuks: AppViewModel: FCM registration successful (boolean true)
11-24 22:10:02.156 25263 25322 D Andromuks: AppViewModel: Marked FCM as registered via WebSocket
11-24 22:10:02.157 25263 25305 D Andromuks: AppViewModel: Saved 100 activity log entries to storage
11-24 22:10:02.157 25263 25305 D Andromuks: AppViewModel: Logged activity - WebSocket Ready
11-24 22:10:02.183 25263 25306 D Andromuks: AppViewModel: Profile response received but no full user info callback found (requestId: 2)
11-24 22:10:02.191 25263 25304 D Andromuks: AppViewModel: allSpaces set to 36 spaces
11-24 22:10:02.191 25263 25304 D Andromuks: AppViewModel: Storing space edges for later processing
11-24 22:10:02.199 25263 25263 D Andromuks: AppViewModel: MEMBER PROCESSING - No rooms with member events in this sync
11-24 22:10:02.199 25263 25263 D Andromuks: AppViewModel: Total rooms now: 594 (updated: 0, new: 0, removed: 0) - sync message #1 [App visible: true]
11-24 22:10:02.200 25263 25263 D Andromuks: AppViewModel: Updated low priority rooms set: 19 rooms (changed)
11-24 22:10:02.205 25263 25263 D Andromuks: AppViewModel: SYNC OPTIMIZATION - Room state changed, updating data without sorting
11-24 22:10:02.207 25263 25263 D Andromuks: AppViewModel: SYNC OPTIMIZATION - Room data unchanged, skipping updates
11-24 22:10:02.207 25263 25263 D Andromuks: AppViewModel: SYNC OPTIMIZATION - Room data updated (no sorting), debounced sort scheduled
11-24 22:10:02.229  5640  5640 I NotificationListener: received notification removed event - pt.aguiarvieira.andromuks#UserHandle{0},category=-1
11-24 22:10:02.237 25263 25304 D Andromuks: ProfileRepository: Batch saved 1 profiles in 2ms
11-24 22:10:02.237 25263 25304 D Andromuks: AppViewModel: Batch saved 1 profiles to database in 2ms
11-24 22:10:02.245 25263 25263 D Andromuks: AppViewModel: MEMBER PROCESSING - Processing 94 rooms with member events [App visible: true]
11-24 22:10:02.245 25263 25263 D Andromuks: AppViewModel: Member change cached (initialization) - @jason:tuwunel.me in room !0KNSXYXB_2xtEUkQ9MGBRy5oNIOfAKoq2uIqPZCJbI8 [newJoin=true, profileChange=false]
11-24 22:10:02.245 25263 25263 D Andromuks: AppViewModel: Member change cached (initialization) - @sky:codestorm.net in room !5rEAuuJ7dFQ7vVvIPU94bOoPhme75SYX18peBenN_GY [newJoin=true, profileChange=false]
11-24 22:10:02.246 25263 25263 D Andromuks: AppViewModel: Member change cached (initialization) - @system:corellia.timedout.uk in room !79d6Qowfu2eD3MUVPJ:nexy7574.co.uk [newJoin=true, profileChange=false]
11-24 22:10:02.246 25263 25263 D Andromuks: AppViewModel: Member change cached (initialization) - @rss:aguiarvieira.pt in room !AauCRdpqhKOYuTrdDe:aguiarvieira.pt [newJoin=true, profileChange=false]
11-24 22:10:02.246 25263 25263 D Andromuks: AppViewModel: Member change cached (initialization) - @sufficient:synapse.travelersrestelectric.com in room !AbdrObJtpUGjqqSwXw:pussthecat.org [newJoin=true, profileChange=false]
11-24 22:10:02.246 25263 25263 D Andromuks: AppViewModel: Member change cached (initialization) - @michaelt:element.io in room !B11tPdunwDfh29jCp-t2PJIx5wDF3WTcyK2rW15BmHI [newJoin=true, profileChange=false]
11-24 22:10:02.246 25263 25263 D Andromuks: AppViewModel: Member change cached (initialization) - @matrix-bridge:aguiarvieira.pt in room !BBRrrATGeXEfvKtLab:aguiarvieira.pt [newJoin=true, profileChange=false]
11-24 22:10:02.246 25263 25263 D Andromuks: AppViewModel: Member change cached (initialization) - @palchrb:vibb.me in room !BHvcNjOBRwncDQbGOk:codestorm.net [newJoin=true, profileChange=false]
11-24 22:10:02.246 25263 25263 D Andromuks: AppViewModel: Member change cached (initialization) - @dabot:aguiarvieira.pt in room !CFexWTQGQgAlXWEBjW:aguiarvieira.pt [newJoin=true, profileChange=false]
11-24 22:10:02.246 25263 25263 D Andromuks: AppViewModel: Member change cached (initialization) - @telegram_266175609:matrixbridg.es in room !CMfgjKiXsYElHnUbJz:matrixbridg.es [newJoin=true, profileChange=false]
11-24 22:10:02.246 25263 25263 D Andromuks: AppViewModel: Member change cached (initialization) - @telegram_460374888:matrixbridg.es in room !EUjrehSnJqyAUKpHij:matrixbridg.es [newJoin=true, profileChange=false]
11-24 22:10:02.246 25263 25263 D Andromuks: AppViewModel: Member change cached (initialization) - @modmail:aguiarvieira.pt in room !FoXloqayjUBkWTbJEY:matrix.org [newJoin=true, profileChange=false]
11-24 22:10:02.246 25263 25263 D Andromuks: AppViewModel: Member change cached (initialization) - @scenerush:aguiarvieira.pt in room !GaaInmDnkxfazhoAzt:aguiarvieira.pt [newJoin=true, profileChange=false]
11-24 22:10:02.246 25263 25263 D Andromuks: AppViewModel: Member change cached (initialization) - @funar:mgamers.com in room !Gc2NXFHK1tBk2ss9357AFXOQPNi1qkZd-4yxyR2F-uA [newJoin=true, profileChange=false]
11-24 22:10:02.246 25263 25263 D Andromuks: AppViewModel: Member change cached (initialization) - @abuse:matrix.org in room !HKMjUNHEZTjndeDqhI:element.io [newJoin=true, profileChange=false]
11-24 22:10:02.246 25263 25263 D Andromuks: AppViewModel: Member change cached (initialization) - @bkil:matrix.org in room !HwCGEVHuJTliMouVph:matrix.org [newJoin=true, profileChange=false]
11-24 22:10:02.247 25263 25263 D Andromuks: AppViewModel: Member change cached (initialization) - @rss:aguiarvieira.pt in room !IRanDOzCsVpSdddQnT:aguiarvieira.pt [newJoin=true, profileChange=false]
11-24 22:10:02.247 25263 25263 D Andromuks: AppViewModel: Member change cached (initialization) - @github:maunium.net in room !IaWNErZAgQUhGqJXjX:matrix.org [newJoin=true, profileChange=false]
11-24 22:10:02.247 25263 25263 D Andromuks: AppViewModel: Member change cached (initialization) - @abuse:aguiarvieira.pt in room !IeWLVCQO4YviYfUxG-ca-eV5Vo__EcHXD-uD0CwVDLU [newJoin=true, profileChange=false]
11-24 22:10:02.247 25263 25263 D Andromuks: AppViewModel: Member change cached (initialization) - @tulir:maunium.net in room !J24qqSs_MrchJWzuVhjH9JGHuMyQiWJO-HzxflwLhdI [newJoin=true, profileChange=false]
11-24 22:10:02.247 25263 25263 D Andromuks: AppViewModel: Member change cached (initialization) - @_discord_708377014851338295:t2bot.io in room !KQaqifczWbCaidLETg:matrix.org [newJoin=true, profileChange=false]
11-24 22:10:02.247 25263 25263 D Andromuks: AppViewModel: Member change cached (initialization) - @twijg:matrix.org in room !L58ME6ufiP49v97UIOBIpvWKEgj4912JmECPuDzlvCI [newJoin=true, profileChange=false]
11-24 22:10:02.247 25263 25263 D Andromuks: AppViewModel: Member change cached (initialization) - @dabot:aguiarvieira.pt in room !LwxXpniicngJjKryhv:aguiarvieira.pt [newJoin=true, profileChange=false]
11-24 22:10:02.247 25263 25263 D Andromuks: AppViewModel: Member change cached (initialization) - @telegrambot:matrixbridg.es in room !NFubLylhkMHJHzGdZi:matrixbridg.es [newJoin=true, profileChange=false]
11-24 22:10:02.247 25263 25263 D Andromuks: AppViewModel: Member change cached (initialization) - @ejstacey:matrix.joyrex.net in room !NaLbfexyNIBQDbzGwB:bonifacelabs.ca [newJoin=true, profileChange=false]
11-24 22:10:02.247 25263 25263 D Andromuks: AppViewModel: Member change cached (initialization) - @draupnir:aguiarvieira.pt in room !NeNsUzKQh3xLALCQDbXI6kpecM4iWtnK9-0pemB4Fcs [newJoin=true, profileChange=false]
11-24 22:10:02.247 25263 25263 D Andromuks: AppViewModel: Member change cached (initialization) - @irc_Toddley:wetfish.chat in room !OwmlYgxhZxQwJJyQRi:wetfish.chat [newJoin=true, profileChange=false]
11-24 22:10:02.247 25263 25263 D Andromuks: AppViewModel: Member change cached (initialization) - @ky:tilde.horse in room !P7tIaLMFHT55GuONJ7UQ87M0SkqfpjofluPqmu0wOeY [newJoin=true, profileChange=false]
11-24 22:10:02.247 25263 25263 D Andromuks: AppViewModel: Member change cached (initialization) - @test:aguiarvieira.pt in room !PZKzglevylEehZONay:aguiarvieira.pt [newJoin=true, profileChange=false]
11-24 22:10:02.247 25263 25263 D Andromuks: AppViewModel: Member change cached (initialization) - @rss:aguiarvieira.pt in room !QZvjGxxEOHURBggqzS:aguiarvieira.pt [newJoin=true, profileChange=false]
11-24 22:10:02.248 25263 25263 D Andromuks: AppViewModel: Member change cached (initialization) - @projm:unredacted.org in room !QiAkLlilPoSumAHcEZ:matrix.org [newJoin=true, profileChange=false]
11-24 22:10:02.248 25263 25263 D Andromuks: AppViewModel: Member change cached (initialization) - @kompowiec2:matrix.org in room !SAwLbTTygRriVkdOVq:matrix.org [newJoin=true, profileChange=false]
11-24 22:10:02.248 25263 25263 D Andromuks: AppViewModel: Member change cached (initialization) - @rss:aguiarvieira.pt in room !SJQbCoSXJmTkmIedQB:lonenomad.net [newJoin=true, profileChange=false]
11-24 22:10:02.248 25263 25263 D Andromuks: AppViewModel: Member change cached (initialization) - @dabot:aguiarvieira.pt in room !SMuhrYZsNcEYJlTrTy:aguiarvieira.pt [newJoin=true, profileChange=false]
11-24 22:10:02.248 25263 25263 D Andromuks: AppViewModel: Member change cached (initialization) - @telegram_789901454:matrixbridg.es in room !SfnqkkhQXdytacQzIl:matrixbridg.es [newJoin=true, profileChange=false]
11-24 22:10:02.248 25263 25263 D Andromuks: AppViewModel: Member change cached (initialization) - @telegrambot:matrixbridg.es in room !TIKPgQXfnTbVrSWfSb:matrixbridg.es [newJoin=true, profileChange=false]
11-24 22:10:02.248 25263 25263 D Andromuks: AppViewModel: Member change cached (initialization) - @daedric:aguiarvieira.pt in room !TvTwyPwXFjRVYaEGMF:matrixbridg.es [newJoin=true, profileChange=false]
11-24 22:10:02.248 25263 25263 D Andromuks: AppViewModel: Member change cached (initialization) - @vrkknn:vrkknn.net in room !UdKLVYoj9Cb-VuNJHKgqHI37jvx2UUaeBv36DhjGVWo [newJoin=true, profileChange=false]
11-24 22:10:02.248 25263 25263 D Andromuks: AppViewModel: Member change cached (initialization) - @telegram_7565918730:matrixbridg.es in room !VEfJvWKSpbfNIdTgnN:matrixbridg.es [newJoin=true, profileChange=false]
11-24 22:10:02.248 25263 25263 D Andromuks: AppViewModel: Member change cached (initialization) - @telegrambot:matrixbridg.es in room !WliWChUwTLFlzrwhOY:matrixbridg.es [newJoin=true, profileChange=false]
11-24 22:10:02.248 25263 25263 D Andromuks: AppViewModel: Member change cached (initialization) - @rss:aguiarvieira.pt in room !XmThfTyjzQZeWpVedZ:aguiarvieira.pt [newJoin=true, profileChange=false]
11-24 22:10:02.248 25263 25263 D Andromuks: AppViewModel: Member change cached (initialization) - @matrix-bridge:aguiarvieira.pt in room !YFfDAgyUNSALYShotH:aguiarvieira.pt [newJoin=true, profileChange=false]
11-24 22:10:02.248 25263 25263 D Andromuks: AppViewModel: Member change cached (initialization) - @jfdiscord_1328440192155258961:im.jellyfin.org in room !YjAUNWwLVbCthyFrkz:bonifacelabs.ca [newJoin=true, profileChange=false]
11-24 22:10:02.248 25263 25263 D Andromuks: AppViewModel: Member change cached (initialization) - @sky:codestorm.net in room !YqYnEoEIw3fGTESr6WGGiVuoGHhUD1UtEn1VJGQHp7I [newJoin=true, profileChange=false]
11-24 22:10:02.249 25263 25263 D Andromuks: AppViewModel: Member change cached (initialization) - @matrix-bridge:aguiarvieira.pt in room !YxsINRggzGGxLATNWW:aguiarvieira.pt [newJoin=true, profileChange=false]
11-24 22:10:02.249 25263 25263 D Andromuks: AppViewModel: Member change cached (initialization) - @diunoracle:aguiarvieira.pt in room !ZHRiYZyqQLzKrqOCXX:aguiarvieira.pt [newJoin=true, profileChange=false]
11-24 22:10:02.249 25263 25263 D Andromuks: AppViewModel: Member change cached (initialization) - @sky:codestorm.net in room !aPQx8hPCm0vu6PiwsZbVSsVPlugBWOyanle4y5-8p7Q [newJoin=true, profileChange=false]
11-24 22:10:02.249 25263 25263 D Andromuks: AppViewModel: Member change cached (initialization) - @ducklipsndeuces:matrix.org in room !aeqBaedszwyzKfuoIT:matrix.org [newJoin=true, profileChange=false]
11-24 22:10:02.249 25263 25263 D Andromuks: AppViewModel: Member change cached (initialization) - @abuse:matrix.org in room !aiwVrNhPwbGBNjqlNu:matrix.org [newJoin=true, profileChange=false]
11-24 22:10:02.249 25263 25263 D Andromuks: AppViewModel: Member change cached (initialization) - @interirc:matrix.org in room !bFjeGzjHAZhqKKtiBW:matrix.org [newJoin=true, profileChange=false]
11-24 22:10:02.249 25263 25263 D Andromuks: AppViewModel: Member change cached (initialization) - @telegram_799393695:matrixbridg.es in room !boOSyZTIchNhkECdnu:matrixbridg.es [newJoin=true, profileChange=false]
11-24 22:10:02.249 25263 25263 D Andromuks: AppViewModel: Member change cached (initialization) - @hookshot:aguiarvieira.pt in room !dJHQaRcVLWIMxLivve:aguiarvieira.pt [newJoin=true, profileChange=false]
11-24 22:10:02.249 25263 25263 D Andromuks: AppViewModel: Member change cached (initialization) - @bot:continuwuity.org in room !dev-1:continuwuity.org [newJoin=true, profileChange=false]
11-24 22:10:02.249 25263 25263 D Andromuks: AppViewModel: Member change cached (initialization) - @test:aguiarvieira.pt in room !erfjdPEYxkLrUqdLYS:aguiarvieira.pt [newJoin=true, profileChange=false]
11-24 22:10:02.249 25263 25263 D Andromuks: AppViewModel: Member change cached (initialization) - @mtrnord:mtrnord.blog in room !etHLGLRwSNzRx7e6iqvFYRbJpxB5lhsSN-VeTuhVfd8 [newJoin=true, profileChange=false]
11-24 22:10:02.249 25263 25263 D Andromuks: AppViewModel: Member change cached (initialization) - @jfdiscord_1196389425324757055:im.jellyfin.org in room !fKHyYbtkvVKLhKFzkt:matrix.org [newJoin=true, profileChange=false]
11-24 22:10:02.249 25263 25263 D Andromuks: AppViewModel: Member change cached (initialization) - @rss:aguiarvieira.pt in room !fNBZEmymjPKFGFzAoK:aguiarvieira.pt [newJoin=true, profileChange=false]
11-24 22:10:02.249 25263 25263 D Andromuks: AppViewModel: Member change cached (initialization) - @rss:aguiarvieira.pt in room !fvbspEOqNRFtyTSxFu:aguiarvieira.pt [newJoin=true, profileChange=false]
11-24 22:10:02.250 25263 25263 D Andromuks: AppViewModel: Member change cached (initialization) - @nachar:matrix.org in room !gddmvTF3NLooiLm6IV_i7sXGlD0Rj4Fm1lpCK9oyokU [newJoin=true, profileChange=false]
11-24 22:10:02.250 25263 25263 D Andromuks: AppViewModel: Member change cached (initialization) - @tulir:maunium.net in room !gomuks2fjNJgXSZ-lZPoQWB_2za-KW_l2Hs6roxWKk4 [newJoin=true, profileChange=false]
11-24 22:10:02.250 25263 25263 D Andromuks: AppViewModel: Member change cached (initialization) - @whatsapp_351919100753:matrixbridg.es in room !gqftbZZrpdcvwOAjhB:matrixbridg.es [newJoin=true, profileChange=false]
11-24 22:10:02.250 25263 25263 D Andromuks: AppViewModel: Member change cached (initialization) - @rss:aguiarvieira.pt in room !hvFPvWLsMAWJbWTsSt:aguiarvieira.pt [newJoin=true, profileChange=false]
11-24 22:10:02.250 25263 25263 D Andromuks: AppViewModel: Member change cached (initialization) - @reddit-monitor:aguiarvieira.pt in room !inacFpbZHIuSqUcSCl:aguiarvieira.pt [newJoin=true, profileChange=false]
11-24 22:10:02.250 25263 25263 D Andromuks: AppViewModel: Member change cached (initialization) - @sypher1:matrix.org in room !iuyQXswfjgxQMZGrfQ:matrix.org [newJoin=true, profileChange=false]
11-24 22:10:02.250 25263 25263 D Andromuks: AppViewModel: Member change cached (initialization) - @dabot:aguiarvieira.pt in room !kLFSQHszufKKXclzOh:aguiarvieira.pt [newJoin=true, profileChange=false]
11-24 22:10:02.250 25263 25263 D Andromuks: AppViewModel: Member change cached (initialization) - @kristoff:c2.krbonne.net in room !kiP76YI0AlDqXjcKj2nM_Bq30GCgGWehndSt3iyA85E [newJoin=true, profileChange=false]
11-24 22:10:02.250 25263 25263 D Andromuks: AppViewModel: Member change cached (initialization) - @dabot:aguiarvieira.pt in room !lAuuOiDhvIXlTzKFka:aguiarvieira.pt [newJoin=true, profileChange=false]
11-24 22:10:02.250 25263 25263 D Andromuks: AppViewModel: Member change cached (initialization) - @hookshot:aguiarvieira.pt in room !lgkFqiWbOWlhdGGrNg:aguiarvieira.pt [newJoin=true, profileChange=false]
11-24 22:10:02.250 25263 25263 D Andromuks: AppViewModel: Member change cached (initialization) - @roms:aguiarvieira.pt in room !mMaJdKUByYOCaWcLJS:daedric.net [newJoin=true, profileChange=false]
11-24 22:10:02.250 25263 25263 D Andromuks: AppViewModel: Member change cached (initialization) - @github:maunium.net in room !maudcarBFGzzh29d4ILqt-brFj-g8YlYQ10LarmkK5c [newJoin=true, profileChange=false]
11-24 22:10:02.250 25263 25263 D Andromuks: AppViewModel: Member change cached (initialization) - @mdt:emdete.de in room !mausgp8oQVwgry4kjfKSxqNj-O9Nkez81Cl591w8jkI [newJoin=true, profileChange=false]
11-24 22:10:02.251 25263 25263 D Andromuks: AppViewModel: Member change cached (initialization) - @github:maunium.net in room !mautg3nVVaWw3yY1TTSU7xdqwHypJHcRzIyxj4KDFbo [newJoin=true, profileChange=false]
11-24 22:10:02.251 25263 25263 D Andromuks: AppViewModel: Member change cached (initialization) - @christian17:nope.chat in room !mauwaAmuICl7LX3zScirNC4eXkUJsD9iQiFLAIZPqw0 [newJoin=true, profileChange=false]
11-24 22:10:02.251 25263 25263 D Andromuks: AppViewModel: Member change cached (initialization) - @mscbot:matrix.org in room !nD4Jy1hp0We0VmIM9ubjqWLBX_uV8YlTBBPa3a_v2uk [newJoin=true, profileChange=false]
11-24 22:10:02.251 25263 25263 D Andromuks: AppViewModel: Member change cached (initialization) - @sky:codestorm.net in room !naAedOOzARDkWVFRXt:codestorm.net [newJoin=true, profileChange=false]
11-24 22:10:02.251 25263 25263 D Andromuks: AppViewModel: Member change cached (initialization) - @test:aguiarvieira.pt in room !nmZrvcKkeQiFGRlJtE:aguiarvieira.pt [newJoin=true, profileChange=false]
11-24 22:10:02.251 25263 25263 D Andromuks: AppViewModel: Member change cached (initialization) - @sfalken:opensuse.org in room !oXVtZGWmHbaJvGTerl:kde.org [newJoin=true, profileChange=false]
11-24 22:10:02.251 25263 25263 D Andromuks: AppViewModel: Member change cached (initialization) - @xkcd:maunium.net in room !odwJFwanVTgIblSUtg:matrix.org [newJoin=true, profileChange=false]
11-24 22:10:02.251 25263 25263 D Andromuks: AppViewModel: Member change cached (initialization) - @nex:nexy7574.co.uk in room !offtopic-2:continuwuity.org [newJoin=true, profileChange=false]
11-24 22:10:02.251 25263 25263 D Andromuks: AppViewModel: Member change cached (initialization) - @abuse:matrix.org in room !ra1E0HFaPPTsYnpYqn_It2o66CY356Hh2r22S9Hb8fk [newJoin=true, profileChange=false]
11-24 22:10:02.251 25263 25263 D Andromuks: AppViewModel: Member change cached (initialization) - @rss:aguiarvieira.pt in room !ssIhMXGYzhjWIpLQSC:aguiarvieira.pt [newJoin=true, profileChange=false]
11-24 22:10:02.251 25263 25263 D Andromuks: AppViewModel: Member change cached (initialization) - @github:aguiarvieira.pt in room !tbSlYaykKDtKZbCsVE:aguiarvieira.pt [newJoin=true, profileChange=false]
11-24 22:10:02.251 25263 25263 D Andromuks: AppViewModel: Member change cached (initialization) - @rss:aguiarvieira.pt in room !tjjuQfDIwSCAzJwWnU:aguiarvieira.pt [newJoin=true, profileChange=false]
11-24 22:10:02.251 25263 25263 D Andromuks: AppViewModel: Member change cached (initialization) - @whatsapp_351916439903:matrixbridg.es in room !tvWgNGttbLMVprZZVA:matrixbridg.es [newJoin=true, profileChange=false]
11-24 22:10:02.251 25263 25263 D Andromuks: AppViewModel: Member change cached (initialization) - @timelessness:matrix.org in room !uBrytbryWIWivvlicl:matrix.org [newJoin=true, profileChange=false]
11-24 22:10:02.252 25263 25263 D Andromuks: AppViewModel: Member change cached (initialization) - @_discord_493920054833053698:t2bot.io in room !umIcLcpfUCmYyOkpxC:matrix.org [newJoin=true, profileChange=false]
11-24 22:10:02.252 25263 25263 D Andromuks: AppViewModel: Member change cached (initialization) - @abuse:matrix.org in room !vKsKNErebdRaQvsUkQ:half-shot.uk [newJoin=true, profileChange=false]
11-24 22:10:02.252 25263 25263 D Andromuks: AppViewModel: Member change cached (initialization) - @93dragonfly:matrix.org in room !vMLhvOKUhgmYGpkwjX:matrix.debian.social [newJoin=true, profileChange=false]
11-24 22:10:02.252 25263 25263 D Andromuks: AppViewModel: Member change cached (initialization) - @abuse:matrix.org in room !vlnjqGLpLJlFmBSkfQ:matrix.org [newJoin=true, profileChange=false]
11-24 22:10:02.252 25263 25263 D Andromuks: AppViewModel: Member change cached (initialization) - @github:maunium.net in room !wmeowgB5YyCuz9I375Q4YOY7GHTCw0BHSpN86ebaKBw [newJoin=true, profileChange=false]
11-24 22:10:02.252 25263 25263 D Andromuks: AppViewModel: Member change cached (initialization) - @telegram_609517172:matrixbridg.es in room !wrTYvJNOUSUAJKQHeO:matrixbridg.es [newJoin=true, profileChange=false]
11-24 22:10:02.252 25263 25263 D Andromuks: AppViewModel: Member change cached (initialization) - @_discord_1201083883190501379:t2bot.io in room !xHcpmMTfmMmEAaYiug:matrix.org [newJoin=true, profileChange=false]
11-24 22:10:02.252 25263 25263 D Andromuks: AppViewModel: Member change cached (initialization) - @w34:matrix.org in room !xUW4PpAe1CmThA3r2wI8IrgwwsK006-zqWdJCljpd10 [newJoin=true, profileChange=false]
11-24 22:10:02.252 25263 25263 D Andromuks: AppViewModel: Member change cached (initialization) - @abuse:matrix.org in room !zzGPdcyFqxIOJEijoI:matrix.org [newJoin=true, profileChange=false]
11-24 22:10:02.252 25263 25263 D Andromuks: AppViewModel: MEMBER PROCESSING - Updated 94 rooms with member changes
11-24 22:10:02.276 25263 25263 D Andromuks: AppViewModel: Total rooms now: 594 (updated: 99, new: 0, removed: 0) - sync message #2 [App visible: true]
11-24 22:10:02.280 25263 25263 D Andromuks: AppViewModel: SYNC OPTIMIZATION - Room state changed, updating data without sorting
11-24 22:10:02.287 25263 25263 D Andromuks: AppViewModel: SYNC OPTIMIZATION - Room data updated (no sorting), debounced sort scheduled
11-24 22:10:02.287 25263 25263 D Andromuks: AppViewModel: SYNC OPTIMIZATION - Member state changed, scheduling UI update
11-24 22:10:02.341 25263 25263 D Andromuks: AppViewModel: MEMBER PROCESSING - Processing 95 rooms with member events [App visible: true]
11-24 22:10:02.341 25263 25263 D Andromuks: AppViewModel: Member change cached (initialization) - @viktorstrate:qpqp.dk in room !2GTp0cl8dqhPideYm7pKNABc2m2VqBZz7pVX_UUlijE [newJoin=true, profileChange=false]
11-24 22:10:02.341 25263 25263 D Andromuks: AppViewModel: Member change cached (initialization) - @bensonk:matrix.org in room !2fRVuWTCwD_6R3amq9xjORNONaaOVZeW3F8Z3ELMP-k [newJoin=true, profileChange=false]
11-24 22:10:02.341 25263 25263 D Andromuks: AppViewModel: Member change cached (initialization) - @daedric:aguiarvieira.pt in room !6uSLhpHQXN6GJzr34F:lofitrek.com [newJoin=true, profileChange=false]
11-24 22:10:02.342 25263 25263 D Andromuks: AppViewModel: Member change cached (initialization) - @abuse:matrix.org in room !BmAgWlfcrgaRfViMVl:matrix.org [newJoin=true, profileChange=false]
11-24 22:10:02.342 25263 25263 D Andromuks: AppViewModel: Member change cached (initialization) - @daedric:aguiarvieira.pt in room !Bq8v-iPxhGid9iBlYhfZ4kW0tzDTgLEYtMcZjLHoqNU [newJoin=true, profileChange=false]
11-24 22:10:02.342 25263 25263 D Andromuks: AppViewModel: Member change cached (initialization) - @abuse:aguiarvieira.pt in room !CWftAwJgoDbPuXCPgg:aguiarvieira.pt [newJoin=true, profileChange=false]
11-24 22:10:02.342 25263 25263 D Andromuks: AppViewModel: Member change cached (initialization) - @jesse:cpluspatch.dev in room !DDKXhyfYeRuhFqQNUg:cpluspatch.dev [newJoin=true, profileChange=false]
11-24 22:10:02.342 25263 25263 D Andromuks: AppViewModel: Member change cached (initialization) - @fox:matrix.org in room !DYiYqxdfUkKaSHUDDN:nitro.chat [newJoin=true, profileChange=false]
11-24 22:10:02.342 25263 25263 D Andromuks: AppViewModel: Member change cached (initialization) - @abuse:matrix.org in room !DeRvyHqkqkIBbBtwsO:matrix.org [newJoin=true, profileChange=false]
11-24 22:10:02.342 25263 25263 D Andromuks: AppViewModel: Member change cached (initialization) - @tealk:rollenspiel.chat in room !EHp86jT1xltaYs4-1rbRJiu1zo9hDEgpYvbsPsrJDOY [newJoin=true, profileChange=false]
11-24 22:10:02.342 25263 25263 D Andromuks: AppViewModel: Member change cached (initialization) - @abuse:matrix.org in room !ELeoNiDZVrbxOKZPAE:element.io [newJoin=true, profileChange=false]
11-24 22:10:02.342 25263 25263 D Andromuks: AppViewModel: Member change cached (initialization) - @sky:codestorm.net in room !GNtoVOOjThPJVPZLiB:codestorm.net [newJoin=true, profileChange=false]
11-24 22:10:02.342 25263 25263 D Andromuks: AppViewModel: Member change cached (initialization) - @mijutu:ellipsis.fi in room !HVoAt21AG2FXdZYVmtR-kew6hj7IbfhZpPqmrSXxzrc [newJoin=true, profileChange=false]
11-24 22:10:02.342 25263 25263 D Andromuks: AppViewModel: Member change cached (initialization) - @_webhooks_jellyfin:aguiarvieira.pt in room !HVyUZDlALUxfNQpDPS:aguiarvieira.pt [newJoin=true, profileChange=false]
11-24 22:10:02.342 25263 25263 D Andromuks: AppViewModel: Member change cached (initialization) - @daedric:aguiarvieira.pt in room !HYyymMEpEEADzyleNh:matrixbridg.es [newJoin=true, profileChange=false]
