02-22 01:07:38.282  1505  6430 W libbinder.ServiceManagerCppClient: Waited one second for stats (is service started? Number of threads started in the threadpool: 17. Are binder threads started and available?)
02-22 01:07:38.282  1230  2980 W libbinder.ServiceManagerCppClient: Waited one second for stats (is service started? Number of threads started in the threadpool: 6. Are binder threads started and available?)
02-22 01:07:38.287  1203 15928 D vendor.qti.vibrator: Notifying perform complete
02-22 01:07:38.288  1203  1203 D vendor.qti.vibrator: QTI Vibrator off
02-22 01:07:38.311  3365  3365 W TooltipLifecycleManager: TooltipLifecycleManager.dismissTooltips():153 Tooltip with id SUGGESTION_VIEW_EDU_MINI_DIALOG not found in tooltipManager.
02-22 01:07:38.344  3365  3365 I KeyboardModeUtils: KeyboardModeUtils.getKeyboardBottomOffset():435 inch: 0.000000 ydpi: 409.903015 adjustKeyboardBottomByDisplaySize: false currentDensityDpi: 420 defaultDensityDpi: 420 keyboardBottomToScreenPx: 0 keyboardBottomToNavBarPx: -126 navBarHeight: 126
02-22 01:07:38.344  3365  3365 I BaseKeyboardSizeHelper: BaseKeyboardSizeHelper.calculateMaxKeyboardBodyHeight():73 leave 281 height for app when ime window height:2134, header height:116 and isFullscreenMode:false, so the max keyboard body height is:1737
02-22 01:07:38.344  3365  3365 I BaseKeyboardSizeHelper: BaseKeyboardSizeHelper.calculateMaxKeyboardBodyHeight():73 leave 281 height for app when ime window height:2134, header height:116 and isFullscreenMode:false, so the max keyboard body height is:1737
02-22 01:07:38.411  1203  1203 D vendor.qti.vibrator: Vibrator perform effect 0
02-22 01:07:38.413  1203 15933 D vendor.qti.vibrator: Starting perform on another thread
02-22 01:07:38.439  1203 15933 D vendor.qti.vibrator: Notifying perform complete
02-22 01:07:38.440  1203  1203 D vendor.qti.vibrator: QTI Vibrator off
02-22 01:07:38.456  3365  3365 W TooltipLifecycleManager: TooltipLifecycleManager.dismissTooltips():153 Tooltip with id SUGGESTION_VIEW_EDU_MINI_DIALOG not found in tooltipManager.
02-22 01:07:38.493  3365  3365 I KeyboardModeUtils: KeyboardModeUtils.getKeyboardBottomOffset():435 inch: 0.000000 ydpi: 409.903015 adjustKeyboardBottomByDisplaySize: false currentDensityDpi: 420 defaultDensityDpi: 420 keyboardBottomToScreenPx: 0 keyboardBottomToNavBarPx: -126 navBarHeight: 126
02-22 01:07:38.494  3365  3365 I BaseKeyboardSizeHelper: BaseKeyboardSizeHelper.calculateMaxKeyboardBodyHeight():73 leave 281 height for app when ime window height:2134, header height:116 and isFullscreenMode:false, so the max keyboard body height is:1737
02-22 01:07:38.494  3365  3365 I BaseKeyboardSizeHelper: BaseKeyboardSizeHelper.calculateMaxKeyboardBodyHeight():73 leave 281 height for app when ime window height:2134, header height:116 and isFullscreenMode:false, so the max keyboard body height is:1737
02-22 01:07:38.592  2688  2688 D OngoingActionProgressCompose: State callback: isVisible=false, compact=false, showMenu=false
02-22 01:07:38.743  2688  2688 D OngoingActionProgressCompose: State callback: isVisible=false, compact=false, showMenu=false
02-22 01:07:38.932  3365  3365 I KeyboardWrapper: KeyboardWrapper.switchToKeyboard():677 switchToKeyboard(): type=prime, status=ACTIVE
02-22 01:07:38.933  3365  3365 I KeyboardManager: KeyboardManager.requestKeyboard():249 Creating keyboard prime, imeId=ime_portuguese_portugal, cacheKey=theme,!gsf,!pgsans,!pgsf,!use_system_font,BORDER,FLAVOR_DPI=XXHDPI,KEYBOARD_WIDTH_CATEGORY=NORMAL,KEY_BORDER_SHAPE=1,LIGHT_THEME=false,PHYSICAL_DIAGONAL=5.9637985,POPUP,SCREEN_SHORTEST_WIDTH=411,SCREEN_SHORTEST_WIDTH_NO_SCALE=411,SW400DP,XXHDPI,bottom4dp,enable_popup_on_keypress=true,keyboard_redesign_google_sans=true,non_linear_scale,noshadow,overlay_builtin_dynamic_color_dark_base.binarypb:gm3-dark-ff0e0e12-ffc7c2ee-d009f3ef60c950f6d31895f93d44fcd5,silkpopup
02-22 01:07:38.933  3365  3365 I KeyboardWrapper: KeyboardWrapper.onKeyboardReady():224 onKeyboardReady(): type=symbol(prime), kb=com.google.android.apps.inputmethod.latin.keyboard.LatinPrimeKeyboard@14ef6c7
02-22 01:07:38.935  3365  3365 I KeyboardViewController: KeyboardViewController.clearSubViewControllerInternal():455 Clears keyboard sub view controller for keyboardType: symbol, viewType: HEADER, viewId: 2131432689(#0x7f0b14f1),which has not been set.
02-22 01:07:38.935  3365  3365 I HardKeyTracker: HardKeyTracker.unregisterKeySequence():229 Unregister key sequence ohy{labelResId=2132020495, callback=cti@34a1ddd, lastModifier=2, keyCodes=[47], actions=[0]}
02-22 01:07:38.935  3365  3365 I HardKeyTracker: HardKeyTracker.registerKeySequence():178 Register key sequence ohy{labelResId=2132020495, callback=cti@f286899, lastModifier=2, keyCodes=[47], actions=[0]}
02-22 01:07:38.935  3365  3365 I VoiceInputManager: VoiceInputManager.onKeyboardActivated():1215 onKeyboardActivated() [UD]
02-22 01:07:38.935  3365  3365 I KeyboardWrapper: KeyboardWrapper.doActivateKeyboard():612 doActivateKeyboard(): prime
02-22 01:07:38.943  3365  3365 I BaseKeyboardSizeHelper: BaseKeyboardSizeHelper.calculateMaxKeyboardBodyHeight():73 leave 281 height for app when ime window height:2134, header height:116 and isFullscreenMode:false, so the max keyboard body height is:1737
02-22 01:07:38.943  3365  3365 W TooltipLifecycleManager: TooltipLifecycleManager.dismissTooltips():153 Tooltip with id undo_access_point_promotion_banner not found in tooltipManager.
02-22 01:07:38.945  3365  3365 I KeyboardModeUtils: KeyboardModeUtils.getKeyboardBottomOffset():435 inch: 0.000000 ydpi: 409.903015 adjustKeyboardBottomByDisplaySize: false currentDensityDpi: 420 defaultDensityDpi: 420 keyboardBottomToScreenPx: 0 keyboardBottomToNavBarPx: -126 navBarHeight: 126
02-22 01:07:38.945  3365  3365 I BaseKeyboardSizeHelper: BaseKeyboardSizeHelper.calculateMaxKeyboardBodyHeight():73 leave 281 height for app when ime window height:2134, header height:116 and isFullscreenMode:false, so the max keyboard body height is:1737
02-22 01:07:38.945  3365  3365 I BaseKeyboardSizeHelper: BaseKeyboardSizeHelper.calculateMaxKeyboardBodyHeight():73 leave 281 height for app when ime window height:2134, header height:116 and isFullscreenMode:false, so the max keyboard body height is:1737
02-22 01:07:38.945  3365  3365 I BaseKeyboardSizeHelper: BaseKeyboardSizeHelper.calculateMaxKeyboardBodyHeight():73 leave 281 height for app when ime window height:2134, header height:116 and isFullscreenMode:false, so the max keyboard body height is:1737
02-22 01:07:38.945  3365  3365 I BaseKeyboardSizeHelper: BaseKeyboardSizeHelper.calculateMaxKeyboardBodyHeight():73 leave 281 height for app when ime window height:2134, header height:116 and isFullscreenMode:false, so the max keyboard body height is:1737
02-22 01:07:38.946  3365  3365 I GlobeKeyExtension: GlobeKeyExtension.getKeyboardInitialStates():175
02-22 01:07:38.946  3365  3365 W Keyboard: Keyboard.getKeyboardViewHelper():604 null helper is returned: keyboardDef=nlc{processedConditions={show_comma_key=true, enable_more_candidates_view_for_multilingual=false, layout_9key_split=false, enable_secondary_symbols=false, pref_enable_flick_symbols=false, language=pt-PT, deprecate_long_press_space_for_ime_picker=false, expressions=normal, android_software_xr_api_spatial=false, variant=qwerty, show_period_key=true, device=phone, keyboard_mode=normal, show_secondary_digits=true, enable_pk_simulator=false, enable_preemptive_decode=true}, globalConditions={global_theme_key=theme,!gsf,!pgsans,!pgsf,!use_system_font,BORDER,FLAVOR_DPI=XXHDPI,KEYBOARD_WIDTH_CATEGORY=NORMAL,KEY_BORDER_SHAPE=1,LIGHT_THEME=false,PHYSICAL_DIAGONAL=5.9637985,POPUP,SCREEN_SHORTEST_WIDTH=411,SCREEN_SHORTEST_WIDTH_NO_SCALE=411,SW400DP,XXHDPI,bottom4dp,enable_popup_on_keypress=true,keyboard_redesign_google_sans=true,non_linear_scale,noshadow,overlay_builtin_dynamic_color_dark_base.binarypb:gm3-dark-ff0e0e12-ffc7c2ee-d009f3ef60c950f6d31895f93d44fcd5,silkpopup, global_locale=pt_PT, global_density_dpi=420, global_orientation=1}, className=.latin.keyboard.LatinPrimeKeyboard, resourceIds=[#0x7f1706c3, #0x7f17088b], initialStates=0, keyboardViewDefs=[nlq{direction=null, id=#0x7f0b0225, isScalable=true, layoutId=#0x7f0e0379, type=BODY, touchable=true, defaultShow=true}, nlq{direction=null, id=#0x7f0b0225, isScalable=false, layoutId=#0x7f0e020f, type=FLOATING_CANDIDATES, touchable=false, defaultShow=false}, nlq{direction=LOCALE, id=#0x7f0b0225, isScalable=false, layoutId=#0x7f0e0516, type=HEADER, touchable=true, defaultShow=true}], persistentStates=0, persistentStatesPrefKey=null, popupBubbleLayoutId=#0x7f0e0604, recentKeyLayoutId=#0x0, recentKeyPopupLayoutId=#0x0, recentKeyType=null, rememberRecentKey=NONE, sessionStates=17592186044419}, type=WIDGET, helpersCreated={HEADER=mwp@3bc0f7e, BODY=mwp@d3f2cdf, FLOATING_CANDIDATES=mwp@70c3d2c}, context.getResources().getConfiguration(): {1.0 ?mcc0mnc [pt_PT] ldltr sw411dp w411dp h891dp 420dpi nrml long compactNeeded hdr widecg port night finger -keyb/v/h -nav/h winConfig={ mBounds=Rect(0, 0 - 1080, 2340) mAppBounds=Rect(0, 0 - 1080, 2340) mMaxBounds=Rect(0, 0 - 1080, 2340) mDisplayRotation=ROTATION_0 mWindowingMode=fullscreen mActivityType=undefined mAlwaysOnTop=undefined mRotation=ROTATION_0} as.3 s.33 fontWeightAdjustment=0}
02-22 01:07:38.947  3365  3365 I BaseKeyboardSizeHelper: BaseKeyboardSizeHelper.calculateMaxKeyboardBodyHeight():73 leave 281 height for app when ime window height:2134, header height:116 and isFullscreenMode:false, so the max keyboard body height is:1737
02-22 01:07:38.959  1203  1203 D vendor.qti.vibrator: Vibrator perform effect 0
02-22 01:07:38.961  1203 15944 D vendor.qti.vibrator: Starting perform on another thread
02-22 01:07:38.963  3365  3365 I GoogleInputMethodService: GoogleInputMethodService$1.onKeyboardViewShown():331 onKeyboardViewShown: keyboardType=prime, keyboardViewType=HEADER keyboardView=com.google.android.libraries.inputmethod.widgets.SoftKeyboardView{b21f931 V.E...... ........ 0,0-1080,116}
02-22 01:07:38.964  3365  3365 I BaseKeyboardSizeHelper: BaseKeyboardSizeHelper.calculateMaxKeyboardBodyHeight():73 leave 281 height for app when ime window height:2134, header height:116 and isFullscreenMode:false, so the max keyboard body height is:1737
02-22 01:07:38.964  3365  3365 I KeyboardViewController: KeyboardViewController.showSelfAndAncestors():651 current view doesn't has the priority com.google.android.libraries.inputmethod.accesspoint.widget.AccessPointsBar{f8f6c3f I.E...... ......ID 0,0-850,116 #7f0b00a2 app:id/0_resource_name_obfuscated} to show itself, DEFAULT
02-22 01:07:38.964  3365  3365 I GoogleInputMethodService: GoogleInputMethodService$1.onKeyboardViewShown():331 onKeyboardViewShown: keyboardType=prime, keyboardViewType=BODY keyboardView=com.google.android.libraries.inputmethod.widgets.SoftKeyboardView{8e1a36a V.E...... ........ 0,0-1080,641}
02-22 01:07:38.964  3365  3365 I BaseKeyboardSizeHelper: BaseKeyboardSizeHelper.calculateMaxKeyboardBodyHeight():73 leave 281 height for app when ime window height:2134, header height:116 and isFullscreenMode:false, so the max keyboard body height is:1737
02-22 01:07:38.964  3365  3365 I GlobeKeyExtension: GlobeKeyExtension$1.onKeyboardViewShown():72 maybeDisableLanguageSwitchKeyPref when the keyboard is shown
02-22 01:07:38.965  3365  3365 I GlobeKeyExtension: GlobeKeyExtension.maybeDisableLanguageSwitchKeyPref():200 maybeDisableLanguageSwitchKeyPref hasGlobeKeyBeenDisabled: true, shouldDisableLanguageSwitchKey: true
02-22 01:07:38.965  3365  3365 I NewLanguagePromptExtension: NewLanguagePromptExtension$1.onKeyboardViewShown():98 Not show new language banner: no change in enabled input method entries
02-22 01:07:38.965  3365  3365 I DynamicLayoutHandler: DynamicLayoutHandler.loadDynamicKeys():92 This isn't a dynamic layout.
02-22 01:07:38.965  3365  3951 I Delight5Decoder: Delight5DecoderWrapper.setKeyboardLayout():548 setKeyboardLayout()
02-22 01:07:38.965  3365  3365 I KeyboardModeUtils: KeyboardModeUtils.getKeyboardBottomOffset():435 inch: 0.000000 ydpi: 409.903015 adjustKeyboardBottomByDisplaySize: false currentDensityDpi: 420 defaultDensityDpi: 420 keyboardBottomToScreenPx: 0 keyboardBottomToNavBarPx: -126 navBarHeight: 126
02-22 01:07:38.965  3365  3365 I BaseKeyboardSizeHelper: BaseKeyboardSizeHelper.calculateMaxKeyboardBodyHeight():73 leave 281 height for app when ime window height:2134, header height:116 and isFullscreenMode:false, so the max keyboard body height is:1737
02-22 01:07:38.965  3365  3365 I BaseKeyboardSizeHelper: BaseKeyboardSizeHelper.calculateMaxKeyboardBodyHeight():73 leave 281 height for app when ime window height:2134, header height:116 and isFullscreenMode:false, so the max keyboard body height is:1737
02-22 01:07:38.976  3365  3365 I KeyboardModeUtils: KeyboardModeUtils.getKeyboardBottomOffset():435 inch: 0.000000 ydpi: 409.903015 adjustKeyboardBottomByDisplaySize: false currentDensityDpi: 420 defaultDensityDpi: 420 keyboardBottomToScreenPx: 0 keyboardBottomToNavBarPx: -126 navBarHeight: 126
02-22 01:07:38.976  3365  3365 I BaseKeyboardSizeHelper: BaseKeyboardSizeHelper.calculateMaxKeyboardBodyHeight():73 leave 281 height for app when ime window height:2134, header height:116 and isFullscreenMode:false, so the max keyboard body height is:1737
02-22 01:07:38.976  3365  3365 I BaseKeyboardSizeHelper: BaseKeyboardSizeHelper.calculateMaxKeyboardBodyHeight():73 leave 281 height for app when ime window height:2134, header height:116 and isFullscreenMode:false, so the max keyboard body height is:1737
02-22 01:07:38.985  3365  4234 I PhenotypeProcessReaper: Memory state is: 125
02-22 01:07:38.987  1203 15944 D vendor.qti.vibrator: Notifying perform complete
02-22 01:07:38.988  1203  1203 D vendor.qti.vibrator: QTI Vibrator off
02-22 01:07:39.282  1505  6430 W libbinder.ServiceManagerCppClient: Waited one second for stats (is service started? Number of threads started in the threadpool: 17. Are binder threads started and available?)
02-22 01:07:39.282  1704  2616 W libbinder.ServiceManagerCppClient: Waited one second for stats (is service started? Number of threads started in the threadpool: 32. Are binder threads started and available?)
02-22 01:07:39.283  1230  2980 W libbinder.ServiceManagerCppClient: Waited one second for stats (is service started? Number of threads started in the threadpool: 6. Are binder threads started and available?)
02-22 01:07:39.515  1203  1203 D vendor.qti.vibrator: Vibrator perform effect 0
02-22 01:07:39.517  1203 15956 D vendor.qti.vibrator: Starting perform on another thread
02-22 01:07:39.543  1203 15956 D vendor.qti.vibrator: Notifying perform complete
02-22 01:07:39.544  1203  1203 D vendor.qti.vibrator: QTI Vibrator off
02-22 01:07:39.568  3365  3365 W TooltipLifecycleManager: TooltipLifecycleManager.dismissTooltips():153 Tooltip with id SUGGESTION_VIEW_EDU_MINI_DIALOG not found in tooltipManager.
02-22 01:07:39.596  2688  2688 D OngoingActionProgressCompose: State callback: isVisible=false, compact=false, showMenu=false
02-22 01:07:39.608  3365  3365 I KeyboardModeUtils: KeyboardModeUtils.getKeyboardBottomOffset():435 inch: 0.000000 ydpi: 409.903015 adjustKeyboardBottomByDisplaySize: false currentDensityDpi: 420 defaultDensityDpi: 420 keyboardBottomToScreenPx: 0 keyboardBottomToNavBarPx: -126 navBarHeight: 126
02-22 01:07:39.608  3365  3365 I BaseKeyboardSizeHelper: BaseKeyboardSizeHelper.calculateMaxKeyboardBodyHeight():73 leave 281 height for app when ime window height:2134, header height:116 and isFullscreenMode:false, so the max keyboard body height is:1737
02-22 01:07:39.608  3365  3365 I BaseKeyboardSizeHelper: BaseKeyboardSizeHelper.calculateMaxKeyboardBodyHeight():73 leave 281 height for app when ime window height:2134, header height:116 and isFullscreenMode:false, so the max keyboard body height is:1737
02-22 01:07:39.693  1203  1203 D vendor.qti.vibrator: Vibrator perform effect 0
02-22 01:07:39.695  1203 15961 D vendor.qti.vibrator: Starting perform on another thread
02-22 01:07:39.709 16580 17141 I libbinder.IPCThreadState: oneway function results for code 1 on binder at 0xb400006f2f1de3a0 will be dropped but finished with status UNKNOWN_TRANSACTION and reply parcel size 80
02-22 01:07:39.722  1203 15961 D vendor.qti.vibrator: Notifying perform complete
02-22 01:07:39.722  1203  1203 D vendor.qti.vibrator: QTI Vibrator off
02-22 01:07:39.746  2688  2688 D OngoingActionProgressCompose: State callback: isVisible=false, compact=false, showMenu=false
02-22 01:07:39.755  3365  3365 W TooltipLifecycleManager: TooltipLifecycleManager.dismissTooltips():153 Tooltip with id SUGGESTION_VIEW_EDU_MINI_DIALOG not found in tooltipManager.
02-22 01:07:39.791  3365  3365 I KeyboardModeUtils: KeyboardModeUtils.getKeyboardBottomOffset():435 inch: 0.000000 ydpi: 409.903015 adjustKeyboardBottomByDisplaySize: false currentDensityDpi: 420 defaultDensityDpi: 420 keyboardBottomToScreenPx: 0 keyboardBottomToNavBarPx: -126 navBarHeight: 126
02-22 01:07:39.791  3365  3365 I BaseKeyboardSizeHelper: BaseKeyboardSizeHelper.calculateMaxKeyboardBodyHeight():73 leave 281 height for app when ime window height:2134, header height:116 and isFullscreenMode:false, so the max keyboard body height is:1737
02-22 01:07:39.791  3365  3365 I BaseKeyboardSizeHelper: BaseKeyboardSizeHelper.calculateMaxKeyboardBodyHeight():73 leave 281 height for app when ime window height:2134, header height:116 and isFullscreenMode:false, so the max keyboard body height is:1737
02-22 01:07:40.283  1704  2616 W libbinder.ServiceManagerCppClient: Waited one second for stats (is service started? Number of threads started in the threadpool: 32. Are binder threads started and available?)
02-22 01:07:40.284  1230  2980 W libbinder.ServiceManagerCppClient: Waited one second for stats (is service started? Number of threads started in the threadpool: 6. Are binder threads started and available?)
02-22 01:07:40.284  1505  6430 W libbinder.ServiceManagerCppClient: Waited one second for stats (is service started? Number of threads started in the threadpool: 17. Are binder threads started and available?)
02-22 01:07:40.339  1203  1203 D vendor.qti.vibrator: Vibrator perform effect 0
02-22 01:07:40.340  1203 15971 D vendor.qti.vibrator: Starting perform on another thread
02-22 01:07:40.366  1203 15971 D vendor.qti.vibrator: Notifying perform complete
02-22 01:07:40.367  1203  1203 D vendor.qti.vibrator: QTI Vibrator off
02-22 01:07:40.402  3365  3365 W TooltipLifecycleManager: TooltipLifecycleManager.dismissTooltips():153 Tooltip with id SUGGESTION_VIEW_EDU_MINI_DIALOG not found in tooltipManager.
02-22 01:07:40.443  3365  3365 I KeyboardModeUtils: KeyboardModeUtils.getKeyboardBottomOffset():435 inch: 0.000000 ydpi: 409.903015 adjustKeyboardBottomByDisplaySize: false currentDensityDpi: 420 defaultDensityDpi: 420 keyboardBottomToScreenPx: 0 keyboardBottomToNavBarPx: -126 navBarHeight: 126
02-22 01:07:40.443  3365  3365 I BaseKeyboardSizeHelper: BaseKeyboardSizeHelper.calculateMaxKeyboardBodyHeight():73 leave 281 height for app when ime window height:2134, header height:116 and isFullscreenMode:false, so the max keyboard body height is:1737
02-22 01:07:40.443  3365  3365 I BaseKeyboardSizeHelper: BaseKeyboardSizeHelper.calculateMaxKeyboardBodyHeight():73 leave 281 height for app when ime window height:2134, header height:116 and isFullscreenMode:false, so the max keyboard body height is:1737
02-22 01:07:40.598  2688  2688 D OngoingActionProgressCompose: State callback: isVisible=false, compact=false, showMenu=false
02-22 01:07:40.749  2688  2688 D OngoingActionProgressCompose: State callback: isVisible=false, compact=false, showMenu=false
02-22 01:07:40.877  1203  1203 D vendor.qti.vibrator: Vibrator perform effect 0
02-22 01:07:40.878  1203 15981 D vendor.qti.vibrator: Starting perform on another thread
02-22 01:07:40.904  1203 15981 D vendor.qti.vibrator: Notifying perform complete
02-22 01:07:40.905  1203  1203 D vendor.qti.vibrator: QTI Vibrator off
02-22 01:07:40.936  3365  3365 W TooltipLifecycleManager: TooltipLifecycleManager.dismissTooltips():153 Tooltip with id SUGGESTION_VIEW_EDU_MINI_DIALOG not found in tooltipManager.
02-22 01:07:40.950  1704  2583 D ConnectivityService: NetReassign [no changes] [c 0] [a 0] [i 1]
02-22 01:07:40.975  3365  3365 I KeyboardModeUtils: KeyboardModeUtils.getKeyboardBottomOffset():435 inch: 0.000000 ydpi: 409.903015 adjustKeyboardBottomByDisplaySize: false currentDensityDpi: 420 defaultDensityDpi: 420 keyboardBottomToScreenPx: 0 keyboardBottomToNavBarPx: -126 navBarHeight: 126
02-22 01:07:40.975  3365  3365 I BaseKeyboardSizeHelper: BaseKeyboardSizeHelper.calculateMaxKeyboardBodyHeight():73 leave 281 height for app when ime window height:2134, header height:116 and isFullscreenMode:false, so the max keyboard body height is:1737
02-22 01:07:40.975  3365  3365 I BaseKeyboardSizeHelper: BaseKeyboardSizeHelper.calculateMaxKeyboardBodyHeight():73 leave 281 height for app when ime window height:2134, header height:116 and isFullscreenMode:false, so the max keyboard body height is:1737
02-22 01:07:41.239  1203  1203 D vendor.qti.vibrator: Vibrator perform effect 0
02-22 01:07:41.240  1203 15988 D vendor.qti.vibrator: Starting perform on another thread
02-22 01:07:41.266  1203 15988 D vendor.qti.vibrator: Notifying perform complete
02-22 01:07:41.267  1203  1203 D vendor.qti.vibrator: QTI Vibrator off
02-22 01:07:41.282  3365  3365 W TooltipLifecycleManager: TooltipLifecycleManager.dismissTooltips():153 Tooltip with id SUGGESTION_VIEW_EDU_MINI_DIALOG not found in tooltipManager.
02-22 01:07:41.284  1704  2616 W libbinder.ServiceManagerCppClient: Waited one second for stats (is service started? Number of threads started in the threadpool: 32. Are binder threads started and available?)
02-22 01:07:41.284  1230  2980 W libbinder.ServiceManagerCppClient: Waited one second for stats (is service started? Number of threads started in the threadpool: 6. Are binder threads started and available?)
02-22 01:07:41.285  1505  6430 W libbinder.ServiceManagerCppClient: Waited one second for stats (is service started? Number of threads started in the threadpool: 17. Are binder threads started and available?)
02-22 01:07:41.325  3365  3365 I KeyboardModeUtils: KeyboardModeUtils.getKeyboardBottomOffset():435 inch: 0.000000 ydpi: 409.903015 adjustKeyboardBottomByDisplaySize: false currentDensityDpi: 420 defaultDensityDpi: 420 keyboardBottomToScreenPx: 0 keyboardBottomToNavBarPx: -126 navBarHeight: 126
02-22 01:07:41.325  3365  3365 I BaseKeyboardSizeHelper: BaseKeyboardSizeHelper.calculateMaxKeyboardBodyHeight():73 leave 281 height for app when ime window height:2134, header height:116 and isFullscreenMode:false, so the max keyboard body height is:1737
02-22 01:07:41.325  3365  3365 I BaseKeyboardSizeHelper: BaseKeyboardSizeHelper.calculateMaxKeyboardBodyHeight():73 leave 281 height for app when ime window height:2134, header height:116 and isFullscreenMode:false, so the max keyboard body height is:1737
02-22 01:07:41.335 15336 15352 D Benchmark: Killing process pt.aguiarvieira.andromuks
02-22 01:07:41.395  1704  2583 D InetDiagMessage: Destroyed 0 sockets, proto=IPPROTO_TCP, family=AF_INET, states=14
02-22 01:07:41.395  1704  2583 D InetDiagMessage: Destroyed 1 sockets, proto=IPPROTO_TCP, family=AF_INET6, states=14
02-22 01:07:41.395  1704  2583 D InetDiagMessage: Destroyed live tcp sockets for uids={10367} in 2ms
02-22 01:07:41.396  1704  2583 D InetDiagMessage: Destroyed 0 sockets, proto=IPPROTO_TCP, family=AF_INET, states=14
02-22 01:07:41.396  1704  2583 D InetDiagMessage: Destroyed 0 sockets, proto=IPPROTO_TCP, family=AF_INET6, states=14
02-22 01:07:41.396  1704  2583 D InetDiagMessage: Destroyed live tcp sockets for uids={20367} in 1ms
02-22 01:07:41.408 21285 21285 D ViewRootImpl: Skipping stats log for color mode
02-22 01:07:41.408 21285 21285 D BaseActivity: Launcher flags updated: [state_started] +[state_started]
02-22 01:07:41.409 21285 21285 D BaseActivity: Launcher flags updated: [state_started|state_resumed|state_user_active] +[state_resumed|state_user_active]
02-22 01:07:41.409 21285 21285 D BaseActivity: Launcher flags updated: [state_started|state_resumed|state_deferred_resumed|state_user_active] +[state_deferred_resumed]
02-22 01:07:41.409 21285 21285 D StatsLog: LAUNCHER_ONRESUME
02-22 01:07:41.411 21285 21307 D QuickstepModelDelegate: notifyAppTargetEvent action=1 launchLocation=workspace/0/[-1,-1]/[1,1]
02-22 01:07:41.414  3705  3919 I AiAiEcho: Predicting[7]: { Feature:1, creation:2026-02-22T01:06:00Z, expiry:2026-02-22T02:00:00Z, isExpired: false}, { Feature:1, creation:2026-02-22T02:00:00Z, expiry:2026-02-22T02:00:00Z, isExpired: true}, { Feature:1, creation:2026-02-22T03:00:00Z, expiry:2026-02-22T03:00:00Z, isExpired: true}, { Feature:1, creation:2026-02-22T04:00:00Z, expiry:2026-02-22T04:00:00Z, isExpired: true}, { Feature:1, creation:2026-02-22T05:00:00Z, expiry:2026-02-22T05:00:00Z, isExpired: true}, { Feature:1, creation:2026-02-22T06:00:00Z, expiry:2026-02-22T06:00:00Z, isExpired: true}, { Feature:1, creation:2026-02-22T07:00:00Z, expiry:2026-02-22T07:00:00Z, isExpired: true} [CONTEXT sampling_count=5 ]
02-22 01:07:41.415  3705  3919 I AiAiEcho: EchoTargets: Feature:1
02-22 01:07:41.415  3705  3919 I AiAiEcho: Filtered by AiAi flag check:
02-22 01:07:41.415  3705  3919 I AiAiEcho: [CONTEXT ratelimit_period="10 SECONDS" ]
02-22 01:07:41.416  3705  3919 I AiAiEcho: #weatherTwiddler: Weather removes SubtitleSupplementalItem in surface: home [CONTEXT ratelimit_period="10 SECONDS" ]
02-22 01:07:41.417  1704  2550 W InputDispatcher: channel '275bc3c pt.aguiarvieira.andromuks/net.vrkknn.andromuks.MainActivity' ~ Consumer closed input channel or an error occurred.  events=0x9
02-22 01:07:41.417  1704  2550 E InputDispatcher: channel '275bc3c pt.aguiarvieira.andromuks/net.vrkknn.andromuks.MainActivity' ~ Channel is unrecoverably broken and will be disposed!
02-22 01:07:41.418  2890  2890 D CarrierSvcBindHelper: onHandleForceStop: [pt.aguiarvieira.andromuks]
02-22 01:07:41.419  3705  3919 I AiAiEcho: #postPredictionTargets: Sending updates to UISurface home with targets# 1 (types=[1])
02-22 01:07:41.421  2890  2890 D CarrierSvcBindHelper: No carrier app for: 0
02-22 01:07:41.421  2890  2890 D CarrierSvcBindHelper: No carrier app for: 1
02-22 01:07:41.422 21285 21285 D NexusLauncherModelDelegate: notifySmartspaceEvent: SmartspaceTargetEvent{mSmartspaceTarget=null, mSmartspaceActionId='null', mEventType=6}
02-22 01:07:41.422  1704  2319 I ImeTracker: pt.aguiarvieira.andromuks:720f5550: onRequestHide at ORIGIN_SERVER reason HIDE_REMOVE_CLIENT fromUser false
02-22 01:07:41.423  3365  3365 I GoogleInputMethodService: GoogleInputMethodService.onFinishInputView():1601 onFinishInputView(false)
02-22 01:07:41.424  3365  3365 W TooltipLifecycleManager: TooltipLifecycleManager.dismissTooltips():153 Tooltip with id spell_check_add_to_dictionary not found in tooltipManager.
02-22 01:07:41.424 15336 15352 E TestRunner: failed: generate(pt.aguiarvieira.andromuks.StartupBaselineProfile)
02-22 01:07:41.424 15336 15352 E TestRunner: ----- begin exception -----
02-22 01:07:41.425  1704  1880 I libprocessgroup: Removed cgroup /sys/fs/cgroup/apps/uid_10367/pid_15513
02-22 01:07:41.425  1015  1015 I Zygote  : Process 15513 exited due to signal 9 (Killed)
02-22 01:07:41.425  3365  3365 I GlobeKeyExtension: GlobeKeyExtension.onDeactivate():144
02-22 01:07:41.425  3365  3365 W TooltipLifecycleManager: TooltipLifecycleManager.dismissTooltips():153 Tooltip with id SUGGESTION_VIEW_EDU_MINI_DIALOG not found in tooltipManager.
02-22 01:07:41.425  3365  3365 I VoiceInputManagerWrapper: VoiceInputManagerWrapper.shutdown():131 shutdown()
02-22 01:07:41.426  3365 10771 W RemoteInputConnection: requestCursorUpdates() was failed with an exception=android.os.DeadObjectException
02-22 01:07:41.426  3365  3365 I InputBundle: InputBundle.consumeEvent():1041 Skip consuming an event as keyboard status is INACTIVE
02-22 01:07:41.427  3365  3365 I AndroidIME: AbstractIme.onDeactivate():213 LatinIme.onDeactivate()
02-22 01:07:41.427  3365  3842 I NebulaeTrainingCacheMetricsProcessor: NebulaeTrainingCacheMetricsProcessor.processEndSession():568 End training cache session: pt.aguiarvieira.andromuks_-1/
02-22 01:07:41.427 15336 15352 E TestRunner: java.lang.IllegalStateException: Unable to confirm activity launch completion [] Please report a bug with the output of `adb shell dumpsys gfxinfo pt.aguiarvieira.andromuks framestats`
02-22 01:07:41.427 15336 15352 E TestRunner: 	at androidx.benchmark.macro.MacrobenchmarkScope.startActivityImpl(MacrobenchmarkScope.kt:231)
02-22 01:07:41.427 15336 15352 E TestRunner: 	at androidx.benchmark.macro.MacrobenchmarkScope.startActivityAndWait(MacrobenchmarkScope.kt:152)
02-22 01:07:41.427 15336 15352 E TestRunner: 	at androidx.benchmark.macro.MacrobenchmarkScope.startActivityAndWait(MacrobenchmarkScope.kt:132)
02-22 01:07:41.427 15336 15352 E TestRunner: 	at androidx.benchmark.macro.MacrobenchmarkScope.startActivityAndWait$default(MacrobenchmarkScope.kt:124)
02-22 01:07:41.427 15336 15352 E TestRunner: 	at pt.aguiarvieira.andromuks.StartupBaselineProfile.generate$lambda$0(StartupBaselineProfile.kt:22)
02-22 01:07:41.427 15336 15352 E TestRunner: 	at pt.aguiarvieira.andromuks.StartupBaselineProfile.$r8$lambda$x7PUQrQNwe4JME6GTK9j4ZyEqSE(Unknown Source:0)
02-22 01:07:41.427 15336 15352 E TestRunner: 	at pt.aguiarvieira.andromuks.StartupBaselineProfile$$ExternalSyntheticLambda0.invoke(D8$$SyntheticClass:0)
02-22 01:07:41.427 15336 15352 E TestRunner: 	at androidx.benchmark.macro.BaselineProfilesKt$collect$1$1.invoke(BaselineProfiles.kt:77)
02-22 01:07:41.427 15336 15352 E TestRunner: 	at androidx.benchmark.macro.BaselineProfilesKt$collect$1$1.invoke(BaselineProfiles.kt:71)
02-22 01:07:41.427 15336 15352 E TestRunner: 	at androidx.benchmark.macro.CompilationMode$Partial.compileImpl$benchmark_macro_release(CompilationMode.kt:318)
02-22 01:07:41.427 15336 15352 E TestRunner: 	at androidx.benchmark.macro.CompilationMode.resetAndCompile$benchmark_macro_release(CompilationMode.kt:114)
02-22 01:07:41.427 15336 15352 E TestRunner: 	at androidx.benchmark.macro.BaselineProfilesKt.collect(BaselineProfiles.kt:71)
02-22 01:07:41.427 15336 15352 E TestRunner: 	at androidx.benchmark.macro.junit4.BaselineProfileRule.collect(BaselineProfileRule.kt:136)
02-22 01:07:41.427 15336 15352 E TestRunner: 	at androidx.benchmark.macro.junit4.BaselineProfileRule.collect$default(BaselineProfileRule.kt:126)
02-22 01:07:41.427 15336 15352 E TestRunner: 	at pt.aguiarvieira.andromuks.StartupBaselineProfile.generate(StartupBaselineProfile.kt:18)
02-22 01:07:41.427 15336 15352 E TestRunner: 	at java.lang.reflect.Method.invoke(Native Method)
02-22 01:07:41.427 15336 15352 E TestRunner: 	at org.junit.runners.model.FrameworkMethod$1.runReflectiveCall(FrameworkMethod.java:59)
02-22 01:07:41.427 15336 15352 E TestRunner: 	at org.junit.internal.runners.model.ReflectiveCallable.run(ReflectiveCallable.java:12)
02-22 01:07:41.427 15336 15352 E TestRunner: 	at org.junit.runners.model.FrameworkMethod.invokeExplosively(FrameworkMethod.java:56)
02-22 01:07:41.427 15336 15352 E TestRunner: 	at org.junit.internal.runners.statements.InvokeMethod.evaluate(InvokeMethod.java:17)
02-22 01:07:41.427 15336 15352 E TestRunner: 	at androidx.benchmark.macro.junit4.BaselineProfileRule$applyInternal$1.evaluate(BaselineProfileRule.kt:98)
02-22 01:07:41.427 15336 15352 E TestRunner: 	at androidx.test.rule.GrantPermissionRule$RequestPermissionStatement.evaluate(GrantPermissionRule.java:136)
02-22 01:07:41.427 15336 15352 E TestRunner: 	at org.junit.rules.RunRules.evaluate(RunRules.java:20)
02-22 01:07:41.427 15336 15352 E TestRunner: 	at org.junit.runners.ParentRunner$3.evaluate(ParentRunner.java:306)
02-22 01:07:41.427 15336 15352 E TestRunner: 	at org.junit.runners.BlockJUnit4ClassRunner$1.evaluate(BlockJUnit4ClassRunner.java:100)
02-22 01:07:41.427 15336 15352 E TestRunner: 	at org.junit.runners.ParentRunner.runLeaf(ParentRunner.java:366)
02-22 01:07:41.427 15336 15352 E TestRunner: 	at org.junit.runners.BlockJUnit4ClassRunner.runChild(BlockJUnit4ClassRunner.java:103)
02-22 01:07:41.427 15336 15352 E TestRunner: 	at org.junit.runners.BlockJUnit4ClassRunner.runChild(BlockJUnit4ClassRunner.java:63)
02-22 01:07:41.427 15336 15352 E TestRunner: 	at org.junit.runners.ParentRunner$4.run(ParentRunner.java:331)
02-22 01:07:41.427 15336 15352 E TestRunner: 	at org.junit.runners.ParentRunner$1.schedule(ParentRunner.java:79)
02-22 01:07:41.427 15336 15352 E TestRunner: 	at org.junit.runners.ParentRunner.runChildren(ParentRunner.java:329)
02-22 01:07:41.427 15336 15352 E TestRunner: 	at org.junit.runners.ParentRunner.access$100(ParentRunner.java:66)
02-22 01:07:41.427 15336 15352 E TestRunner: 	at org.junit.runners.ParentRunner$2.evaluate(ParentRunner.java:293)
02-22 01:07:41.427 15336 15352 E TestRunner: 	at org.junit.runners.ParentRunner$3.evaluate(ParentRunner.java:306)
02-22 01:07:41.427 15336 15352 E TestRunner: 	at org.junit.runners.ParentRunner.run(ParentRunner.java:413)
02-22 01:07:41.427 15336 15352 E TestRunner: 	at androidx.test.ext.junit.runners.AndroidJUnit4.run(AndroidJUnit4.java:162)
02-22 01:07:41.427 15336 15352 E TestRunner: 	at org.junit.runners.Suite.runChild(Suite.java:128)
02-22 01:07:41.427 15336 15352 E TestRunner: 	at org.junit.runners.Suite.runChild(Suite.java:27)
02-22 01:07:41.427 15336 15352 E TestRunner: 	at org.junit.runners.ParentRunner$4.run(ParentRunner.java:331)
02-22 01:07:41.427 15336 15352 E TestRunner: 	at org.junit.runners.ParentRunner$1.schedule(ParentRunner.java:79)
02-22 01:07:41.427 15336 15352 E TestRunner: 	at org.junit.runners.ParentRunner.runChildren(ParentRunner.java:329)
02-22 01:07:41.427 15336 15352 E TestRunner: 	at org.junit.runners.ParentRunner.access$100(ParentRunner.java:66)
02-22 01:07:41.427 15336 15352 E TestRunner: 	at org.junit.runners.ParentRunner$2.evaluate(ParentRunner.java:293)
02-22 01:07:41.427 15336 15352 E TestRunner: 	at org.junit.runners.ParentRunner$3.evaluate(ParentRunner.java:306)
02-22 01:07:41.427 15336 15352 E TestRunner: 	at org.junit.runners.ParentRunner.run(ParentRunner.java:413)
02-22 01:07:41.427 15336 15352 E TestRunner: 	at org.junit.runner.JUnitCore.run(JUnitCore.java:137)
02-22 01:07:41.427 15336 15352 E TestRunner: 	at org.junit.runner.JUnitCore.run(JUnitCore.java:115)
02-22 01:07:41.428 15336 15352 E TestRunner: 	at androidx.test.internal.runner.TestExecutor.execute(TestExecutor.java:67)
02-22 01:07:41.428 15336 15352 E TestRunner: 	at androidx.test.internal.runner.TestExecutor.execute(TestExecutor.java:58)
02-22 01:07:41.428 15336 15352 E TestRunner: 	at androidx.test.runner.AndroidJUnitRunner.onStart(AndroidJUnitRunner.java:446)
02-22 01:07:41.428 15336 15352 E TestRunner: 	at android.app.Instrumentation$InstrumentationThread.run(Instrumentation.java:2634)
02-22 01:07:41.428 15336 15352 E TestRunner: ----- end exception -----
02-22 01:07:41.429  3365  3365 I PrimesLoggerHolder: FrameMetricServiceImpl.stopAsFuture():239 Measurement not found: OnConfigurationChanged
02-22 01:07:41.429  3365  3365 W TooltipLifecycleManager: TooltipLifecycleManager.dismissTooltips():153 Tooltip with id undo_access_point_promotion_banner not found in tooltipManager.
02-22 01:07:41.430  3365  3365 D ImeBackCallbackSender: Unregister OnBackInvokedCallback at app window (packageName=pt.aguiarvieira.andromuks)
02-22 01:07:41.431  3365  3365 I ImeTracker: pt.aguiarvieira.andromuks:720f5550: onHidden
02-22 01:07:41.433  3365  3842 I OnDeviceWmrCalculator: OnDeviceWmrCalculator.calculateWmr():94 WMR: 0.0000 (0 / 2)
02-22 01:07:41.433 15336 15352 I TestRunner: finished: generate(pt.aguiarvieira.andromuks.StartupBaselineProfile)
