02-22 01:07:22.727  1704  1789 D ConnectivityService: requestNetwork for uid/pid:10310/2688 asUid: 10367 activeRequest: null callbackRequest: 3907 [NetworkRequest [ REQUEST id=3908, [ Capabilities: INTERNET&NOT_RESTRICTED&TRUSTED&NOT_VCN_MANAGED&NOT_BANDWIDTH_CONSTRAINED Uid: 10367 RequestorUid: 10310 RequestorPkg: com.android.systemui UnderlyingNetworks: Null] ]] callback flags: 0 order: 2147483647 isUidTracked: false declaredMethods: AVAIL|BLK
02-22 01:07:22.728  1704  2583 D ConnectivityService: NetReassign [3908 : null → 100] [c 0] [a 0] [i 0]
02-22 01:07:22.728  1704  2576 D WifiNetworkFactory: got request NetworkRequest [ REQUEST id=3908, [ Capabilities: INTERNET&NOT_RESTRICTED&TRUSTED&NOT_VCN_MANAGED&NOT_BANDWIDTH_CONSTRAINED Uid: 10367 RequestorUid: 10310 RequestorPkg: com.android.systemui UnderlyingNetworks: Null] ]
02-22 01:07:22.728  1704  2576 D UntrustedWifiNetworkFactory: got request NetworkRequest [ REQUEST id=3908, [ Capabilities: INTERNET&NOT_RESTRICTED&TRUSTED&NOT_VCN_MANAGED&NOT_BANDWIDTH_CONSTRAINED Uid: 10367 RequestorUid: 10310 RequestorPkg: com.android.systemui UnderlyingNetworks: Null] ]
02-22 01:07:22.728  1704  2576 D OemPaidWifiNetworkFactory: got request NetworkRequest [ REQUEST id=3908, [ Capabilities: INTERNET&NOT_RESTRICTED&TRUSTED&NOT_VCN_MANAGED&NOT_BANDWIDTH_CONSTRAINED Uid: 10367 RequestorUid: 10310 RequestorPkg: com.android.systemui UnderlyingNetworks: Null] ]
02-22 01:07:22.728  1704  2576 D MultiInternetWifiNetworkFactory: got request NetworkRequest [ REQUEST id=3908, [ Capabilities: INTERNET&NOT_RESTRICTED&TRUSTED&NOT_VCN_MANAGED&NOT_BANDWIDTH_CONSTRAINED Uid: 10367 RequestorUid: 10310 RequestorPkg: com.android.systemui UnderlyingNetworks: Null] ]
02-22 01:07:22.733  1704  1789 W libbinder.ServiceManagerCppClient: Permission failure: android.permission.ACCESS_SURFACE_FLINGER from uid=10367 pid=0
02-22 01:07:22.733  1704  1789 D libbinder.PermissionCache: checking android.permission.ACCESS_SURFACE_FLINGER for uid=10367 => denied (115 us)
02-22 01:07:22.733  1704  1789 W libbinder.ServiceManagerCppClient: Permission failure: android.permission.ROTATE_SURFACE_FLINGER from uid=10367 pid=0
02-22 01:07:22.733  1704  1789 D libbinder.PermissionCache: checking android.permission.ROTATE_SURFACE_FLINGER for uid=10367 => denied (29 us)
02-22 01:07:22.733  1704  1789 W libbinder.ServiceManagerCppClient: Permission failure: android.permission.INTERNAL_SYSTEM_WINDOW from uid=10367 pid=0
02-22 01:07:22.733  1704  1789 D libbinder.PermissionCache: checking android.permission.INTERNAL_SYSTEM_WINDOW for uid=10367 => denied (25 us)
02-22 01:07:22.736  1704  1836 I ActivityTaskManager: Displayed pt.aguiarvieira.andromuks/net.vrkknn.andromuks.MainActivity for user 0: +392ms
02-22 01:07:22.738 21285 21285 D NexusLauncherModelDelegate: notifySmartspaceEvent: SmartspaceTargetEvent{mSmartspaceTarget=null, mSmartspaceActionId='null', mEventType=7}
02-22 01:07:22.750 15513 15513 D WindowOnBackDispatcher: setTopOnBackInvokedCallback (unwrapped): androidx.activity.OnBackPressedDispatcher$Api34Impl$createOnBackAnimationCallback$1@9cf6fbb
02-22 01:07:22.751 15513 15541 I WM-WorkerWrapper: Worker result SUCCESS for Work [ id=db9bd733-70a7-4c98-93b2-33d362222cd0, tags={ net.vrkknn.andromuks.ServiceStartWorker, service_start } ]
02-22 01:07:22.772  3707  4091 I MediaProvider: Invalidating LocalCallingIdentity cache for package pt.aguiarvieira.andromuks.baselineprofile. Reason: owned_database_row_deleted:/storage/emulated/0/Android/media/pt.aguiarvieira.andromuks.baselineprofile/temporaryScript2221050217533047049.tmp
02-22 01:07:22.775  3707  4091 I MediaProvider: Deleted 1 0 0 0 0 0 0 items on external_primary due to com.android.shell
02-22 01:07:22.777 15336 15352 D Benchmark: Result: Starting: Intent { act=android.intent.action.MAIN cat=[android.intent.category.LAUNCHER] flg=0x10008000 pkg=pt.aguiarvieira.andromuks cmp=pt.aguiarvieira.andromuks/net.vrkknn.andromuks.MainActivity }
02-22 01:07:22.777 15336 15352 D Benchmark: Status: ok
02-22 01:07:22.777 15336 15352 D Benchmark: LaunchState: COLD
02-22 01:07:22.777 15336 15352 D Benchmark: Activity: pt.aguiarvieira.andromuks/net.vrkknn.andromuks.MainActivity
02-22 01:07:22.777 15336 15352 D Benchmark: TotalTime: 392
02-22 01:07:22.777 15336 15352 D Benchmark: WaitTime: 394
02-22 01:07:22.777 15336 15352 D Benchmark: Complete
02-22 01:07:22.855  3365  3365 I GoogleInputMethodService: GoogleInputMethodService.onFinishInput():2113
02-22 01:07:22.855  3365  3365 I Module  : DeviceLockedStatusModuleProvider$Module.updateDeviceLockedStatus():103 repeatCheckTimes = 0, locked = false
02-22 01:07:22.857  3365  3365 I GoogleInputMethodService: GoogleInputMethodService.onStartInput():1384 onStartInput(EditorInfo{EditorInfo{packageName=pt.aguiarvieira.andromuks, inputType=0, inputTypeString=NULL, enableLearning=false, autoCorrection=false, autoComplete=false, imeOptions=0, privateImeOptions=null, actionName=UNSPECIFIED, actionLabel=null, initialSelStart=-1, initialSelEnd=-1, initialCapsMode=0, label=null, fieldId=0, fieldName=null, extras=null, hintText=null, hintLocales=[]}}, false)
02-22 01:07:22.858  3365  3365 I Module  : DeviceLockedStatusModuleProvider$Module.updateDeviceLockedStatus():103 repeatCheckTimes = 1, locked = false
02-22 01:07:22.859 11805 15586 D AdvertisingIdClient: AdvertisingIdClient already created.
02-22 01:07:22.859 11805 15586 D AdvertisingIdClient: AdvertisingIdClient is not bounded. Starting to bind it...
02-22 01:07:22.859  1704  2319 I ImeTracker: system_server:65e24e2a: onRequestHide at ORIGIN_SERVER reason IME_REQUESTED_CHANGED_LISTENER fromUser false
02-22 01:07:22.861  1704  1840 I ImeTracker: system_server:65e24e2a: onCancelled at PHASE_SERVER_SHOULD_HIDE
02-22 01:07:22.865 16580 16580 D BoundBrokerSvc: onRebind: Intent { act=com.google.android.gms.common.telemetry.service.START dat=chimera-action:/... xflg=0x4 cmp=com.google.android.gms/.chimera.PersistentApiService }
02-22 01:07:22.869 11805 15586 D AdvertisingIdClient: AdvertisingIdClient is bounded
02-22 01:07:22.871 11805 15586 I AdvertisingIdClient: shouldSendLog 355238652
02-22 01:07:22.871 11805 15586 I AdvertisingIdClient: GetInfoInternal elapse 11ms
02-22 01:07:22.882 11805 11805 I AdvertisingIdClient: getting error as 17: API: ClientTelemetry.API is not available on this device. Connection failed with: ConnectionResult{statusCode=API_DISABLED_FOR_CONNECTION, resolution=null, message=null, clientMethodKey=null}
02-22 01:07:22.896 21285 21285 D BaseActivity: Launcher flags updated: [] -[state_started]
02-22 01:07:22.896 21285 21285 D BaseDepthController: setSurface:
02-22 01:07:22.896 21285 21285 D BaseDepthController: 	mWaitingOnSurfaceValidity: false
02-22 01:07:22.896 21285 21285 D BaseDepthController: 	mBaseSurface: null
02-22 01:07:22.896 21285 21285 D BaseDepthController: mSurface is null and mCurrentBlur is: 0
02-22 01:07:22.897 21285 21285 D LauncherStateManager: StateManager.goToState: fromState: Normal, toState: Normal, partial trace:
02-22 01:07:22.897 21285 21285 D LauncherStateManager: 	at com.android.launcher3.statemanager.StateManager.moveToRestState(go/retraceme f3a19d912c87c27267cfbc05ba0bc7b202ab72a6648bd76225f5f7e128d94583:6)
02-22 01:07:22.897 21285 21285 D LauncherStateManager: 	at com.android.launcher3.statemanager.StateManager.moveToRestState(go/retraceme f3a19d912c87c27267cfbc05ba0bc7b202ab72a6648bd76225f5f7e128d94583:2)
02-22 01:07:22.897 21285 21285 D LauncherStateManager: 	at com.android.launcher3.statemanager.StatefulActivity.onStop(go/retraceme f3a19d912c87c27267cfbc05ba0bc7b202ab72a6648bd76225f5f7e128d94583:32)
02-22 01:07:22.897 21285 21285 D LauncherStateManager: StateManager.onRepeatStateSetAborted: state: Normal
02-22 01:07:22.897 21285 21285 D ActivityContext: hideKeyboard
02-22 01:07:22.897 21285 21285 D ActivityContext: isImeShown: false
02-22 01:07:22.897 21285 21285 D StatsLog: LAUNCHER_ONSTOP
02-22 01:07:22.897 21285 21335 D GmsPlayProvider: Shutdown the binder channel gracefully.
02-22 01:07:22.898 21285 21293 I libbinder.IPCThreadState: oneway function results for code 2 on binder at 0xb400006f2f1eaeb0 will be dropped but finished with status UNKNOWN_TRANSACTION
02-22 01:07:22.899 21285 21285 D StatsLog: LAUNCHER_GOOGLE_SEARCH_RESTORE_LIST_SIZE_AFTER_ACTIVITY_RESTART
02-22 01:07:22.900 16580 16580 I PlayCloudSearchChimeraS: Stopping the server
02-22 01:07:22.900 16580 16580 I PlayCloudSearchLifeCycl: Stopping the GRPC server
02-22 01:07:22.900 21285 21335 D GmsPlayProvider: Binder channel is terminated gracefully.
02-22 01:07:22.909 16403 31557 I Finsky  : [265] Package com.google.android.gms is verified.
02-22 01:07:22.912 11805 15586 W FA-SVC  : Service response is missing Install Referrer install timestamp
02-22 01:07:22.919  5577  5577 I Finsky:background: [2] Memory trim requested to level 40
02-22 01:07:22.920 16403 16403 I Finsky  : [2] Memory trim requested to level 40
02-22 01:07:22.920 16403 16403 I Finsky  : [2] Flushing in-memory image cache
02-22 01:07:22.949  4836  4836 I ContentProtectionServic: CP service created
02-22 01:07:22.953  4836  4836 I bya     : Starting to handle end event for package: pt.aguiarvieira.andromuks
02-22 01:07:22.953 21285 21289 W s.nexuslauncher: Reducing the number of considered missed Gc histogram windows from 321 to 100
02-22 01:07:22.954  4836  4836 I brp     : Starting work type: HANDLE_CONTENT_PROTECTION using foreground service, isShort: false
02-22 01:07:22.957  4836  4836 I WorkService: Work service created
02-22 01:07:22.957  4836  5032 I cij     : Started coroutine watchdog: work-service, duration: PT3M
02-22 01:07:22.961  4836  4836 I WorkService: Moved work service to foreground
02-22 01:07:22.962  4836  4836 I brp     : Starting the handler for work type: HANDLE_CONTENT_PROTECTION
02-22 01:07:22.962  4836  4836 I WorkService: Work service returning from onStartCommand, work count: 1
02-22 01:07:22.963  4836 10763 I bqw     : Starting CP from work service for pt.aguiarvieira.andromuks
02-22 01:07:22.978  4836 10763 I bya     : Finished handling login for package: pt.aguiarvieira.andromuks, latency: PT0.363S, events: 30, score: 0.0, verdict: NOT_HARMFUL
02-22 01:07:22.985  4836  5071 I brp     : Finished work type: HANDLE_CONTENT_PROTECTION, success: true, latency: PT0.017S
02-22 01:07:22.985  4836  4836 I WorkService: Stopping the work service
02-22 01:07:22.988  4836  4836 I WorkService: Work service moved out of the foreground
02-22 01:07:22.989  4836  4836 I WorkService: Work service destroyed
02-22 01:07:22.989  4836  4836 I cij     : Stopping watchdog: work-service, completed in time
02-22 01:07:22.993 16580 18258 I FontLog : (REDACTED) Received query %s, URI %s
02-22 01:07:22.995 16580 18258 I FontLog : (REDACTED) Query [%s] resolved to %s
02-22 01:07:22.997 16580 18258 I FontLog : (REDACTED) Fetch %s end status %s
02-22 01:07:22.998 16580 18258 I FontLog : (REDACTED) Pulling font file for id = %d, cache size = %d
02-22 01:07:23.005 16580 18258 I FontLog : (REDACTED) Pulling font file for id = %d, cache size = %d
02-22 01:07:23.068  6476 18206 I PermissionControllerServiceImpl: Updating user sensitive for uid 10367
02-22 01:07:23.078  2841  2841 I RegisteredComponentCache: generateComponentsList: New Components =>
02-22 01:07:23.078  2841  2841 I RegisteredComponentCache: ComponentInfo: ResolveInfo{6531c20 com.google.android.tag/com.android.apps.tag.TagViewer m=0x108000 userHandle=UserHandle{0}}, techs: android.nfc.tech.Ndef,
02-22 01:07:23.078  2841  2841 I RegisteredComponentCache: generateComponentsList: Removed Components =>
02-22 01:07:23.078  2841  2841 I RegisteredComponentCache: ComponentInfo: ResolveInfo{574fbfa com.google.android.tag/com.android.apps.tag.TagViewer m=0x108000 userHandle=UserHandle{0}}, techs: android.nfc.tech.Ndef,
02-22 01:07:23.078  2890  2890 D CarrierSvcBindHelper: onPackageModified: pt.aguiarvieira.andromuks
02-22 01:07:23.079  1704  2538 I RoleService: Granting default roles...
02-22 01:07:23.081  6476 18206 I PermissionControllerServiceImpl: Updating user sensitive for uid 10367
02-22 01:07:23.081  2890  2890 D CarrierSvcBindHelper: No carrier app for: 0
02-22 01:07:23.082  2890  2890 D CarrierSvcBindHelper: No carrier app for: 1
02-22 01:07:23.082  2688  3001 I PluginActionManager[com.android.systemui.action.FALSING_PLUGIN]: Found 0 plugins
02-22 01:07:23.082  2688  2688 D ControlsListingControllerImpl: ServiceConfig reloaded, count: 0
02-22 01:07:23.082  2688  3001 I PluginActionManager[com.android.systemui.action.PLUGIN_SENSOR_MANAGER]: Found 0 plugins
02-22 01:07:23.083  2688  3001 I PluginActionManager[com.android.systemui.action.PLUGIN_GLOBAL_ACTIONS]: Found 0 plugins
02-22 01:07:23.083  2688  3001 I PluginActionManager[com.android.systemui.action.PLUGIN_VOLUME]: Found 0 plugins
02-22 01:07:23.083  2688  3001 I PluginActionManager[com.android.systemui.action.PLUGIN_TOAST]: Found 0 plugins
02-22 01:07:23.083  2688  3001 I PluginActionManager[com.android.systemui.action.PLUGIN_QS]: Found 0 plugins
02-22 01:07:23.084  2890  3083 I SatelliteAppTracker: onPackageModified : pt.aguiarvieira.andromuks
02-22 01:07:23.084  2890  3083 E SatelliteAppTracker: packageName: pt.aguiarvieira.andromuks, value: null
02-22 01:07:23.086  1704  4479 W SignedPackage: Package doesn't have required signing certificate: com.google.android.retaildemo
02-22 01:07:23.086  2688  3001 I PluginActionManager[com.android.systemui.action.PLUGIN_NOTIFICATION_ASSISTANT]: Found 0 plugins
02-22 01:07:23.087  2688  3001 I PluginActionManager[com.android.systemui.action.PLUGIN_OVERLAY]: Found 0 plugins
02-22 01:07:23.087  2688  3001 I PluginActionManager[com.android.systemui.action.PLUGIN_NOTIFICATION_MENU_ROW]: Found 0 plugins
02-22 01:07:23.087  3705 15104 I AiAiEcho: AppIndexer Package:[pt.aguiarvieira.andromuks] UserProfile:[0] Enabled:[true].
02-22 01:07:23.088  1704  4479 E RoleControllerServiceImpl: Default/fallback role holder package doesn't qualify for the role, package: com.google.android.gms.supervision, role: android.app.role.SYSTEM_SUPERVISION, user: 0
02-22 01:07:23.091  3705 15104 I AiAiEcho: AppFetcherImplV2 updateApps package:[pt.aguiarvieira.andromuks], userId:[0], reason:[package is updated.].
02-22 01:07:23.102  2890  2890 E SmsApplication: com.google.android.apps.messaging lost android:read_cell_broadcasts:  (fixing)
02-22 01:07:23.104 21285 21307 D AlphabeticIndexCompat: computeSectionName: cs: Andromuks sectionName: A
02-22 01:07:23.105 21285 21285 D AllAppsStore: setApps: apps.length=21
02-22 01:07:23.105 21285 21285 D AllAppsStore: notifyUpdate: notifying listeners
02-22 01:07:23.105 21285 21285 D ActivityAllAppsContainerView: onAppsUpdated; number of apps: 21
02-22 01:07:23.105 21285 21285 D ActivityAllAppsContainerView: rebindAdapters: force: false
02-22 01:07:23.105 21285 21285 D ActivityAllAppsContainerView: rebindAdapters: Not needed.
02-22 01:07:23.105 21285 21285 D StatsLog: LAUNCHER_ALLAPPS_COUNT
02-22 01:07:23.105 21285 21285 D AlphabeticalAppsList: Clearing FastScrollerSections.
02-22 01:07:23.105 21285 21285 D AlphabeticalAppsList: Adding apps with sections. HasPrivateApps: false
02-22 01:07:23.105 21285 21285 D AlphabeticalAppsList: addAppsWithSections: adding sectionName: A with appInfoTitle: Andromuks
02-22 01:07:23.105 21285 21285 D AlphabeticalAppsList: addAppsWithSections: adding sectionName: B with appInfoTitle: BCR
02-22 01:07:23.105 21285 21285 D AlphabeticalAppsList: addAppsWithSections: adding sectionName: C with appInfoTitle: Calculadora
02-22 01:07:23.105 21285 21285 D AlphabeticalAppsList: addAppsWithSections: adding sectionName: D with appInfoTitle: Definições
02-22 01:07:23.105 21285 21285 D AlphabeticalAppsList: addAppsWithSections: adding sectionName: F with appInfoTitle: Files
02-22 01:07:23.105 21285 21285 D AlphabeticalAppsList: addAppsWithSections: adding sectionName: G with appInfoTitle: Gemini
02-22 01:07:23.105 21285 21285 D AlphabeticalAppsList: addAppsWithSections: adding sectionName: M with appInfoTitle: Mensagens
02-22 01:07:23.105 21285 21285 D AlphabeticalAppsList: addAppsWithSections: adding sectionName: P with appInfoTitle: Play Store
02-22 01:07:23.105 21285 21285 D AlphabeticalAppsList: addAppsWithSections: adding sectionName: R with appInfoTitle: Relógio
02-22 01:07:23.105 21285 21285 D AlphabeticalAppsList: addAppsWithSections: adding sectionName: S with appInfoTitle: Segurança
02-22 01:07:23.105 21285 21285 D AlphabeticalAppsList: addAppsWithSections: adding sectionName: T with appInfoTitle: Telefone
02-22 01:07:23.105 21285 21285 D AlphabeticalAppsList: addAppsWithSections: adding sectionName: V with appInfoTitle: Voice Access
02-22 01:07:23.105 21285 21285 D AlphabeticalAppsList: Adding FastScrollSection duplicate to scroll to the bottom.
02-22 01:07:23.106 21285 21285 D AlphabeticalAppsList: Clearing FastScrollerSections.
02-22 01:07:23.106 21285 21285 D AlphabeticalAppsList: Adding apps with sections. HasPrivateApps: false
02-22 01:07:23.106 21285 21285 D AlphabeticalAppsList: addAppsWithSections: adding sectionName: A with appInfoTitle: Andromuks
02-22 01:07:23.106 21285 21285 D AlphabeticalAppsList: addAppsWithSections: adding sectionName: B with appInfoTitle: BCR
02-22 01:07:23.106 21285 21285 D AlphabeticalAppsList: addAppsWithSections: adding sectionName: C with appInfoTitle: Calculadora
02-22 01:07:23.106 21285 21285 D AlphabeticalAppsList: addAppsWithSections: adding sectionName: D with appInfoTitle: Definições
02-22 01:07:23.106 21285 21285 D AlphabeticalAppsList: addAppsWithSections: adding sectionName: F with appInfoTitle: Files
02-22 01:07:23.106 21285 21285 D AlphabeticalAppsList: addAppsWithSections: adding sectionName: G with appInfoTitle: Gemini
02-22 01:07:23.106 21285 21285 D AlphabeticalAppsList: addAppsWithSections: adding sectionName: M with appInfoTitle: Mensagens
02-22 01:07:23.106 21285 21285 D AlphabeticalAppsList: addAppsWithSections: adding sectionName: P with appInfoTitle: Play Store
02-22 01:07:23.106 21285 21285 D AlphabeticalAppsList: addAppsWithSections: adding sectionName: R with appInfoTitle: Relógio
02-22 01:07:23.106 21285 21285 D AlphabeticalAppsList: addAppsWithSections: adding sectionName: S with appInfoTitle: Segurança
02-22 01:07:23.106 21285 21285 D AlphabeticalAppsList: addAppsWithSections: adding sectionName: T with appInfoTitle: Telefone
02-22 01:07:23.106 21285 21285 D AlphabeticalAppsList: addAppsWithSections: adding sectionName: V with appInfoTitle: Voice Access
02-22 01:07:23.106 21285 21285 D AlphabeticalAppsList: Adding FastScrollSection duplicate to scroll to the bottom.
02-22 01:07:23.109 21285 21285 D b/387844520: getOutlineOffsetX: measured width = 173, mNormalizedIconSize = 159, last updated width = 173
02-22 01:07:23.113  2890  3162 D ImsResolver: maybeAddedImsService, packageName: pt.aguiarvieira.andromuks
02-22 01:07:23.113  2890  3162 V ImsResolver: searchForImsServices: package=pt.aguiarvieira.andromuks, users=[UserHandle{0}]
02-22 01:07:23.114  2890  3162 V ImsResolver: searchForImsServices: package=pt.aguiarvieira.andromuks, users=[UserHandle{0}]
02-22 01:07:23.115  2890  2890 D SatelliteController: packageStateChanged: package:pt.aguiarvieira.andromuks defaultSmsPackageName: com.google.android.apps.messaging satelliteGatewayServicePackageName:
02-22 01:07:23.117  1704  4479 I Role    : com.google.android.gms not qualified for android.app.role.SYSTEM_DEPENDENCY_INSTALLER due to missing RequiredComponent{mIntentFilterData=IntentFilterData{mAction='android.content.pm.action.INSTALL_DEPENDENCY', mCategories='[]', mDataScheme='null', mDataType='null'}, mMinTargetSdkVersion=1, mFlags='0', mPermission='android.permission.BIND_DEPENDENCY_INSTALLER', mQueryFlags=0, mMetaData=[]}
02-22 01:07:23.117  1704  4479 E RoleControllerServiceImpl: Default/fallback role holder package doesn't qualify for the role, package: com.google.android.gms, role: android.app.role.SYSTEM_DEPENDENCY_INSTALLER, user: 0
02-22 01:07:23.117  2890  3164 E SmsApplication: com.google.android.apps.messaging lost android:read_cell_broadcasts:  (fixing)
02-22 01:07:23.119  2890  3164 D SatelliteAccessController: Current default SMS app:ComponentInfo{com.google.android.apps.messaging/com.google.android.apps.messaging.shared.receiver.SmsDeliverReceiver}
02-22 01:07:23.119  2890  3164 D SatelliteController: getSelectedSatelliteSubId: subId=-1
02-22 01:07:23.119  2890  3164 D SatelliteAccessController: supportedMsgApps:com.google.android.apps.messaging
02-22 01:07:23.143  1704  4479 W SignedPackage: Cannot get ApplicationInfo for package: com.google.android.devicelockcontroller
02-22 01:07:23.256  1505  6430 W libbinder.ServiceManagerCppClient: Waited one second for stats (is service started? Number of threads started in the threadpool: 17. Are binder threads started and available?)
02-22 01:07:23.256  1230  2980 W libbinder.ServiceManagerCppClient: Waited one second for stats (is service started? Number of threads started in the threadpool: 6. Are binder threads started and available?)
02-22 01:07:23.257  1704  2616 W libbinder.ServiceManagerCppClient: Waited one second for stats (is service started? Number of threads started in the threadpool: 32. Are binder threads started and available?)
02-22 01:07:23.539  2688  2688 D OngoingActionProgressCompose: State callback: isVisible=false, compact=false, showMenu=false
02-22 01:07:23.574 21285 21307 I PluginActionManager[com.android.systemui.action.ICON_WRAPPER_PLUGIN]: Found 0 plugins
02-22 01:07:23.575 21285 21307 I PluginActionManager[com.android.systemui.action.PLUGIN_CUSTOM_WIDGET]: Found 0 plugins
02-22 01:07:23.576 21285 21307 I PluginActionManager[com.android.systemui.action.PLUGIN_NETWORK_FETCHER_ACTIONS]: Found 0 plugins
02-22 01:07:23.576 21285 21307 I PluginActionManager[com.android.systemui.action.PLUGIN_LAUNCHER_OVERLAY]: Found 0 plugins
02-22 01:07:23.577 21285 21307 I PluginActionManager[com.android.systemui.action.PLUGIN_ALL_APPS_ACTIONS]: Found 0 plugins
02-22 01:07:23.578 21285 21307 I PluginActionManager[com.android.systemui.action.PLUGIN_BC_SMARTSPACE_DATA]: Found 0 plugins
02-22 01:07:23.690  2688  2688 D OngoingActionProgressCompose: State callback: isVisible=false, compact=false, showMenu=false
02-22 01:07:24.258  1505  6430 W libbinder.ServiceManagerCppClient: Waited one second for stats (is service started? Number of threads started in the threadpool: 17. Are binder threads started and available?)
02-22 01:07:24.258  1704  2616 W libbinder.ServiceManagerCppClient: Waited one second for stats (is service started? Number of threads started in the threadpool: 32. Are binder threads started and available?)
02-22 01:07:24.259  1230  2980 W libbinder.ServiceManagerCppClient: Waited one second for stats (is service started? Number of threads started in the threadpool: 6. Are binder threads started and available?)
02-22 01:07:24.291 15336 15624 D ProfileInstaller: Installing profile for pt.aguiarvieira.andromuks.baselineprofile
02-22 01:07:24.545  2688  2688 D OngoingActionProgressCompose: State callback: isVisible=false, compact=false, showMenu=false
02-22 01:07:24.696  2688  2688 D OngoingActionProgressCompose: State callback: isVisible=false, compact=false, showMenu=false
02-22 01:07:24.973 11805 15650 I Authzen : [DeviceStateSyncManager] The server is in sync with current state. Nothing to do
02-22 01:07:25.089  5577  6137 I PlayCommon: [80] Preparing logs for uploading
02-22 01:07:25.097  5577  6137 I PlayCommon: [80] Connecting to server: https://play.googleapis.com/play/log?format=raw&proto_v2=true
02-22 01:07:25.260  1505  6430 W libbinder.ServiceManagerCppClient: Waited one second for stats (is service started? Number of threads started in the threadpool: 17. Are binder threads started and available?)
02-22 01:07:25.260  1704  2616 W libbinder.ServiceManagerCppClient: Waited one second for stats (is service started? Number of threads started in the threadpool: 32. Are binder threads started and available?)
02-22 01:07:25.260  1230  2980 W libbinder.ServiceManagerCppClient: Waited one second for stats (is service started? Number of threads started in the threadpool: 6. Are binder threads started and available?)
02-22 01:07:25.301  5577  6137 I PlayCommon: [80] Successfully uploaded logs.
02-22 01:07:25.546  2688  2688 D OngoingActionProgressCompose: State callback: isVisible=false, compact=false, showMenu=false
02-22 01:07:25.698  2688  2688 D OngoingActionProgressCompose: State callback: isVisible=false, compact=false, showMenu=false
02-22 01:07:25.947  1704  2583 D InetDiagMessage: Destroyed 0 sockets, proto=IPPROTO_TCP, family=AF_INET, states=14
02-22 01:07:25.948  1704  2583 D InetDiagMessage: Destroyed 0 sockets, proto=IPPROTO_TCP, family=AF_INET6, states=14
02-22 01:07:25.948  1704  2583 D InetDiagMessage: Destroyed live tcp sockets for uids={10263} in 2ms
02-22 01:07:25.949  1704  2583 D InetDiagMessage: Destroyed 0 sockets, proto=IPPROTO_TCP, family=AF_INET, states=14
02-22 01:07:25.950  1704  2583 D InetDiagMessage: Destroyed 0 sockets, proto=IPPROTO_TCP, family=AF_INET6, states=14
02-22 01:07:25.950  1704  2583 D InetDiagMessage: Destroyed live tcp sockets for uids={20263} in 1ms
02-22 01:07:25.954  4836  4836 I ContentProtectionServic: CP service destroyed
02-22 01:07:26.102  1704  2583 D InetDiagMessage: Destroyed 0 sockets, proto=IPPROTO_TCP, family=AF_INET, states=14
02-22 01:07:26.102  1704  2583 D InetDiagMessage: Destroyed 0 sockets, proto=IPPROTO_TCP, family=AF_INET6, states=14
02-22 01:07:26.102  1704  2583 D InetDiagMessage: Destroyed live tcp sockets for uids={10270} in 1ms
02-22 01:07:26.106  1704  2583 D InetDiagMessage: Destroyed 0 sockets, proto=IPPROTO_TCP, family=AF_INET, states=14
02-22 01:07:26.108  1704  2583 D InetDiagMessage: Destroyed 0 sockets, proto=IPPROTO_TCP, family=AF_INET6, states=14
02-22 01:07:26.108  1704  2583 D InetDiagMessage: Destroyed live tcp sockets for uids={10281} in 2ms
02-22 01:07:26.109  1704  2583 D InetDiagMessage: Destroyed 0 sockets, proto=IPPROTO_TCP, family=AF_INET, states=14
02-22 01:07:26.109  1704  2583 D InetDiagMessage: Destroyed 0 sockets, proto=IPPROTO_TCP, family=AF_INET6, states=14
02-22 01:07:26.109  1704  2583 D InetDiagMessage: Destroyed live tcp sockets for uids={10190} in 1ms
02-22 01:07:26.261  1505  6430 W libbinder.ServiceManagerCppClient: Waited one second for stats (is service started? Number of threads started in the threadpool: 17. Are binder threads started and available?)
02-22 01:07:26.261  1704  2616 W libbinder.ServiceManagerCppClient: Waited one second for stats (is service started? Number of threads started in the threadpool: 32. Are binder threads started and available?)
02-22 01:07:26.261  1230  2980 W libbinder.ServiceManagerCppClient: Waited one second for stats (is service started? Number of threads started in the threadpool: 6. Are binder threads started and available?)
02-22 01:07:26.552  2688  2688 D OngoingActionProgressCompose: State callback: isVisible=false, compact=false, showMenu=false
02-22 01:07:26.703  2688  2688 D OngoingActionProgressCompose: State callback: isVisible=false, compact=false, showMenu=false
02-22 01:07:27.262  1505  6430 W libbinder.ServiceManagerCppClient: Waited one second for stats (is service started? Number of threads started in the threadpool: 17. Are binder threads started and available?)
02-22 01:07:27.263  1704  2616 W libbinder.ServiceManagerCppClient: Waited one second for stats (is service started? Number of threads started in the threadpool: 32. Are binder threads started and available?)
02-22 01:07:27.263  1230  2980 W libbinder.ServiceManagerCppClient: Waited one second for stats (is service started? Number of threads started in the threadpool: 6. Are binder threads started and available?)
02-22 01:07:27.379  1704  2583 D InetDiagMessage: Destroyed 0 sockets, proto=IPPROTO_TCP, family=AF_INET, states=14
02-22 01:07:27.381  1704  2583 D InetDiagMessage: Destroyed 0 sockets, proto=IPPROTO_TCP, family=AF_INET6, states=14
02-22 01:07:27.381  1704  2583 D InetDiagMessage: Destroyed live tcp sockets for uids={10194} in 5ms
02-22 01:07:27.454  1704  2583 D InetDiagMessage: Destroyed 0 sockets, proto=IPPROTO_TCP, family=AF_INET, states=14
02-22 01:07:27.455  1704  2583 D InetDiagMessage: Destroyed 0 sockets, proto=IPPROTO_TCP, family=AF_INET6, states=14
02-22 01:07:27.455  1704  2583 D InetDiagMessage: Destroyed live tcp sockets for uids={10234} in 3ms
02-22 01:07:27.557  2688  2688 D OngoingActionProgressCompose: State callback: isVisible=false, compact=false, showMenu=false
02-22 01:07:27.687 15513 15703 D ProfileInstaller: Skipping profile installation for pt.aguiarvieira.andromuks
02-22 01:07:27.708  2688  2688 D OngoingActionProgressCompose: State callback: isVisible=false, compact=false, showMenu=false
02-22 01:07:27.904 16580 16580 D BoundBrokerSvc: onUnbind: Intent { act=com.google.android.gms.common.telemetry.service.START dat=chimera-action:/... xflg=0x4 cmp=com.google.android.gms/.chimera.PersistentApiService }
02-22 01:07:27.973 16580 14887 I NetworkScheduler.Stats: (REDACTED) Task %s/%s started execution. cause:%s exec_start_elapsed_seconds: %s
02-22 01:07:27.976 11805 10046 I PlayGamesServices[GamesSyncAdapter]: Starting sync for b88df318
02-22 01:07:27.978 11805 10046 I PlayGamesServices[GamesSyncAdapter]: Sync duration for b88df318: 1
02-22 01:07:27.984 16580 14886 I NetworkScheduler.Stats: (REDACTED) Task %s/%s finished executing. cause:%s result: %s elapsed_millis: %s uptime_millis: %s exec_start_elapsed_seconds: %s
02-22 01:07:27.991 11805 11969 W PlayGamesServices[UiUtils]: AppVersion: Cannot find the installed destination app.
02-22 01:07:27.992 11805 11969 I GetServiceValidatorImpl: (REDACTED) onGetService() from Client SDK version [%s], Module version [%s], PGA version [%s], Account [%s], Calling package [%s], Game package [%s]
02-22 01:07:27.993 11805 11969 W GetGamesServiceReqFacto: Parsing request with ignored arguments. signInOptionsBundle [Bundle[{com.google.android.gms.signin.internal.serverClientId=null, com.google.android.gms.signin.internal.usePromptModeForAuthCode=true, com.google.android.gms.signin.internal.logSessionId=null, com.google.android.gms.signin.internal.hostedDomain=null, com.google.android.gms.signin.internal.offlineAccessRequested=false, com.google.android.gms.signin.internal.waitForAccessTokenRefresh=false, com.google.android.gms.signin.internal.clientRequestedAccount=Account {name=<<default account>>, type=com.google}, com.google.android.gms.signin.internal.idTokenRequested=false, com.google.android.gms.signin.internal.forceCodeForRefreshToken=false}]], isRetryingSignIn [false], skipWelcomePopup [false], requireGooglePlus [false]
02-22 01:07:27.994 11805 11969 I GetGamesServiceReqFacto: Replacing request for `games` scope with `games_lite`
02-22 01:07:28.002 11805 15710 I SignInPerformer-8: (REDACTED) Handling request [%s], isFirstPartyCaller [%s]
02-22 01:07:28.003 11805 15710 I SignInPerformer-8: Successfully brokered first-party unauthenticated GamesService [CONTEXT service_id=1 ]
02-22 01:07:28.005 11805 15710 I GetGamesServiceV2Op: (REDACTED) Successfully brokered GamesService for request %s
02-22 01:07:28.005 11805 11969 W PlayGamesServices[UiUtils]: AppVersion: Cannot find the installed destination app.
02-22 01:07:28.005 11805 11969 W PlayGamesServices[UiUtils]: AppVersionName: Cannot find the installed destination app.
02-22 01:07:28.016 16580 16580 D BoundBrokerSvc: onRebind: Intent { act=com.google.android.contextmanager.service.ContextManagerLogsUploadBoundService.ACTION_TASK_READY dat=chimera-action:/... xflg=0x4 cmp=com.google.android.gms/.chimera.PersistentInternalBoundBrokerService }
02-22 01:07:28.016 16580 15088 I NetworkScheduler.Stats: (REDACTED) Task %s/%s started execution. cause:%s exec_start_elapsed_seconds: %s
02-22 01:07:28.027 16580 16584 W .gms.persistent: Cleared Reference was only reachable from finalizer (only reported once)
02-22 01:07:28.046 11805 11805 D BoundBrokerSvc: onRebind: Intent { act=com.google.android.gms.findmydevice.spot.sync.EidCachingService.ACTION_TASK_READY dat=chimera-action:/... xflg=0x4 cmp=com.google.android.gms/.chimera.GmsInternalBoundBrokerService }
02-22 01:07:28.046 16580 14886 I NetworkScheduler.Stats: (REDACTED) Task %s/%s started execution. cause:%s exec_start_elapsed_seconds: %s
02-22 01:07:28.050 16580 15088 I NetworkScheduler.Stats: (REDACTED) Task %s/%s finished executing. cause:%s result: %s elapsed_millis: %s uptime_millis: %s exec_start_elapsed_seconds: %s
02-22 01:07:28.051 16580 16580 D BoundBrokerSvc: onUnbind: Intent { act=com.google.android.contextmanager.service.ContextManagerLogsUploadBoundService.ACTION_TASK_READY dat=chimera-action:/... xflg=0x4 cmp=com.google.android.gms/.chimera.PersistentInternalBoundBrokerService }
02-22 01:07:28.053 16580 15262 I EidCacheImpl: Refreshing the EID cache. [CONTEXT service_id=284 ]
02-22 01:07:28.054 11805 11805 D BoundBrokerSvc: onUnbind: Intent { act=com.google.android.gms.findmydevice.spot.sync.EidCachingService.ACTION_TASK_READY dat=chimera-action:/... xflg=0x4 cmp=com.google.android.gms/.chimera.GmsInternalBoundBrokerService }
02-22 01:07:28.060 16580 15088 I NetworkScheduler.Stats: (REDACTED) Task %s/%s finished executing. cause:%s result: %s elapsed_millis: %s uptime_millis: %s exec_start_elapsed_seconds: %s
02-22 01:07:28.074 16580  4200 I EidCacheImpl: (REDACTED) EID in-memory cache updated for account with %d EIDs
02-22 01:07:28.264  1505  6430 W libbinder.ServiceManagerCppClient: Waited one second for stats (is service started? Number of threads started in the threadpool: 17. Are binder threads started and available?)
02-22 01:07:28.264  1704  2616 W libbinder.ServiceManagerCppClient: Waited one second for stats (is service started? Number of threads started in the threadpool: 32. Are binder threads started and available?)
02-22 01:07:28.265  1230  2980 W libbinder.ServiceManagerCppClient: Waited one second for stats (is service started? Number of threads started in the threadpool: 6. Are binder threads started and available?)
02-22 01:07:28.563  2688  2688 D OngoingActionProgressCompose: State callback: isVisible=false, compact=false, showMenu=false
02-22 01:07:28.714  2688  2688 D OngoingActionProgressCompose: State callback: isVisible=false, compact=false, showMenu=false
02-22 01:07:28.792  1704  2583 D InetDiagMessage: Destroyed 0 sockets, proto=IPPROTO_TCP, family=AF_INET, states=14
02-22 01:07:28.794  1704  2583 D InetDiagMessage: Destroyed 0 sockets, proto=IPPROTO_TCP, family=AF_INET6, states=14
02-22 01:07:28.794  1704  2583 D InetDiagMessage: Destroyed live tcp sockets for uids={10264} in 5ms
02-22 01:07:28.795  1704  2583 D InetDiagMessage: Destroyed 0 sockets, proto=IPPROTO_TCP, family=AF_INET, states=14
02-22 01:07:28.797  1704  2583 D InetDiagMessage: Destroyed 0 sockets, proto=IPPROTO_TCP, family=AF_INET6, states=14
02-22 01:07:28.797  1704  2583 D InetDiagMessage: Destroyed live tcp sockets for uids={20264} in 3ms
02-22 01:07:29.266  1505  6430 W libbinder.ServiceManagerCppClient: Waited one second for stats (is service started? Number of threads started in the threadpool: 17. Are binder threads started and available?)
02-22 01:07:29.266  1704  2616 W libbinder.ServiceManagerCppClient: Waited one second for stats (is service started? Number of threads started in the threadpool: 32. Are binder threads started and available?)
02-22 01:07:29.266  1230  2980 W libbinder.ServiceManagerCppClient: Waited one second for stats (is service started? Number of threads started in the threadpool: 6. Are binder threads started and available?)
02-22 01:07:29.567  2688  2688 D OngoingActionProgressCompose: State callback: isVisible=false, compact=false, showMenu=false
02-22 01:07:29.718  2688  2688 D OngoingActionProgressCompose: State callback: isVisible=false, compact=false, showMenu=false
02-22 01:07:30.267  1505  6430 W libbinder.ServiceManagerCppClient: Waited one second for stats (is service started? Number of threads started in the threadpool: 17. Are binder threads started and available?)
02-22 01:07:30.267  1704  2616 W libbinder.ServiceManagerCppClient: Waited one second for stats (is service started? Number of threads started in the threadpool: 32. Are binder threads started and available?)
02-22 01:07:30.268  1230  2980 W libbinder.ServiceManagerCppClient: Waited one second for stats (is service started? Number of threads started in the threadpool: 6. Are binder threads started and available?)
02-22 01:07:30.568  2688  2688 D OngoingActionProgressCompose: State callback: isVisible=false, compact=false, showMenu=false
02-22 01:07:30.717  2843  2843 D QtiCarrierConfigHelper: WARNING, no carrier configs on phone Id: 0
02-22 01:07:30.717  2843  2843 D QtiCarrierConfigHelper: WARNING, no carrier configs on phone Id: 1
02-22 01:07:30.719  2688  2688 D OngoingActionProgressCompose: State callback: isVisible=false, compact=false, showMenu=false
02-22 01:07:30.960  1704  2583 D InetDiagMessage: Destroyed 0 sockets, proto=IPPROTO_TCP, family=AF_INET, states=14
02-22 01:07:30.961  1704  2583 D InetDiagMessage: Destroyed 0 sockets, proto=IPPROTO_TCP, family=AF_INET6, states=14
02-22 01:07:30.961  1704  2583 D InetDiagMessage: Destroyed live tcp sockets for uids={10263} in 1ms
02-22 01:07:31.166 11805 11805 D BoundBrokerSvc: onUnbind: Intent { act=com.google.android.gms.backup.GMS_MODULE_RESTORE dat=chimera-action:/... xflg=0x4 cmp=com.google.android.gms/.chimera.GmsInternalBoundBrokerService }
02-22 01:07:31.269  1704  2616 W libbinder.ServiceManagerCppClient: Waited one second for stats (is service started? Number of threads started in the threadpool: 32. Are binder threads started and available?)
02-22 01:07:31.269  1230  2980 W libbinder.ServiceManagerCppClient: Waited one second for stats (is service started? Number of threads started in the threadpool: 6. Are binder threads started and available?)
02-22 01:07:31.269  1505  6430 W libbinder.ServiceManagerCppClient: Waited one second for stats (is service started? Number of threads started in the threadpool: 17. Are binder threads started and available?)
02-22 01:07:31.570  2688  2688 D OngoingActionProgressCompose: State callback: isVisible=false, compact=false, showMenu=false
02-22 01:07:31.720  2688  2688 D OngoingActionProgressCompose: State callback: isVisible=false, compact=false, showMenu=false
02-22 01:07:32.270  1704  2616 W libbinder.ServiceManagerCppClient: Waited one second for stats (is service started? Number of threads started in the threadpool: 32. Are binder threads started and available?)
02-22 01:07:32.271  1230  2980 W libbinder.ServiceManagerCppClient: Waited one second for stats (is service started? Number of threads started in the threadpool: 6. Are binder threads started and available?)
02-22 01:07:32.271  1505  6430 W libbinder.ServiceManagerCppClient: Waited one second for stats (is service started? Number of threads started in the threadpool: 17. Are binder threads started and available?)
02-22 01:07:32.572  2688  2688 D OngoingActionProgressCompose: State callback: isVisible=false, compact=false, showMenu=false
02-22 01:07:32.723  2688  2688 D OngoingActionProgressCompose: State callback: isVisible=false, compact=false, showMenu=false
02-22 01:07:32.915 11805 11805 D BoundBrokerSvc: onUnbind: Intent { act=com.google.android.gms.measurement.START xflg=0x4 pkg=com.google.android.gms }
02-22 01:07:32.926  1704  2583 D InetDiagMessage: Destroyed 0 sockets, proto=IPPROTO_TCP, family=AF_INET, states=14
02-22 01:07:32.927  1704  2583 D InetDiagMessage: Destroyed 1 sockets, proto=IPPROTO_TCP, family=AF_INET6, states=14
02-22 01:07:32.927  1704  2583 D InetDiagMessage: Destroyed live tcp sockets for uids={10246} in 2ms
02-22 01:07:33.029 11805 15586 W FA-SVC  : Config not found. Using empty config. appId: pt.aguiarvieira.andromuks
02-22 01:07:33.039 11805 15586 W FA-SVC  : Did not find measurement config or missing version info. appId: pt.aguiarvieira.andromuks
02-22 01:07:33.047 11805 15586 W FA-SVC  : Did not find measurement config or missing version info. appId: pt.aguiarvieira.andromuks
02-22 01:07:33.272  1704  2616 W libbinder.ServiceManagerCppClient: Waited one second for stats (is service started? Number of threads started in the threadpool: 32. Are binder threads started and available?)
02-22 01:07:33.273  1505  6430 W libbinder.ServiceManagerCppClient: Waited one second for stats (is service started? Number of threads started in the threadpool: 17. Are binder threads started and available?)
02-22 01:07:33.273  1230  2980 W libbinder.ServiceManagerCppClient: Waited one second for stats (is service started? Number of threads started in the threadpool: 6. Are binder threads started and available?)
02-22 01:07:33.579  2688  2688 D OngoingActionProgressCompose: State callback: isVisible=false, compact=false, showMenu=false
02-22 01:07:33.730  2688  2688 D OngoingActionProgressCompose: State callback: isVisible=false, compact=false, showMenu=false
02-22 01:07:34.273  1704  2616 W libbinder.ServiceManagerCppClient: Waited one second for stats (is service started? Number of threads started in the threadpool: 32. Are binder threads started and available?)
02-22 01:07:34.273  1230  2980 W libbinder.ServiceManagerCppClient: Waited one second for stats (is service started? Number of threads started in the threadpool: 6. Are binder threads started and available?)
02-22 01:07:34.273  1505  6430 W libbinder.ServiceManagerCppClient: Waited one second for stats (is service started? Number of threads started in the threadpool: 17. Are binder threads started and available?)
02-22 01:07:34.374  3365  3365 I GoogleInputMethodService: GoogleInputMethodService.onFinishInput():2113
02-22 01:07:34.375 15513 15513 I ImeTracker: pt.aguiarvieira.andromuks:cb8131a3: onRequestShow at ORIGIN_CLIENT reason SHOW_SOFT_INPUT_BY_INSETS_API fromUser false
02-22 01:07:34.375  3365  3365 I Module  : DeviceLockedStatusModuleProvider$Module.updateDeviceLockedStatus():103 repeatCheckTimes = 0, locked = false
02-22 01:07:34.378  3365  3365 W TooltipLifecycleManager: TooltipLifecycleManager.dismissTooltips():153 Tooltip with id SUGGESTION_VIEW_EDU_MINI_DIALOG not found in tooltipManager.
02-22 01:07:34.387 15513 15513 I AssistStructure: Flattened final assist data: 844 bytes, containing 1 windows, 5 views
02-22 01:07:34.388  3365  3365 I GoogleInputMethodService: GoogleInputMethodService.onStartInput():1384 onStartInput(EditorInfo{EditorInfo{packageName=pt.aguiarvieira.andromuks, inputType=28001, inputTypeString=Normal[MultiLine|AutoCorrect], enableLearning=true, autoCorrection=true, autoComplete=true, imeOptions=42000000, privateImeOptions=null, actionName=UNSPECIFIED, actionLabel=null, initialSelStart=0, initialSelEnd=0, initialCapsMode=0, label=null, fieldId=-1, fieldName=null, extras=Bundle[mParcelledData.dataSize=404], hintText=null, hintLocales=[]}}, false)
02-22 01:07:34.390  3365  3365 I Module  : DeviceLockedStatusModuleProvider$Module.updateDeviceLockedStatus():103 repeatCheckTimes = 1, locked = false
02-22 01:07:34.391  3365  3365 I GoogleInputMethodService: GoogleInputMethodService.onStartInput():1384 onStartInput(EditorInfo{EditorInfo{packageName=pt.aguiarvieira.andromuks, inputType=28001, inputTypeString=Normal[MultiLine|AutoCorrect], enableLearning=true, autoCorrection=true, autoComplete=true, imeOptions=42000000, privateImeOptions=null, actionName=UNSPECIFIED, actionLabel=null, initialSelStart=0, initialSelEnd=0, initialCapsMode=0, label=null, fieldId=-1, fieldName=null, extras=Bundle[mParcelledData.dataSize=404], hintText=null, hintLocales=[]}}, true)
02-22 01:07:34.391  3365  3365 W SessionManager: SessionManager.beginSession():53 Try to begin an already begun session [INPUT_SESSION], end it first
02-22 01:07:34.391  3365  3365 I Module  : DeviceLockedStatusModuleProvider$Module.updateDeviceLockedStatus():103 repeatCheckTimes = 1, locked = false
02-22 01:07:34.393  3365  3365 I StylusModule: StylusModule.onUpdateToolType():774 Update tool type = 1
02-22 01:07:34.395  3365  3365 I GoogleInputMethodService: GoogleInputMethodService.onStartInputView():1472 onStartInputView(EditorInfo{EditorInfo{packageName=pt.aguiarvieira.andromuks, inputType=28001, inputTypeString=Normal[MultiLine|AutoCorrect], enableLearning=true, autoCorrection=true, autoComplete=true, imeOptions=42000000, privateImeOptions=null, actionName=UNSPECIFIED, actionLabel=null, initialSelStart=0, initialSelEnd=0, initialCapsMode=0, label=null, fieldId=-1, fieldName=null, extras=Bundle[{android.support.text.emoji.emojiCompat_metadataVersion=11, androidx.core.view.inputmethod.EditorInfoCompat.STYLUS_HANDWRITING_ENABLED=true, android.support.text.emoji.emojiCompat_replaceAll=false}], hintText=null, hintLocales=[]}}, false)
02-22 01:07:34.398  3365  3365 I KeyboardHeightUtil: KeyboardHeightUtil.getOemKeyboardHeightRatio():81 systemKeyboardHeightRatio:1.000000.
02-22 01:07:34.399 15513 15513 I ImeTracker: pt.aguiarvieira.andromuks:aab2553f: onRequestShow at ORIGIN_CLIENT reason SHOW_SOFT_INPUT fromUser false
02-22 01:07:34.400 15513 15513 I ImeTracker: pt.aguiarvieira.andromuks:aab2553f: onCancelled at PHASE_CLIENT_REPORT_REQUESTED_VISIBLE_TYPES
02-22 01:07:34.404  3365  3842 W ModuleManager: ModuleManager.loadModule():578 Module pdt is not available
02-22 01:07:34.405  3365  3365 I AndroidIME: InputBundleManager.loadActiveInputBundleId():531 loadActiveInputBundleId: pt-PT, ime_portuguese_portugal
02-22 01:07:34.407  3365  3365 I AndroidIME: AbstractIme.onActivate():95 LatinIme.onActivate() : EditorInfo = EditorInfo{packageName=pt.aguiarvieira.andromuks, inputType=28001, inputTypeString=Normal[MultiLine|AutoCorrect], enableLearning=true, autoCorrection=true, autoComplete=true, imeOptions=42000000, privateImeOptions=null, actionName=UNSPECIFIED, actionLabel=null, initialSelStart=0, initialSelEnd=0, initialCapsMode=0, label=null, fieldId=-1, fieldName=null, extras=Bundle[{android.support.text.emoji.emojiCompat_metadataVersion=11, androidx.core.view.inputmethod.EditorInfoCompat.STYLUS_HANDWRITING_ENABLED=true, android.support.text.emoji.emojiCompat_replaceAll=false}], hintText=null, hintLocales=[]}, IncognitoMode = false, DeviceLocked = false
02-22 01:07:34.407  3365  3365 I InputBundle: InputBundle.consumeEvent():1041 Skip consuming an event as keyboard status is INACTIVE
02-22 01:07:34.409  3365  3365 I Delight5Facilitator: Delight5Facilitator.initializeForIme():745 initializeForIme() : Locale = [pt_PT], layout = qwerty
02-22 01:07:34.416  3365  3365 I LatinIme: LatinIme.updateEnableInlineSuggestionsOnDecoderSideFlags():1255 inline flag updated to:false
02-22 01:07:34.418  3365  3365 I LatinIme: LatinIme.updateEnableInlineSuggestionsOnDecoderSideFlags():1255 inline flag updated to:false
02-22 01:07:34.424 11805 11805 D BoundBrokerSvc: onBind: Intent { act=com.google.android.mdd.service.START dat=chimera-action:/... xflg=0x4 cmp=com.google.android.gms/.chimera.GmsBoundBrokerService }
02-22 01:07:34.424 11805 11805 D BoundBrokerSvc: Loading bound service for intent: Intent { act=com.google.android.mdd.service.START dat=chimera-action:/... xflg=0x4 cmp=com.google.android.gms/.chimera.GmsBoundBrokerService }
02-22 01:07:34.430  3365  3842 I NebulaeTrainingCacheMetricsProcessor: NebulaeTrainingCacheMetricsProcessor.processBeginSession():247 Begin training cache session: pt.aguiarvieira.andromuks_-1/
02-22 01:07:34.447  3365  3365 I InputBundle: InputBundle.consumeEvent():1041 Skip consuming an event as keyboard status is INACTIVE
02-22 01:07:34.447  3365  3365 I LatinIme: LatinIme.resetInputContext():2262 resetInputContext(): reason=1, externalEditsInfo=ExternalEditsInfo{action=0, offset=-1, text=null, originalText=null, edits=null}
02-22 01:07:34.448  3365  3365 I InputBundle: InputBundle.consumeEvent():1041 Skip consuming an event as keyboard status is INACTIVE
02-22 01:07:34.449  3365  3365 I KeyboardWrapper: KeyboardWrapper.activateKeyboard():582 activateKeyboard(): type=prime, status=INACTIVE, imeDef=nkh{stringId=ime_portuguese_portugal, language=pt-PT, languageTag=pt-PT, processedConditions={writing_helper_enable_by_word_revert=false, true=true, enable_number_row=false, device=phone, enable_pk_simulator=false}, className=com.google.android.apps.inputmethod.libs.latin5.LatinIme, label=0, keyEventInterpreter=null, inlineComposing=true, autoCapital=true, announceAutoSelectedCandidate=true, statusIcon=0, indicatorIcon=0, indicatorLabel=null, displayAppCompletions=true, extraValues=nka{#0x7f0b02e2=TypedValue{t=0x3/d=0x0 "com.google.android.apps.inputmethod.libs.latin5.LatinIme"}}, processors=nlz@bbb22d3, unacceptableMetaKeys=4098, languageSpecificSettings=0, asciiCapable=true, alwaysShowSuggestions=false, useAsciiPasswordKeyboard=false, keyboardGroupDef=nli@70bd6eb, phenotypeFlagId=0, localizationLanguageTag=null, supportsInlineSuggestion=true}
02-22 01:07:34.449  3365  3365 I KeyboardManager: KeyboardManager.requestKeyboard():249 Creating keyboard prime, imeId=ime_portuguese_portugal, cacheKey=theme,!gsf,!pgsans,!pgsf,!use_system_font,BORDER,FLAVOR_DPI=XXHDPI,KEYBOARD_WIDTH_CATEGORY=NORMAL,KEY_BORDER_SHAPE=1,LIGHT_THEME=false,PHYSICAL_DIAGONAL=5.9637985,POPUP,SCREEN_SHORTEST_WIDTH=411,SCREEN_SHORTEST_WIDTH_NO_SCALE=411,SW400DP,XXHDPI,bottom4dp,enable_popup_on_keypress=true,keyboard_redesign_google_sans=true,non_linear_scale,noshadow,overlay_builtin_dynamic_color_dark_base.binarypb:gm3-dark-ff0e0e12-ffc7c2ee-d009f3ef60c950f6d31895f93d44fcd5,silkpopup
02-22 01:07:34.452  3365  3365 I KeyboardWrapper: KeyboardWrapper.onKeyboardReady():224 onKeyboardReady(): type=symbol(prime), kb=com.google.android.apps.inputmethod.latin.keyboard.LatinPrimeKeyboard@14ef6c7
02-22 01:07:34.452  3365  3365 I KeyboardWrapper: KeyboardWrapper.doActivateKeyboard():612 doActivateKeyboard(): prime
