02-22 01:07:34.466 16580 16580 W Glide   : Failed to find GeneratedAppGlideModule. You should include an annotationProcessor compile dependency on com.github.bumptech.glide:compiler in your application and a @GlideModule annotated AppGlideModule implementation or LibraryGlideModules will be silently ignored
02-22 01:07:34.469  3365  3365 I BaseKeyboardSizeHelper: BaseKeyboardSizeHelper.calculateMaxKeyboardBodyHeight():73 leave 281 height for app when ime window height:2134, header height:116 and isFullscreenMode:false, so the max keyboard body height is:1737
02-22 01:07:34.469  3365  3365 W TooltipLifecycleManager: TooltipLifecycleManager.dismissTooltips():153 Tooltip with id undo_access_point_promotion_banner not found in tooltipManager.
02-22 01:07:34.470  3365  3365 I KeyboardModeUtils: KeyboardModeUtils.getKeyboardBottomOffset():435 inch: 0.000000 ydpi: 409.903015 adjustKeyboardBottomByDisplaySize: false currentDensityDpi: 420 defaultDensityDpi: 420 keyboardBottomToScreenPx: 0 keyboardBottomToNavBarPx: -126 navBarHeight: 126
02-22 01:07:34.470  3365  3365 I BaseKeyboardSizeHelper: BaseKeyboardSizeHelper.calculateMaxKeyboardBodyHeight():73 leave 281 height for app when ime window height:2134, header height:116 and isFullscreenMode:false, so the max keyboard body height is:1737
02-22 01:07:34.470  3365  3365 I BaseKeyboardSizeHelper: BaseKeyboardSizeHelper.calculateMaxKeyboardBodyHeight():73 leave 281 height for app when ime window height:2134, header height:116 and isFullscreenMode:false, so the max keyboard body height is:1737
02-22 01:07:34.470  3365  3365 I BaseKeyboardSizeHelper: BaseKeyboardSizeHelper.calculateMaxKeyboardBodyHeight():73 leave 281 height for app when ime window height:2134, header height:116 and isFullscreenMode:false, so the max keyboard body height is:1737
02-22 01:07:34.470  3365  3365 I BaseKeyboardSizeHelper: BaseKeyboardSizeHelper.calculateMaxKeyboardBodyHeight():73 leave 281 height for app when ime window height:2134, header height:116 and isFullscreenMode:false, so the max keyboard body height is:1737
02-22 01:07:34.471  3365  3365 I GlobeKeyExtension: GlobeKeyExtension.getKeyboardInitialStates():175
02-22 01:07:34.472  3365  3365 W Keyboard: Keyboard.getKeyboardViewHelper():604 null helper is returned: keyboardDef=nlc{processedConditions={show_comma_key=true, enable_more_candidates_view_for_multilingual=false, layout_9key_split=false, enable_secondary_symbols=false, pref_enable_flick_symbols=false, language=pt-PT, deprecate_long_press_space_for_ime_picker=false, expressions=normal, android_software_xr_api_spatial=false, variant=qwerty, show_period_key=true, device=phone, keyboard_mode=normal, show_secondary_digits=true, enable_pk_simulator=false, enable_preemptive_decode=true}, globalConditions={global_theme_key=theme,!gsf,!pgsans,!pgsf,!use_system_font,BORDER,FLAVOR_DPI=XXHDPI,KEYBOARD_WIDTH_CATEGORY=NORMAL,KEY_BORDER_SHAPE=1,LIGHT_THEME=false,PHYSICAL_DIAGONAL=5.9637985,POPUP,SCREEN_SHORTEST_WIDTH=411,SCREEN_SHORTEST_WIDTH_NO_SCALE=411,SW400DP,XXHDPI,bottom4dp,enable_popup_on_keypress=true,keyboard_redesign_google_sans=true,non_linear_scale,noshadow,overlay_builtin_dynamic_color_dark_base.binarypb:gm3-dark-ff0e0e12-ffc7c2ee-d009f3ef60c950f6d31895f93d44fcd5,silkpopup, global_locale=pt_PT, global_density_dpi=420, global_orientation=1}, className=.latin.keyboard.LatinPrimeKeyboard, resourceIds=[#0x7f1706c3, #0x7f17088b], initialStates=0, keyboardViewDefs=[nlq{direction=null, id=#0x7f0b0225, isScalable=true, layoutId=#0x7f0e0379, type=BODY, touchable=true, defaultShow=true}, nlq{direction=null, id=#0x7f0b0225, isScalable=false, layoutId=#0x7f0e020f, type=FLOATING_CANDIDATES, touchable=false, defaultShow=false}, nlq{direction=LOCALE, id=#0x7f0b0225, isScalable=false, layoutId=#0x7f0e0516, type=HEADER, touchable=true, defaultShow=true}], persistentStates=0, persistentStatesPrefKey=null, popupBubbleLayoutId=#0x7f0e0604, recentKeyLayoutId=#0x0, recentKeyPopupLayoutId=#0x0, recentKeyType=null, rememberRecentKey=NONE, sessionStates=17592186044419}, type=WIDGET, helpersCreated={HEADER=mwp@3bc0f7e, BODY=mwp@d3f2cdf, FLOATING_CANDIDATES=mwp@70c3d2c}, context.getResources().getConfiguration(): {1.0 ?mcc0mnc [pt_PT] ldltr sw411dp w411dp h891dp 420dpi nrml long compactNeeded hdr widecg port night finger -keyb/v/h -nav/h winConfig={ mBounds=Rect(0, 0 - 1080, 2340) mAppBounds=Rect(0, 0 - 1080, 2340) mMaxBounds=Rect(0, 0 - 1080, 2340) mDisplayRotation=ROTATION_0 mWindowingMode=fullscreen mActivityType=undefined mAlwaysOnTop=undefined mRotation=ROTATION_0} as.3 s.33 fontWeightAdjustment=0}
02-22 01:07:34.473  3365  3365 I BaseKeyboardSizeHelper: BaseKeyboardSizeHelper.calculateMaxKeyboardBodyHeight():73 leave 281 height for app when ime window height:2134, header height:116 and isFullscreenMode:false, so the max keyboard body height is:1737
02-22 01:07:34.473  1704  3927 D ConnectivityService: requestNetwork for uid/pid:10250/16580 activeRequest: null callbackRequest: 3909 [NetworkRequest [ TRACK_DEFAULT id=3910, [ Capabilities: INTERNET&NOT_RESTRICTED&TRUSTED&NOT_VCN_MANAGED&NOT_BANDWIDTH_CONSTRAINED Uid: 10250 RequestorUid: 10250 RequestorPkg: com.google.android.gms UnderlyingNetworks: Null] ], NetworkRequest [ REQUEST id=3911, [ Transports: SATELLITE Capabilities: INTERNET&NOT_RESTRICTED&TRUSTED&NOT_VCN_MANAGED Uid: 10250 RequestorUid: 10250 RequestorPkg: com.google.android.gms UnderlyingNetworks: Null] ]] callback flags: 0 order: 2147483647 isUidTracked: false declaredMethods: AVAIL|LOST
02-22 01:07:34.476  1704  2583 D ConnectivityService: NetReassign [3910 : null → 100] [c 1] [a 1] [i 1]
02-22 01:07:34.485 11805 11805 D BoundBrokerSvc: onBind: Intent { act=com.google.android.gms.wallet.service.BIND xflg=0x4 pkg=com.google.android.gms }
02-22 01:07:34.485 11805 11805 D BoundBrokerSvc: Loading bound service for intent: Intent { act=com.google.android.gms.wallet.service.BIND xflg=0x4 pkg=com.google.android.gms }
02-22 01:07:34.489  3365  3365 I AndroidIME: InputBundleManager.startInput():361 startInput() with nlm[keyboardType=prime, payload=null]
02-22 01:07:34.489  3365  3365 I PkModeUpdater: PkModeUpdater.onActivate():74 onActivate false true
02-22 01:07:34.489  3365  3365 I AccessoryInputModeManager: AccessoryInputModeManager.onModeStarted():324 Accessory input mode started: null
02-22 01:07:34.489  3365  3365 W SupplementaryKeyboardsWrapper: SupplementaryKeyboardsWrapper.deactivateKeyboard():162 keyboard accessory_candidates_consumer is not activated before!
02-22 01:07:34.490  3365  3365 I KeyboardModeUtils: KeyboardModeUtils.getKeyboardBottomOffset():435 inch: 0.000000 ydpi: 409.903015 adjustKeyboardBottomByDisplaySize: false currentDensityDpi: 420 defaultDensityDpi: 420 keyboardBottomToScreenPx: 0 keyboardBottomToNavBarPx: -126 navBarHeight: 126
02-22 01:07:34.490  3365  3365 I BaseKeyboardSizeHelper: BaseKeyboardSizeHelper.calculateMaxKeyboardBodyHeight():73 leave 281 height for app when ime window height:2134, header height:116 and isFullscreenMode:false, so the max keyboard body height is:1737
02-22 01:07:34.490  3365  3365 I BaseKeyboardSizeHelper: BaseKeyboardSizeHelper.calculateMaxKeyboardBodyHeight():73 leave 281 height for app when ime window height:2134, header height:116 and isFullscreenMode:false, so the max keyboard body height is:1737
02-22 01:07:34.490  3365  3365 I BaseKeyboardSizeHelper: BaseKeyboardSizeHelper.calculateMaxKeyboardBodyHeight():73 leave 281 height for app when ime window height:2134, header height:116 and isFullscreenMode:false, so the max keyboard body height is:1737
02-22 01:07:34.490  3365  3365 I BaseKeyboardSizeHelper: BaseKeyboardSizeHelper.calculateMaxKeyboardBodyHeight():73 leave 281 height for app when ime window height:2134, header height:116 and isFullscreenMode:false, so the max keyboard body height is:1737
02-22 01:07:34.490  3365  3365 W ExtensionWrapper: ExtensionWrapper.setExtensionViewVisibility():876 interface nac is not activate
02-22 01:07:34.491  3365  3365 I GlobeKeyExtension: GlobeKeyExtension.onActivate():120
02-22 01:07:34.491  3365  3365 I HardKeyTracker: HardKeyTracker.unregisterKeySequence():229 Unregister key sequence ohy{labelResId=2132020485, callback=cti@a6905c8, lastModifier=2, keyCodes=[56], actions=[0]}
02-22 01:07:34.491  3365  3365 I HardKeyTracker: HardKeyTracker.unregisterKeySequence():229 Unregister key sequence ohy{labelResId=2132020485, callback=cti@f2a9661, lastModifier=0, keyCodes=[317], actions=[0]}
02-22 01:07:34.491  3365  3365 I HardKeyTracker: HardKeyTracker.registerKeySequence():178 Register key sequence ohy{labelResId=2132020485, callback=cti@30d8c7e, lastModifier=2, keyCodes=[56], actions=[0]}
02-22 01:07:34.492  3365  3365 I HardKeyTracker: HardKeyTracker.registerKeySequence():178 Register key sequence ohy{labelResId=2132020485, callback=cti@50765df, lastModifier=0, keyCodes=[317], actions=[0]}
02-22 01:07:34.492  3365  3365 W AccessPointsManager: AccessPointsManager.addAccessPoint():1084 The holder controller #0x7f0b246c is not registered
02-22 01:07:34.492  3365  3365 I VoiceInputManagerWrapper: VoiceInputManagerWrapper.cancelShutdown():109 cancelShutdown()
02-22 01:07:34.492  3365  3365 I VoiceInputManagerWrapper: VoiceInputManagerWrapper.syncLanguagePacks():121 syncLanguagePacks()
02-22 01:07:34.493  3365 10787 I SpeechFactory: SpeechRecognitionFactory.maybeScheduleAutoPackDownloadForFallback():217 maybeScheduleAutoPackDownloadForFallback()
02-22 01:07:34.493  3365 10787 I FallbackOnDeviceRecognitionProvider: FallbackOnDeviceRecognitionProvider.maybeScheduleAutoPackDownload():213 maybeScheduleAutoPackDownload() for language tag pt-PT
02-22 01:07:34.493  3365  3365 I VoiceInputManager: VoiceInputManager.onKeyboardActivated():1215 onKeyboardActivated() [UD]
02-22 01:07:34.494  1704  3927 I AssistStructure: Flattened final assist data: 600 bytes, containing 1 windows, 5 views
02-22 01:07:34.495  3365  3365 I Module  : DeviceLockedStatusModuleProvider$Module.updateDeviceLockedStatus():103 repeatCheckTimes = 1, locked = false
02-22 01:07:34.496 16580 16580 D BoundBrokerSvc: onBind: Intent { act=com.google.android.gms.location.places.GeoDataApi dat=chimera-action:/... xflg=0x4 cmp=com.google.android.gms/.chimera.PersistentBoundBrokerService }
02-22 01:07:34.496 16580 16580 D BoundBrokerSvc: Loading bound service for intent: Intent { act=com.google.android.gms.location.places.GeoDataApi dat=chimera-action:/... xflg=0x4 cmp=com.google.android.gms/.chimera.PersistentBoundBrokerService }
02-22 01:07:34.496 11805 11805 D BoundBrokerSvc: onBind: Intent { act=com.google.android.gms.credential.manager.service.firstparty.START dat=chimera-action:/... xflg=0x4 cmp=com.google.android.gms/.chimera.GmsApiService }
02-22 01:07:34.496 11805 11805 D BoundBrokerSvc: Loading bound service for intent: Intent { act=com.google.android.gms.credential.manager.service.firstparty.START dat=chimera-action:/... xflg=0x4 cmp=com.google.android.gms/.chimera.GmsApiService }
02-22 01:07:34.496  3365  3365 I HardKeyTracker: HardKeyTracker.unregisterKeySequence():229 Unregister key sequence ohy{labelResId=2132020485, callback=cti@62c1e47, lastModifier=2, keyCodes=[56], actions=[0]}
02-22 01:07:34.496  3365  3365 I HardKeyTracker: HardKeyTracker.unregisterKeySequence():229 Unregister key sequence ohy{labelResId=2132020485, callback=cti@3ecb674, lastModifier=0, keyCodes=[317], actions=[0]}
02-22 01:07:34.496  3365  3365 I HardKeyTracker: HardKeyTracker.registerKeySequence():178 Register key sequence ohy{labelResId=2132020485, callback=cti@8d57dea, lastModifier=2, keyCodes=[56], actions=[0]}
02-22 01:07:34.496  3365  3365 I HardKeyTracker: HardKeyTracker.registerKeySequence():178 Register key sequence ohy{labelResId=2132020485, callback=cti@c4018db, lastModifier=0, keyCodes=[317], actions=[0]}
02-22 01:07:34.497  3365  3365 I VoiceImeExtension: VoiceImeExtension.shouldStartVoiceInputAutomaticallyInCurrentInputBox():384 No private IME option set to start voice input.
02-22 01:07:34.497  3365  3365 D ImeBackCallbackSender: Register OnBackInvokedCallback with priority=-1 at app window (packageName=pt.aguiarvieira.andromuks)
02-22 01:07:34.504 11805 11805 D BoundBrokerSvc: onBind: Intent { act=com.google.firebase.dynamiclinks.service.START xflg=0x4 pkg=com.google.android.gms }
02-22 01:07:34.504 11805 11805 D BoundBrokerSvc: Loading bound service for intent: Intent { act=com.google.firebase.dynamiclinks.service.START xflg=0x4 pkg=com.google.android.gms }
02-22 01:07:34.505 15513 15513 D WindowOnBackDispatcher: setTopOnBackInvokedCallback (unwrapped): android.view.ImeBackAnimationController@9afcee1
02-22 01:07:34.511 11805 14709 I SyncManager: (REDACTED) Executing sync(type=%s%s)
02-22 01:07:34.514  3365  3365 I WindowMetricsNotification: WindowMetricsNotification.notifyWithWindow():166
02-22 01:07:34.514  3365  3365 I WindowMetricsNotification: WindowMetricsNotification.notify():159 qjg[bounds=Rect(0, 80 - 1080, 2340), insets=Rect(0, 0 - 0, 126), densityDpi=420, smallestScreenWidthDp=411, displayWidth=1080, displayHeight=2340, xdpi=403.411, ydpi=409.903, isTrustable=true, displayId=0]; DisplayMetrics{density=2.625, width=1080, height=2340, scaledDensity=2.625, xdpi=403.411, ydpi=409.903}
02-22 01:07:34.516 11805 11805 D BoundBrokerSvc: onBind: Intent { act=com.google.android.gms.auth.api.phone.service.SmsRetrieverApiService.START dat=chimera-action:/... xflg=0x4 cmp=com.google.android.gms/.chimera.GmsApiService }
02-22 01:07:34.516 11805 11805 D BoundBrokerSvc: Loading bound service for intent: Intent { act=com.google.android.gms.auth.api.phone.service.SmsRetrieverApiService.START dat=chimera-action:/... xflg=0x4 cmp=com.google.android.gms/.chimera.GmsApiService }
02-22 01:07:34.520 16580 16580 D BoundBrokerSvc: onRebind: Intent { act=com.google.android.gms.auth.aang.events.services.START dat=chimera-action:/... xflg=0x4 cmp=com.google.android.gms/.chimera.PersistentApiService }
02-22 01:07:34.521 11805 14709 I SyncManager: (REDACTED) Executing sync(type=%s) finished in %s
02-22 01:07:34.527  3365  3365 I GoogleInputMethodService: GoogleInputMethodService$1.onKeyboardViewShown():331 onKeyboardViewShown: keyboardType=prime, keyboardViewType=HEADER keyboardView=com.google.android.libraries.inputmethod.widgets.SoftKeyboardView{b21f931 V.E...... ........ 0,0-1080,116}
02-22 01:07:34.527  3365  3365 I BaseKeyboardSizeHelper: BaseKeyboardSizeHelper.calculateMaxKeyboardBodyHeight():73 leave 281 height for app when ime window height:2134, header height:116 and isFullscreenMode:false, so the max keyboard body height is:1737
02-22 01:07:34.528  3365  3365 I GoogleInputMethodService: GoogleInputMethodService$1.onKeyboardViewShown():331 onKeyboardViewShown: keyboardType=prime, keyboardViewType=BODY keyboardView=com.google.android.libraries.inputmethod.widgets.SoftKeyboardView{8e1a36a V.E...... ........ 0,0-1080,641}
02-22 01:07:34.528  3365  3365 I BaseKeyboardSizeHelper: BaseKeyboardSizeHelper.calculateMaxKeyboardBodyHeight():73 leave 281 height for app when ime window height:2134, header height:116 and isFullscreenMode:false, so the max keyboard body height is:1737
02-22 01:07:34.528  3365  3365 I GlobeKeyExtension: GlobeKeyExtension$1.onKeyboardViewShown():72 maybeDisableLanguageSwitchKeyPref when the keyboard is shown
02-22 01:07:34.528  3365  3365 I GlobeKeyExtension: GlobeKeyExtension.maybeDisableLanguageSwitchKeyPref():200 maybeDisableLanguageSwitchKeyPref hasGlobeKeyBeenDisabled: true, shouldDisableLanguageSwitchKey: true
02-22 01:07:34.529  3365  3365 I NewLanguagePromptExtension: NewLanguagePromptExtension$1.onKeyboardViewShown():98 Not show new language banner: no change in enabled input method entries
02-22 01:07:34.529  3365  3365 I DynamicLayoutHandler: DynamicLayoutHandler.loadDynamicKeys():92 This isn't a dynamic layout.
02-22 01:07:34.529  3365  3951 I Delight5Decoder: Delight5DecoderWrapper.setKeyboardLayout():548 setKeyboardLayout()
02-22 01:07:34.531  3365  3365 I KeyboardModeUtils: KeyboardModeUtils.getKeyboardBottomOffset():435 inch: 0.000000 ydpi: 409.903015 adjustKeyboardBottomByDisplaySize: false currentDensityDpi: 420 defaultDensityDpi: 420 keyboardBottomToScreenPx: 0 keyboardBottomToNavBarPx: -126 navBarHeight: 126
02-22 01:07:34.531  3365  3365 I BaseKeyboardSizeHelper: BaseKeyboardSizeHelper.calculateMaxKeyboardBodyHeight():73 leave 281 height for app when ime window height:2134, header height:116 and isFullscreenMode:false, so the max keyboard body height is:1737
02-22 01:07:34.531  3365  3365 I BaseKeyboardSizeHelper: BaseKeyboardSizeHelper.calculateMaxKeyboardBodyHeight():73 leave 281 height for app when ime window height:2134, header height:116 and isFullscreenMode:false, so the max keyboard body height is:1737
02-22 01:07:34.532  3365  3365 I KeyboardModeUtils: KeyboardModeUtils.getKeyboardBottomOffset():435 inch: 0.000000 ydpi: 409.903015 adjustKeyboardBottomByDisplaySize: false currentDensityDpi: 420 defaultDensityDpi: 420 keyboardBottomToScreenPx: 0 keyboardBottomToNavBarPx: -126 navBarHeight: 126
02-22 01:07:34.532  3365  3365 I BaseKeyboardSizeHelper: BaseKeyboardSizeHelper.calculateMaxKeyboardBodyHeight():73 leave 281 height for app when ime window height:2134, header height:116 and isFullscreenMode:false, so the max keyboard body height is:1737
02-22 01:07:34.532  3365  3365 I BaseKeyboardSizeHelper: BaseKeyboardSizeHelper.calculateMaxKeyboardBodyHeight():73 leave 281 height for app when ime window height:2134, header height:116 and isFullscreenMode:false, so the max keyboard body height is:1737
02-22 01:07:34.535 16580  4200 W aphc    : Failed to retrieve prediction data. [CONTEXT service_id=177 ]
02-22 01:07:34.535 16580  4200 W aphc    : java.util.concurrent.ExecutionException: fvsn: No data was found for the table autofill-domain-predictions-prod-spanner.
02-22 01:07:34.535 16580  4200 W aphc    : 	at gykz.j(:com.google.android.gms@260534035@26.05.34 (260400-869443408):21)
02-22 01:07:34.535 16580  4200 W aphc    : 	at gyli.v(:com.google.android.gms@260534035@26.05.34 (260400-869443408):107)
02-22 01:07:34.535 16580  4200 W aphc    : 	at gykz.get(:com.google.android.gms@260534035@26.05.34 (260400-869443408):6)
02-22 01:07:34.535 16580  4200 W aphc    : 	at aphc.e(:com.google.android.gms@260534035@26.05.34 (260400-869443408):81)
02-22 01:07:34.535 16580  4200 W aphc    : 	at aphc.a(:com.google.android.gms@260534035@26.05.34 (260400-869443408):124)
02-22 01:07:34.535 16580  4200 W aphc    : 	at apem.call(:com.google.android.gms@260534035@26.05.34 (260400-869443408):5)
02-22 01:07:34.535 16580  4200 W aphc    : 	at java.util.concurrent.FutureTask.run(FutureTask.java:317)
02-22 01:07:34.535 16580  4200 W aphc    : 	at bfoi.c(:com.google.android.gms@260534035@26.05.34 (260400-869443408):50)
02-22 01:07:34.535 16580  4200 W aphc    : 	at bfoi.run(:com.google.android.gms@260534035@26.05.34 (260400-869443408):73)
02-22 01:07:34.535 16580  4200 W aphc    : 	at java.util.concurrent.ThreadPoolExecutor.runWorker(ThreadPoolExecutor.java:1154)
02-22 01:07:34.535 16580  4200 W aphc    : 	at java.util.concurrent.ThreadPoolExecutor$Worker.run(ThreadPoolExecutor.java:652)
02-22 01:07:34.535 16580  4200 W aphc    : 	at bftz.run(:com.google.android.gms@260534035@26.05.34 (260400-869443408):8)
02-22 01:07:34.535 16580  4200 W aphc    : 	at java.lang.Thread.run(Thread.java:1563)
02-22 01:07:34.535 16580  4200 W aphc    : Caused by: fvsn: No data was found for the table autofill-domain-predictions-prod-spanner.
02-22 01:07:34.535 16580  4200 W aphc    : 	at fvte.a(:com.google.android.gms@260534035@26.05.34 (260400-869443408):217)
02-22 01:07:34.535 16580  4200 W aphc    : 	at gylk.d(:com.google.android.gms@260534035@26.05.34 (260400-869443408):3)
02-22 01:07:34.535 16580  4200 W aphc    : 	at gylm.run(:com.google.android.gms@260534035@26.05.34 (260400-869443408):38)
02-22 01:07:34.535 16580  4200 W aphc    : 	at gymy.execute(:com.google.android.gms@260534035@26.05.34 (260400-869443408):1)
02-22 01:07:34.535 16580  4200 W aphc    : 	at gykz.f(:com.google.android.gms@260534035@26.05.34 (260400-869443408):1)
02-22 01:07:34.535 16580  4200 W aphc    : 	at gykz.m(:com.google.android.gms@260534035@26.05.34 (260400-869443408):99)
02-22 01:07:34.535 16580  4200 W aphc    : 	at gykz.q(:com.google.android.gms@260534035@26.05.34 (260400-869443408):13)
02-22 01:07:34.535 16580  4200 W aphc    : 	at gyll.e(:com.google.android.gms@260534035@26.05.34 (260400-869443408):1)
02-22 01:07:34.535 16580  4200 W aphc    : 	at gylm.run(:com.google.android.gms@260534035@26.05.34 (260400-869443408):44)
02-22 01:07:34.535 16580  4200 W aphc    : 	at gymy.execute(:com.google.android.gms@260534035@26.05.34 (260400-869443408):1)
02-22 01:07:34.535 16580  4200 W aphc    : 	at gykz.f(:com.google.android.gms@260534035@26.05.34 (260400-869443408):1)
02-22 01:07:34.535 16580  4200 W aphc    : 	at gykz.m(:com.google.android.gms@260534035@26.05.34 (260400-869443408):99)
02-22 01:07:34.535 16580  4200 W aphc    : 	at gykz.t(:com.google.android.gms@260534035@26.05.34 (260400-869443408):26)
02-22 01:07:34.535 16580  4200 W aphc    : 	at gylk.e(:com.google.android.gms@260534035@26.05.34 (260400-869443408):3)
02-22 01:07:34.535 16580  4200 W aphc    : 	at gylm.run(:com.google.android.gms@260534035@26.05.34 (260400-869443408):44)
02-22 01:07:34.535 16580  4200 W aphc    : 	at gymy.execute(:com.google.android.gms@260534035@26.05.34 (260400-869443408):1)
02-22 01:07:34.535 16580  4200 W aphc    : 	at gykz.f(:com.google.android.gms@260534035@26.05.34 (260400-869443408):1)
02-22 01:07:34.535 16580  4200 W aphc    : 	at gykz.m(:com.google.android.gms@260534035@26.05.34 (260400-869443408):99)
02-22 01:07:34.535 16580  4200 W aphc    : 	at gykz.t(:com.google.android.gms@260534035@26.05.34 (260400-869443408):26)
02-22 01:07:34.535 16580  4200 W aphc    : 	at gylk.e(:com.google.android.gms@260534035@26.05.34 (260400-869443408):3)
02-22 01:07:34.535 16580  4200 W aphc    : 	at gylm.run(:com.google.android.gms@260534035@26.05.34 (260400-869443408):44)
02-22 01:07:34.535 16580  4200 W aphc    : 	at gymy.execute(:com.google.android.gms@260534035@26.05.34 (260400-869443408):1)
02-22 01:07:34.535 16580  4200 W aphc    : 	at gykz.f(:com.google.android.gms@260534035@26.05.34 (260400-869443408):1)
02-22 01:07:34.535 16580  4200 W aphc    : 	at gykz.m(:com.google.android.gms@260534035@26.05.34 (260400-869443408):99)
02-22 01:07:34.535 16580  4200 W aphc    : 	at gykz.q(:com.google.android.gms@260534035@26.05.34 (260400-869443408):13)
02-22 01:07:34.535 16580  4200 W aphc    : 	at gykr.run(:com.google.android.gms@260534035@26.05.34 (260400-869443408):120)
02-22 01:07:34.535 16580  4200 W aphc    : 	at gymy.execute(:com.google.android.gms@260534035@26.05.34 (260400-869443408):1)
02-22 01:07:34.535 16580  4200 W aphc    : 	at gykz.f(:com.google.android.gms@260534035@26.05.34 (260400-869443408):1)
02-22 01:07:34.535 16580  4200 W aphc    : 	at gykz.m(:com.google.android.gms@260534035@26.05.34 (260400-869443408):99)
02-22 01:07:34.535 16580  4200 W aphc    : 	at gykz.q(:com.google.android.gms@260534035@26.05.34 (260400-869443408):13)
02-22 01:07:34.535 16580  4200 W aphc    : 	at gyll.e(:com.google.android.gms@260534035@26.05.34 (260400-869443408):1)
02-22 01:07:34.535 16580  4200 W aphc    : 	at gylm.run(:com.google.android.gms@260534035@26.05.34 (260400-869443408):44)
02-22 01:07:34.535 16580  4200 W aphc    : 	at gymy.execute(:com.google.android.gms@260534035@26.05.34 (260400-869443408):1)
02-22 01:07:34.535 16580  4200 W aphc    : 	at gykz.f(:com.google.android.gms@260534035@26.05.34 (260400-869443408):1)
02-22 01:07:34.535 16580  4200 W aphc    : 	at gykz.m(:com.google.android.gms@260534035@26.05.34 (260400-869443408):99)
02-22 01:07:34.536 16580  4200 W aphc    : 	at gykt.run(:com.google.android.gms@260534035@26.05.34 (260400-869443408):25)
02-22 01:07:34.536 16580  4200 W aphc    : 	at gymy.execute(:com.google.android.gms@260534035@26.05.34 (260400-869443408):1)
02-22 01:07:34.536 16580  4200 W aphc    : 	at gync.c(:com.google.android.gms@260534035@26.05.34 (260400-869443408):1)
02-22 01:07:34.536 16580  4200 W aphc    : 	at gync.b(:com.google.android.gms@260534035@26.05.34 (260400-869443408):32)
02-22 01:07:34.536 16580  4200 W aphc    : 	at gyon.done(:com.google.android.gms@260534035@26.05.34 (260400-869443408):3)
02-22 01:07:34.536 16580  4200 W aphc    : 	at java.util.concurrent.FutureTask.finishCompletion(FutureTask.java:434)
02-22 01:07:34.536 16580  4200 W aphc    : 	at java.util.concurrent.FutureTask.set(FutureTask.java:285)
02-22 01:07:34.536 16580  4200 W aphc    : 	at java.util.concurrent.FutureTask.run(FutureTask.java:325)
02-22 01:07:34.536 16580  4200 W aphc    : 	at gypb.run(:com.google.android.gms@260534035@26.05.34 (260400-869443408):64)
02-22 01:07:34.536 16580  4200 W aphc    : 	... 6 more
02-22 01:07:34.546 15513 15513 D VRI[MainActivity]: WindowInsets changed: ime:[0,0,0,883]
02-22 01:07:34.548 15513 15513 W InteractionJankMonitor: Initializing without READ_DEVICE_CONFIG permission. enabled=false, interval=1, missedFrameThreshold=3, frameTimeThreshold=64, package=pt.aguiarvieira.andromuks
02-22 01:07:34.573 16580 16580 D BoundBrokerSvc: onRebind: Intent { act=com.google.android.gms.libs.gmscorelogger.service.START dat=chimera-action:/... xflg=0x4 cmp=com.google.android.gms/.chimera.PersistentDirectBootAwareApiService }
02-22 01:07:34.579  3365  3371 W putmethod.latin: Reducing the number of considered missed Gc histogram windows from 7373 to 100
02-22 01:07:34.585  2688  2688 D OngoingActionProgressCompose: State callback: isVisible=false, compact=false, showMenu=false
02-22 01:07:34.593 16580 15836 I UsernameSaveInfoFactory: Form is missing username. [CONTEXT service_id=177 ]
02-22 01:07:34.605 11805 14709 I SyncManager: (REDACTED) Executing sync(type=%s%s)
02-22 01:07:34.607 11805 14709 I SyncManager: (REDACTED) Executing sync(type=%s) finished in %s
02-22 01:07:34.614 11805 14709 I SyncManager: (REDACTED) Executing sync(type=%s%s)
02-22 01:07:34.618 11805 14709 I SyncManager: (REDACTED) Executing sync(type=%s) finished in %s
02-22 01:07:34.622 11805 14709 I SyncManager: (REDACTED) Executing sync(type=%s%s)
02-22 01:07:34.626 11805 14709 I SyncManager: (REDACTED) Executing sync(type=%s) finished in %s
02-22 01:07:34.628 11805 14709 I SyncManager: (REDACTED) Executing sync(type=%s%s)
02-22 01:07:34.630 11805 14709 I SyncManager: (REDACTED) Executing sync(type=%s) finished in %s
02-22 01:07:34.643 11805 14709 I SyncManager: (REDACTED) Executing sync(type=%s%s)
02-22 01:07:34.645 11805 14709 I SyncManager: (REDACTED) Executing sync(type=%s) finished in %s
02-22 01:07:34.649  3365  3365 W TooltipLifecycleManager: TooltipLifecycleManager.dismissTooltips():153 Tooltip with id spell_check_add_to_dictionary not found in tooltipManager.
02-22 01:07:34.735  2688  2688 D OngoingActionProgressCompose: State callback: isVisible=false, compact=false, showMenu=false
02-22 01:07:34.862 15513 15513 I ImeTracker: pt.aguiarvieira.andromuks:cb8131a3: onShown
02-22 01:07:34.905  1704  2583 D ConnectivityService: NetReassign [no changes] [c 0] [a 0] [i 1]
02-22 01:07:35.142 16580 16580 D BoundBrokerSvc: onRebind: Intent { act=com.google.android.gms.clearcut.sampler.service.START dat=chimera-action:/... xflg=0x4 cmp=com.google.android.gms/.chimera.PersistentDirectBootAwareApiService }
02-22 01:07:35.276  1704  2616 W libbinder.ServiceManagerCppClient: Waited one second for stats (is service started? Number of threads started in the threadpool: 32. Are binder threads started and available?)
02-22 01:07:35.277  1230  2980 W libbinder.ServiceManagerCppClient: Waited one second for stats (is service started? Number of threads started in the threadpool: 6. Are binder threads started and available?)
02-22 01:07:35.277  1505  6430 W libbinder.ServiceManagerCppClient: Waited one second for stats (is service started? Number of threads started in the threadpool: 17. Are binder threads started and available?)
02-22 01:07:35.441  1203  1203 D vendor.qti.vibrator: Vibrator perform effect 0
02-22 01:07:35.442  1203 15868 D vendor.qti.vibrator: Starting perform on another thread
02-22 01:07:35.469  1203 15868 D vendor.qti.vibrator: Notifying perform complete
02-22 01:07:35.469  1203  1203 D vendor.qti.vibrator: QTI Vibrator off
02-22 01:07:35.505  3365  3365 W TooltipLifecycleManager: TooltipLifecycleManager.dismissTooltips():153 Tooltip with id SUGGESTION_VIEW_EDU_MINI_DIALOG not found in tooltipManager.
02-22 01:07:35.579  3365  3365 I KeyboardModeUtils: KeyboardModeUtils.getKeyboardBottomOffset():435 inch: 0.000000 ydpi: 409.903015 adjustKeyboardBottomByDisplaySize: false currentDensityDpi: 420 defaultDensityDpi: 420 keyboardBottomToScreenPx: 0 keyboardBottomToNavBarPx: -126 navBarHeight: 126
02-22 01:07:35.579  3365  3365 I BaseKeyboardSizeHelper: BaseKeyboardSizeHelper.calculateMaxKeyboardBodyHeight():73 leave 281 height for app when ime window height:2134, header height:116 and isFullscreenMode:false, so the max keyboard body height is:1737
02-22 01:07:35.579  3365  3365 I BaseKeyboardSizeHelper: BaseKeyboardSizeHelper.calculateMaxKeyboardBodyHeight():73 leave 281 height for app when ime window height:2134, header height:116 and isFullscreenMode:false, so the max keyboard body height is:1737
02-22 01:07:35.588  2688  2688 D OngoingActionProgressCompose: State callback: isVisible=false, compact=false, showMenu=false
02-22 01:07:35.739  2688  2688 D OngoingActionProgressCompose: State callback: isVisible=false, compact=false, showMenu=false
02-22 01:07:35.741  1203  1203 D vendor.qti.vibrator: Vibrator perform effect 0
02-22 01:07:35.743  1203 15876 D vendor.qti.vibrator: Starting perform on another thread
02-22 01:07:35.769  1203 15876 D vendor.qti.vibrator: Notifying perform complete
02-22 01:07:35.771  1203  1203 D vendor.qti.vibrator: QTI Vibrator off
02-22 01:07:35.809  3365  3365 W TooltipLifecycleManager: TooltipLifecycleManager.dismissTooltips():153 Tooltip with id SUGGESTION_VIEW_EDU_MINI_DIALOG not found in tooltipManager.
02-22 01:07:35.848  3365  3365 I KeyboardModeUtils: KeyboardModeUtils.getKeyboardBottomOffset():435 inch: 0.000000 ydpi: 409.903015 adjustKeyboardBottomByDisplaySize: false currentDensityDpi: 420 defaultDensityDpi: 420 keyboardBottomToScreenPx: 0 keyboardBottomToNavBarPx: -126 navBarHeight: 126
02-22 01:07:35.848  3365  3365 I BaseKeyboardSizeHelper: BaseKeyboardSizeHelper.calculateMaxKeyboardBodyHeight():73 leave 281 height for app when ime window height:2134, header height:116 and isFullscreenMode:false, so the max keyboard body height is:1737
02-22 01:07:35.848  3365  3365 I BaseKeyboardSizeHelper: BaseKeyboardSizeHelper.calculateMaxKeyboardBodyHeight():73 leave 281 height for app when ime window height:2134, header height:116 and isFullscreenMode:false, so the max keyboard body height is:1737
02-22 01:07:35.929  1203  1203 D vendor.qti.vibrator: Vibrator perform effect 0
02-22 01:07:35.930  1203 15880 D vendor.qti.vibrator: Starting perform on another thread
02-22 01:07:35.956  1203 15880 D vendor.qti.vibrator: Notifying perform complete
02-22 01:07:35.958  1203  1203 D vendor.qti.vibrator: QTI Vibrator off
02-22 01:07:35.961  3365  3365 W TooltipLifecycleManager: TooltipLifecycleManager.dismissTooltips():153 Tooltip with id SUGGESTION_VIEW_EDU_MINI_DIALOG not found in tooltipManager.
02-22 01:07:35.965  1704  2583 D InetDiagMessage: Destroyed 0 sockets, proto=IPPROTO_TCP, family=AF_INET, states=14
02-22 01:07:35.966  1704  2583 D InetDiagMessage: Destroyed 0 sockets, proto=IPPROTO_TCP, family=AF_INET6, states=14
02-22 01:07:35.966  1704  2583 D InetDiagMessage: Destroyed live tcp sockets for uids={10244} in 4ms
02-22 01:07:35.997  3365  3365 I KeyboardModeUtils: KeyboardModeUtils.getKeyboardBottomOffset():435 inch: 0.000000 ydpi: 409.903015 adjustKeyboardBottomByDisplaySize: false currentDensityDpi: 420 defaultDensityDpi: 420 keyboardBottomToScreenPx: 0 keyboardBottomToNavBarPx: -126 navBarHeight: 126
02-22 01:07:35.997  3365  3365 I BaseKeyboardSizeHelper: BaseKeyboardSizeHelper.calculateMaxKeyboardBodyHeight():73 leave 281 height for app when ime window height:2134, header height:116 and isFullscreenMode:false, so the max keyboard body height is:1737
02-22 01:07:35.997  3365  3365 I BaseKeyboardSizeHelper: BaseKeyboardSizeHelper.calculateMaxKeyboardBodyHeight():73 leave 281 height for app when ime window height:2134, header height:116 and isFullscreenMode:false, so the max keyboard body height is:1737
02-22 01:07:36.278  1704  2616 W libbinder.ServiceManagerCppClient: Waited one second for stats (is service started? Number of threads started in the threadpool: 32. Are binder threads started and available?)
02-22 01:07:36.278  1230  2980 W libbinder.ServiceManagerCppClient: Waited one second for stats (is service started? Number of threads started in the threadpool: 6. Are binder threads started and available?)
02-22 01:07:36.278  1505  6430 W libbinder.ServiceManagerCppClient: Waited one second for stats (is service started? Number of threads started in the threadpool: 17. Are binder threads started and available?)
02-22 01:07:36.351  1203  1203 D vendor.qti.vibrator: Vibrator perform effect 0
02-22 01:07:36.352  1203 15890 D vendor.qti.vibrator: Starting perform on another thread
02-22 01:07:36.378  1203 15890 D vendor.qti.vibrator: Notifying perform complete
02-22 01:07:36.379  1203  1203 D vendor.qti.vibrator: QTI Vibrator off
02-22 01:07:36.385  3365  3365 W TooltipLifecycleManager: TooltipLifecycleManager.dismissTooltips():153 Tooltip with id SUGGESTION_VIEW_EDU_MINI_DIALOG not found in tooltipManager.
02-22 01:07:36.412  3365  3365 I KeyboardModeUtils: KeyboardModeUtils.getKeyboardBottomOffset():435 inch: 0.000000 ydpi: 409.903015 adjustKeyboardBottomByDisplaySize: false currentDensityDpi: 420 defaultDensityDpi: 420 keyboardBottomToScreenPx: 0 keyboardBottomToNavBarPx: -126 navBarHeight: 126
02-22 01:07:36.412  3365  3365 I BaseKeyboardSizeHelper: BaseKeyboardSizeHelper.calculateMaxKeyboardBodyHeight():73 leave 281 height for app when ime window height:2134, header height:116 and isFullscreenMode:false, so the max keyboard body height is:1737
02-22 01:07:36.413  3365  3365 I BaseKeyboardSizeHelper: BaseKeyboardSizeHelper.calculateMaxKeyboardBodyHeight():73 leave 281 height for app when ime window height:2134, header height:116 and isFullscreenMode:false, so the max keyboard body height is:1737
02-22 01:07:36.590  2688  2688 D OngoingActionProgressCompose: State callback: isVisible=false, compact=false, showMenu=false
02-22 01:07:36.740  2688  2688 D OngoingActionProgressCompose: State callback: isVisible=false, compact=false, showMenu=false
02-22 01:07:36.803  1203  1203 D vendor.qti.vibrator: Vibrator perform effect 0
02-22 01:07:36.805  1203 15897 D vendor.qti.vibrator: Starting perform on another thread
02-22 01:07:36.831  1203 15897 D vendor.qti.vibrator: Notifying perform complete
02-22 01:07:36.832  1203  1203 D vendor.qti.vibrator: QTI Vibrator off
02-22 01:07:36.835  3365  3365 W TooltipLifecycleManager: TooltipLifecycleManager.dismissTooltips():153 Tooltip with id SUGGESTION_VIEW_EDU_MINI_DIALOG not found in tooltipManager.
02-22 01:07:36.863  3365  3365 I KeyboardModeUtils: KeyboardModeUtils.getKeyboardBottomOffset():435 inch: 0.000000 ydpi: 409.903015 adjustKeyboardBottomByDisplaySize: false currentDensityDpi: 420 defaultDensityDpi: 420 keyboardBottomToScreenPx: 0 keyboardBottomToNavBarPx: -126 navBarHeight: 126
02-22 01:07:36.863  3365  3365 I BaseKeyboardSizeHelper: BaseKeyboardSizeHelper.calculateMaxKeyboardBodyHeight():73 leave 281 height for app when ime window height:2134, header height:116 and isFullscreenMode:false, so the max keyboard body height is:1737
02-22 01:07:36.863  3365  3365 I BaseKeyboardSizeHelper: BaseKeyboardSizeHelper.calculateMaxKeyboardBodyHeight():73 leave 281 height for app when ime window height:2134, header height:116 and isFullscreenMode:false, so the max keyboard body height is:1737
02-22 01:07:37.085  3365  3365 I KeyboardWrapper: KeyboardWrapper.switchToKeyboard():677 switchToKeyboard(): type=symbol, status=ACTIVE
02-22 01:07:37.085  3365  3365 I KeyboardManager: KeyboardManager.requestKeyboard():249 Creating keyboard symbol, imeId=ime_portuguese_portugal, cacheKey=theme,!gsf,!pgsans,!pgsf,!use_system_font,BORDER,FLAVOR_DPI=XXHDPI,KEYBOARD_WIDTH_CATEGORY=NORMAL,KEY_BORDER_SHAPE=1,LIGHT_THEME=false,PHYSICAL_DIAGONAL=5.9637985,POPUP,SCREEN_SHORTEST_WIDTH=411,SCREEN_SHORTEST_WIDTH_NO_SCALE=411,SW400DP,XXHDPI,bottom4dp,enable_popup_on_keypress=true,keyboard_redesign_google_sans=true,non_linear_scale,noshadow,overlay_builtin_dynamic_color_dark_base.binarypb:gm3-dark-ff0e0e12-ffc7c2ee-d009f3ef60c950f6d31895f93d44fcd5,silkpopup
02-22 01:07:37.086  3365  3365 I KeyboardWrapper: KeyboardWrapper.onKeyboardReady():224 onKeyboardReady(): type=prime(symbol), kb=com.google.android.apps.inputmethod.latin.keyboard.LatinSymbolsKeyboard@ab2ac47
02-22 01:07:37.087  3365  3365 I HardKeyTracker: HardKeyTracker.unregisterKeySequence():229 Unregister key sequence ohy{labelResId=2132020495, callback=cti@ff4e7ba, lastModifier=2, keyCodes=[47], actions=[0]}
02-22 01:07:37.087  3365  3365 I HardKeyTracker: HardKeyTracker.registerKeySequence():178 Register key sequence ohy{labelResId=2132020495, callback=cti@34a1ddd, lastModifier=2, keyCodes=[47], actions=[0]}
02-22 01:07:37.087  3365  3365 I VoiceInputManager: VoiceInputManager.onKeyboardActivated():1215 onKeyboardActivated() [UD]
02-22 01:07:37.087  3365  3365 I KeyboardWrapper: KeyboardWrapper.doActivateKeyboard():612 doActivateKeyboard(): symbol
02-22 01:07:37.098  3365  3365 I BaseKeyboardSizeHelper: BaseKeyboardSizeHelper.calculateMaxKeyboardBodyHeight():73 leave 281 height for app when ime window height:2134, header height:116 and isFullscreenMode:false, so the max keyboard body height is:1737
02-22 01:07:37.099  3365  3365 W TooltipLifecycleManager: TooltipLifecycleManager.dismissTooltips():153 Tooltip with id undo_access_point_promotion_banner not found in tooltipManager.
02-22 01:07:37.100  3365  3365 I KeyboardModeUtils: KeyboardModeUtils.getKeyboardBottomOffset():435 inch: 0.000000 ydpi: 409.903015 adjustKeyboardBottomByDisplaySize: false currentDensityDpi: 420 defaultDensityDpi: 420 keyboardBottomToScreenPx: 0 keyboardBottomToNavBarPx: -126 navBarHeight: 126
02-22 01:07:37.100  3365  3365 I BaseKeyboardSizeHelper: BaseKeyboardSizeHelper.calculateMaxKeyboardBodyHeight():73 leave 281 height for app when ime window height:2134, header height:116 and isFullscreenMode:false, so the max keyboard body height is:1737
02-22 01:07:37.100  3365  3365 I BaseKeyboardSizeHelper: BaseKeyboardSizeHelper.calculateMaxKeyboardBodyHeight():73 leave 281 height for app when ime window height:2134, header height:116 and isFullscreenMode:false, so the max keyboard body height is:1737
02-22 01:07:37.100  3365  3365 I BaseKeyboardSizeHelper: BaseKeyboardSizeHelper.calculateMaxKeyboardBodyHeight():73 leave 281 height for app when ime window height:2134, header height:116 and isFullscreenMode:false, so the max keyboard body height is:1737
02-22 01:07:37.100  3365  3365 I BaseKeyboardSizeHelper: BaseKeyboardSizeHelper.calculateMaxKeyboardBodyHeight():73 leave 281 height for app when ime window height:2134, header height:116 and isFullscreenMode:false, so the max keyboard body height is:1737
02-22 01:07:37.101  3365  3365 I GlobeKeyExtension: GlobeKeyExtension.getKeyboardInitialStates():175
02-22 01:07:37.102  3365  3365 W Keyboard: Keyboard.getKeyboardViewHelper():604 null helper is returned: keyboardDef=nlc{processedConditions={layout_9key_split=false, language=pt-PT, deprecate_long_press_space_for_ime_picker=false, keyboard_mode=normal, device=phone, expressions=normal, android_software_xr_api_spatial=false}, globalConditions={global_theme_key=theme,!gsf,!pgsans,!pgsf,!use_system_font,BORDER,FLAVOR_DPI=XXHDPI,KEYBOARD_WIDTH_CATEGORY=NORMAL,KEY_BORDER_SHAPE=1,LIGHT_THEME=false,PHYSICAL_DIAGONAL=5.9637985,POPUP,SCREEN_SHORTEST_WIDTH=411,SCREEN_SHORTEST_WIDTH_NO_SCALE=411,SW400DP,XXHDPI,bottom4dp,enable_popup_on_keypress=true,keyboard_redesign_google_sans=true,non_linear_scale,noshadow,overlay_builtin_dynamic_color_dark_base.binarypb:gm3-dark-ff0e0e12-ffc7c2ee-d009f3ef60c950f6d31895f93d44fcd5,silkpopup, global_locale=pt_PT, global_density_dpi=420, global_orientation=1}, className=.latin.keyboard.LatinSymbolsKeyboard, resourceIds=[#0x7f17091c], initialStates=0, keyboardViewDefs=[nlq{direction=LOCALE, id=#0x7f0b0225, isScalable=false, layoutId=#0x7f0e0505, type=HEADER, touchable=true, defaultShow=true}, nlq{direction=null, id=#0x7f0b0225, isScalable=true, layoutId=#0x7f0e04eb, type=BODY, touchable=true, defaultShow=true}], persistentStates=0, persistentStatesPrefKey=null, popupBubbleLayoutId=#0x7f0e0604, recentKeyLayoutId=#0x7f0e0707, recentKeyPopupLayoutId=#0x7f0e05f7, recentKeyType=null, rememberRecentKey=NONE, sessionStates=0}, type=FLOATING_CANDIDATES, helpersCreated={HEADER=mwp@d0c3d8f, BODY=mwp@491f81c}, context.getResources().getConfiguration(): {1.0 ?mcc0mnc [pt_PT] ldltr sw411dp w411dp h891dp 420dpi nrml long compactNeeded hdr widecg port night finger -keyb/v/h -nav/h winConfig={ mBounds=Rect(0, 0 - 1080, 2340) mAppBounds=Rect(0, 0 - 1080, 2340) mMaxBounds=Rect(0, 0 - 1080, 2340) mDisplayRotation=ROTATION_0 mWindowingMode=fullscreen mActivityType=undefined mAlwaysOnTop=undefined mRotation=ROTATION_0} as.3 s.33 fontWeightAdjustment=0}
02-22 01:07:37.102  3365  3365 W Keyboard: Keyboard.getKeyboardViewHelper():604 null helper is returned: keyboardDef=nlc{processedConditions={layout_9key_split=false, language=pt-PT, deprecate_long_press_space_for_ime_picker=false, keyboard_mode=normal, device=phone, expressions=normal, android_software_xr_api_spatial=false}, globalConditions={global_theme_key=theme,!gsf,!pgsans,!pgsf,!use_system_font,BORDER,FLAVOR_DPI=XXHDPI,KEYBOARD_WIDTH_CATEGORY=NORMAL,KEY_BORDER_SHAPE=1,LIGHT_THEME=false,PHYSICAL_DIAGONAL=5.9637985,POPUP,SCREEN_SHORTEST_WIDTH=411,SCREEN_SHORTEST_WIDTH_NO_SCALE=411,SW400DP,XXHDPI,bottom4dp,enable_popup_on_keypress=true,keyboard_redesign_google_sans=true,non_linear_scale,noshadow,overlay_builtin_dynamic_color_dark_base.binarypb:gm3-dark-ff0e0e12-ffc7c2ee-d009f3ef60c950f6d31895f93d44fcd5,silkpopup, global_locale=pt_PT, global_density_dpi=420, global_orientation=1}, className=.latin.keyboard.LatinSymbolsKeyboard, resourceIds=[#0x7f17091c], initialStates=0, keyboardViewDefs=[nlq{direction=LOCALE, id=#0x7f0b0225, isScalable=false, layoutId=#0x7f0e0505, type=HEADER, touchable=true, defaultShow=true}, nlq{direction=null, id=#0x7f0b0225, isScalable=true, layoutId=#0x7f0e04eb, type=BODY, touchable=true, defaultShow=true}], persistentStates=0, persistentStatesPrefKey=null, popupBubbleLayoutId=#0x7f0e0604, recentKeyLayoutId=#0x7f0e0707, recentKeyPopupLayoutId=#0x7f0e05f7, recentKeyType=null, rememberRecentKey=NONE, sessionStates=0}, type=WIDGET, helpersCreated={HEADER=mwp@d0c3d8f, BODY=mwp@491f81c}, context.getResources().getConfiguration(): {1.0 ?mcc0mnc [pt_PT] ldltr sw411dp w411dp h891dp 420dpi nrml long compactNeeded hdr widecg port night finger -keyb/v/h -nav/h winConfig={ mBounds=Rect(0, 0 - 1080, 2340) mAppBounds=Rect(0, 0 - 1080, 2340) mMaxBounds=Rect(0, 0 - 1080, 2340) mDisplayRotation=ROTATION_0 mWindowingMode=fullscreen mActivityType=undefined mAlwaysOnTop=undefined mRotation=ROTATION_0} as.3 s.33 fontWeightAdjustment=0}
02-22 01:07:37.102  3365  3365 I BaseKeyboardSizeHelper: BaseKeyboardSizeHelper.calculateMaxKeyboardBodyHeight():73 leave 281 height for app when ime window height:2134, header height:116 and isFullscreenMode:false, so the max keyboard body height is:1737
02-22 01:07:37.114  1203  1203 D vendor.qti.vibrator: Vibrator perform effect 0
02-22 01:07:37.116  1203 15904 D vendor.qti.vibrator: Starting perform on another thread
02-22 01:07:37.117  3365  3365 I GoogleInputMethodService: GoogleInputMethodService$1.onKeyboardViewShown():331 onKeyboardViewShown: keyboardType=symbol, keyboardViewType=HEADER keyboardView=com.google.android.libraries.inputmethod.widgets.SoftKeyboardView{d6a0370 V.E...... ........ 0,0-1080,116 #7f0b0390 app:id/0_resource_name_obfuscated}
02-22 01:07:37.117  3365  3365 I BaseKeyboardSizeHelper: BaseKeyboardSizeHelper.calculateMaxKeyboardBodyHeight():73 leave 281 height for app when ime window height:2134, header height:116 and isFullscreenMode:false, so the max keyboard body height is:1737
02-22 01:07:37.118  3365  3365 I KeyboardViewController: KeyboardViewController.showSelfAndAncestors():651 current view doesn't has the priority com.google.android.libraries.inputmethod.accesspoint.widget.AccessPointsBar{7d61bbd I.E...... ......ID 0,0-850,116 #7f0b00a2 app:id/0_resource_name_obfuscated} to show itself, DEFAULT
02-22 01:07:37.118  3365  3365 I GoogleInputMethodService: GoogleInputMethodService$1.onKeyboardViewShown():331 onKeyboardViewShown: keyboardType=symbol, keyboardViewType=BODY keyboardView=com.google.android.libraries.inputmethod.widgets.SoftKeyboardView{eb813eb V.E...... ........ 0,0-1080,641}
02-22 01:07:37.118  3365  3365 I BaseKeyboardSizeHelper: BaseKeyboardSizeHelper.calculateMaxKeyboardBodyHeight():73 leave 281 height for app when ime window height:2134, header height:116 and isFullscreenMode:false, so the max keyboard body height is:1737
02-22 01:07:37.118  3365  3365 I NewLanguagePromptExtension: NewLanguagePromptExtension$1.onKeyboardViewShown():88 Not show new language banner: not prime keyboard, or the extension not activated.
02-22 01:07:37.118  3365  3365 I KeyboardModeUtils: KeyboardModeUtils.getKeyboardBottomOffset():435 inch: 0.000000 ydpi: 409.903015 adjustKeyboardBottomByDisplaySize: false currentDensityDpi: 420 defaultDensityDpi: 420 keyboardBottomToScreenPx: 0 keyboardBottomToNavBarPx: -126 navBarHeight: 126
02-22 01:07:37.118  3365  3365 I BaseKeyboardSizeHelper: BaseKeyboardSizeHelper.calculateMaxKeyboardBodyHeight():73 leave 281 height for app when ime window height:2134, header height:116 and isFullscreenMode:false, so the max keyboard body height is:1737
02-22 01:07:37.118  3365  3365 I BaseKeyboardSizeHelper: BaseKeyboardSizeHelper.calculateMaxKeyboardBodyHeight():73 leave 281 height for app when ime window height:2134, header height:116 and isFullscreenMode:false, so the max keyboard body height is:1737
02-22 01:07:37.127  3365  3365 I KeyboardModeUtils: KeyboardModeUtils.getKeyboardBottomOffset():435 inch: 0.000000 ydpi: 409.903015 adjustKeyboardBottomByDisplaySize: false currentDensityDpi: 420 defaultDensityDpi: 420 keyboardBottomToScreenPx: 0 keyboardBottomToNavBarPx: -126 navBarHeight: 126
02-22 01:07:37.127  3365  3365 I BaseKeyboardSizeHelper: BaseKeyboardSizeHelper.calculateMaxKeyboardBodyHeight():73 leave 281 height for app when ime window height:2134, header height:116 and isFullscreenMode:false, so the max keyboard body height is:1737
02-22 01:07:37.127  3365  3365 I BaseKeyboardSizeHelper: BaseKeyboardSizeHelper.calculateMaxKeyboardBodyHeight():73 leave 281 height for app when ime window height:2134, header height:116 and isFullscreenMode:false, so the max keyboard body height is:1737
02-22 01:07:37.143  1203 15904 D vendor.qti.vibrator: Notifying perform complete
02-22 01:07:37.143  1203  1203 D vendor.qti.vibrator: QTI Vibrator off
02-22 01:07:37.280  1704  2616 W libbinder.ServiceManagerCppClient: Waited one second for stats (is service started? Number of threads started in the threadpool: 32. Are binder threads started and available?)
02-22 01:07:37.280  1505  6430 W libbinder.ServiceManagerCppClient: Waited one second for stats (is service started? Number of threads started in the threadpool: 17. Are binder threads started and available?)
02-22 01:07:37.281  1230  2980 W libbinder.ServiceManagerCppClient: Waited one second for stats (is service started? Number of threads started in the threadpool: 6. Are binder threads started and available?)
02-22 01:07:37.591  2688  2688 D OngoingActionProgressCompose: State callback: isVisible=false, compact=false, showMenu=false
02-22 01:07:37.741  2688  2688 D OngoingActionProgressCompose: State callback: isVisible=false, compact=false, showMenu=false
02-22 01:07:37.864  1203  1203 D vendor.qti.vibrator: Vibrator perform effect 0
02-22 01:07:37.867  1203 15921 D vendor.qti.vibrator: Starting perform on another thread
02-22 01:07:37.893  1203 15921 D vendor.qti.vibrator: Notifying perform complete
02-22 01:07:37.894  1203  1203 D vendor.qti.vibrator: QTI Vibrator off
02-22 01:07:37.922  1704  2583 D ConnectivityService: NetReassign [no changes] [c 0] [a 0] [i 2]
02-22 01:07:37.933  3365  3365 W TooltipLifecycleManager: TooltipLifecycleManager.dismissTooltips():153 Tooltip with id SUGGESTION_VIEW_EDU_MINI_DIALOG not found in tooltipManager.
02-22 01:07:37.977  3365  3365 I KeyboardModeUtils: KeyboardModeUtils.getKeyboardBottomOffset():435 inch: 0.000000 ydpi: 409.903015 adjustKeyboardBottomByDisplaySize: false currentDensityDpi: 420 defaultDensityDpi: 420 keyboardBottomToScreenPx: 0 keyboardBottomToNavBarPx: -126 navBarHeight: 126
02-22 01:07:37.977  3365  3365 I BaseKeyboardSizeHelper: BaseKeyboardSizeHelper.calculateMaxKeyboardBodyHeight():73 leave 281 height for app when ime window height:2134, header height:116 and isFullscreenMode:false, so the max keyboard body height is:1737
02-22 01:07:37.977  3365  3365 I BaseKeyboardSizeHelper: BaseKeyboardSizeHelper.calculateMaxKeyboardBodyHeight():73 leave 281 height for app when ime window height:2134, header height:116 and isFullscreenMode:false, so the max keyboard body height is:1737
02-22 01:07:38.258  1203  1203 D vendor.qti.vibrator: Vibrator perform effect 0
02-22 01:07:38.261  1203 15928 D vendor.qti.vibrator: Starting perform on another thread
02-22 01:07:38.281  1704  2616 W libbinder.ServiceManagerCppClient: Waited one second for stats (is service started? Number of threads started in the threadpool: 32. Are binder threads started and available?)
