02-22 01:07:19.740 15336 15352 I TestRunner: started: generate(pt.aguiarvieira.andromuks.StartupBaselineProfile)
02-22 01:07:19.745 15336 15352 I UiAutomation: Initialized for user 0 on display 0
02-22 01:07:19.751  3705 21284 I AiAiEcho: Settings changed for uri: content://settings/secure/accessibility_enabled
02-22 01:07:19.753  3705  3919 I AiAiEcho: Predicting[7]: { Feature:1, creation:2026-02-22T01:06:00Z, expiry:2026-02-22T02:00:00Z, isExpired: false}, { Feature:1, creation:2026-02-22T02:00:00Z, expiry:2026-02-22T02:00:00Z, isExpired: true}, { Feature:1, creation:2026-02-22T03:00:00Z, expiry:2026-02-22T03:00:00Z, isExpired: true}, { Feature:1, creation:2026-02-22T04:00:00Z, expiry:2026-02-22T04:00:00Z, isExpired: true}, { Feature:1, creation:2026-02-22T05:00:00Z, expiry:2026-02-22T05:00:00Z, isExpired: true}, { Feature:1, creation:2026-02-22T06:00:00Z, expiry:2026-02-22T06:00:00Z, isExpired: true}, { Feature:1, creation:2026-02-22T07:00:00Z, expiry:2026-02-22T07:00:00Z, isExpired: true} [CONTEXT sampling_count=5 ]
02-22 01:07:19.755  3705  3919 I AiAiEcho: EchoTargets: Feature:1
02-22 01:07:19.755  3705  3919 I AiAiEcho: Filtered by AiAi flag check:
02-22 01:07:19.755  3705  3919 I AiAiEcho: [CONTEXT ratelimit_period="10 SECONDS" ]
02-22 01:07:19.756  3705  3919 I AiAiEcho: #weatherTwiddler: Weather removes SubtitleSupplementalItem in surface: lockscreen [CONTEXT ratelimit_period="10 SECONDS" ]
02-22 01:07:19.757 15336 15352 I UiAutomationShellCmd: Requesting permission: pm grant pt.aguiarvieira.andromuks.baselineprofile android.permission.READ_EXTERNAL_STORAGE
02-22 01:07:19.757 15336 15352 W UiAutomation: UiAutomation.grantRuntimePermission() is more robust and should be used instead of 'pm grant'
02-22 01:07:19.757  3705  3919 I AiAiEcho: Predicting[7]: { Feature:1, creation:2026-02-22T01:06:00Z, expiry:2026-02-22T02:00:00Z, isExpired: false}, { Feature:1, creation:2026-02-22T02:00:00Z, expiry:2026-02-22T02:00:00Z, isExpired: true}, { Feature:1, creation:2026-02-22T03:00:00Z, expiry:2026-02-22T03:00:00Z, isExpired: true}, { Feature:1, creation:2026-02-22T04:00:00Z, expiry:2026-02-22T04:00:00Z, isExpired: true}, { Feature:1, creation:2026-02-22T05:00:00Z, expiry:2026-02-22T05:00:00Z, isExpired: true}, { Feature:1, creation:2026-02-22T06:00:00Z, expiry:2026-02-22T06:00:00Z, isExpired: true}, { Feature:1, creation:2026-02-22T07:00:00Z, expiry:2026-02-22T07:00:00Z, isExpired: true} [CONTEXT sampling_count=5 ]
02-22 01:07:19.764  3705  3919 I AiAiEcho: EchoTargets: Feature:1
02-22 01:07:19.764  3705  3919 I AiAiEcho: Filtered by AiAi flag check:
02-22 01:07:19.764  3705  3919 I AiAiEcho: [CONTEXT ratelimit_period="10 SECONDS" ]
02-22 01:07:19.766  3705  3919 I AiAiEcho: #weatherTwiddler: Weather removes SubtitleSupplementalItem in surface: home [CONTEXT ratelimit_period="10 SECONDS" ]
02-22 01:07:19.770  3705  3919 I AiAiEcho: #postPredictionTargets: Sending updates to UISurface lockscreen with targets# 1 (types=[1])
02-22 01:07:19.773  3705  3919 I AiAiEcho: #postPredictionTargets: Sending updates to UISurface home with targets# 1 (types=[1])
02-22 01:07:19.782  2688  2688 I WeatherSmartspaceView: setFormattedContentDescription: text=7°C, iconDescription=Nublado, contentDescription=Nublado, 7°C
02-22 01:07:19.782  2688  2688 I WeatherSmartspaceView: setFormattedContentDescription: text=7°C, iconDescription=Nublado, contentDescription=Nublado, 7°C
02-22 01:07:19.782  2688  2688 I WeatherData: Weather data parsed CLOUDY ("Nublado") 7°C from Bundle[{description=Nublado, feedback_intent=null, explanation_intent=Supplier{VAL_PARCELABLE@140+1744}, is_gaia_linked_data=true, use_celsius=true, state=9, temperature=7}]
02-22 01:07:19.782  2688  2688 W SsPagerDots: Total number of pages invalid: 0. Assuming 1 page.
02-22 01:07:19.791 21285 21285 D SsBaseTemplateCard: Passed-in item info is null
02-22 01:07:19.792 21285 21285 I SsBaseTemplateCard: setFormattedContentDescription: text=7°C, iconDescription=Nublado, contentDescription=Nublado, 7°C
02-22 01:07:19.792 21285 21285 D SsBaseTemplateCard: Passed-in item info is null
02-22 01:07:19.792 21285 21285 D SsBaseTemplateCard: Passed-in item info is null
02-22 01:07:19.792 21285 21285 I SsBaseTemplateCard: Secondary card pane is null
02-22 01:07:19.793 21285 21285 D ShortcutAndWidgetContainer: appWidgetScale - [x,y]: [1.0,1.0]
02-22 01:07:19.793 21285 21285 D NavigableAppWidgetHostView: updateScale - [fitScale,bounceScale]: [1.0,1.0]
02-22 01:07:19.793 21285 21285 D ShortcutAndWidgetContainer: appWidgetScale - [x,y]: [1.0,1.0]
02-22 01:07:19.793 21285 21285 D NavigableAppWidgetHostView: updateScale - [fitScale,bounceScale]: [1.0,1.0]
02-22 01:07:19.795  3707  4129 D MediaGrants: Removed 0 media_grants for 0 user for [pt.aguiarvieira.andromuks.baselineprofile]. Reason: Mode changed: android:read_external_storage
02-22 01:07:19.799 15336 15352 I UiAutomationShellCmd: Requesting permission: pm grant pt.aguiarvieira.andromuks.baselineprofile android.permission.WRITE_EXTERNAL_STORAGE
02-22 01:07:19.799 15336 15352 W UiAutomation: UiAutomation.grantRuntimePermission() is more robust and should be used instead of 'pm grant'
02-22 01:07:19.837  3707  4129 D MediaGrants: Removed 0 media_grants for 0 user for [pt.aguiarvieira.andromuks.baselineprofile]. Reason: Mode changed: android:read_external_storage
02-22 01:07:19.870 15336 15352 D Benchmark: additionalTestOutputDir=/sdcard/Android/media/pt.aguiarvieira.andromuks.baselineprofile/additional_test_output
02-22 01:07:19.880  3705 21284 I AiAiEcho: Settings changed for uri: content://settings/secure/accessibility_enabled
02-22 01:07:19.882  3705  3919 I AiAiEcho: Predicting[7]: { Feature:1, creation:2026-02-22T01:06:00Z, expiry:2026-02-22T02:00:00Z, isExpired: false}, { Feature:1, creation:2026-02-22T02:00:00Z, expiry:2026-02-22T02:00:00Z, isExpired: true}, { Feature:1, creation:2026-02-22T03:00:00Z, expiry:2026-02-22T03:00:00Z, isExpired: true}, { Feature:1, creation:2026-02-22T04:00:00Z, expiry:2026-02-22T04:00:00Z, isExpired: true}, { Feature:1, creation:2026-02-22T05:00:00Z, expiry:2026-02-22T05:00:00Z, isExpired: true}, { Feature:1, creation:2026-02-22T06:00:00Z, expiry:2026-02-22T06:00:00Z, isExpired: true}, { Feature:1, creation:2026-02-22T07:00:00Z, expiry:2026-02-22T07:00:00Z, isExpired: true} [CONTEXT sampling_count=5 ]
02-22 01:07:19.882  3705  3919 I AiAiEcho: EchoTargets: Feature:1
02-22 01:07:19.882  3705  3919 I AiAiEcho: Filtered by AiAi flag check:
02-22 01:07:19.882  3705  3919 I AiAiEcho: [CONTEXT ratelimit_period="10 SECONDS" ]
02-22 01:07:19.883  3705  3919 I AiAiEcho: #weatherTwiddler: Weather removes SubtitleSupplementalItem in surface: lockscreen [CONTEXT ratelimit_period="10 SECONDS" ]
02-22 01:07:19.884  3705  3919 I AiAiEcho: Predicting[7]: { Feature:1, creation:2026-02-22T01:06:00Z, expiry:2026-02-22T02:00:00Z, isExpired: false}, { Feature:1, creation:2026-02-22T02:00:00Z, expiry:2026-02-22T02:00:00Z, isExpired: true}, { Feature:1, creation:2026-02-22T03:00:00Z, expiry:2026-02-22T03:00:00Z, isExpired: true}, { Feature:1, creation:2026-02-22T04:00:00Z, expiry:2026-02-22T04:00:00Z, isExpired: true}, { Feature:1, creation:2026-02-22T05:00:00Z, expiry:2026-02-22T05:00:00Z, isExpired: true}, { Feature:1, creation:2026-02-22T06:00:00Z, expiry:2026-02-22T06:00:00Z, isExpired: true}, { Feature:1, creation:2026-02-22T07:00:00Z, expiry:2026-02-22T07:00:00Z, isExpired: true} [CONTEXT sampling_count=5 ]
02-22 01:07:19.885  3705  3919 I AiAiEcho: EchoTargets: Feature:1
02-22 01:07:19.885  3705  3919 I AiAiEcho: Filtered by AiAi flag check:
02-22 01:07:19.885  3705  3919 I AiAiEcho: [CONTEXT ratelimit_period="10 SECONDS" ]
02-22 01:07:19.885  3705  3919 I AiAiEcho: #weatherTwiddler: Weather removes SubtitleSupplementalItem in surface: home [CONTEXT ratelimit_period="10 SECONDS" ]
02-22 01:07:19.887  6476 10665 D AccessibilitySourceService: enabled a11y services count 0
02-22 01:07:19.887  6476 10665 D AccessibilitySourceService: a11y source sending 0 issue to sc
02-22 01:07:19.888  1704  2702 D SafetySourceDataValidat: No cert check requested for package com.google.android.permissioncontroller
02-22 01:07:19.889  3705  3919 I AiAiEcho: #postPredictionTargets: Sending updates to UISurface lockscreen with targets# 1 (types=[1])
02-22 01:07:19.892  2688  2688 I WeatherSmartspaceView: setFormattedContentDescription: text=7°C, iconDescription=Nublado, contentDescription=Nublado, 7°C
02-22 01:07:19.892  2688  2688 I WeatherSmartspaceView: setFormattedContentDescription: text=7°C, iconDescription=Nublado, contentDescription=Nublado, 7°C
02-22 01:07:19.892  2688  2688 I WeatherData: Weather data parsed CLOUDY ("Nublado") 7°C from Bundle[{description=Nublado, feedback_intent=null, explanation_intent=Supplier{VAL_PARCELABLE@140+1744}, is_gaia_linked_data=true, use_celsius=true, state=9, temperature=7}]
02-22 01:07:19.892  2688  2688 W SsPagerDots: Total number of pages invalid: 0. Assuming 1 page.
02-22 01:07:19.893  3705  3919 I AiAiEcho: #postPredictionTargets: Sending updates to UISurface home with targets# 1 (types=[1])
02-22 01:07:19.908 21285 21285 D SsBaseTemplateCard: Passed-in item info is null
02-22 01:07:19.908 21285 21285 I SsBaseTemplateCard: setFormattedContentDescription: text=7°C, iconDescription=Nublado, contentDescription=Nublado, 7°C
02-22 01:07:19.909 21285 21285 D SsBaseTemplateCard: Passed-in item info is null
02-22 01:07:19.909 21285 21285 D SsBaseTemplateCard: Passed-in item info is null
02-22 01:07:19.909 21285 21285 I SsBaseTemplateCard: Secondary card pane is null
02-22 01:07:19.910 21285 21285 D ShortcutAndWidgetContainer: appWidgetScale - [x,y]: [1.0,1.0]
02-22 01:07:19.910 21285 21285 D NavigableAppWidgetHostView: updateScale - [fitScale,bounceScale]: [1.0,1.0]
02-22 01:07:19.910 21285 21285 D ShortcutAndWidgetContainer: appWidgetScale - [x,y]: [1.0,1.0]
02-22 01:07:19.910 21285 21285 D NavigableAppWidgetHostView: updateScale - [fitScale,bounceScale]: [1.0,1.0]
02-22 01:07:19.944 15336 15352 D Benchmark: Usable output directory: /storage/emulated/0/Android/media/pt.aguiarvieira.andromuks.baselineprofile
02-22 01:07:19.944 15336 15352 D Benchmark: Output Directory: /sdcard/Android/media/pt.aguiarvieira.andromuks.baselineprofile/additional_test_output
02-22 01:07:19.964  3707  4086 W MediaProvider: isAppCloneUserPair failed. Users: 0 and 0
02-22 01:07:19.964  3707  4086 W MediaProvider: isAppCloneUserPair for user 0: false
02-22 01:07:19.965  3707  4086 W MediaProvider: isAppCloneUserPair failed. Users: 0 and 0
02-22 01:07:19.965  3707  4086 W MediaProvider: isAppCloneUserPair for user 0: false
02-22 01:07:19.988  3707  3849 D DatabaseBackupAndRecovery: xattr set to 100 for key:user.nextownerid on path: /data/media/0/.transforms/recovery/leveldb-ownership.
02-22 01:07:19.988  3707  3849 D DatabaseBackupAndRecovery: Updated next owner id to: 100
02-22 01:07:19.988  3707  3849 V DatabaseBackupAndRecovery: Created relation b/w 50 and pt.aguiarvieira.andromuks.baselineprofile::0
02-22 01:07:19.992  3707  4091 W MediaProvider: isAppCloneUserPair failed. Users: 0 and 0
02-22 01:07:19.992  3707  4091 W MediaProvider: isAppCloneUserPair for user 0: false
02-22 01:07:20.101  3707  4091 I MediaProvider: Deleted 1 0 0 0 0 0 0 items on external_primary due to pt.aguiarvieira.andromuks.baselineprofile
02-22 01:07:20.177  3707  6122 I MediaProvider: Invalidating LocalCallingIdentity cache for package pt.aguiarvieira.andromuks.baselineprofile. Reason: owned_database_row_deleted:/storage/emulated/0/Android/media/pt.aguiarvieira.andromuks.baselineprofile/temporaryScript3682855896651101271.tmp
02-22 01:07:20.185  3707  6122 I MediaProvider: Deleted 1 0 0 0 0 0 0 items on external_primary due to com.android.shell
02-22 01:07:20.189 15336 15352 D Benchmark: Killing process pt.aguiarvieira.andromuks
02-22 01:07:20.234  2890  2890 D CarrierSvcBindHelper: onHandleForceStop: [pt.aguiarvieira.andromuks]
02-22 01:07:20.236  2890  2890 D CarrierSvcBindHelper: No carrier app for: 0
02-22 01:07:20.236  2890  2890 D CarrierSvcBindHelper: No carrier app for: 1
02-22 01:07:20.250 15336 15352 D Benchmark: Resetting compiled state for pt.aguiarvieira.andromuks for stable profiles.
02-22 01:07:20.250 15336 15352 D Benchmark: Resetting pt.aguiarvieira.andromuks
02-22 01:07:20.250 15336 15352 D Benchmark: Re-compiling pt.aguiarvieira.andromuks
02-22 01:07:20.253  1505  6430 W libbinder.ServiceManagerCppClient: Waited one second for stats (is service started? Number of threads started in the threadpool: 17. Are binder threads started and available?)
02-22 01:07:20.253  1230  2980 W libbinder.ServiceManagerCppClient: Waited one second for stats (is service started? Number of threads started in the threadpool: 6. Are binder threads started and available?)
02-22 01:07:20.253  1704  2616 W libbinder.ServiceManagerCppClient: Waited one second for stats (is service started? Number of threads started in the threadpool: 32. Are binder threads started and available?)
02-22 01:07:20.260  3707 21792 W MediaProvider: isAppCloneUserPair failed. Users: 0 and 0
02-22 01:07:20.260  3707 21792 W MediaProvider: isAppCloneUserPair for user 0: false
02-22 01:07:20.364 14821 14824 I artd    : GetBestInfo: /data/app/~~WKYrkZd0X1Ur6M820D69Ig==/pt.aguiarvieira.andromuks-F7FIBoWIH0ofmS1pK_7L-g==/base.apk has no usable artifacts
02-22 01:07:20.369 14821 14824 I artd    : Running dex2oat: /apex/com.android.art/bin/art_exec --drop-capabilities --set-task-profile=Dex2OatBootComplete --set-priority=background --keep-fds=6:7:8:9:10:11 -- /apex/com.android.art/bin/dex2oat64 --zip-fd=6 --zip-location=/data/app/~~WKYrkZd0X1Ur6M820D69Ig==/pt.aguiarvieira.andromuks-F7FIBoWIH0ofmS1pK_7L-g==/base.apk --oat-fd=7 --oat-location=/data/app/~~WKYrkZd0X1Ur6M820D69Ig==/pt.aguiarvieira.andromuks-F7FIBoWIH0ofmS1pK_7L-g==/oat/arm64/base.odex --output-vdex-fd=8 --swap-fd=9 --class-loader-context-fds=10:11 --class-loader-context=PCL[]{PCL[/system_ext/framework/androidx.window.extensions.jar]#PCL[/system_ext/framework/androidx.window.sidecar.jar]} --classpath-dir=/data/app/~~WKYrkZd0X1Ur6M820D69Ig==/pt.aguiarvieira.andromuks-F7FIBoWIH0ofmS1pK_7L-g== --instruction-set=arm64 --instruction-set-features=default --instruction-set-variant=cortex-a76 --compiler-filter=verify --compilation-reason=install --max-image-block-size=524288 --resolve-startup-const-strings=true --generate-mini-debug-info --runtime-arg -Xtarget-sdk-version:36 --runtime-arg -Xhidden-api-policy:enabled --assume-value=Landroid/os/Build$VERSION;->SDK_INT:36 --no-allow-profile-code --cpu-set=0,1,2,3,4,5,6 -j6 --runtime-arg -Xms64m --runtime-arg -Xmx512m --comments=app-name:pt.aguiarvieira.andromuks,app-version-name:1.0.30,app-version-code:1867654972,art-version:361099999
02-22 01:07:20.369 14821 14824 I artd    : Opened FDs: 6:/data/app/~~WKYrkZd0X1Ur6M820D69Ig==/pt.aguiarvieira.andromuks-F7FIBoWIH0ofmS1pK_7L-g==/base.apk 7:/data/app/~~WKYrkZd0X1Ur6M820D69Ig==/pt.aguiarvieira.andromuks-F7FIBoWIH0ofmS1pK_7L-g==/oat/arm64/base.odex.r9T59A.tmp 8:/data/app/~~WKYrkZd0X1Ur6M820D69Ig==/pt.aguiarvieira.andromuks-F7FIBoWIH0ofmS1pK_7L-g==/oat/arm64/base.vdex.Qzc2sb.tmp 9:/data/app/~~WKYrkZd0X1Ur6M820D69Ig==/pt.aguiarvieira.andromuks-F7FIBoWIH0ofmS1pK_7L-g==/oat/arm64/base.odex.swap.GcjwJv.tmp 10:/system_ext/framework/androidx.window.sidecar.jar 11:/system_ext/framework/androidx.window.extensions.jar
02-22 01:07:20.382  4836  4836 I ContentProtectionServic: CP service destroyed
02-22 01:07:20.412 15436 15436 W libprocessgroup: A JoinCgroup action in the SystemMemoryProcess profile is used for controller memory in the cgroup v2 hierarchy and will be ignored
02-22 01:07:20.431 15436 15436 I dex2oat64: MMAP_TRYLOCK is supported in uffd errno:2 addr:0x7dd601c000 size:4096
02-22 01:07:20.437 15436 15436 I dex2oat64: /apex/com.android.art/bin/dex2oat64 --output-vdex-fd=8 --class-loader-context-fds=10:11 --class-loader-context=PCL[]{PCL[/system_ext/framework/androidx.window.extensions.jar]#PCL[/system_ext/framework/androidx.window.sidecar.jar]} --classpath-dir=/data/app/~~WKYrkZd0X1Ur6M820D69Ig==/pt.aguiarvieira.andromuks-F7FIBoWIH0ofmS1pK_7L-g== --compiler-filter=verify --compilation-reason=install --max-image-block-size=524288 --resolve-startup-const-strings=true --generate-mini-debug-info --assume-value=Landroid/os/Build$VERSION;->SDK_INT:36 --no-allow-profile-code --cpu-set=0,1,2,3,4,5,6 -j6 --comments=app-name:pt.aguiarvieira.andromuks,app-version-name:1.0.30,app-version-code:1867654972,art-version:361099999
02-22 01:07:20.455  4836  4842 W le.android.odad: Reducing the number of considered missed Gc histogram windows from 800 to 100
02-22 01:07:20.532  2688  2688 D OngoingActionProgressCompose: State callback: isVisible=false, compact=false, showMenu=false
02-22 01:07:20.683  2688  2688 D OngoingActionProgressCompose: State callback: isVisible=false, compact=false, showMenu=false
02-22 01:07:20.936  7980  8011 I WM-WorkerWrapper: Worker result SUCCESS for Work [ id=3de40a98-f03e-4555-a3d0-e8efe5fdc64b, tags={ androidx.glance.session.SessionWorker } ]
02-22 01:07:20.937  7980  7980 D WM-Processor: n 3de40a98-f03e-4555-a3d0-e8efe5fdc64b executed; reschedule = false
02-22 01:07:20.938  7980  7980 D WM-SystemJobService: 3de40a98-f03e-4555-a3d0-e8efe5fdc64b executed on JobScheduler
02-22 01:07:20.944  7980  8016 D WM-GreedyScheduler: Cancelling work ID 3de40a98-f03e-4555-a3d0-e8efe5fdc64b
02-22 01:07:20.982 15436 15436 I dex2oat64: Using CollectorTypeCMC GC.
02-22 01:07:21.028 15436 15436 I dex2oat64: Large app, accepted running with swap.
02-22 01:07:21.101  1704  2583 D InetDiagMessage: Destroyed 0 sockets, proto=IPPROTO_TCP, family=AF_INET, states=14
02-22 01:07:21.102  1704  2583 D InetDiagMessage: Destroyed 0 sockets, proto=IPPROTO_TCP, family=AF_INET6, states=14
02-22 01:07:21.102  1704  2583 D InetDiagMessage: Destroyed live tcp sockets for uids={10281} in 3ms
02-22 01:07:21.103  1704  2583 D InetDiagMessage: Destroyed 0 sockets, proto=IPPROTO_TCP, family=AF_INET, states=14
02-22 01:07:21.105  1704  2583 D InetDiagMessage: Destroyed 0 sockets, proto=IPPROTO_TCP, family=AF_INET6, states=14
02-22 01:07:21.105  1704  2583 D InetDiagMessage: Destroyed live tcp sockets for uids={20281} in 2ms
02-22 01:07:21.185 14975 15018 D GlanceSessionManager: Closing session appWidget-6 wasOpen=false hasError=false events=[]
02-22 01:07:21.187   823  1006 D RemoteListenableDelegatingWorker: Cleaning up
02-22 01:07:21.195   823  1006 I WM-WorkerWrapper: Worker result SUCCESS for Work [ id=846855c2-319d-4b3c-a0c5-a7d249d2669f, tags={ androidx.glance.appwidget.multiprocess.RemoteSessionWorker } ]
02-22 01:07:21.196   823   823 D WM-Processor: oba 846855c2-319d-4b3c-a0c5-a7d249d2669f executed; reschedule = false
02-22 01:07:21.196   823   823 D WM-SystemJobService: 846855c2-319d-4b3c-a0c5-a7d249d2669f executed on JobScheduler
02-22 01:07:21.199   823   995 D WM-GreedyScheduler: Cancelling work ID 846855c2-319d-4b3c-a0c5-a7d249d2669f
02-22 01:07:21.254  1505  6430 W libbinder.ServiceManagerCppClient: Waited one second for stats (is service started? Number of threads started in the threadpool: 17. Are binder threads started and available?)
02-22 01:07:21.254  1230  2980 W libbinder.ServiceManagerCppClient: Waited one second for stats (is service started? Number of threads started in the threadpool: 6. Are binder threads started and available?)
02-22 01:07:21.254  1704  2616 W libbinder.ServiceManagerCppClient: Waited one second for stats (is service started? Number of threads started in the threadpool: 32. Are binder threads started and available?)
02-22 01:07:21.535  2688  2688 D OngoingActionProgressCompose: State callback: isVisible=false, compact=false, showMenu=false
02-22 01:07:21.685  2688  2688 D OngoingActionProgressCompose: State callback: isVisible=false, compact=false, showMenu=false
02-22 01:07:21.758 15436 15446 I dex2oat64: Priority-to-niceness mapping: 19, 16, 13, 10, 0, -2, -4, -5, -6, -8
02-22 01:07:21.789 15436 15436 I dex2oat64: dex2oat took 1.355s (3.644s cpu) (threads: 6) arena alloc=0B (0B) java alloc=21MB (22167232B) native alloc=5464KB (5595472B) free=1397KB (1430752B) swap=16MB (16777216B)
02-22 01:07:21.806 14821 14824 I artd    : dex2oat returned code 0
02-22 01:07:21.807 14821 14824 W libbinder.Binder: Binder transaction to com.android.server.art.IArtd code 16 took 1441ms. Data bytes: 1180 Reply bytes: 48 Flags: 16
02-22 01:07:21.829  1704  2702 I ArtService: Dexopt result: [packageName = pt.aguiarvieira.andromuks] DexContainerFileDexoptResult{dexContainerFile=/data/app/~~WKYrkZd0X1Ur6M820D69Ig==/pt.aguiarvieira.andromuks-F7FIBoWIH0ofmS1pK_7L-g==/base.apk, primaryAbi=true, abi=arm64-v8a, actualCompilerFilter=verify, status=PERFORMED, dex2oatWallTimeMillis=1434, dex2oatCpuTimeMillis=3710, sizeBytes=63041592, sizeBeforeBytes=0, extendedStatusFlags=[]}
02-22 01:07:21.834  1704  2702 W libbinder.Binder: Binder transaction to android.content.pm.IPackageManager code 1598246212 took 1517ms. Data bytes: 228 Reply bytes: 4 Flags: 16
02-22 01:07:21.883  3707  4091 I MediaProvider: Invalidating LocalCallingIdentity cache for package pt.aguiarvieira.andromuks.baselineprofile. Reason: owned_database_row_deleted:/storage/emulated/0/Android/media/pt.aguiarvieira.andromuks.baselineprofile/temporaryScript4680205663486406995.tmp
02-22 01:07:21.886  3707  4091 I MediaProvider: Deleted 1 0 0 0 0 0 0 items on external_primary due to com.android.shell
02-22 01:07:21.891 15336 15352 D Benchmark: Profile Installer - Skip File Operation: WRITE_SKIP_FILE
02-22 01:07:21.928  1704  2702 I ActivityManager: Broadcasting: Intent { act=androidx.profileinstaller.action.SKIP_FILE flg=0x400000 cmp=pt.aguiarvieira.andromuks/androidx.profileinstaller.ProfileInstallReceiver (has extras) }
02-22 01:07:21.931  1704  1878 V GrammaticalInflectionUtils: AttributionSource: android.content.AttributionSource@450e379d does not have READ_SYSTEM_GRAMMATICAL_GENDER permission.
02-22 01:07:21.950  1015  1015 D Zygote  : Forked child process 15467
02-22 01:07:21.971 15467 15467 I Zygote  : Process 15467 created for pt.aguiarvieira.andromuks
02-22 01:07:21.971 15467 15467 I ieira.andromuks: Using CollectorTypeCMC GC.
02-22 01:07:21.986 15467 15467 D nativeloader: Load libframework-connectivity-tiramisu-jni.so using APEX ns com_android_tethering for caller /apex/com.android.tethering/javalib/framework-connectivity-t.jar: ok
02-22 01:07:22.009 15467 15467 D ApplicationLoaders: Returning zygote-cached class loader: /system_ext/framework/androidx.window.extensions.jar
02-22 01:07:22.009 15467 15467 D ApplicationLoaders: Returning zygote-cached class loader: /system_ext/framework/androidx.window.sidecar.jar
02-22 01:07:22.011 15467 15467 D nativeloader: Configuring clns-9 for other apk /data/app/~~WKYrkZd0X1Ur6M820D69Ig==/pt.aguiarvieira.andromuks-F7FIBoWIH0ofmS1pK_7L-g==/base.apk. target_sdk_version=36, uses_libraries=, library_path=/data/app/~~WKYrkZd0X1Ur6M820D69Ig==/pt.aguiarvieira.andromuks-F7FIBoWIH0ofmS1pK_7L-g==/lib/arm64:/data/app/~~WKYrkZd0X1Ur6M820D69Ig==/pt.aguiarvieira.andromuks-F7FIBoWIH0ofmS1pK_7L-g==/base.apk!/lib/arm64-v8a, permitted_path=/data:/mnt/expand:/data/user/0/pt.aguiarvieira.andromuks
02-22 01:07:22.021 15467 15467 V GraphicsEnvironment: Currently set values for:
02-22 01:07:22.021 15467 15467 V GraphicsEnvironment:   angle_gl_driver_selection_pkgs=[com.android.angle, com.google.android.apps.tachyon]
02-22 01:07:22.021 15467 15467 V GraphicsEnvironment:   angle_gl_driver_selection_values=[angle, native]
02-22 01:07:22.021 15467 15467 V GraphicsEnvironment: pt.aguiarvieira.andromuks is not listed in per-application setting
02-22 01:07:22.021 15467 15467 V GraphicsEnvironment: ANGLE allowlist from config: com.dreamgames.royalmatch com.dts.freefiremax com.dxx.firenow com.gramgames.mergedragons com.ludo.king com.mojang.minecraftpe com.my.defense com.nintendo.zaka com.os.airforce com.playrix.fishdomdd.gplay io.teslatech.callbreak jp.konami.prospia net.peakgames.toonblast com.yottagames.gameofmafia com.Sunborn.SnqxExilium.Glo com.haoplay.game.and.exilium com.rockstargames.gtasa com.h73.jhqyna com.sega.CrazyTaxiplayhaven en.haoplay.and.rm com.netease.g108na
02-22 01:07:22.021 15467 15467 V GraphicsEnvironment: No special selections for ANGLE, returning default driver choice
02-22 01:07:22.021 15467 15467 V GraphicsEnvironment: Neither updatable production driver nor prerelease driver is supported.
02-22 01:07:22.036 15467 15467 I FirebaseApp: Device unlocked: initializing all Firebase APIs for app [DEFAULT]
02-22 01:07:22.048 15467 15467 I FirebaseInitProvider: FirebaseApp initialization successful
02-22 01:07:22.051 15467 15479 E ashmem  : Pinning is deprecated since Android Q. Please use trim or other methods.
02-22 01:07:22.055 15467 15467 D WM-WrkMgrInitializer: Initializing WorkManager with default configuration.
02-22 01:07:22.058 15467 15485 W FirebaseMessaging: Failed to resolve IID implementation package, falling back
02-22 01:07:22.059  1704  4780 D ConnectivityService: Returning BLOCKED NetworkInfo to uid=10367
02-22 01:07:22.061 15467 15467 D WM-PackageManagerHelper: androidx.work.impl.background.systemjob.SystemJobService enabled
02-22 01:07:22.061 15467 15467 D WM-Schedulers: Created SystemJobScheduler and enabled SystemJobService
02-22 01:07:22.067 15467 15483 W ieira.andromuks: ClassLoaderContext classpath size mismatch. expected=1, found=0 (DLC[];PCL[base.apk*2701253676]{PCL[/system/framework/org.apache.http.legacy.jar*1771602530]#PCL[/system/framework/com.android.location.provider.jar*3231839591]#PCL[/system/framework/com.android.media.remotedisplay.jar*3676824317]#PCL[/system_ext/framework/androidx.window.extensions.jar*2512011678]#PCL[/system_ext/framework/androidx.window.sidecar.jar*1766101967]} | DLC[];PCL[])
02-22 01:07:22.074 15467 15467 D ProfileInstaller: RESULT_INSTALL_SKIP_FILE_SUCCESS
02-22 01:07:22.078  1704  1836 I ActivityManager: Broadcast completed: result=10
02-22 01:07:22.078 15467 15483 I DynamiteModule: Considering local module com.google.android.gms.measurement.dynamite:97 and remote module com.google.android.gms.measurement.dynamite:177
02-22 01:07:22.078 15467 15483 I DynamiteModule: Selected remote version of com.google.android.gms.measurement.dynamite, version >= 177
02-22 01:07:22.078 15467 15483 V DynamiteModule: Dynamite loader version >= 2, using loadModule2NoCrashUtils
02-22 01:07:22.080  1704  3927 D ConnectivityService: Returning UNBLOCKED NetworkInfo to uid=10367
02-22 01:07:22.085 15336 15352 D Benchmark: Killing process pt.aguiarvieira.andromuks
02-22 01:07:22.086 15336 15352 D Benchmark: Killing process pt.aguiarvieira.andromuks
02-22 01:07:22.091 15467 15483 W System  : ClassLoader referenced unknown path:
02-22 01:07:22.091 15467 15483 D nativeloader: Configuring clns-10 for other apk . target_sdk_version=36, uses_libraries=, library_path=/data/app/~~fzGydredDpddiwrx5N_8uA==/com.google.android.gms-Mn6sKzH2qg2Ao97FGLYPcQ==/lib/arm64:/data/app/~~fzGydredDpddiwrx5N_8uA==/com.google.android.gms-Mn6sKzH2qg2Ao97FGLYPcQ==/base.apk!/lib/arm64-v8a, permitted_path=/data:/mnt/expand:/data/user/0/com.google.android.gms
02-22 01:07:22.109 15467 15483 W ieira.andromuks: ClassLoaderContext classpath element checksum mismatch. expected=2701253676, found=1744266598 (DLC[];PCL[base.apk*2701253676]{PCL[/system/framework/org.apache.http.legacy.jar*1771602530]#PCL[/system/framework/com.android.location.provider.jar*3231839591]#PCL[/system/framework/com.android.media.remotedisplay.jar*3676824317]#PCL[/system_ext/framework/androidx.window.extensions.jar*2512011678]#PCL[/system_ext/framework/androidx.window.sidecar.jar*1766101967]} | DLC[];PCL[/data/app/~~WKYrkZd0X1Ur6M820D69Ig==/pt.aguiarvieira.andromuks-F7FIBoWIH0ofmS1pK_7L-g==/base.apk*1744266598]{PCL[/system_ext/framework/androidx.window.extensions.jar*2512011678]#PCL[/system_ext/framework/androidx.window.sidecar.jar*1766101967]})
02-22 01:07:22.113 15467 15483 D DesktopExperienceFlags: Toggle override initialized to: false
02-22 01:07:22.129  1704  2583 D InetDiagMessage: Destroyed 0 sockets, proto=IPPROTO_TCP, family=AF_INET, states=14
02-22 01:07:22.130  1704  2583 D InetDiagMessage: Destroyed 0 sockets, proto=IPPROTO_TCP, family=AF_INET6, states=14
02-22 01:07:22.130  1704  2583 D InetDiagMessage: Destroyed live tcp sockets for uids={10367} in 2ms
02-22 01:07:22.131  1704  2583 D InetDiagMessage: Destroyed 0 sockets, proto=IPPROTO_TCP, family=AF_INET, states=14
02-22 01:07:22.132  1704  2583 D InetDiagMessage: Destroyed 0 sockets, proto=IPPROTO_TCP, family=AF_INET6, states=14
02-22 01:07:22.132  1704  2583 D InetDiagMessage: Destroyed live tcp sockets for uids={20367} in 1ms
02-22 01:07:22.133  2890  2890 D CarrierSvcBindHelper: onHandleForceStop: [pt.aguiarvieira.andromuks]
02-22 01:07:22.135  2890  2890 D CarrierSvcBindHelper: No carrier app for: 0
02-22 01:07:22.135  2890  2890 D CarrierSvcBindHelper: No carrier app for: 1
02-22 01:07:22.158  1704  1880 I libprocessgroup: Removed cgroup /sys/fs/cgroup/apps/uid_10367/pid_15467
02-22 01:07:22.158  1015  1015 I Zygote  : Process 15467 exited due to signal 9 (Killed)
02-22 01:07:22.168  1704  1838 V GrammaticalInflectionUtils: AttributionSource: android.content.AttributionSource@d98ce87c does not have READ_SYSTEM_GRAMMATICAL_GENDER permission.
02-22 01:07:22.171 21285 21285 D BaseActivity: Launcher flags updated: [state_started|state_window_focused|state_user_active] -[state_resumed|state_deferred_resumed]
02-22 01:07:22.171 21285 21285 W SplitSelectStateCtor: Missing session instanceIds
02-22 01:07:22.171 21285 21285 D StatsLog: LAUNCHER_SPLIT_SELECTION_EXIT_INTERRUPTED
02-22 01:07:22.171  2688  9608 D KeyguardService: setOccluded(false)
02-22 01:07:22.172  2688  9608 D KeyguardViewMediator: setOccluded(false)
02-22 01:07:22.172 21285 21285 D OverviewCommandHelper: Launcher.onNewIntent: alreadyOnHome: true, shouldMoveToDefaultScreen: true, intentAction: android.intent.action.MAIN, internalStateHandled: false
02-22 01:07:22.172 21285 21285 D TFOManager: playPanelCloseAnimation() duration=200 traceTag=LauncherOverlay-hide isHomeButtonTap=true
02-22 01:07:22.172 21285 21285 D TFOManager: Skipped creating panel close animation because -1 is invisible.
02-22 01:07:22.172 21285 21285 D OverviewCommandHelper: clearing pending commands: []
02-22 01:07:22.172 21285 21285 D BaseActivity: Launcher flags updated: [state_started|state_resumed|state_window_focused|state_user_active] +[state_resumed]
02-22 01:07:22.173  2688  2688 D KeyguardViewMediator: handleSetOccluded(false)
02-22 01:07:22.173  2688  2688 D KeyguardViewMediator: KeyguardViewMediator queue processing message: SET_OCCLUDED
02-22 01:07:22.174 21285 21285 D BaseActivity: Launcher flags updated: [state_started|state_resumed|state_deferred_resumed|state_window_focused|state_user_active] +[state_deferred_resumed]
02-22 01:07:22.174 21285 21285 D StatsLog: LAUNCHER_ONRESUME
02-22 01:07:22.176 21285 21307 D QuickstepModelDelegate: notifyAppTargetEvent action=1 launchLocation=workspace/0/[-1,-1]/[1,1]
02-22 01:07:22.177  3705  3919 I AiAiEcho: Predicting[7]: { Feature:1, creation:2026-02-22T01:06:00Z, expiry:2026-02-22T02:00:00Z, isExpired: false}, { Feature:1, creation:2026-02-22T02:00:00Z, expiry:2026-02-22T02:00:00Z, isExpired: true}, { Feature:1, creation:2026-02-22T03:00:00Z, expiry:2026-02-22T03:00:00Z, isExpired: true}, { Feature:1, creation:2026-02-22T04:00:00Z, expiry:2026-02-22T04:00:00Z, isExpired: true}, { Feature:1, creation:2026-02-22T05:00:00Z, expiry:2026-02-22T05:00:00Z, isExpired: true}, { Feature:1, creation:2026-02-22T06:00:00Z, expiry:2026-02-22T06:00:00Z, isExpired: true}, { Feature:1, creation:2026-02-22T07:00:00Z, expiry:2026-02-22T07:00:00Z, isExpired: true} [CONTEXT sampling_count=5 ]
02-22 01:07:22.178  3705  3919 I AiAiEcho: EchoTargets: Feature:1
02-22 01:07:22.178  3705  3919 I AiAiEcho: Filtered by AiAi flag check:
02-22 01:07:22.178  3705  3919 I AiAiEcho: [CONTEXT ratelimit_period="10 SECONDS" ]
02-22 01:07:22.178  3705  3919 I AiAiEcho: #weatherTwiddler: Weather removes SubtitleSupplementalItem in surface: home [CONTEXT ratelimit_period="10 SECONDS" ]
02-22 01:07:22.181  3705  3919 I AiAiEcho: #postPredictionTargets: Sending updates to UISurface home with targets# 1 (types=[1])
02-22 01:07:22.192  3365  3365 I GoogleInputMethodService: GoogleInputMethodService.onFinishInput():2113
02-22 01:07:22.194  3365  3365 I Module  : DeviceLockedStatusModuleProvider$Module.updateDeviceLockedStatus():103 repeatCheckTimes = 0, locked = false
02-22 01:07:22.195  3365  3365 I GoogleInputMethodService: GoogleInputMethodService.onStartInput():1384 onStartInput(EditorInfo{EditorInfo{packageName=com.google.android.apps.nexuslauncher, inputType=0, inputTypeString=NULL, enableLearning=false, autoCorrection=false, autoComplete=false, imeOptions=0, privateImeOptions=null, actionName=UNSPECIFIED, actionLabel=null, initialSelStart=-1, initialSelEnd=-1, initialCapsMode=0, label=null, fieldId=0, fieldName=null, extras=null, hintText=null, hintLocales=[]}}, false)
02-22 01:07:22.195  3365  3365 I Module  : DeviceLockedStatusModuleProvider$Module.updateDeviceLockedStatus():103 repeatCheckTimes = 1, locked = false
02-22 01:07:22.205 21285 21285 D SsBaseTemplateCard: Passed-in item info is null
02-22 01:07:22.206 21285 21285 I SsBaseTemplateCard: setFormattedContentDescription: text=7°C, iconDescription=Nublado, contentDescription=Nublado, 7°C
02-22 01:07:22.206 21285 21285 D SsBaseTemplateCard: Passed-in item info is null
02-22 01:07:22.206 21285 21285 D SsBaseTemplateCard: Passed-in item info is null
02-22 01:07:22.206 21285 21285 I SsBaseTemplateCard: Secondary card pane is null
02-22 01:07:22.206 21285 21285 D ShortcutAndWidgetContainer: appWidgetScale - [x,y]: [1.0,1.0]
02-22 01:07:22.206 21285 21285 D NavigableAppWidgetHostView: updateScale - [fitScale,bounceScale]: [1.0,1.0]
02-22 01:07:22.206 21285 21285 D ShortcutAndWidgetContainer: appWidgetScale - [x,y]: [1.0,1.0]
02-22 01:07:22.207 21285 21285 D NavigableAppWidgetHostView: updateScale - [fitScale,bounceScale]: [1.0,1.0]
02-22 01:07:22.253 15336 15352 D Benchmark: Starting activity with command: am start  -W "intent:#Intent;action=android.intent.action.MAIN;category=android.intent.category.LAUNCHER;launchFlags=0x10008000;package=pt.aguiarvieira.andromuks;component=pt.aguiarvieira.andromuks/net.vrkknn.andromuks.MainActivity;end"
02-22 01:07:22.255  1230  2980 W libbinder.ServiceManagerCppClient: Waited one second for stats (is service started? Number of threads started in the threadpool: 6. Are binder threads started and available?)
02-22 01:07:22.255  1505  6430 W libbinder.ServiceManagerCppClient: Waited one second for stats (is service started? Number of threads started in the threadpool: 17. Are binder threads started and available?)
02-22 01:07:22.256  1704  2616 W libbinder.ServiceManagerCppClient: Waited one second for stats (is service started? Number of threads started in the threadpool: 32. Are binder threads started and available?)
02-22 01:07:22.263  3707 21792 W MediaProvider: isAppCloneUserPair failed. Users: 0 and 0
02-22 01:07:22.263  3707 21792 W MediaProvider: isAppCloneUserPair for user 0: false
02-22 01:07:22.350  1704  3927 V GrammaticalInflectionUtils: AttributionSource: android.content.AttributionSource@450e379d does not have READ_SYSTEM_GRAMMATICAL_GENDER permission.
02-22 01:07:22.365  1704  1840 V GrammaticalInflectionUtils: AttributionSource: android.content.AttributionSource@450e379d does not have READ_SYSTEM_GRAMMATICAL_GENDER permission.
02-22 01:07:22.365 21285 21285 D BaseActivity: Launcher flags updated: [state_started|state_resumed|state_deferred_resumed|state_window_focused] -[state_user_active]
02-22 01:07:22.366 21285 21285 D BaseActivity: Launcher flags updated: [state_started|state_window_focused] -[state_resumed|state_deferred_resumed]
02-22 01:07:22.366 21285 21285 W SplitSelectStateCtor: Missing session instanceIds
02-22 01:07:22.366 21285 21285 D StatsLog: LAUNCHER_SPLIT_SELECTION_EXIT_INTERRUPTED
02-22 01:07:22.371 21285 21285 D RecentsView: onTaskDisplayChanged: 551, new displayId = 0
02-22 01:07:22.372 21285 21285 D b/417220811: invalidateLoadedTasks - previous requestLoadId: -1
02-22 01:07:22.373  2688  2778 E perf_hint: createSessionUsingConfig: PerformanceHint cannot create session. PowerHintSessions are not supported!
02-22 01:07:22.374  1015  1015 D Zygote  : Forked child process 15513
02-22 01:07:22.387 15513 15513 I Zygote  : Process 15513 created for pt.aguiarvieira.andromuks
02-22 01:07:22.387 15513 15513 I ieira.andromuks: Using CollectorTypeCMC GC.
02-22 01:07:22.392 21285 21285 D BaseActivity: Launcher flags updated: [state_started] -[state_window_focused]
02-22 01:07:22.397 15513 15513 D nativeloader: Load libframework-connectivity-tiramisu-jni.so using APEX ns com_android_tethering for caller /apex/com.android.tethering/javalib/framework-connectivity-t.jar: ok
02-22 01:07:22.410 15513 15513 D ApplicationLoaders: Returning zygote-cached class loader: /system_ext/framework/androidx.window.extensions.jar
02-22 01:07:22.411 15513 15513 D ApplicationLoaders: Returning zygote-cached class loader: /system_ext/framework/androidx.window.sidecar.jar
02-22 01:07:22.412 15513 15513 D nativeloader: Configuring clns-9 for other apk /data/app/~~WKYrkZd0X1Ur6M820D69Ig==/pt.aguiarvieira.andromuks-F7FIBoWIH0ofmS1pK_7L-g==/base.apk. target_sdk_version=36, uses_libraries=, library_path=/data/app/~~WKYrkZd0X1Ur6M820D69Ig==/pt.aguiarvieira.andromuks-F7FIBoWIH0ofmS1pK_7L-g==/lib/arm64:/data/app/~~WKYrkZd0X1Ur6M820D69Ig==/pt.aguiarvieira.andromuks-F7FIBoWIH0ofmS1pK_7L-g==/base.apk!/lib/arm64-v8a, permitted_path=/data:/mnt/expand:/data/user/0/pt.aguiarvieira.andromuks
02-22 01:07:22.418 15513 15513 V GraphicsEnvironment: Currently set values for:
02-22 01:07:22.418 15513 15513 V GraphicsEnvironment:   angle_gl_driver_selection_pkgs=[com.android.angle, com.google.android.apps.tachyon]
02-22 01:07:22.418 15513 15513 V GraphicsEnvironment:   angle_gl_driver_selection_values=[angle, native]
02-22 01:07:22.418 15513 15513 V GraphicsEnvironment: pt.aguiarvieira.andromuks is not listed in per-application setting
02-22 01:07:22.418 15513 15513 V GraphicsEnvironment: ANGLE allowlist from config: com.dreamgames.royalmatch com.dts.freefiremax com.dxx.firenow com.gramgames.mergedragons com.ludo.king com.mojang.minecraftpe com.my.defense com.nintendo.zaka com.os.airforce com.playrix.fishdomdd.gplay io.teslatech.callbreak jp.konami.prospia net.peakgames.toonblast com.yottagames.gameofmafia com.Sunborn.SnqxExilium.Glo com.haoplay.game.and.exilium com.rockstargames.gtasa com.h73.jhqyna com.sega.CrazyTaxiplayhaven en.haoplay.and.rm com.netease.g108na
02-22 01:07:22.418 15513 15513 V GraphicsEnvironment: No special selections for ANGLE, returning default driver choice
02-22 01:07:22.418 15513 15513 V GraphicsEnvironment: Neither updatable production driver nor prerelease driver is supported.
02-22 01:07:22.422 21285 21285 D b/417220811: invalidateLoadedTasks - previous requestLoadId: -1
02-22 01:07:22.428 15513 15513 I FirebaseApp: Device unlocked: initializing all Firebase APIs for app [DEFAULT]
02-22 01:07:22.433 15513 15513 I FirebaseInitProvider: FirebaseApp initialization successful
02-22 01:07:22.435 15513 15529 E ashmem  : Pinning is deprecated since Android Q. Please use trim or other methods.
02-22 01:07:22.437 15513 15513 D WM-WrkMgrInitializer: Initializing WorkManager with default configuration.
02-22 01:07:22.439 15513 15535 W FirebaseMessaging: Failed to resolve IID implementation package, falling back
02-22 01:07:22.442 15513 15513 D WM-PackageManagerHelper: Skipping component enablement for androidx.work.impl.background.systemjob.SystemJobService
02-22 01:07:22.442 15513 15513 D WM-Schedulers: Created SystemJobScheduler and enabled SystemJobService
02-22 01:07:22.443 15513 15533 W ieira.andromuks: ClassLoaderContext classpath size mismatch. expected=1, found=0 (DLC[];PCL[base.apk*2701253676]{PCL[/system/framework/org.apache.http.legacy.jar*1771602530]#PCL[/system/framework/com.android.location.provider.jar*3231839591]#PCL[/system/framework/com.android.media.remotedisplay.jar*3676824317]#PCL[/system_ext/framework/androidx.window.extensions.jar*2512011678]#PCL[/system_ext/framework/androidx.window.sidecar.jar*1766101967]} | DLC[];PCL[])
02-22 01:07:22.445 15513 15533 I DynamiteModule: Considering local module com.google.android.gms.measurement.dynamite:97 and remote module com.google.android.gms.measurement.dynamite:177
02-22 01:07:22.445 15513 15533 I DynamiteModule: Selected remote version of com.google.android.gms.measurement.dynamite, version >= 177
02-22 01:07:22.445 15513 15533 V DynamiteModule: Dynamite loader version >= 2, using loadModule2NoCrashUtils
02-22 01:07:22.450  1704  2583 D InetDiagMessage: Destroyed 0 sockets, proto=IPPROTO_TCP, family=AF_INET, states=14
02-22 01:07:22.451 15513 15533 W System  : ClassLoader referenced unknown path:
02-22 01:07:22.451  1704  2583 D InetDiagMessage: Destroyed 0 sockets, proto=IPPROTO_TCP, family=AF_INET6, states=14
02-22 01:07:22.451 15513 15533 D nativeloader: Configuring clns-10 for other apk . target_sdk_version=36, uses_libraries=, library_path=/data/app/~~fzGydredDpddiwrx5N_8uA==/com.google.android.gms-Mn6sKzH2qg2Ao97FGLYPcQ==/lib/arm64:/data/app/~~fzGydredDpddiwrx5N_8uA==/com.google.android.gms-Mn6sKzH2qg2Ao97FGLYPcQ==/base.apk!/lib/arm64-v8a, permitted_path=/data:/mnt/expand:/data/user/0/com.google.android.gms
02-22 01:07:22.451  1704  2583 D InetDiagMessage: Destroyed live tcp sockets for uids={10234} in 1ms
02-22 01:07:22.451  1704  2583 D InetDiagMessage: Destroyed 0 sockets, proto=IPPROTO_TCP, family=AF_INET, states=14
02-22 01:07:22.451  1704  2583 D InetDiagMessage: Destroyed 0 sockets, proto=IPPROTO_TCP, family=AF_INET6, states=14
02-22 01:07:22.451  1704  2583 D InetDiagMessage: Destroyed live tcp sockets for uids={20234} in 1ms
02-22 01:07:22.462 15513 15533 W ieira.andromuks: ClassLoaderContext classpath element checksum mismatch. expected=2701253676, found=1744266598 (DLC[];PCL[base.apk*2701253676]{PCL[/system/framework/org.apache.http.legacy.jar*1771602530]#PCL[/system/framework/com.android.location.provider.jar*3231839591]#PCL[/system/framework/com.android.media.remotedisplay.jar*3676824317]#PCL[/system_ext/framework/androidx.window.extensions.jar*2512011678]#PCL[/system_ext/framework/androidx.window.sidecar.jar*1766101967]} | DLC[];PCL[/data/app/~~WKYrkZd0X1Ur6M820D69Ig==/pt.aguiarvieira.andromuks-F7FIBoWIH0ofmS1pK_7L-g==/base.apk*1744266598]{PCL[/system_ext/framework/androidx.window.extensions.jar*2512011678]#PCL[/system_ext/framework/androidx.window.sidecar.jar*1766101967]})
02-22 01:07:22.464 15513 15542 I AdrenoGLES-0: QUALCOMM build                   : 445fc2bdf5, I545b8eff08
02-22 01:07:22.464 15513 15542 I AdrenoGLES-0: Build Date                       : 08/01/24
02-22 01:07:22.464 15513 15542 I AdrenoGLES-0: OpenGL ES Shader Compiler Version: E031.47.01.00
02-22 01:07:22.464 15513 15542 I AdrenoGLES-0: Local Branch                     :
02-22 01:07:22.464 15513 15542 I AdrenoGLES-0: Remote Branch                    : refs/tags/AU_LINUX_ANDROID_LA.VENDOR.12.3.11.00.00.934.442
02-22 01:07:22.464 15513 15542 I AdrenoGLES-0: Remote Branch                    : NONE
02-22 01:07:22.464 15513 15542 I AdrenoGLES-0: Reconstruct Branch               : NOTHING
02-22 01:07:22.464 15513 15542 I AdrenoGLES-0: Build Config                     : S P 12.1.6 AArch64
02-22 01:07:22.464 15513 15542 I AdrenoGLES-0: Driver Path                      : /vendor/lib64/egl/libGLESv2_adreno.so
02-22 01:07:22.464 15513 15542 I AdrenoGLES-0: Driver Version                   : 0786.0
02-22 01:07:22.464 15513 15542 I AdrenoGLES-0: Process Name                     : pt.aguiarvieira.andromuks
02-22 01:07:22.464 15513 15513 D DesktopExperienceFlags: Toggle override initialized to: false
02-22 01:07:22.470 21285 21285 D b/417220811: invalidateLoadedTasks - previous requestLoadId: -1
02-22 01:07:22.474 15513 15542 I DMABUFHEAPS: Using : Non-legacy ION heaps
02-22 01:07:22.474 15513 15542 E DMABUFHEAPS: No ion heap of name ion_system_heap exists
02-22 01:07:22.474 15513 15542 E DMABUFHEAPS: No ion heap of name ion_system_heap exists
02-22 01:07:22.475 15513 15513 D CompatChangeReporter: Compat change id reported: 377864165; UID 10367; state: ENABLED
02-22 01:07:22.475 15513 15513 D DesktopModeFlags: Toggle override initialized to: OVERRIDE_UNSET
02-22 01:07:22.475 15513 15542 I AdrenoGLES-0: PFP: 0x016ee190, ME: 0x00000000
02-22 01:07:22.482 15513 15513 I ContentCaptureHelper: Setting logging level to OFF
02-22 01:07:22.499 15513 15556 E perf_hint: createSessionUsingConfig: PerformanceHint cannot create session. PowerHintSessions are not supported!
02-22 01:07:22.504 15513 15513 D WindowOnBackDispatcher: setTopOnBackInvokedCallback (unwrapped): android.app.Activity$$ExternalSyntheticLambda0@a27e5fd
02-22 01:07:22.504 16580  4200 I PhenotypeResourceReader: unable to find any Phenotype resource metadata for pt.aguiarvieira.andromuks
02-22 01:07:22.511 15513 15552 E ieira.andromuks: No package ID 6a found for resource ID 0x6a0b0013.
02-22 01:07:22.511 15513 15552 I FA      : App measurement initialized, version: 153000
02-22 01:07:22.511 15513 15552 I FA      : To enable debug logging run: adb shell setprop log.tag.FA VERBOSE
02-22 01:07:22.511 15513 15552 I FA      : To enable faster debug mode event logging run:
02-22 01:07:22.511 15513 15552 I FA      :   adb shell setprop debug.firebase.analytics.app pt.aguiarvieira.andromuks
02-22 01:07:22.530 11805 11805 D BoundBrokerSvc: onBind: Intent { act=com.google.android.gms.measurement.START xflg=0x4 pkg=com.google.android.gms }
02-22 01:07:22.530 11805 11805 D BoundBrokerSvc: Loading bound service for intent: Intent { act=com.google.android.gms.measurement.START xflg=0x4 pkg=com.google.android.gms }
02-22 01:07:22.535 15513 15552 I FA      : Tag Manager is not found and thus will not be used
02-22 01:07:22.536  2688  2688 D OngoingActionProgressCompose: State callback: isVisible=false, compact=false, showMenu=false
02-22 01:07:22.549  1704  1789 D ConnectivityService: requestNetwork for uid/pid:1000/1704 asUid: 10367 activeRequest: null callbackRequest: 3905 [NetworkRequest [ REQUEST id=3906, [ Capabilities: INTERNET&NOT_RESTRICTED&TRUSTED&NOT_VCN_MANAGED&NOT_BANDWIDTH_CONSTRAINED Uid: 10367 RequestorUid: 1000 RequestorPkg: android UnderlyingNetworks: Null] ]] callback flags: 0 order: 2147483647 isUidTracked: false declaredMethods: AVAIL|LOST|BLK
02-22 01:07:22.550  1704  2583 D ConnectivityService: NetReassign [3906 : null → 100] [c 0] [a 1] [i 0]
02-22 01:07:22.550  1704  2576 D WifiNetworkFactory: got request NetworkRequest [ REQUEST id=3906, [ Capabilities: INTERNET&NOT_RESTRICTED&TRUSTED&NOT_VCN_MANAGED&NOT_BANDWIDTH_CONSTRAINED Uid: 10367 RequestorUid: 1000 RequestorPkg: android UnderlyingNetworks: Null] ]
02-22 01:07:22.550  1704  2576 D UntrustedWifiNetworkFactory: got request NetworkRequest [ REQUEST id=3906, [ Capabilities: INTERNET&NOT_RESTRICTED&TRUSTED&NOT_VCN_MANAGED&NOT_BANDWIDTH_CONSTRAINED Uid: 10367 RequestorUid: 1000 RequestorPkg: android UnderlyingNetworks: Null] ]
02-22 01:07:22.550  1704  2576 D OemPaidWifiNetworkFactory: got request NetworkRequest [ REQUEST id=3906, [ Capabilities: INTERNET&NOT_RESTRICTED&TRUSTED&NOT_VCN_MANAGED&NOT_BANDWIDTH_CONSTRAINED Uid: 10367 RequestorUid: 1000 RequestorPkg: android UnderlyingNetworks: Null] ]
02-22 01:07:22.551  1704  2576 D MultiInternetWifiNetworkFactory: got request NetworkRequest [ REQUEST id=3906, [ Capabilities: INTERNET&NOT_RESTRICTED&TRUSTED&NOT_VCN_MANAGED&NOT_BANDWIDTH_CONSTRAINED Uid: 10367 RequestorUid: 1000 RequestorPkg: android UnderlyingNetworks: Null] ]
02-22 01:07:22.601 15513 15513 D VRI[MainActivity]: WindowInsets changed: 1080x2340 statusBars:[0,80,0,0] navigationBars:[0,0,0,63] mandatorySystemGestures:[0,111,0,84]
02-22 01:07:22.605 15513 15513 I HWUI    : Using FreeType backend (prop=Auto)
02-22 01:07:22.622  1238  1301 W libbinder.ServiceManagerCppClient: Permission failure: android.permission.ACCESS_SURFACE_FLINGER from uid=10367 pid=0
02-22 01:07:22.622  1238  1301 D libbinder.PermissionCache: checking android.permission.ACCESS_SURFACE_FLINGER for uid=10367 => denied (252 us)
02-22 01:07:22.622  1238  1301 W libbinder.ServiceManagerCppClient: Permission failure: android.permission.ROTATE_SURFACE_FLINGER from uid=10367 pid=0
02-22 01:07:22.622  1238  1301 D libbinder.PermissionCache: checking android.permission.ROTATE_SURFACE_FLINGER for uid=10367 => denied (67 us)
02-22 01:07:22.622  1238  1301 W libbinder.ServiceManagerCppClient: Permission failure: android.permission.INTERNAL_SYSTEM_WINDOW from uid=10367 pid=0
02-22 01:07:22.622  1238  1301 D libbinder.PermissionCache: checking android.permission.INTERNAL_SYSTEM_WINDOW for uid=10367 => denied (64 us)
02-22 01:07:22.622  1238  2260 W libbinder.ServiceManagerCppClient: Permission failure: android.permission.INTERNAL_SYSTEM_WINDOW from uid=10367 pid=15513
02-22 01:07:22.622  1238  2260 D libbinder.PermissionCache: checking android.permission.INTERNAL_SYSTEM_WINDOW for uid=10367 => denied (78 us)
02-22 01:07:22.625 15513 15562 I Gralloc4: Adding additional valid usage bits: 0x8202000
02-22 01:07:22.686  2688  2688 D OngoingActionProgressCompose: State callback: isVisible=false, compact=false, showMenu=false
02-22 01:07:22.725 21285 21285 D VRI[NexusLauncherActivity]: visibilityChanged oldVisibility=true newVisibility=false
02-22 01:07:22.725  2688  3150 D WallpaperService: onVisibilityChanged(false): com.android.systemui.wallpapers.ImageWallpaper$CanvasEngine@e212f13
